[2026-08-21T11:40:55.609+0000] {processor.py:186} INFO - Started process (PID=87) to work on /home/airflow/.local/lib/python3.12/site-packages/airflow/example_dags/example_branch_labels.py
[2026-08-21T11:40:55.609+0000] {processor.py:914} INFO - Processing file /home/airflow/.local/lib/python3.12/site-packages/airflow/example_dags/example_branch_labels.py for tasks to queue
[2026-08-21T11:40:55.612+0000] {logging_mixin.py:190} INFO - [2026-08-21T11:40:55.611+0000] {dagbag.py:588} INFO - Filling up the DagBag from /home/airflow/.local/lib/python3.12/site-packages/airflow/example_dags/example_branch_labels.py
[2026-08-21T11:40:55.622+0000] {processor.py:925} INFO - DAG(s) 'example_branch_labels' retrieved from /home/airflow/.local/lib/python3.12/site-packages/airflow/example_dags/example_branch_labels.py
[2026-08-21T11:40:55.730+0000] {logging_mixin.py:190} INFO - [2026-08-21T11:40:55.730+0000] {override.py:1932} INFO - Created Permission View: can read on DAG:example_branch_labels
[2026-08-21T11:40:55.741+0000] {logging_mixin.py:190} INFO - [2026-08-21T11:40:55.740+0000] {override.py:1932} INFO - Created Permission View: can edit on DAG:example_branch_labels
[2026-08-21T11:40:55.749+0000] {logging_mixin.py:190} INFO - [2026-08-21T11:40:55.748+0000] {override.py:1932} INFO - Created Permission View: can delete on DAG:example_branch_labels
[2026-08-21T11:40:55.760+0000] {logging_mixin.py:190} INFO - [2026-08-21T11:40:55.760+0000] {override.py:1932} INFO - Created Permission View: menu access on DAG Run:example_branch_labels
[2026-08-21T11:40:55.768+0000] {logging_mixin.py:190} INFO - [2026-08-21T11:40:55.767+0000] {override.py:1932} INFO - Created Permission View: can read on DAG Run:example_branch_labels
[2026-08-21T11:40:55.776+0000] {logging_mixin.py:190} INFO - [2026-08-21T11:40:55.776+0000] {override.py:1932} INFO - Created Permission View: can create on DAG Run:example_branch_labels
[2026-08-21T11:40:55.785+0000] {logging_mixin.py:190} INFO - [2026-08-21T11:40:55.785+0000] {override.py:1932} INFO - Created Permission View: can delete on DAG Run:example_branch_labels
[2026-08-21T11:40:55.785+0000] {logging_mixin.py:190} INFO - [2026-08-21T11:40:55.785+0000] {dag.py:3239} INFO - Sync 1 DAGs
[2026-08-21T11:40:55.797+0000] {logging_mixin.py:190} INFO - [2026-08-21T11:40:55.796+0000] {dag.py:3262} INFO - Creating ORM DAG for example_branch_labels
[2026-08-21T11:40:55.806+0000] {logging_mixin.py:190} INFO - [2026-08-21T11:40:55.805+0000] {dag.py:4180} INFO - Setting next_dagrun for example_branch_labels to 2026-08-20 00:00:00+00:00, run_after=2026-08-21 00:00:00+00:00
[2026-08-21T11:40:55.826+0000] {processor.py:208} INFO - Processing /home/airflow/.local/lib/python3.12/site-packages/airflow/example_dags/example_branch_labels.py took 0.224 seconds
[2026-08-21T11:41:30.035+0000] {processor.py:186} INFO - Started process (PID=150) to work on /home/airflow/.local/lib/python3.12/site-packages/airflow/example_dags/example_branch_labels.py
[2026-08-21T11:41:30.036+0000] {processor.py:914} INFO - Processing file /home/airflow/.local/lib/python3.12/site-packages/airflow/example_dags/example_branch_labels.py for tasks to queue
[2026-08-21T11:41:30.039+0000] {logging_mixin.py:190} INFO - [2026-08-21T11:41:30.038+0000] {dagbag.py:588} INFO - Filling up the DagBag from /home/airflow/.local/lib/python3.12/site-packages/airflow/example_dags/example_branch_labels.py
[2026-08-21T11:41:30.049+0000] {processor.py:925} INFO - DAG(s) 'example_branch_labels' retrieved from /home/airflow/.local/lib/python3.12/site-packages/airflow/example_dags/example_branch_labels.py
[2026-08-21T11:41:30.068+0000] {logging_mixin.py:190} INFO - [2026-08-21T11:41:30.068+0000] {dag.py:3239} INFO - Sync 1 DAGs
[2026-08-21T11:41:30.093+0000] {logging_mixin.py:190} INFO - [2026-08-21T11:41:30.093+0000] {dag.py:4180} INFO - Setting next_dagrun for example_branch_labels to 2026-08-20 00:00:00+00:00, run_after=2026-08-21 00:00:00+00:00
[2026-08-21T11:41:30.114+0000] {processor.py:208} INFO - Processing /home/airflow/.local/lib/python3.12/site-packages/airflow/example_dags/example_branch_labels.py took 0.085 seconds
[2026-08-21T11:42:04.945+0000] {processor.py:186} INFO - Started process (PID=213) to work on /home/airflow/.local/lib/python3.12/site-packages/airflow/example_dags/example_branch_labels.py
[2026-08-21T11:42:04.946+0000] {processor.py:914} INFO - Processing file /home/airflow/.local/lib/python3.12/site-packages/airflow/example_dags/example_branch_labels.py for tasks to queue
[2026-08-21T11:42:04.949+0000] {logging_mixin.py:190} INFO - [2026-08-21T11:42:04.949+0000] {dagbag.py:588} INFO - Filling up the DagBag from /home/airflow/.local/lib/python3.12/site-packages/airflow/example_dags/example_branch_labels.py
[2026-08-21T11:42:04.959+0000] {processor.py:925} INFO - DAG(s) 'example_branch_labels' retrieved from /home/airflow/.local/lib/python3.12/site-packages/airflow/example_dags/example_branch_labels.py
[2026-08-21T11:42:04.979+0000] {logging_mixin.py:190} INFO - [2026-08-21T11:42:04.979+0000] {dag.py:3239} INFO - Sync 1 DAGs
[2026-08-21T11:42:05.003+0000] {logging_mixin.py:190} INFO - [2026-08-21T11:42:05.002+0000] {dag.py:4180} INFO - Setting next_dagrun for example_branch_labels to 2026-08-20 00:00:00+00:00, run_after=2026-08-21 00:00:00+00:00
[2026-08-21T11:42:05.024+0000] {processor.py:208} INFO - Processing /home/airflow/.local/lib/python3.12/site-packages/airflow/example_dags/example_branch_labels.py took 0.085 seconds
[2026-08-21T11:42:40.495+0000] {processor.py:186} INFO - Started process (PID=276) to work on /home/airflow/.local/lib/python3.12/site-packages/airflow/example_dags/example_branch_labels.py
[2026-08-21T11:42:40.496+0000] {processor.py:914} INFO - Processing file /home/airflow/.local/lib/python3.12/site-packages/airflow/example_dags/example_branch_labels.py for tasks to queue
[2026-08-21T11:42:40.499+0000] {logging_mixin.py:190} INFO - [2026-08-21T11:42:40.498+0000] {dagbag.py:588} INFO - Filling up the DagBag from /home/airflow/.local/lib/python3.12/site-packages/airflow/example_dags/example_branch_labels.py
[2026-08-21T11:42:40.508+0000] {processor.py:925} INFO - DAG(s) 'example_branch_labels' retrieved from /home/airflow/.local/lib/python3.12/site-packages/airflow/example_dags/example_branch_labels.py
[2026-08-21T11:42:40.533+0000] {logging_mixin.py:190} INFO - [2026-08-21T11:42:40.533+0000] {dag.py:3239} INFO - Sync 1 DAGs
[2026-08-21T11:42:40.561+0000] {logging_mixin.py:190} INFO - [2026-08-21T11:42:40.560+0000] {dag.py:4180} INFO - Setting next_dagrun for example_branch_labels to 2026-08-20 00:00:00+00:00, run_after=2026-08-21 00:00:00+00:00
[2026-08-21T11:42:40.580+0000] {processor.py:208} INFO - Processing /home/airflow/.local/lib/python3.12/site-packages/airflow/example_dags/example_branch_labels.py took 0.092 seconds
[2026-08-21T11:43:15.751+0000] {processor.py:186} INFO - Started process (PID=339) to work on /home/airflow/.local/lib/python3.12/site-packages/airflow/example_dags/example_branch_labels.py
[2026-08-21T11:43:15.752+0000] {processor.py:914} INFO - Processing file /home/airflow/.local/lib/python3.12/site-packages/airflow/example_dags/example_branch_labels.py for tasks to queue
[2026-08-21T11:43:15.754+0000] {logging_mixin.py:190} INFO - [2026-08-21T11:43:15.754+0000] {dagbag.py:588} INFO - Filling up the DagBag from /home/airflow/.local/lib/python3.12/site-packages/airflow/example_dags/example_branch_labels.py
[2026-08-21T11:43:15.769+0000] {processor.py:925} INFO - DAG(s) 'example_branch_labels' retrieved from /home/airflow/.local/lib/python3.12/site-packages/airflow/example_dags/example_branch_labels.py
[2026-08-21T11:43:15.792+0000] {logging_mixin.py:190} INFO - [2026-08-21T11:43:15.791+0000] {dag.py:3239} INFO - Sync 1 DAGs
[2026-08-21T11:43:15.817+0000] {logging_mixin.py:190} INFO - [2026-08-21T11:43:15.817+0000] {dag.py:4180} INFO - Setting next_dagrun for example_branch_labels to 2026-08-20 00:00:00+00:00, run_after=2026-08-21 00:00:00+00:00
[2026-08-21T11:43:15.839+0000] {processor.py:208} INFO - Processing /home/airflow/.local/lib/python3.12/site-packages/airflow/example_dags/example_branch_labels.py took 0.093 seconds
[2026-08-21T11:43:50.478+0000] {processor.py:186} INFO - Started process (PID=408) to work on /home/airflow/.local/lib/python3.12/site-packages/airflow/example_dags/example_branch_labels.py
[2026-08-21T11:43:50.479+0000] {processor.py:914} INFO - Processing file /home/airflow/.local/lib/python3.12/site-packages/airflow/example_dags/example_branch_labels.py for tasks to queue
[2026-08-21T11:43:50.481+0000] {logging_mixin.py:190} INFO - [2026-08-21T11:43:50.481+0000] {dagbag.py:588} INFO - Filling up the DagBag from /home/airflow/.local/lib/python3.12/site-packages/airflow/example_dags/example_branch_labels.py
[2026-08-21T11:43:50.494+0000] {processor.py:925} INFO - DAG(s) 'example_branch_labels' retrieved from /home/airflow/.local/lib/python3.12/site-packages/airflow/example_dags/example_branch_labels.py
[2026-08-21T11:43:50.514+0000] {logging_mixin.py:190} INFO - [2026-08-21T11:43:50.514+0000] {dag.py:3239} INFO - Sync 1 DAGs
[2026-08-21T11:43:50.541+0000] {logging_mixin.py:190} INFO - [2026-08-21T11:43:50.540+0000] {dag.py:4180} INFO - Setting next_dagrun for example_branch_labels to 2026-08-20 00:00:00+00:00, run_after=2026-08-21 00:00:00+00:00
[2026-08-21T11:43:50.561+0000] {processor.py:208} INFO - Processing /home/airflow/.local/lib/python3.12/site-packages/airflow/example_dags/example_branch_labels.py took 0.088 seconds
[2026-08-21T11:44:25.190+0000] {processor.py:186} INFO - Started process (PID=471) to work on /home/airflow/.local/lib/python3.12/site-packages/airflow/example_dags/example_branch_labels.py
[2026-08-21T11:44:25.191+0000] {processor.py:914} INFO - Processing file /home/airflow/.local/lib/python3.12/site-packages/airflow/example_dags/example_branch_labels.py for tasks to queue
[2026-08-21T11:44:25.193+0000] {logging_mixin.py:190} INFO - [2026-08-21T11:44:25.193+0000] {dagbag.py:588} INFO - Filling up the DagBag from /home/airflow/.local/lib/python3.12/site-packages/airflow/example_dags/example_branch_labels.py
[2026-08-21T11:44:25.203+0000] {processor.py:925} INFO - DAG(s) 'example_branch_labels' retrieved from /home/airflow/.local/lib/python3.12/site-packages/airflow/example_dags/example_branch_labels.py
[2026-08-21T11:44:25.225+0000] {logging_mixin.py:190} INFO - [2026-08-21T11:44:25.225+0000] {dag.py:3239} INFO - Sync 1 DAGs
[2026-08-21T11:44:25.251+0000] {logging_mixin.py:190} INFO - [2026-08-21T11:44:25.251+0000] {dag.py:4180} INFO - Setting next_dagrun for example_branch_labels to 2026-08-20 00:00:00+00:00, run_after=2026-08-21 00:00:00+00:00
[2026-08-21T11:44:25.273+0000] {processor.py:208} INFO - Processing /home/airflow/.local/lib/python3.12/site-packages/airflow/example_dags/example_branch_labels.py took 0.090 seconds
[2026-08-21T11:45:01.281+0000] {processor.py:186} INFO - Started process (PID=534) to work on /home/airflow/.local/lib/python3.12/site-packages/airflow/example_dags/example_branch_labels.py
[2026-08-21T11:45:01.283+0000] {processor.py:914} INFO - Processing file /home/airflow/.local/lib/python3.12/site-packages/airflow/example_dags/example_branch_labels.py for tasks to queue
[2026-08-21T11:45:01.285+0000] {logging_mixin.py:190} INFO - [2026-08-21T11:45:01.285+0000] {dagbag.py:588} INFO - Filling up the DagBag from /home/airflow/.local/lib/python3.12/site-packages/airflow/example_dags/example_branch_labels.py
[2026-08-21T11:45:01.297+0000] {processor.py:925} INFO - DAG(s) 'example_branch_labels' retrieved from /home/airflow/.local/lib/python3.12/site-packages/airflow/example_dags/example_branch_labels.py
[2026-08-21T11:45:01.325+0000] {logging_mixin.py:190} INFO - [2026-08-21T11:45:01.324+0000] {dag.py:3239} INFO - Sync 1 DAGs
[2026-08-21T11:45:01.355+0000] {logging_mixin.py:190} INFO - [2026-08-21T11:45:01.355+0000] {dag.py:4180} INFO - Setting next_dagrun for example_branch_labels to 2026-08-20 00:00:00+00:00, run_after=2026-08-21 00:00:00+00:00
[2026-08-21T11:45:01.379+0000] {processor.py:208} INFO - Processing /home/airflow/.local/lib/python3.12/site-packages/airflow/example_dags/example_branch_labels.py took 0.107 seconds
[2026-08-21T11:45:37.616+0000] {processor.py:186} INFO - Started process (PID=603) to work on /home/airflow/.local/lib/python3.12/site-packages/airflow/example_dags/example_branch_labels.py
[2026-08-21T11:45:37.617+0000] {processor.py:914} INFO - Processing file /home/airflow/.local/lib/python3.12/site-packages/airflow/example_dags/example_branch_labels.py for tasks to queue
[2026-08-21T11:45:37.621+0000] {logging_mixin.py:190} INFO - [2026-08-21T11:45:37.621+0000] {dagbag.py:588} INFO - Filling up the DagBag from /home/airflow/.local/lib/python3.12/site-packages/airflow/example_dags/example_branch_labels.py
[2026-08-21T11:45:37.636+0000] {processor.py:925} INFO - DAG(s) 'example_branch_labels' retrieved from /home/airflow/.local/lib/python3.12/site-packages/airflow/example_dags/example_branch_labels.py
[2026-08-21T11:45:37.678+0000] {logging_mixin.py:190} INFO - [2026-08-21T11:45:37.677+0000] {dag.py:3239} INFO - Sync 1 DAGs
[2026-08-21T11:45:37.714+0000] {logging_mixin.py:190} INFO - [2026-08-21T11:45:37.714+0000] {dag.py:4180} INFO - Setting next_dagrun for example_branch_labels to 2026-08-20 00:00:00+00:00, run_after=2026-08-21 00:00:00+00:00
[2026-08-21T11:45:37.744+0000] {processor.py:208} INFO - Processing /home/airflow/.local/lib/python3.12/site-packages/airflow/example_dags/example_branch_labels.py took 0.138 seconds
[2026-08-21T11:46:12.651+0000] {processor.py:186} INFO - Started process (PID=666) to work on /home/airflow/.local/lib/python3.12/site-packages/airflow/example_dags/example_branch_labels.py
[2026-08-21T11:46:12.652+0000] {processor.py:914} INFO - Processing file /home/airflow/.local/lib/python3.12/site-packages/airflow/example_dags/example_branch_labels.py for tasks to queue
[2026-08-21T11:46:12.654+0000] {logging_mixin.py:190} INFO - [2026-08-21T11:46:12.654+0000] {dagbag.py:588} INFO - Filling up the DagBag from /home/airflow/.local/lib/python3.12/site-packages/airflow/example_dags/example_branch_labels.py
[2026-08-21T11:46:12.664+0000] {processor.py:925} INFO - DAG(s) 'example_branch_labels' retrieved from /home/airflow/.local/lib/python3.12/site-packages/airflow/example_dags/example_branch_labels.py
[2026-08-21T11:46:12.685+0000] {logging_mixin.py:190} INFO - [2026-08-21T11:46:12.685+0000] {dag.py:3239} INFO - Sync 1 DAGs
[2026-08-21T11:46:12.711+0000] {logging_mixin.py:190} INFO - [2026-08-21T11:46:12.710+0000] {dag.py:4180} INFO - Setting next_dagrun for example_branch_labels to 2026-08-20 00:00:00+00:00, run_after=2026-08-21 00:00:00+00:00
[2026-08-21T11:46:12.732+0000] {processor.py:208} INFO - Processing /home/airflow/.local/lib/python3.12/site-packages/airflow/example_dags/example_branch_labels.py took 0.087 seconds
[2026-08-21T11:46:48.267+0000] {processor.py:186} INFO - Started process (PID=735) to work on /home/airflow/.local/lib/python3.12/site-packages/airflow/example_dags/example_branch_labels.py
[2026-08-21T11:46:48.268+0000] {processor.py:914} INFO - Processing file /home/airflow/.local/lib/python3.12/site-packages/airflow/example_dags/example_branch_labels.py for tasks to queue
[2026-08-21T11:46:48.272+0000] {logging_mixin.py:190} INFO - [2026-08-21T11:46:48.272+0000] {dagbag.py:588} INFO - Filling up the DagBag from /home/airflow/.local/lib/python3.12/site-packages/airflow/example_dags/example_branch_labels.py
[2026-08-21T11:46:48.284+0000] {processor.py:925} INFO - DAG(s) 'example_branch_labels' retrieved from /home/airflow/.local/lib/python3.12/site-packages/airflow/example_dags/example_branch_labels.py
[2026-08-21T11:46:48.306+0000] {logging_mixin.py:190} INFO - [2026-08-21T11:46:48.305+0000] {dag.py:3239} INFO - Sync 1 DAGs
[2026-08-21T11:46:48.331+0000] {logging_mixin.py:190} INFO - [2026-08-21T11:46:48.331+0000] {dag.py:4180} INFO - Setting next_dagrun for example_branch_labels to 2026-08-20 00:00:00+00:00, run_after=2026-08-21 00:00:00+00:00
[2026-08-21T11:46:48.357+0000] {processor.py:208} INFO - Processing /home/airflow/.local/lib/python3.12/site-packages/airflow/example_dags/example_branch_labels.py took 0.095 seconds
