[2026-08-21T11:40:59.299+0000] {processor.py:186} INFO - Started process (PID=105) to work on /home/airflow/.local/lib/python3.12/site-packages/airflow/example_dags/example_local_kubernetes_executor.py
[2026-08-21T11:40:59.300+0000] {processor.py:914} INFO - Processing file /home/airflow/.local/lib/python3.12/site-packages/airflow/example_dags/example_local_kubernetes_executor.py for tasks to queue
[2026-08-21T11:40:59.302+0000] {logging_mixin.py:190} INFO - [2026-08-21T11:40:59.302+0000] {dagbag.py:588} INFO - Filling up the DagBag from /home/airflow/.local/lib/python3.12/site-packages/airflow/example_dags/example_local_kubernetes_executor.py
[2026-08-21T11:40:59.312+0000] {processor.py:925} INFO - DAG(s) 'example_local_kubernetes_executor' retrieved from /home/airflow/.local/lib/python3.12/site-packages/airflow/example_dags/example_local_kubernetes_executor.py
[2026-08-21T11:40:59.423+0000] {logging_mixin.py:190} INFO - [2026-08-21T11:40:59.422+0000] {override.py:1932} INFO - Created Permission View: can read on DAG:example_local_kubernetes_executor
[2026-08-21T11:40:59.434+0000] {logging_mixin.py:190} INFO - [2026-08-21T11:40:59.433+0000] {override.py:1932} INFO - Created Permission View: can edit on DAG:example_local_kubernetes_executor
[2026-08-21T11:40:59.443+0000] {logging_mixin.py:190} INFO - [2026-08-21T11:40:59.443+0000] {override.py:1932} INFO - Created Permission View: can delete on DAG:example_local_kubernetes_executor
[2026-08-21T11:40:59.453+0000] {logging_mixin.py:190} INFO - [2026-08-21T11:40:59.453+0000] {override.py:1932} INFO - Created Permission View: menu access on DAG Run:example_local_kubernetes_executor
[2026-08-21T11:40:59.462+0000] {logging_mixin.py:190} INFO - [2026-08-21T11:40:59.461+0000] {override.py:1932} INFO - Created Permission View: can read on DAG Run:example_local_kubernetes_executor
[2026-08-21T11:40:59.472+0000] {logging_mixin.py:190} INFO - [2026-08-21T11:40:59.471+0000] {override.py:1932} INFO - Created Permission View: can create on DAG Run:example_local_kubernetes_executor
[2026-08-21T11:40:59.479+0000] {logging_mixin.py:190} INFO - [2026-08-21T11:40:59.479+0000] {override.py:1932} INFO - Created Permission View: can delete on DAG Run:example_local_kubernetes_executor
[2026-08-21T11:40:59.480+0000] {logging_mixin.py:190} INFO - [2026-08-21T11:40:59.480+0000] {dag.py:3239} INFO - Sync 1 DAGs
[2026-08-21T11:40:59.492+0000] {logging_mixin.py:190} INFO - [2026-08-21T11:40:59.492+0000] {dag.py:3262} INFO - Creating ORM DAG for example_local_kubernetes_executor
[2026-08-21T11:40:59.493+0000] {logging_mixin.py:190} INFO - [2026-08-21T11:40:59.493+0000] {dag.py:4180} INFO - Setting next_dagrun for example_local_kubernetes_executor to None, run_after=None
[2026-08-21T11:40:59.513+0000] {processor.py:208} INFO - Processing /home/airflow/.local/lib/python3.12/site-packages/airflow/example_dags/example_local_kubernetes_executor.py took 0.221 seconds
[2026-08-21T11:41:31.047+0000] {processor.py:186} INFO - Started process (PID=167) to work on /home/airflow/.local/lib/python3.12/site-packages/airflow/example_dags/example_local_kubernetes_executor.py
[2026-08-21T11:41:31.048+0000] {processor.py:914} INFO - Processing file /home/airflow/.local/lib/python3.12/site-packages/airflow/example_dags/example_local_kubernetes_executor.py for tasks to queue
[2026-08-21T11:41:31.050+0000] {logging_mixin.py:190} INFO - [2026-08-21T11:41:31.050+0000] {dagbag.py:588} INFO - Filling up the DagBag from /home/airflow/.local/lib/python3.12/site-packages/airflow/example_dags/example_local_kubernetes_executor.py
[2026-08-21T11:41:31.059+0000] {processor.py:925} INFO - DAG(s) 'example_local_kubernetes_executor' retrieved from /home/airflow/.local/lib/python3.12/site-packages/airflow/example_dags/example_local_kubernetes_executor.py
[2026-08-21T11:41:31.078+0000] {logging_mixin.py:190} INFO - [2026-08-21T11:41:31.078+0000] {dag.py:3239} INFO - Sync 1 DAGs
[2026-08-21T11:41:31.095+0000] {logging_mixin.py:190} INFO - [2026-08-21T11:41:31.094+0000] {dag.py:4180} INFO - Setting next_dagrun for example_local_kubernetes_executor to None, run_after=None
[2026-08-21T11:41:31.112+0000] {processor.py:208} INFO - Processing /home/airflow/.local/lib/python3.12/site-packages/airflow/example_dags/example_local_kubernetes_executor.py took 0.071 seconds
[2026-08-21T11:42:06.646+0000] {processor.py:186} INFO - Started process (PID=231) to work on /home/airflow/.local/lib/python3.12/site-packages/airflow/example_dags/example_local_kubernetes_executor.py
[2026-08-21T11:42:06.647+0000] {processor.py:914} INFO - Processing file /home/airflow/.local/lib/python3.12/site-packages/airflow/example_dags/example_local_kubernetes_executor.py for tasks to queue
[2026-08-21T11:42:06.650+0000] {logging_mixin.py:190} INFO - [2026-08-21T11:42:06.649+0000] {dagbag.py:588} INFO - Filling up the DagBag from /home/airflow/.local/lib/python3.12/site-packages/airflow/example_dags/example_local_kubernetes_executor.py
[2026-08-21T11:42:06.663+0000] {processor.py:925} INFO - DAG(s) 'example_local_kubernetes_executor' retrieved from /home/airflow/.local/lib/python3.12/site-packages/airflow/example_dags/example_local_kubernetes_executor.py
[2026-08-21T11:42:06.687+0000] {logging_mixin.py:190} INFO - [2026-08-21T11:42:06.687+0000] {dag.py:3239} INFO - Sync 1 DAGs
[2026-08-21T11:42:06.703+0000] {logging_mixin.py:190} INFO - [2026-08-21T11:42:06.703+0000] {dag.py:4180} INFO - Setting next_dagrun for example_local_kubernetes_executor to None, run_after=None
[2026-08-21T11:42:06.726+0000] {processor.py:208} INFO - Processing /home/airflow/.local/lib/python3.12/site-packages/airflow/example_dags/example_local_kubernetes_executor.py took 0.085 seconds
[2026-08-21T11:42:42.221+0000] {processor.py:186} INFO - Started process (PID=294) to work on /home/airflow/.local/lib/python3.12/site-packages/airflow/example_dags/example_local_kubernetes_executor.py
[2026-08-21T11:42:42.223+0000] {processor.py:914} INFO - Processing file /home/airflow/.local/lib/python3.12/site-packages/airflow/example_dags/example_local_kubernetes_executor.py for tasks to queue
[2026-08-21T11:42:42.225+0000] {logging_mixin.py:190} INFO - [2026-08-21T11:42:42.225+0000] {dagbag.py:588} INFO - Filling up the DagBag from /home/airflow/.local/lib/python3.12/site-packages/airflow/example_dags/example_local_kubernetes_executor.py
[2026-08-21T11:42:42.235+0000] {processor.py:925} INFO - DAG(s) 'example_local_kubernetes_executor' retrieved from /home/airflow/.local/lib/python3.12/site-packages/airflow/example_dags/example_local_kubernetes_executor.py
[2026-08-21T11:42:42.258+0000] {logging_mixin.py:190} INFO - [2026-08-21T11:42:42.258+0000] {dag.py:3239} INFO - Sync 1 DAGs
[2026-08-21T11:42:42.273+0000] {logging_mixin.py:190} INFO - [2026-08-21T11:42:42.272+0000] {dag.py:4180} INFO - Setting next_dagrun for example_local_kubernetes_executor to None, run_after=None
[2026-08-21T11:42:42.298+0000] {processor.py:208} INFO - Processing /home/airflow/.local/lib/python3.12/site-packages/airflow/example_dags/example_local_kubernetes_executor.py took 0.084 seconds
[2026-08-21T11:43:17.568+0000] {processor.py:186} INFO - Started process (PID=363) to work on /home/airflow/.local/lib/python3.12/site-packages/airflow/example_dags/example_local_kubernetes_executor.py
[2026-08-21T11:43:17.569+0000] {processor.py:914} INFO - Processing file /home/airflow/.local/lib/python3.12/site-packages/airflow/example_dags/example_local_kubernetes_executor.py for tasks to queue
[2026-08-21T11:43:17.573+0000] {logging_mixin.py:190} INFO - [2026-08-21T11:43:17.572+0000] {dagbag.py:588} INFO - Filling up the DagBag from /home/airflow/.local/lib/python3.12/site-packages/airflow/example_dags/example_local_kubernetes_executor.py
[2026-08-21T11:43:17.585+0000] {processor.py:925} INFO - DAG(s) 'example_local_kubernetes_executor' retrieved from /home/airflow/.local/lib/python3.12/site-packages/airflow/example_dags/example_local_kubernetes_executor.py
[2026-08-21T11:43:17.614+0000] {logging_mixin.py:190} INFO - [2026-08-21T11:43:17.613+0000] {dag.py:3239} INFO - Sync 1 DAGs
[2026-08-21T11:43:17.630+0000] {logging_mixin.py:190} INFO - [2026-08-21T11:43:17.629+0000] {dag.py:4180} INFO - Setting next_dagrun for example_local_kubernetes_executor to None, run_after=None
[2026-08-21T11:43:17.653+0000] {processor.py:208} INFO - Processing /home/airflow/.local/lib/python3.12/site-packages/airflow/example_dags/example_local_kubernetes_executor.py took 0.091 seconds
[2026-08-21T11:43:51.548+0000] {processor.py:186} INFO - Started process (PID=425) to work on /home/airflow/.local/lib/python3.12/site-packages/airflow/example_dags/example_local_kubernetes_executor.py
[2026-08-21T11:43:51.549+0000] {processor.py:914} INFO - Processing file /home/airflow/.local/lib/python3.12/site-packages/airflow/example_dags/example_local_kubernetes_executor.py for tasks to queue
[2026-08-21T11:43:51.551+0000] {logging_mixin.py:190} INFO - [2026-08-21T11:43:51.551+0000] {dagbag.py:588} INFO - Filling up the DagBag from /home/airflow/.local/lib/python3.12/site-packages/airflow/example_dags/example_local_kubernetes_executor.py
[2026-08-21T11:43:51.564+0000] {processor.py:925} INFO - DAG(s) 'example_local_kubernetes_executor' retrieved from /home/airflow/.local/lib/python3.12/site-packages/airflow/example_dags/example_local_kubernetes_executor.py
[2026-08-21T11:43:51.583+0000] {logging_mixin.py:190} INFO - [2026-08-21T11:43:51.583+0000] {dag.py:3239} INFO - Sync 1 DAGs
[2026-08-21T11:43:51.599+0000] {logging_mixin.py:190} INFO - [2026-08-21T11:43:51.599+0000] {dag.py:4180} INFO - Setting next_dagrun for example_local_kubernetes_executor to None, run_after=None
[2026-08-21T11:43:51.617+0000] {processor.py:208} INFO - Processing /home/airflow/.local/lib/python3.12/site-packages/airflow/example_dags/example_local_kubernetes_executor.py took 0.074 seconds
[2026-08-21T11:44:26.684+0000] {processor.py:186} INFO - Started process (PID=494) to work on /home/airflow/.local/lib/python3.12/site-packages/airflow/example_dags/example_local_kubernetes_executor.py
[2026-08-21T11:44:26.685+0000] {processor.py:914} INFO - Processing file /home/airflow/.local/lib/python3.12/site-packages/airflow/example_dags/example_local_kubernetes_executor.py for tasks to queue
[2026-08-21T11:44:26.689+0000] {logging_mixin.py:190} INFO - [2026-08-21T11:44:26.688+0000] {dagbag.py:588} INFO - Filling up the DagBag from /home/airflow/.local/lib/python3.12/site-packages/airflow/example_dags/example_local_kubernetes_executor.py
[2026-08-21T11:44:26.701+0000] {processor.py:925} INFO - DAG(s) 'example_local_kubernetes_executor' retrieved from /home/airflow/.local/lib/python3.12/site-packages/airflow/example_dags/example_local_kubernetes_executor.py
[2026-08-21T11:44:26.725+0000] {logging_mixin.py:190} INFO - [2026-08-21T11:44:26.725+0000] {dag.py:3239} INFO - Sync 1 DAGs
[2026-08-21T11:44:26.739+0000] {logging_mixin.py:190} INFO - [2026-08-21T11:44:26.739+0000] {dag.py:4180} INFO - Setting next_dagrun for example_local_kubernetes_executor to None, run_after=None
[2026-08-21T11:44:26.761+0000] {processor.py:208} INFO - Processing /home/airflow/.local/lib/python3.12/site-packages/airflow/example_dags/example_local_kubernetes_executor.py took 0.083 seconds
[2026-08-21T11:45:03.026+0000] {processor.py:186} INFO - Started process (PID=557) to work on /home/airflow/.local/lib/python3.12/site-packages/airflow/example_dags/example_local_kubernetes_executor.py
[2026-08-21T11:45:03.027+0000] {processor.py:914} INFO - Processing file /home/airflow/.local/lib/python3.12/site-packages/airflow/example_dags/example_local_kubernetes_executor.py for tasks to queue
[2026-08-21T11:45:03.030+0000] {logging_mixin.py:190} INFO - [2026-08-21T11:45:03.029+0000] {dagbag.py:588} INFO - Filling up the DagBag from /home/airflow/.local/lib/python3.12/site-packages/airflow/example_dags/example_local_kubernetes_executor.py
[2026-08-21T11:45:03.044+0000] {processor.py:925} INFO - DAG(s) 'example_local_kubernetes_executor' retrieved from /home/airflow/.local/lib/python3.12/site-packages/airflow/example_dags/example_local_kubernetes_executor.py
[2026-08-21T11:45:03.070+0000] {logging_mixin.py:190} INFO - [2026-08-21T11:45:03.070+0000] {dag.py:3239} INFO - Sync 1 DAGs
[2026-08-21T11:45:03.088+0000] {logging_mixin.py:190} INFO - [2026-08-21T11:45:03.088+0000] {dag.py:4180} INFO - Setting next_dagrun for example_local_kubernetes_executor to None, run_after=None
[2026-08-21T11:45:03.117+0000] {processor.py:208} INFO - Processing /home/airflow/.local/lib/python3.12/site-packages/airflow/example_dags/example_local_kubernetes_executor.py took 0.098 seconds
[2026-08-21T11:45:38.888+0000] {processor.py:186} INFO - Started process (PID=620) to work on /home/airflow/.local/lib/python3.12/site-packages/airflow/example_dags/example_local_kubernetes_executor.py
[2026-08-21T11:45:38.889+0000] {processor.py:914} INFO - Processing file /home/airflow/.local/lib/python3.12/site-packages/airflow/example_dags/example_local_kubernetes_executor.py for tasks to queue
[2026-08-21T11:45:38.892+0000] {logging_mixin.py:190} INFO - [2026-08-21T11:45:38.892+0000] {dagbag.py:588} INFO - Filling up the DagBag from /home/airflow/.local/lib/python3.12/site-packages/airflow/example_dags/example_local_kubernetes_executor.py
[2026-08-21T11:45:38.907+0000] {processor.py:925} INFO - DAG(s) 'example_local_kubernetes_executor' retrieved from /home/airflow/.local/lib/python3.12/site-packages/airflow/example_dags/example_local_kubernetes_executor.py
[2026-08-21T11:45:38.934+0000] {logging_mixin.py:190} INFO - [2026-08-21T11:45:38.933+0000] {dag.py:3239} INFO - Sync 1 DAGs
[2026-08-21T11:45:38.951+0000] {logging_mixin.py:190} INFO - [2026-08-21T11:45:38.951+0000] {dag.py:4180} INFO - Setting next_dagrun for example_local_kubernetes_executor to None, run_after=None
[2026-08-21T11:45:38.975+0000] {processor.py:208} INFO - Processing /home/airflow/.local/lib/python3.12/site-packages/airflow/example_dags/example_local_kubernetes_executor.py took 0.095 seconds
[2026-08-21T11:46:13.673+0000] {processor.py:186} INFO - Started process (PID=683) to work on /home/airflow/.local/lib/python3.12/site-packages/airflow/example_dags/example_local_kubernetes_executor.py
[2026-08-21T11:46:13.673+0000] {processor.py:914} INFO - Processing file /home/airflow/.local/lib/python3.12/site-packages/airflow/example_dags/example_local_kubernetes_executor.py for tasks to queue
[2026-08-21T11:46:13.675+0000] {logging_mixin.py:190} INFO - [2026-08-21T11:46:13.675+0000] {dagbag.py:588} INFO - Filling up the DagBag from /home/airflow/.local/lib/python3.12/site-packages/airflow/example_dags/example_local_kubernetes_executor.py
[2026-08-21T11:46:13.685+0000] {processor.py:925} INFO - DAG(s) 'example_local_kubernetes_executor' retrieved from /home/airflow/.local/lib/python3.12/site-packages/airflow/example_dags/example_local_kubernetes_executor.py
[2026-08-21T11:46:13.708+0000] {logging_mixin.py:190} INFO - [2026-08-21T11:46:13.708+0000] {dag.py:3239} INFO - Sync 1 DAGs
[2026-08-21T11:46:13.722+0000] {logging_mixin.py:190} INFO - [2026-08-21T11:46:13.721+0000] {dag.py:4180} INFO - Setting next_dagrun for example_local_kubernetes_executor to None, run_after=None
[2026-08-21T11:46:13.742+0000] {processor.py:208} INFO - Processing /home/airflow/.local/lib/python3.12/site-packages/airflow/example_dags/example_local_kubernetes_executor.py took 0.078 seconds
[2026-08-21T11:46:49.529+0000] {processor.py:186} INFO - Started process (PID=752) to work on /home/airflow/.local/lib/python3.12/site-packages/airflow/example_dags/example_local_kubernetes_executor.py
[2026-08-21T11:46:49.530+0000] {processor.py:914} INFO - Processing file /home/airflow/.local/lib/python3.12/site-packages/airflow/example_dags/example_local_kubernetes_executor.py for tasks to queue
[2026-08-21T11:46:49.533+0000] {logging_mixin.py:190} INFO - [2026-08-21T11:46:49.532+0000] {dagbag.py:588} INFO - Filling up the DagBag from /home/airflow/.local/lib/python3.12/site-packages/airflow/example_dags/example_local_kubernetes_executor.py
[2026-08-21T11:46:49.543+0000] {processor.py:925} INFO - DAG(s) 'example_local_kubernetes_executor' retrieved from /home/airflow/.local/lib/python3.12/site-packages/airflow/example_dags/example_local_kubernetes_executor.py
[2026-08-21T11:46:49.567+0000] {logging_mixin.py:190} INFO - [2026-08-21T11:46:49.567+0000] {dag.py:3239} INFO - Sync 1 DAGs
[2026-08-21T11:46:49.581+0000] {logging_mixin.py:190} INFO - [2026-08-21T11:46:49.581+0000] {dag.py:4180} INFO - Setting next_dagrun for example_local_kubernetes_executor to None, run_after=None
[2026-08-21T11:46:49.604+0000] {processor.py:208} INFO - Processing /home/airflow/.local/lib/python3.12/site-packages/airflow/example_dags/example_local_kubernetes_executor.py took 0.080 seconds
