[2026-08-21T11:40:55.864+0000] {processor.py:186} INFO - Started process (PID=89) to work on /home/airflow/.local/lib/python3.12/site-packages/airflow/example_dags/example_xcomargs.py
[2026-08-21T11:40:55.865+0000] {processor.py:914} INFO - Processing file /home/airflow/.local/lib/python3.12/site-packages/airflow/example_dags/example_xcomargs.py for tasks to queue
[2026-08-21T11:40:55.867+0000] {logging_mixin.py:190} INFO - [2026-08-21T11:40:55.867+0000] {dagbag.py:588} INFO - Filling up the DagBag from /home/airflow/.local/lib/python3.12/site-packages/airflow/example_dags/example_xcomargs.py
[2026-08-21T11:40:55.877+0000] {processor.py:925} INFO - DAG(s) 'example_xcom_args_with_operators', 'example_xcom_args' retrieved from /home/airflow/.local/lib/python3.12/site-packages/airflow/example_dags/example_xcomargs.py
[2026-08-21T11:40:55.984+0000] {logging_mixin.py:190} INFO - [2026-08-21T11:40:55.983+0000] {override.py:1932} INFO - Created Permission View: can read on DAG:example_xcom_args_with_operators
[2026-08-21T11:40:55.996+0000] {logging_mixin.py:190} INFO - [2026-08-21T11:40:55.995+0000] {override.py:1932} INFO - Created Permission View: can edit on DAG:example_xcom_args_with_operators
[2026-08-21T11:40:56.004+0000] {logging_mixin.py:190} INFO - [2026-08-21T11:40:56.004+0000] {override.py:1932} INFO - Created Permission View: can delete on DAG:example_xcom_args_with_operators
[2026-08-21T11:40:56.014+0000] {logging_mixin.py:190} INFO - [2026-08-21T11:40:56.014+0000] {override.py:1932} INFO - Created Permission View: menu access on DAG Run:example_xcom_args_with_operators
[2026-08-21T11:40:56.025+0000] {logging_mixin.py:190} INFO - [2026-08-21T11:40:56.024+0000] {override.py:1932} INFO - Created Permission View: can read on DAG Run:example_xcom_args_with_operators
[2026-08-21T11:40:56.034+0000] {logging_mixin.py:190} INFO - [2026-08-21T11:40:56.033+0000] {override.py:1932} INFO - Created Permission View: can create on DAG Run:example_xcom_args_with_operators
[2026-08-21T11:40:56.040+0000] {logging_mixin.py:190} INFO - [2026-08-21T11:40:56.039+0000] {override.py:1932} INFO - Created Permission View: can delete on DAG Run:example_xcom_args_with_operators
[2026-08-21T11:40:56.055+0000] {logging_mixin.py:190} INFO - [2026-08-21T11:40:56.055+0000] {override.py:1932} INFO - Created Permission View: can read on DAG:example_xcom_args
[2026-08-21T11:40:56.066+0000] {logging_mixin.py:190} INFO - [2026-08-21T11:40:56.066+0000] {override.py:1932} INFO - Created Permission View: can edit on DAG:example_xcom_args
[2026-08-21T11:40:56.075+0000] {logging_mixin.py:190} INFO - [2026-08-21T11:40:56.075+0000] {override.py:1932} INFO - Created Permission View: can delete on DAG:example_xcom_args
[2026-08-21T11:40:56.085+0000] {logging_mixin.py:190} INFO - [2026-08-21T11:40:56.085+0000] {override.py:1932} INFO - Created Permission View: menu access on DAG Run:example_xcom_args
[2026-08-21T11:40:56.097+0000] {logging_mixin.py:190} INFO - [2026-08-21T11:40:56.096+0000] {override.py:1932} INFO - Created Permission View: can read on DAG Run:example_xcom_args
[2026-08-21T11:40:56.105+0000] {logging_mixin.py:190} INFO - [2026-08-21T11:40:56.105+0000] {override.py:1932} INFO - Created Permission View: can create on DAG Run:example_xcom_args
[2026-08-21T11:40:56.114+0000] {logging_mixin.py:190} INFO - [2026-08-21T11:40:56.114+0000] {override.py:1932} INFO - Created Permission View: can delete on DAG Run:example_xcom_args
[2026-08-21T11:40:56.115+0000] {logging_mixin.py:190} INFO - [2026-08-21T11:40:56.114+0000] {dag.py:3239} INFO - Sync 2 DAGs
[2026-08-21T11:40:56.130+0000] {logging_mixin.py:190} INFO - [2026-08-21T11:40:56.129+0000] {dag.py:3262} INFO - Creating ORM DAG for example_xcom_args_with_operators
[2026-08-21T11:40:56.130+0000] {logging_mixin.py:190} INFO - [2026-08-21T11:40:56.130+0000] {dag.py:3262} INFO - Creating ORM DAG for example_xcom_args
[2026-08-21T11:40:56.131+0000] {logging_mixin.py:190} INFO - [2026-08-21T11:40:56.130+0000] {dag.py:4180} INFO - Setting next_dagrun for example_xcom_args to None, run_after=None
[2026-08-21T11:40:56.131+0000] {logging_mixin.py:190} INFO - [2026-08-21T11:40:56.131+0000] {dag.py:4180} INFO - Setting next_dagrun for example_xcom_args_with_operators to None, run_after=None
[2026-08-21T11:40:56.155+0000] {processor.py:208} INFO - Processing /home/airflow/.local/lib/python3.12/site-packages/airflow/example_dags/example_xcomargs.py took 0.297 seconds
[2026-08-21T11:41:30.153+0000] {processor.py:186} INFO - Started process (PID=152) to work on /home/airflow/.local/lib/python3.12/site-packages/airflow/example_dags/example_xcomargs.py
[2026-08-21T11:41:30.154+0000] {processor.py:914} INFO - Processing file /home/airflow/.local/lib/python3.12/site-packages/airflow/example_dags/example_xcomargs.py for tasks to queue
[2026-08-21T11:41:30.156+0000] {logging_mixin.py:190} INFO - [2026-08-21T11:41:30.156+0000] {dagbag.py:588} INFO - Filling up the DagBag from /home/airflow/.local/lib/python3.12/site-packages/airflow/example_dags/example_xcomargs.py
[2026-08-21T11:41:30.165+0000] {processor.py:925} INFO - DAG(s) 'example_xcom_args', 'example_xcom_args_with_operators' retrieved from /home/airflow/.local/lib/python3.12/site-packages/airflow/example_dags/example_xcomargs.py
[2026-08-21T11:41:30.190+0000] {logging_mixin.py:190} INFO - [2026-08-21T11:41:30.190+0000] {dag.py:3239} INFO - Sync 2 DAGs
[2026-08-21T11:41:30.204+0000] {logging_mixin.py:190} INFO - [2026-08-21T11:41:30.204+0000] {dag.py:4180} INFO - Setting next_dagrun for example_xcom_args to None, run_after=None
[2026-08-21T11:41:30.208+0000] {logging_mixin.py:190} INFO - [2026-08-21T11:41:30.208+0000] {dag.py:4180} INFO - Setting next_dagrun for example_xcom_args_with_operators to None, run_after=None
[2026-08-21T11:41:30.227+0000] {processor.py:208} INFO - Processing /home/airflow/.local/lib/python3.12/site-packages/airflow/example_dags/example_xcomargs.py took 0.080 seconds
[2026-08-21T11:42:05.069+0000] {processor.py:186} INFO - Started process (PID=215) to work on /home/airflow/.local/lib/python3.12/site-packages/airflow/example_dags/example_xcomargs.py
[2026-08-21T11:42:05.070+0000] {processor.py:914} INFO - Processing file /home/airflow/.local/lib/python3.12/site-packages/airflow/example_dags/example_xcomargs.py for tasks to queue
[2026-08-21T11:42:05.073+0000] {logging_mixin.py:190} INFO - [2026-08-21T11:42:05.072+0000] {dagbag.py:588} INFO - Filling up the DagBag from /home/airflow/.local/lib/python3.12/site-packages/airflow/example_dags/example_xcomargs.py
[2026-08-21T11:42:05.083+0000] {processor.py:925} INFO - DAG(s) 'example_xcom_args_with_operators', 'example_xcom_args' retrieved from /home/airflow/.local/lib/python3.12/site-packages/airflow/example_dags/example_xcomargs.py
[2026-08-21T11:42:05.108+0000] {logging_mixin.py:190} INFO - [2026-08-21T11:42:05.108+0000] {dag.py:3239} INFO - Sync 2 DAGs
[2026-08-21T11:42:05.129+0000] {logging_mixin.py:190} INFO - [2026-08-21T11:42:05.129+0000] {dag.py:4180} INFO - Setting next_dagrun for example_xcom_args to None, run_after=None
[2026-08-21T11:42:05.133+0000] {logging_mixin.py:190} INFO - [2026-08-21T11:42:05.133+0000] {dag.py:4180} INFO - Setting next_dagrun for example_xcom_args_with_operators to None, run_after=None
[2026-08-21T11:42:05.154+0000] {processor.py:208} INFO - Processing /home/airflow/.local/lib/python3.12/site-packages/airflow/example_dags/example_xcomargs.py took 0.090 seconds
[2026-08-21T11:42:40.620+0000] {processor.py:186} INFO - Started process (PID=278) to work on /home/airflow/.local/lib/python3.12/site-packages/airflow/example_dags/example_xcomargs.py
[2026-08-21T11:42:40.621+0000] {processor.py:914} INFO - Processing file /home/airflow/.local/lib/python3.12/site-packages/airflow/example_dags/example_xcomargs.py for tasks to queue
[2026-08-21T11:42:40.624+0000] {logging_mixin.py:190} INFO - [2026-08-21T11:42:40.623+0000] {dagbag.py:588} INFO - Filling up the DagBag from /home/airflow/.local/lib/python3.12/site-packages/airflow/example_dags/example_xcomargs.py
[2026-08-21T11:42:40.634+0000] {processor.py:925} INFO - DAG(s) 'example_xcom_args_with_operators', 'example_xcom_args' retrieved from /home/airflow/.local/lib/python3.12/site-packages/airflow/example_dags/example_xcomargs.py
[2026-08-21T11:42:40.660+0000] {logging_mixin.py:190} INFO - [2026-08-21T11:42:40.660+0000] {dag.py:3239} INFO - Sync 2 DAGs
[2026-08-21T11:42:40.676+0000] {logging_mixin.py:190} INFO - [2026-08-21T11:42:40.675+0000] {dag.py:4180} INFO - Setting next_dagrun for example_xcom_args to None, run_after=None
[2026-08-21T11:42:40.681+0000] {logging_mixin.py:190} INFO - [2026-08-21T11:42:40.681+0000] {dag.py:4180} INFO - Setting next_dagrun for example_xcom_args_with_operators to None, run_after=None
[2026-08-21T11:42:40.701+0000] {processor.py:208} INFO - Processing /home/airflow/.local/lib/python3.12/site-packages/airflow/example_dags/example_xcomargs.py took 0.089 seconds
[2026-08-21T11:43:15.876+0000] {processor.py:186} INFO - Started process (PID=341) to work on /home/airflow/.local/lib/python3.12/site-packages/airflow/example_dags/example_xcomargs.py
[2026-08-21T11:43:15.878+0000] {processor.py:914} INFO - Processing file /home/airflow/.local/lib/python3.12/site-packages/airflow/example_dags/example_xcomargs.py for tasks to queue
[2026-08-21T11:43:15.881+0000] {logging_mixin.py:190} INFO - [2026-08-21T11:43:15.880+0000] {dagbag.py:588} INFO - Filling up the DagBag from /home/airflow/.local/lib/python3.12/site-packages/airflow/example_dags/example_xcomargs.py
[2026-08-21T11:43:15.891+0000] {processor.py:925} INFO - DAG(s) 'example_xcom_args', 'example_xcom_args_with_operators' retrieved from /home/airflow/.local/lib/python3.12/site-packages/airflow/example_dags/example_xcomargs.py
[2026-08-21T11:43:15.924+0000] {logging_mixin.py:190} INFO - [2026-08-21T11:43:15.923+0000] {dag.py:3239} INFO - Sync 2 DAGs
[2026-08-21T11:43:15.945+0000] {logging_mixin.py:190} INFO - [2026-08-21T11:43:15.944+0000] {dag.py:4180} INFO - Setting next_dagrun for example_xcom_args to None, run_after=None
[2026-08-21T11:43:15.953+0000] {logging_mixin.py:190} INFO - [2026-08-21T11:43:15.952+0000] {dag.py:4180} INFO - Setting next_dagrun for example_xcom_args_with_operators to None, run_after=None
[2026-08-21T11:43:15.980+0000] {processor.py:208} INFO - Processing /home/airflow/.local/lib/python3.12/site-packages/airflow/example_dags/example_xcomargs.py took 0.112 seconds
[2026-08-21T11:43:50.596+0000] {processor.py:186} INFO - Started process (PID=410) to work on /home/airflow/.local/lib/python3.12/site-packages/airflow/example_dags/example_xcomargs.py
[2026-08-21T11:43:50.597+0000] {processor.py:914} INFO - Processing file /home/airflow/.local/lib/python3.12/site-packages/airflow/example_dags/example_xcomargs.py for tasks to queue
[2026-08-21T11:43:50.599+0000] {logging_mixin.py:190} INFO - [2026-08-21T11:43:50.599+0000] {dagbag.py:588} INFO - Filling up the DagBag from /home/airflow/.local/lib/python3.12/site-packages/airflow/example_dags/example_xcomargs.py
[2026-08-21T11:43:50.608+0000] {processor.py:925} INFO - DAG(s) 'example_xcom_args_with_operators', 'example_xcom_args' retrieved from /home/airflow/.local/lib/python3.12/site-packages/airflow/example_dags/example_xcomargs.py
[2026-08-21T11:43:50.632+0000] {logging_mixin.py:190} INFO - [2026-08-21T11:43:50.632+0000] {dag.py:3239} INFO - Sync 2 DAGs
[2026-08-21T11:43:50.646+0000] {logging_mixin.py:190} INFO - [2026-08-21T11:43:50.645+0000] {dag.py:4180} INFO - Setting next_dagrun for example_xcom_args to None, run_after=None
[2026-08-21T11:43:50.649+0000] {logging_mixin.py:190} INFO - [2026-08-21T11:43:50.649+0000] {dag.py:4180} INFO - Setting next_dagrun for example_xcom_args_with_operators to None, run_after=None
[2026-08-21T11:43:50.668+0000] {processor.py:208} INFO - Processing /home/airflow/.local/lib/python3.12/site-packages/airflow/example_dags/example_xcomargs.py took 0.078 seconds
[2026-08-21T11:44:25.317+0000] {processor.py:186} INFO - Started process (PID=473) to work on /home/airflow/.local/lib/python3.12/site-packages/airflow/example_dags/example_xcomargs.py
[2026-08-21T11:44:25.319+0000] {processor.py:914} INFO - Processing file /home/airflow/.local/lib/python3.12/site-packages/airflow/example_dags/example_xcomargs.py for tasks to queue
[2026-08-21T11:44:25.323+0000] {logging_mixin.py:190} INFO - [2026-08-21T11:44:25.322+0000] {dagbag.py:588} INFO - Filling up the DagBag from /home/airflow/.local/lib/python3.12/site-packages/airflow/example_dags/example_xcomargs.py
[2026-08-21T11:44:25.333+0000] {processor.py:925} INFO - DAG(s) 'example_xcom_args_with_operators', 'example_xcom_args' retrieved from /home/airflow/.local/lib/python3.12/site-packages/airflow/example_dags/example_xcomargs.py
[2026-08-21T11:44:25.361+0000] {logging_mixin.py:190} INFO - [2026-08-21T11:44:25.361+0000] {dag.py:3239} INFO - Sync 2 DAGs
[2026-08-21T11:44:25.376+0000] {logging_mixin.py:190} INFO - [2026-08-21T11:44:25.376+0000] {dag.py:4180} INFO - Setting next_dagrun for example_xcom_args to None, run_after=None
[2026-08-21T11:44:25.382+0000] {logging_mixin.py:190} INFO - [2026-08-21T11:44:25.381+0000] {dag.py:4180} INFO - Setting next_dagrun for example_xcom_args_with_operators to None, run_after=None
[2026-08-21T11:44:25.404+0000] {processor.py:208} INFO - Processing /home/airflow/.local/lib/python3.12/site-packages/airflow/example_dags/example_xcomargs.py took 0.095 seconds
[2026-08-21T11:45:01.934+0000] {processor.py:186} INFO - Started process (PID=542) to work on /home/airflow/.local/lib/python3.12/site-packages/airflow/example_dags/example_xcomargs.py
[2026-08-21T11:45:01.935+0000] {processor.py:914} INFO - Processing file /home/airflow/.local/lib/python3.12/site-packages/airflow/example_dags/example_xcomargs.py for tasks to queue
[2026-08-21T11:45:01.938+0000] {logging_mixin.py:190} INFO - [2026-08-21T11:45:01.937+0000] {dagbag.py:588} INFO - Filling up the DagBag from /home/airflow/.local/lib/python3.12/site-packages/airflow/example_dags/example_xcomargs.py
[2026-08-21T11:45:01.954+0000] {processor.py:925} INFO - DAG(s) 'example_xcom_args_with_operators', 'example_xcom_args' retrieved from /home/airflow/.local/lib/python3.12/site-packages/airflow/example_dags/example_xcomargs.py
[2026-08-21T11:45:01.988+0000] {logging_mixin.py:190} INFO - [2026-08-21T11:45:01.988+0000] {dag.py:3239} INFO - Sync 2 DAGs
[2026-08-21T11:45:02.009+0000] {logging_mixin.py:190} INFO - [2026-08-21T11:45:02.009+0000] {dag.py:4180} INFO - Setting next_dagrun for example_xcom_args to None, run_after=None
[2026-08-21T11:45:02.015+0000] {logging_mixin.py:190} INFO - [2026-08-21T11:45:02.014+0000] {dag.py:4180} INFO - Setting next_dagrun for example_xcom_args_with_operators to None, run_after=None
[2026-08-21T11:45:02.037+0000] {processor.py:208} INFO - Processing /home/airflow/.local/lib/python3.12/site-packages/airflow/example_dags/example_xcomargs.py took 0.110 seconds
[2026-08-21T11:45:37.788+0000] {processor.py:186} INFO - Started process (PID=605) to work on /home/airflow/.local/lib/python3.12/site-packages/airflow/example_dags/example_xcomargs.py
[2026-08-21T11:45:37.789+0000] {processor.py:914} INFO - Processing file /home/airflow/.local/lib/python3.12/site-packages/airflow/example_dags/example_xcomargs.py for tasks to queue
[2026-08-21T11:45:37.795+0000] {logging_mixin.py:190} INFO - [2026-08-21T11:45:37.794+0000] {dagbag.py:588} INFO - Filling up the DagBag from /home/airflow/.local/lib/python3.12/site-packages/airflow/example_dags/example_xcomargs.py
[2026-08-21T11:45:37.808+0000] {processor.py:925} INFO - DAG(s) 'example_xcom_args', 'example_xcom_args_with_operators' retrieved from /home/airflow/.local/lib/python3.12/site-packages/airflow/example_dags/example_xcomargs.py
[2026-08-21T11:45:37.837+0000] {logging_mixin.py:190} INFO - [2026-08-21T11:45:37.837+0000] {dag.py:3239} INFO - Sync 2 DAGs
[2026-08-21T11:45:37.852+0000] {logging_mixin.py:190} INFO - [2026-08-21T11:45:37.852+0000] {dag.py:4180} INFO - Setting next_dagrun for example_xcom_args to None, run_after=None
[2026-08-21T11:45:37.858+0000] {logging_mixin.py:190} INFO - [2026-08-21T11:45:37.858+0000] {dag.py:4180} INFO - Setting next_dagrun for example_xcom_args_with_operators to None, run_after=None
[2026-08-21T11:45:37.881+0000] {processor.py:208} INFO - Processing /home/airflow/.local/lib/python3.12/site-packages/airflow/example_dags/example_xcomargs.py took 0.101 seconds
[2026-08-21T11:46:12.771+0000] {processor.py:186} INFO - Started process (PID=668) to work on /home/airflow/.local/lib/python3.12/site-packages/airflow/example_dags/example_xcomargs.py
[2026-08-21T11:46:12.771+0000] {processor.py:914} INFO - Processing file /home/airflow/.local/lib/python3.12/site-packages/airflow/example_dags/example_xcomargs.py for tasks to queue
[2026-08-21T11:46:12.774+0000] {logging_mixin.py:190} INFO - [2026-08-21T11:46:12.773+0000] {dagbag.py:588} INFO - Filling up the DagBag from /home/airflow/.local/lib/python3.12/site-packages/airflow/example_dags/example_xcomargs.py
[2026-08-21T11:46:12.783+0000] {processor.py:925} INFO - DAG(s) 'example_xcom_args', 'example_xcom_args_with_operators' retrieved from /home/airflow/.local/lib/python3.12/site-packages/airflow/example_dags/example_xcomargs.py
[2026-08-21T11:46:12.807+0000] {logging_mixin.py:190} INFO - [2026-08-21T11:46:12.807+0000] {dag.py:3239} INFO - Sync 2 DAGs
[2026-08-21T11:46:12.820+0000] {logging_mixin.py:190} INFO - [2026-08-21T11:46:12.820+0000] {dag.py:4180} INFO - Setting next_dagrun for example_xcom_args to None, run_after=None
[2026-08-21T11:46:12.824+0000] {logging_mixin.py:190} INFO - [2026-08-21T11:46:12.824+0000] {dag.py:4180} INFO - Setting next_dagrun for example_xcom_args_with_operators to None, run_after=None
[2026-08-21T11:46:12.842+0000] {processor.py:208} INFO - Processing /home/airflow/.local/lib/python3.12/site-packages/airflow/example_dags/example_xcomargs.py took 0.080 seconds
[2026-08-21T11:46:48.394+0000] {processor.py:186} INFO - Started process (PID=737) to work on /home/airflow/.local/lib/python3.12/site-packages/airflow/example_dags/example_xcomargs.py
[2026-08-21T11:46:48.395+0000] {processor.py:914} INFO - Processing file /home/airflow/.local/lib/python3.12/site-packages/airflow/example_dags/example_xcomargs.py for tasks to queue
[2026-08-21T11:46:48.397+0000] {logging_mixin.py:190} INFO - [2026-08-21T11:46:48.397+0000] {dagbag.py:588} INFO - Filling up the DagBag from /home/airflow/.local/lib/python3.12/site-packages/airflow/example_dags/example_xcomargs.py
[2026-08-21T11:46:48.408+0000] {processor.py:925} INFO - DAG(s) 'example_xcom_args', 'example_xcom_args_with_operators' retrieved from /home/airflow/.local/lib/python3.12/site-packages/airflow/example_dags/example_xcomargs.py
[2026-08-21T11:46:48.432+0000] {logging_mixin.py:190} INFO - [2026-08-21T11:46:48.432+0000] {dag.py:3239} INFO - Sync 2 DAGs
[2026-08-21T11:46:48.450+0000] {logging_mixin.py:190} INFO - [2026-08-21T11:46:48.450+0000] {dag.py:4180} INFO - Setting next_dagrun for example_xcom_args to None, run_after=None
[2026-08-21T11:46:48.454+0000] {logging_mixin.py:190} INFO - [2026-08-21T11:46:48.454+0000] {dag.py:4180} INFO - Setting next_dagrun for example_xcom_args_with_operators to None, run_after=None
[2026-08-21T11:46:48.475+0000] {processor.py:208} INFO - Processing /home/airflow/.local/lib/python3.12/site-packages/airflow/example_dags/example_xcomargs.py took 0.086 seconds
