[2026-08-21T11:40:59.798+0000] {processor.py:186} INFO - Started process (PID=107) to work on /home/airflow/.local/lib/python3.12/site-packages/airflow/example_dags/example_params_trigger_ui.py
[2026-08-21T11:40:59.799+0000] {processor.py:914} INFO - Processing file /home/airflow/.local/lib/python3.12/site-packages/airflow/example_dags/example_params_trigger_ui.py for tasks to queue
[2026-08-21T11:40:59.803+0000] {logging_mixin.py:190} INFO - [2026-08-21T11:40:59.802+0000] {dagbag.py:588} INFO - Filling up the DagBag from /home/airflow/.local/lib/python3.12/site-packages/airflow/example_dags/example_params_trigger_ui.py
[2026-08-21T11:40:59.818+0000] {processor.py:925} INFO - DAG(s) 'example_params_trigger_ui' retrieved from /home/airflow/.local/lib/python3.12/site-packages/airflow/example_dags/example_params_trigger_ui.py
[2026-08-21T11:40:59.961+0000] {logging_mixin.py:190} INFO - [2026-08-21T11:40:59.960+0000] {override.py:1932} INFO - Created Permission View: can read on DAG:example_params_trigger_ui
[2026-08-21T11:40:59.975+0000] {logging_mixin.py:190} INFO - [2026-08-21T11:40:59.974+0000] {override.py:1932} INFO - Created Permission View: can edit on DAG:example_params_trigger_ui
[2026-08-21T11:40:59.984+0000] {logging_mixin.py:190} INFO - [2026-08-21T11:40:59.984+0000] {override.py:1932} INFO - Created Permission View: can delete on DAG:example_params_trigger_ui
[2026-08-21T11:40:59.994+0000] {logging_mixin.py:190} INFO - [2026-08-21T11:40:59.994+0000] {override.py:1932} INFO - Created Permission View: menu access on DAG Run:example_params_trigger_ui
[2026-08-21T11:41:00.005+0000] {logging_mixin.py:190} INFO - [2026-08-21T11:41:00.004+0000] {override.py:1932} INFO - Created Permission View: can read on DAG Run:example_params_trigger_ui
[2026-08-21T11:41:00.014+0000] {logging_mixin.py:190} INFO - [2026-08-21T11:41:00.013+0000] {override.py:1932} INFO - Created Permission View: can create on DAG Run:example_params_trigger_ui
[2026-08-21T11:41:00.020+0000] {logging_mixin.py:190} INFO - [2026-08-21T11:41:00.019+0000] {override.py:1932} INFO - Created Permission View: can delete on DAG Run:example_params_trigger_ui
[2026-08-21T11:41:00.020+0000] {logging_mixin.py:190} INFO - [2026-08-21T11:41:00.020+0000] {dag.py:3239} INFO - Sync 1 DAGs
[2026-08-21T11:41:00.034+0000] {logging_mixin.py:190} INFO - [2026-08-21T11:41:00.034+0000] {dag.py:3262} INFO - Creating ORM DAG for example_params_trigger_ui
[2026-08-21T11:41:00.035+0000] {logging_mixin.py:190} INFO - [2026-08-21T11:41:00.035+0000] {dag.py:4180} INFO - Setting next_dagrun for example_params_trigger_ui to None, run_after=None
[2026-08-21T11:41:00.053+0000] {processor.py:208} INFO - Processing /home/airflow/.local/lib/python3.12/site-packages/airflow/example_dags/example_params_trigger_ui.py took 0.261 seconds
[2026-08-21T11:41:32.076+0000] {processor.py:186} INFO - Started process (PID=170) to work on /home/airflow/.local/lib/python3.12/site-packages/airflow/example_dags/example_params_trigger_ui.py
[2026-08-21T11:41:32.077+0000] {processor.py:914} INFO - Processing file /home/airflow/.local/lib/python3.12/site-packages/airflow/example_dags/example_params_trigger_ui.py for tasks to queue
[2026-08-21T11:41:32.079+0000] {logging_mixin.py:190} INFO - [2026-08-21T11:41:32.078+0000] {dagbag.py:588} INFO - Filling up the DagBag from /home/airflow/.local/lib/python3.12/site-packages/airflow/example_dags/example_params_trigger_ui.py
[2026-08-21T11:41:32.091+0000] {processor.py:925} INFO - DAG(s) 'example_params_trigger_ui' retrieved from /home/airflow/.local/lib/python3.12/site-packages/airflow/example_dags/example_params_trigger_ui.py
[2026-08-21T11:41:32.129+0000] {logging_mixin.py:190} INFO - [2026-08-21T11:41:32.128+0000] {dag.py:3239} INFO - Sync 1 DAGs
[2026-08-21T11:41:32.141+0000] {logging_mixin.py:190} INFO - [2026-08-21T11:41:32.141+0000] {dag.py:4180} INFO - Setting next_dagrun for example_params_trigger_ui to None, run_after=None
[2026-08-21T11:41:32.161+0000] {processor.py:208} INFO - Processing /home/airflow/.local/lib/python3.12/site-packages/airflow/example_dags/example_params_trigger_ui.py took 0.090 seconds
[2026-08-21T11:42:06.863+0000] {processor.py:186} INFO - Started process (PID=233) to work on /home/airflow/.local/lib/python3.12/site-packages/airflow/example_dags/example_params_trigger_ui.py
[2026-08-21T11:42:06.864+0000] {processor.py:914} INFO - Processing file /home/airflow/.local/lib/python3.12/site-packages/airflow/example_dags/example_params_trigger_ui.py for tasks to queue
[2026-08-21T11:42:06.866+0000] {logging_mixin.py:190} INFO - [2026-08-21T11:42:06.866+0000] {dagbag.py:588} INFO - Filling up the DagBag from /home/airflow/.local/lib/python3.12/site-packages/airflow/example_dags/example_params_trigger_ui.py
[2026-08-21T11:42:06.878+0000] {processor.py:925} INFO - DAG(s) 'example_params_trigger_ui' retrieved from /home/airflow/.local/lib/python3.12/site-packages/airflow/example_dags/example_params_trigger_ui.py
[2026-08-21T11:42:06.922+0000] {logging_mixin.py:190} INFO - [2026-08-21T11:42:06.921+0000] {dag.py:3239} INFO - Sync 1 DAGs
[2026-08-21T11:42:06.938+0000] {logging_mixin.py:190} INFO - [2026-08-21T11:42:06.938+0000] {dag.py:4180} INFO - Setting next_dagrun for example_params_trigger_ui to None, run_after=None
[2026-08-21T11:42:06.961+0000] {processor.py:208} INFO - Processing /home/airflow/.local/lib/python3.12/site-packages/airflow/example_dags/example_params_trigger_ui.py took 0.106 seconds
[2026-08-21T11:42:42.443+0000] {processor.py:186} INFO - Started process (PID=296) to work on /home/airflow/.local/lib/python3.12/site-packages/airflow/example_dags/example_params_trigger_ui.py
[2026-08-21T11:42:42.444+0000] {processor.py:914} INFO - Processing file /home/airflow/.local/lib/python3.12/site-packages/airflow/example_dags/example_params_trigger_ui.py for tasks to queue
[2026-08-21T11:42:42.447+0000] {logging_mixin.py:190} INFO - [2026-08-21T11:42:42.446+0000] {dagbag.py:588} INFO - Filling up the DagBag from /home/airflow/.local/lib/python3.12/site-packages/airflow/example_dags/example_params_trigger_ui.py
[2026-08-21T11:42:42.461+0000] {processor.py:925} INFO - DAG(s) 'example_params_trigger_ui' retrieved from /home/airflow/.local/lib/python3.12/site-packages/airflow/example_dags/example_params_trigger_ui.py
[2026-08-21T11:42:42.505+0000] {logging_mixin.py:190} INFO - [2026-08-21T11:42:42.505+0000] {dag.py:3239} INFO - Sync 1 DAGs
[2026-08-21T11:42:42.521+0000] {logging_mixin.py:190} INFO - [2026-08-21T11:42:42.520+0000] {dag.py:4180} INFO - Setting next_dagrun for example_params_trigger_ui to None, run_after=None
[2026-08-21T11:42:42.542+0000] {processor.py:208} INFO - Processing /home/airflow/.local/lib/python3.12/site-packages/airflow/example_dags/example_params_trigger_ui.py took 0.104 seconds
[2026-08-21T11:43:17.806+0000] {processor.py:186} INFO - Started process (PID=365) to work on /home/airflow/.local/lib/python3.12/site-packages/airflow/example_dags/example_params_trigger_ui.py
[2026-08-21T11:43:17.808+0000] {processor.py:914} INFO - Processing file /home/airflow/.local/lib/python3.12/site-packages/airflow/example_dags/example_params_trigger_ui.py for tasks to queue
[2026-08-21T11:43:17.811+0000] {logging_mixin.py:190} INFO - [2026-08-21T11:43:17.810+0000] {dagbag.py:588} INFO - Filling up the DagBag from /home/airflow/.local/lib/python3.12/site-packages/airflow/example_dags/example_params_trigger_ui.py
[2026-08-21T11:43:17.823+0000] {processor.py:925} INFO - DAG(s) 'example_params_trigger_ui' retrieved from /home/airflow/.local/lib/python3.12/site-packages/airflow/example_dags/example_params_trigger_ui.py
[2026-08-21T11:43:17.875+0000] {logging_mixin.py:190} INFO - [2026-08-21T11:43:17.875+0000] {dag.py:3239} INFO - Sync 1 DAGs
[2026-08-21T11:43:17.893+0000] {logging_mixin.py:190} INFO - [2026-08-21T11:43:17.892+0000] {dag.py:4180} INFO - Setting next_dagrun for example_params_trigger_ui to None, run_after=None
[2026-08-21T11:43:17.918+0000] {processor.py:208} INFO - Processing /home/airflow/.local/lib/python3.12/site-packages/airflow/example_dags/example_params_trigger_ui.py took 0.118 seconds
[2026-08-21T11:43:51.652+0000] {processor.py:186} INFO - Started process (PID=427) to work on /home/airflow/.local/lib/python3.12/site-packages/airflow/example_dags/example_params_trigger_ui.py
[2026-08-21T11:43:51.652+0000] {processor.py:914} INFO - Processing file /home/airflow/.local/lib/python3.12/site-packages/airflow/example_dags/example_params_trigger_ui.py for tasks to queue
[2026-08-21T11:43:51.654+0000] {logging_mixin.py:190} INFO - [2026-08-21T11:43:51.654+0000] {dagbag.py:588} INFO - Filling up the DagBag from /home/airflow/.local/lib/python3.12/site-packages/airflow/example_dags/example_params_trigger_ui.py
[2026-08-21T11:43:51.667+0000] {processor.py:925} INFO - DAG(s) 'example_params_trigger_ui' retrieved from /home/airflow/.local/lib/python3.12/site-packages/airflow/example_dags/example_params_trigger_ui.py
[2026-08-21T11:43:51.704+0000] {logging_mixin.py:190} INFO - [2026-08-21T11:43:51.704+0000] {dag.py:3239} INFO - Sync 1 DAGs
[2026-08-21T11:43:51.717+0000] {logging_mixin.py:190} INFO - [2026-08-21T11:43:51.717+0000] {dag.py:4180} INFO - Setting next_dagrun for example_params_trigger_ui to None, run_after=None
[2026-08-21T11:43:51.737+0000] {processor.py:208} INFO - Processing /home/airflow/.local/lib/python3.12/site-packages/airflow/example_dags/example_params_trigger_ui.py took 0.091 seconds
[2026-08-21T11:44:26.803+0000] {processor.py:186} INFO - Started process (PID=496) to work on /home/airflow/.local/lib/python3.12/site-packages/airflow/example_dags/example_params_trigger_ui.py
[2026-08-21T11:44:26.804+0000] {processor.py:914} INFO - Processing file /home/airflow/.local/lib/python3.12/site-packages/airflow/example_dags/example_params_trigger_ui.py for tasks to queue
[2026-08-21T11:44:26.806+0000] {logging_mixin.py:190} INFO - [2026-08-21T11:44:26.806+0000] {dagbag.py:588} INFO - Filling up the DagBag from /home/airflow/.local/lib/python3.12/site-packages/airflow/example_dags/example_params_trigger_ui.py
[2026-08-21T11:44:26.818+0000] {processor.py:925} INFO - DAG(s) 'example_params_trigger_ui' retrieved from /home/airflow/.local/lib/python3.12/site-packages/airflow/example_dags/example_params_trigger_ui.py
[2026-08-21T11:44:26.863+0000] {logging_mixin.py:190} INFO - [2026-08-21T11:44:26.863+0000] {dag.py:3239} INFO - Sync 1 DAGs
[2026-08-21T11:44:26.877+0000] {logging_mixin.py:190} INFO - [2026-08-21T11:44:26.876+0000] {dag.py:4180} INFO - Setting next_dagrun for example_params_trigger_ui to None, run_after=None
[2026-08-21T11:44:26.897+0000] {processor.py:208} INFO - Processing /home/airflow/.local/lib/python3.12/site-packages/airflow/example_dags/example_params_trigger_ui.py took 0.101 seconds
[2026-08-21T11:45:03.179+0000] {processor.py:186} INFO - Started process (PID=559) to work on /home/airflow/.local/lib/python3.12/site-packages/airflow/example_dags/example_params_trigger_ui.py
[2026-08-21T11:45:03.180+0000] {processor.py:914} INFO - Processing file /home/airflow/.local/lib/python3.12/site-packages/airflow/example_dags/example_params_trigger_ui.py for tasks to queue
[2026-08-21T11:45:03.183+0000] {logging_mixin.py:190} INFO - [2026-08-21T11:45:03.183+0000] {dagbag.py:588} INFO - Filling up the DagBag from /home/airflow/.local/lib/python3.12/site-packages/airflow/example_dags/example_params_trigger_ui.py
[2026-08-21T11:45:03.203+0000] {processor.py:925} INFO - DAG(s) 'example_params_trigger_ui' retrieved from /home/airflow/.local/lib/python3.12/site-packages/airflow/example_dags/example_params_trigger_ui.py
[2026-08-21T11:45:03.271+0000] {logging_mixin.py:190} INFO - [2026-08-21T11:45:03.271+0000] {dag.py:3239} INFO - Sync 1 DAGs
[2026-08-21T11:45:03.294+0000] {logging_mixin.py:190} INFO - [2026-08-21T11:45:03.294+0000] {dag.py:4180} INFO - Setting next_dagrun for example_params_trigger_ui to None, run_after=None
[2026-08-21T11:45:03.330+0000] {processor.py:208} INFO - Processing /home/airflow/.local/lib/python3.12/site-packages/airflow/example_dags/example_params_trigger_ui.py took 0.164 seconds
[2026-08-21T11:45:39.018+0000] {processor.py:186} INFO - Started process (PID=622) to work on /home/airflow/.local/lib/python3.12/site-packages/airflow/example_dags/example_params_trigger_ui.py
[2026-08-21T11:45:39.019+0000] {processor.py:914} INFO - Processing file /home/airflow/.local/lib/python3.12/site-packages/airflow/example_dags/example_params_trigger_ui.py for tasks to queue
[2026-08-21T11:45:39.022+0000] {logging_mixin.py:190} INFO - [2026-08-21T11:45:39.021+0000] {dagbag.py:588} INFO - Filling up the DagBag from /home/airflow/.local/lib/python3.12/site-packages/airflow/example_dags/example_params_trigger_ui.py
[2026-08-21T11:45:39.037+0000] {processor.py:925} INFO - DAG(s) 'example_params_trigger_ui' retrieved from /home/airflow/.local/lib/python3.12/site-packages/airflow/example_dags/example_params_trigger_ui.py
[2026-08-21T11:45:39.085+0000] {logging_mixin.py:190} INFO - [2026-08-21T11:45:39.085+0000] {dag.py:3239} INFO - Sync 1 DAGs
[2026-08-21T11:45:39.103+0000] {logging_mixin.py:190} INFO - [2026-08-21T11:45:39.103+0000] {dag.py:4180} INFO - Setting next_dagrun for example_params_trigger_ui to None, run_after=None
[2026-08-21T11:45:39.124+0000] {processor.py:208} INFO - Processing /home/airflow/.local/lib/python3.12/site-packages/airflow/example_dags/example_params_trigger_ui.py took 0.112 seconds
[2026-08-21T11:46:13.779+0000] {processor.py:186} INFO - Started process (PID=685) to work on /home/airflow/.local/lib/python3.12/site-packages/airflow/example_dags/example_params_trigger_ui.py
[2026-08-21T11:46:13.780+0000] {processor.py:914} INFO - Processing file /home/airflow/.local/lib/python3.12/site-packages/airflow/example_dags/example_params_trigger_ui.py for tasks to queue
[2026-08-21T11:46:13.783+0000] {logging_mixin.py:190} INFO - [2026-08-21T11:46:13.783+0000] {dagbag.py:588} INFO - Filling up the DagBag from /home/airflow/.local/lib/python3.12/site-packages/airflow/example_dags/example_params_trigger_ui.py
[2026-08-21T11:46:13.793+0000] {processor.py:925} INFO - DAG(s) 'example_params_trigger_ui' retrieved from /home/airflow/.local/lib/python3.12/site-packages/airflow/example_dags/example_params_trigger_ui.py
[2026-08-21T11:46:13.833+0000] {logging_mixin.py:190} INFO - [2026-08-21T11:46:13.832+0000] {dag.py:3239} INFO - Sync 1 DAGs
[2026-08-21T11:46:13.848+0000] {logging_mixin.py:190} INFO - [2026-08-21T11:46:13.848+0000] {dag.py:4180} INFO - Setting next_dagrun for example_params_trigger_ui to None, run_after=None
[2026-08-21T11:46:13.867+0000] {processor.py:208} INFO - Processing /home/airflow/.local/lib/python3.12/site-packages/airflow/example_dags/example_params_trigger_ui.py took 0.093 seconds
[2026-08-21T11:46:49.640+0000] {processor.py:186} INFO - Started process (PID=754) to work on /home/airflow/.local/lib/python3.12/site-packages/airflow/example_dags/example_params_trigger_ui.py
[2026-08-21T11:46:49.640+0000] {processor.py:914} INFO - Processing file /home/airflow/.local/lib/python3.12/site-packages/airflow/example_dags/example_params_trigger_ui.py for tasks to queue
[2026-08-21T11:46:49.643+0000] {logging_mixin.py:190} INFO - [2026-08-21T11:46:49.642+0000] {dagbag.py:588} INFO - Filling up the DagBag from /home/airflow/.local/lib/python3.12/site-packages/airflow/example_dags/example_params_trigger_ui.py
[2026-08-21T11:46:49.657+0000] {processor.py:925} INFO - DAG(s) 'example_params_trigger_ui' retrieved from /home/airflow/.local/lib/python3.12/site-packages/airflow/example_dags/example_params_trigger_ui.py
[2026-08-21T11:46:49.696+0000] {logging_mixin.py:190} INFO - [2026-08-21T11:46:49.696+0000] {dag.py:3239} INFO - Sync 1 DAGs
[2026-08-21T11:46:49.710+0000] {logging_mixin.py:190} INFO - [2026-08-21T11:46:49.709+0000] {dag.py:4180} INFO - Setting next_dagrun for example_params_trigger_ui to None, run_after=None
[2026-08-21T11:46:49.734+0000] {processor.py:208} INFO - Processing /home/airflow/.local/lib/python3.12/site-packages/airflow/example_dags/example_params_trigger_ui.py took 0.100 seconds
