[2026-08-21T11:40:56.453+0000] {processor.py:186} INFO - Started process (PID=93) to work on /home/airflow/.local/lib/python3.12/site-packages/airflow/example_dags/example_python_operator.py
[2026-08-21T11:40:56.454+0000] {processor.py:914} INFO - Processing file /home/airflow/.local/lib/python3.12/site-packages/airflow/example_dags/example_python_operator.py for tasks to queue
[2026-08-21T11:40:56.456+0000] {logging_mixin.py:190} INFO - [2026-08-21T11:40:56.456+0000] {dagbag.py:588} INFO - Filling up the DagBag from /home/airflow/.local/lib/python3.12/site-packages/airflow/example_dags/example_python_operator.py
[2026-08-21T11:40:56.469+0000] {processor.py:925} INFO - DAG(s) 'example_python_operator' retrieved from /home/airflow/.local/lib/python3.12/site-packages/airflow/example_dags/example_python_operator.py
[2026-08-21T11:40:56.581+0000] {logging_mixin.py:190} INFO - [2026-08-21T11:40:56.581+0000] {override.py:1932} INFO - Created Permission View: can read on DAG:example_python_operator
[2026-08-21T11:40:56.598+0000] {logging_mixin.py:190} INFO - [2026-08-21T11:40:56.598+0000] {override.py:1932} INFO - Created Permission View: can edit on DAG:example_python_operator
[2026-08-21T11:40:56.608+0000] {logging_mixin.py:190} INFO - [2026-08-21T11:40:56.608+0000] {override.py:1932} INFO - Created Permission View: can delete on DAG:example_python_operator
[2026-08-21T11:40:56.617+0000] {logging_mixin.py:190} INFO - [2026-08-21T11:40:56.616+0000] {override.py:1932} INFO - Created Permission View: menu access on DAG Run:example_python_operator
[2026-08-21T11:40:56.627+0000] {logging_mixin.py:190} INFO - [2026-08-21T11:40:56.627+0000] {override.py:1932} INFO - Created Permission View: can read on DAG Run:example_python_operator
[2026-08-21T11:40:56.635+0000] {logging_mixin.py:190} INFO - [2026-08-21T11:40:56.634+0000] {override.py:1932} INFO - Created Permission View: can create on DAG Run:example_python_operator
[2026-08-21T11:40:56.646+0000] {logging_mixin.py:190} INFO - [2026-08-21T11:40:56.645+0000] {override.py:1932} INFO - Created Permission View: can delete on DAG Run:example_python_operator
[2026-08-21T11:40:56.646+0000] {logging_mixin.py:190} INFO - [2026-08-21T11:40:56.646+0000] {dag.py:3239} INFO - Sync 1 DAGs
[2026-08-21T11:40:56.664+0000] {logging_mixin.py:190} INFO - [2026-08-21T11:40:56.664+0000] {dag.py:3262} INFO - Creating ORM DAG for example_python_operator
[2026-08-21T11:40:56.665+0000] {logging_mixin.py:190} INFO - [2026-08-21T11:40:56.665+0000] {dag.py:4180} INFO - Setting next_dagrun for example_python_operator to None, run_after=None
[2026-08-21T11:40:56.682+0000] {processor.py:208} INFO - Processing /home/airflow/.local/lib/python3.12/site-packages/airflow/example_dags/example_python_operator.py took 0.236 seconds
[2026-08-21T11:41:30.360+0000] {processor.py:186} INFO - Started process (PID=156) to work on /home/airflow/.local/lib/python3.12/site-packages/airflow/example_dags/example_python_operator.py
[2026-08-21T11:41:30.361+0000] {processor.py:914} INFO - Processing file /home/airflow/.local/lib/python3.12/site-packages/airflow/example_dags/example_python_operator.py for tasks to queue
[2026-08-21T11:41:30.363+0000] {logging_mixin.py:190} INFO - [2026-08-21T11:41:30.363+0000] {dagbag.py:588} INFO - Filling up the DagBag from /home/airflow/.local/lib/python3.12/site-packages/airflow/example_dags/example_python_operator.py
[2026-08-21T11:41:30.374+0000] {processor.py:925} INFO - DAG(s) 'example_python_operator' retrieved from /home/airflow/.local/lib/python3.12/site-packages/airflow/example_dags/example_python_operator.py
[2026-08-21T11:41:30.396+0000] {logging_mixin.py:190} INFO - [2026-08-21T11:41:30.395+0000] {dag.py:3239} INFO - Sync 1 DAGs
[2026-08-21T11:41:30.408+0000] {logging_mixin.py:190} INFO - [2026-08-21T11:41:30.408+0000] {dag.py:4180} INFO - Setting next_dagrun for example_python_operator to None, run_after=None
[2026-08-21T11:41:30.427+0000] {processor.py:208} INFO - Processing /home/airflow/.local/lib/python3.12/site-packages/airflow/example_dags/example_python_operator.py took 0.071 seconds
[2026-08-21T11:42:05.306+0000] {processor.py:186} INFO - Started process (PID=219) to work on /home/airflow/.local/lib/python3.12/site-packages/airflow/example_dags/example_python_operator.py
[2026-08-21T11:42:05.307+0000] {processor.py:914} INFO - Processing file /home/airflow/.local/lib/python3.12/site-packages/airflow/example_dags/example_python_operator.py for tasks to queue
[2026-08-21T11:42:05.310+0000] {logging_mixin.py:190} INFO - [2026-08-21T11:42:05.310+0000] {dagbag.py:588} INFO - Filling up the DagBag from /home/airflow/.local/lib/python3.12/site-packages/airflow/example_dags/example_python_operator.py
[2026-08-21T11:42:05.327+0000] {processor.py:925} INFO - DAG(s) 'example_python_operator' retrieved from /home/airflow/.local/lib/python3.12/site-packages/airflow/example_dags/example_python_operator.py
[2026-08-21T11:42:05.350+0000] {logging_mixin.py:190} INFO - [2026-08-21T11:42:05.350+0000] {dag.py:3239} INFO - Sync 1 DAGs
[2026-08-21T11:42:05.367+0000] {logging_mixin.py:190} INFO - [2026-08-21T11:42:05.367+0000] {dag.py:4180} INFO - Setting next_dagrun for example_python_operator to None, run_after=None
[2026-08-21T11:42:05.390+0000] {processor.py:208} INFO - Processing /home/airflow/.local/lib/python3.12/site-packages/airflow/example_dags/example_python_operator.py took 0.090 seconds
[2026-08-21T11:42:40.859+0000] {processor.py:186} INFO - Started process (PID=282) to work on /home/airflow/.local/lib/python3.12/site-packages/airflow/example_dags/example_python_operator.py
[2026-08-21T11:42:40.859+0000] {processor.py:914} INFO - Processing file /home/airflow/.local/lib/python3.12/site-packages/airflow/example_dags/example_python_operator.py for tasks to queue
[2026-08-21T11:42:40.862+0000] {logging_mixin.py:190} INFO - [2026-08-21T11:42:40.861+0000] {dagbag.py:588} INFO - Filling up the DagBag from /home/airflow/.local/lib/python3.12/site-packages/airflow/example_dags/example_python_operator.py
[2026-08-21T11:42:40.874+0000] {processor.py:925} INFO - DAG(s) 'example_python_operator' retrieved from /home/airflow/.local/lib/python3.12/site-packages/airflow/example_dags/example_python_operator.py
[2026-08-21T11:42:40.898+0000] {logging_mixin.py:190} INFO - [2026-08-21T11:42:40.898+0000] {dag.py:3239} INFO - Sync 1 DAGs
[2026-08-21T11:42:40.914+0000] {logging_mixin.py:190} INFO - [2026-08-21T11:42:40.913+0000] {dag.py:4180} INFO - Setting next_dagrun for example_python_operator to None, run_after=None
[2026-08-21T11:42:40.935+0000] {processor.py:208} INFO - Processing /home/airflow/.local/lib/python3.12/site-packages/airflow/example_dags/example_python_operator.py took 0.083 seconds
[2026-08-21T11:43:16.159+0000] {processor.py:186} INFO - Started process (PID=345) to work on /home/airflow/.local/lib/python3.12/site-packages/airflow/example_dags/example_python_operator.py
[2026-08-21T11:43:16.160+0000] {processor.py:914} INFO - Processing file /home/airflow/.local/lib/python3.12/site-packages/airflow/example_dags/example_python_operator.py for tasks to queue
[2026-08-21T11:43:16.163+0000] {logging_mixin.py:190} INFO - [2026-08-21T11:43:16.162+0000] {dagbag.py:588} INFO - Filling up the DagBag from /home/airflow/.local/lib/python3.12/site-packages/airflow/example_dags/example_python_operator.py
[2026-08-21T11:43:16.179+0000] {processor.py:925} INFO - DAG(s) 'example_python_operator' retrieved from /home/airflow/.local/lib/python3.12/site-packages/airflow/example_dags/example_python_operator.py
[2026-08-21T11:43:16.203+0000] {logging_mixin.py:190} INFO - [2026-08-21T11:43:16.203+0000] {dag.py:3239} INFO - Sync 1 DAGs
[2026-08-21T11:43:16.221+0000] {logging_mixin.py:190} INFO - [2026-08-21T11:43:16.221+0000] {dag.py:4180} INFO - Setting next_dagrun for example_python_operator to None, run_after=None
[2026-08-21T11:43:16.246+0000] {processor.py:208} INFO - Processing /home/airflow/.local/lib/python3.12/site-packages/airflow/example_dags/example_python_operator.py took 0.094 seconds
[2026-08-21T11:43:50.809+0000] {processor.py:186} INFO - Started process (PID=414) to work on /home/airflow/.local/lib/python3.12/site-packages/airflow/example_dags/example_python_operator.py
[2026-08-21T11:43:50.810+0000] {processor.py:914} INFO - Processing file /home/airflow/.local/lib/python3.12/site-packages/airflow/example_dags/example_python_operator.py for tasks to queue
[2026-08-21T11:43:50.812+0000] {logging_mixin.py:190} INFO - [2026-08-21T11:43:50.812+0000] {dagbag.py:588} INFO - Filling up the DagBag from /home/airflow/.local/lib/python3.12/site-packages/airflow/example_dags/example_python_operator.py
[2026-08-21T11:43:50.825+0000] {processor.py:925} INFO - DAG(s) 'example_python_operator' retrieved from /home/airflow/.local/lib/python3.12/site-packages/airflow/example_dags/example_python_operator.py
[2026-08-21T11:43:50.845+0000] {logging_mixin.py:190} INFO - [2026-08-21T11:43:50.845+0000] {dag.py:3239} INFO - Sync 1 DAGs
[2026-08-21T11:43:50.860+0000] {logging_mixin.py:190} INFO - [2026-08-21T11:43:50.860+0000] {dag.py:4180} INFO - Setting next_dagrun for example_python_operator to None, run_after=None
[2026-08-21T11:43:50.878+0000] {processor.py:208} INFO - Processing /home/airflow/.local/lib/python3.12/site-packages/airflow/example_dags/example_python_operator.py took 0.075 seconds
[2026-08-21T11:44:25.569+0000] {processor.py:186} INFO - Started process (PID=477) to work on /home/airflow/.local/lib/python3.12/site-packages/airflow/example_dags/example_python_operator.py
[2026-08-21T11:44:25.570+0000] {processor.py:914} INFO - Processing file /home/airflow/.local/lib/python3.12/site-packages/airflow/example_dags/example_python_operator.py for tasks to queue
[2026-08-21T11:44:25.572+0000] {logging_mixin.py:190} INFO - [2026-08-21T11:44:25.572+0000] {dagbag.py:588} INFO - Filling up the DagBag from /home/airflow/.local/lib/python3.12/site-packages/airflow/example_dags/example_python_operator.py
[2026-08-21T11:44:25.587+0000] {processor.py:925} INFO - DAG(s) 'example_python_operator' retrieved from /home/airflow/.local/lib/python3.12/site-packages/airflow/example_dags/example_python_operator.py
[2026-08-21T11:44:25.609+0000] {logging_mixin.py:190} INFO - [2026-08-21T11:44:25.609+0000] {dag.py:3239} INFO - Sync 1 DAGs
[2026-08-21T11:44:25.628+0000] {logging_mixin.py:190} INFO - [2026-08-21T11:44:25.628+0000] {dag.py:4180} INFO - Setting next_dagrun for example_python_operator to None, run_after=None
[2026-08-21T11:44:25.649+0000] {processor.py:208} INFO - Processing /home/airflow/.local/lib/python3.12/site-packages/airflow/example_dags/example_python_operator.py took 0.087 seconds
[2026-08-21T11:45:02.218+0000] {processor.py:186} INFO - Started process (PID=546) to work on /home/airflow/.local/lib/python3.12/site-packages/airflow/example_dags/example_python_operator.py
[2026-08-21T11:45:02.219+0000] {processor.py:914} INFO - Processing file /home/airflow/.local/lib/python3.12/site-packages/airflow/example_dags/example_python_operator.py for tasks to queue
[2026-08-21T11:45:02.222+0000] {logging_mixin.py:190} INFO - [2026-08-21T11:45:02.222+0000] {dagbag.py:588} INFO - Filling up the DagBag from /home/airflow/.local/lib/python3.12/site-packages/airflow/example_dags/example_python_operator.py
[2026-08-21T11:45:02.237+0000] {processor.py:925} INFO - DAG(s) 'example_python_operator' retrieved from /home/airflow/.local/lib/python3.12/site-packages/airflow/example_dags/example_python_operator.py
[2026-08-21T11:45:02.263+0000] {logging_mixin.py:190} INFO - [2026-08-21T11:45:02.263+0000] {dag.py:3239} INFO - Sync 1 DAGs
[2026-08-21T11:45:02.282+0000] {logging_mixin.py:190} INFO - [2026-08-21T11:45:02.282+0000] {dag.py:4180} INFO - Setting next_dagrun for example_python_operator to None, run_after=None
[2026-08-21T11:45:02.306+0000] {processor.py:208} INFO - Processing /home/airflow/.local/lib/python3.12/site-packages/airflow/example_dags/example_python_operator.py took 0.094 seconds
[2026-08-21T11:45:38.052+0000] {processor.py:186} INFO - Started process (PID=609) to work on /home/airflow/.local/lib/python3.12/site-packages/airflow/example_dags/example_python_operator.py
[2026-08-21T11:45:38.052+0000] {processor.py:914} INFO - Processing file /home/airflow/.local/lib/python3.12/site-packages/airflow/example_dags/example_python_operator.py for tasks to queue
[2026-08-21T11:45:38.055+0000] {logging_mixin.py:190} INFO - [2026-08-21T11:45:38.054+0000] {dagbag.py:588} INFO - Filling up the DagBag from /home/airflow/.local/lib/python3.12/site-packages/airflow/example_dags/example_python_operator.py
[2026-08-21T11:45:38.071+0000] {processor.py:925} INFO - DAG(s) 'example_python_operator' retrieved from /home/airflow/.local/lib/python3.12/site-packages/airflow/example_dags/example_python_operator.py
[2026-08-21T11:45:38.095+0000] {logging_mixin.py:190} INFO - [2026-08-21T11:45:38.094+0000] {dag.py:3239} INFO - Sync 1 DAGs
[2026-08-21T11:45:38.111+0000] {logging_mixin.py:190} INFO - [2026-08-21T11:45:38.111+0000] {dag.py:4180} INFO - Setting next_dagrun for example_python_operator to None, run_after=None
[2026-08-21T11:45:38.136+0000] {processor.py:208} INFO - Processing /home/airflow/.local/lib/python3.12/site-packages/airflow/example_dags/example_python_operator.py took 0.091 seconds
[2026-08-21T11:46:12.986+0000] {processor.py:186} INFO - Started process (PID=672) to work on /home/airflow/.local/lib/python3.12/site-packages/airflow/example_dags/example_python_operator.py
[2026-08-21T11:46:12.987+0000] {processor.py:914} INFO - Processing file /home/airflow/.local/lib/python3.12/site-packages/airflow/example_dags/example_python_operator.py for tasks to queue
[2026-08-21T11:46:12.989+0000] {logging_mixin.py:190} INFO - [2026-08-21T11:46:12.989+0000] {dagbag.py:588} INFO - Filling up the DagBag from /home/airflow/.local/lib/python3.12/site-packages/airflow/example_dags/example_python_operator.py
[2026-08-21T11:46:13.005+0000] {processor.py:925} INFO - DAG(s) 'example_python_operator' retrieved from /home/airflow/.local/lib/python3.12/site-packages/airflow/example_dags/example_python_operator.py
[2026-08-21T11:46:13.025+0000] {logging_mixin.py:190} INFO - [2026-08-21T11:46:13.025+0000] {dag.py:3239} INFO - Sync 1 DAGs
[2026-08-21T11:46:13.042+0000] {logging_mixin.py:190} INFO - [2026-08-21T11:46:13.042+0000] {dag.py:4180} INFO - Setting next_dagrun for example_python_operator to None, run_after=None
[2026-08-21T11:46:13.062+0000] {processor.py:208} INFO - Processing /home/airflow/.local/lib/python3.12/site-packages/airflow/example_dags/example_python_operator.py took 0.082 seconds
[2026-08-21T11:46:48.622+0000] {processor.py:186} INFO - Started process (PID=741) to work on /home/airflow/.local/lib/python3.12/site-packages/airflow/example_dags/example_python_operator.py
[2026-08-21T11:46:48.623+0000] {processor.py:914} INFO - Processing file /home/airflow/.local/lib/python3.12/site-packages/airflow/example_dags/example_python_operator.py for tasks to queue
[2026-08-21T11:46:48.625+0000] {logging_mixin.py:190} INFO - [2026-08-21T11:46:48.625+0000] {dagbag.py:588} INFO - Filling up the DagBag from /home/airflow/.local/lib/python3.12/site-packages/airflow/example_dags/example_python_operator.py
[2026-08-21T11:46:48.638+0000] {processor.py:925} INFO - DAG(s) 'example_python_operator' retrieved from /home/airflow/.local/lib/python3.12/site-packages/airflow/example_dags/example_python_operator.py
[2026-08-21T11:46:48.660+0000] {logging_mixin.py:190} INFO - [2026-08-21T11:46:48.659+0000] {dag.py:3239} INFO - Sync 1 DAGs
[2026-08-21T11:46:48.674+0000] {logging_mixin.py:190} INFO - [2026-08-21T11:46:48.674+0000] {dag.py:4180} INFO - Setting next_dagrun for example_python_operator to None, run_after=None
[2026-08-21T11:46:48.694+0000] {processor.py:208} INFO - Processing /home/airflow/.local/lib/python3.12/site-packages/airflow/example_dags/example_python_operator.py took 0.078 seconds
