[2026-08-21T11:40:49.512+0000] {processor.py:186} INFO - Started process (PID=83) to work on /home/airflow/.local/lib/python3.12/site-packages/airflow/example_dags/example_datasets.py
[2026-08-21T11:40:49.513+0000] {processor.py:914} INFO - Processing file /home/airflow/.local/lib/python3.12/site-packages/airflow/example_dags/example_datasets.py for tasks to queue
[2026-08-21T11:40:49.516+0000] {logging_mixin.py:190} INFO - [2026-08-21T11:40:49.516+0000] {dagbag.py:588} INFO - Filling up the DagBag from /home/airflow/.local/lib/python3.12/site-packages/airflow/example_dags/example_datasets.py
[2026-08-21T11:40:54.628+0000] {processor.py:925} INFO - DAG(s) 'dataset_produces_1', 'consume_1_or_both_2_and_3_with_dataset_expressions', 'consume_1_or_2_with_dataset_expressions', 'conditional_dataset_and_time_based_timetable', 'consume_1_and_2_with_dataset_expressions', 'dataset_produces_2', 'dataset_consumes_1_never_scheduled', 'dataset_consumes_1_and_2', 'dataset_consumes_1', 'dataset_consumes_unknown_never_scheduled' retrieved from /home/airflow/.local/lib/python3.12/site-packages/airflow/example_dags/example_datasets.py
[2026-08-21T11:40:54.715+0000] {logging_mixin.py:190} INFO - [2026-08-21T11:40:54.713+0000] {override.py:1932} INFO - Created Permission View: can read on DAG:dataset_produces_1
[2026-08-21T11:40:54.727+0000] {logging_mixin.py:190} INFO - [2026-08-21T11:40:54.727+0000] {override.py:1932} INFO - Created Permission View: can edit on DAG:dataset_produces_1
[2026-08-21T11:40:54.734+0000] {logging_mixin.py:190} INFO - [2026-08-21T11:40:54.734+0000] {override.py:1932} INFO - Created Permission View: can delete on DAG:dataset_produces_1
[2026-08-21T11:40:54.743+0000] {logging_mixin.py:190} INFO - [2026-08-21T11:40:54.743+0000] {override.py:1932} INFO - Created Permission View: menu access on DAG Run:dataset_produces_1
[2026-08-21T11:40:54.752+0000] {logging_mixin.py:190} INFO - [2026-08-21T11:40:54.751+0000] {override.py:1932} INFO - Created Permission View: can read on DAG Run:dataset_produces_1
[2026-08-21T11:40:54.761+0000] {logging_mixin.py:190} INFO - [2026-08-21T11:40:54.760+0000] {override.py:1932} INFO - Created Permission View: can create on DAG Run:dataset_produces_1
[2026-08-21T11:40:54.768+0000] {logging_mixin.py:190} INFO - [2026-08-21T11:40:54.768+0000] {override.py:1932} INFO - Created Permission View: can delete on DAG Run:dataset_produces_1
[2026-08-21T11:40:54.782+0000] {logging_mixin.py:190} INFO - [2026-08-21T11:40:54.782+0000] {override.py:1932} INFO - Created Permission View: can read on DAG:consume_1_or_both_2_and_3_with_dataset_expressions
[2026-08-21T11:40:54.788+0000] {logging_mixin.py:190} INFO - [2026-08-21T11:40:54.787+0000] {override.py:1932} INFO - Created Permission View: can edit on DAG:consume_1_or_both_2_and_3_with_dataset_expressions
[2026-08-21T11:40:54.795+0000] {logging_mixin.py:190} INFO - [2026-08-21T11:40:54.794+0000] {override.py:1932} INFO - Created Permission View: can delete on DAG:consume_1_or_both_2_and_3_with_dataset_expressions
[2026-08-21T11:40:54.803+0000] {logging_mixin.py:190} INFO - [2026-08-21T11:40:54.803+0000] {override.py:1932} INFO - Created Permission View: menu access on DAG Run:consume_1_or_both_2_and_3_with_dataset_expressions
[2026-08-21T11:40:54.810+0000] {logging_mixin.py:190} INFO - [2026-08-21T11:40:54.810+0000] {override.py:1932} INFO - Created Permission View: can read on DAG Run:consume_1_or_both_2_and_3_with_dataset_expressions
[2026-08-21T11:40:54.821+0000] {logging_mixin.py:190} INFO - [2026-08-21T11:40:54.821+0000] {override.py:1932} INFO - Created Permission View: can create on DAG Run:consume_1_or_both_2_and_3_with_dataset_expressions
[2026-08-21T11:40:54.828+0000] {logging_mixin.py:190} INFO - [2026-08-21T11:40:54.828+0000] {override.py:1932} INFO - Created Permission View: can delete on DAG Run:consume_1_or_both_2_and_3_with_dataset_expressions
[2026-08-21T11:40:54.840+0000] {logging_mixin.py:190} INFO - [2026-08-21T11:40:54.839+0000] {override.py:1932} INFO - Created Permission View: can read on DAG:consume_1_or_2_with_dataset_expressions
[2026-08-21T11:40:54.845+0000] {logging_mixin.py:190} INFO - [2026-08-21T11:40:54.845+0000] {override.py:1932} INFO - Created Permission View: can edit on DAG:consume_1_or_2_with_dataset_expressions
[2026-08-21T11:40:54.855+0000] {logging_mixin.py:190} INFO - [2026-08-21T11:40:54.854+0000] {override.py:1932} INFO - Created Permission View: can delete on DAG:consume_1_or_2_with_dataset_expressions
[2026-08-21T11:40:54.864+0000] {logging_mixin.py:190} INFO - [2026-08-21T11:40:54.864+0000] {override.py:1932} INFO - Created Permission View: menu access on DAG Run:consume_1_or_2_with_dataset_expressions
[2026-08-21T11:40:54.871+0000] {logging_mixin.py:190} INFO - [2026-08-21T11:40:54.870+0000] {override.py:1932} INFO - Created Permission View: can read on DAG Run:consume_1_or_2_with_dataset_expressions
[2026-08-21T11:40:54.877+0000] {logging_mixin.py:190} INFO - [2026-08-21T11:40:54.877+0000] {override.py:1932} INFO - Created Permission View: can create on DAG Run:consume_1_or_2_with_dataset_expressions
[2026-08-21T11:40:54.886+0000] {logging_mixin.py:190} INFO - [2026-08-21T11:40:54.886+0000] {override.py:1932} INFO - Created Permission View: can delete on DAG Run:consume_1_or_2_with_dataset_expressions
[2026-08-21T11:40:54.900+0000] {logging_mixin.py:190} INFO - [2026-08-21T11:40:54.899+0000] {override.py:1932} INFO - Created Permission View: can read on DAG:conditional_dataset_and_time_based_timetable
[2026-08-21T11:40:54.906+0000] {logging_mixin.py:190} INFO - [2026-08-21T11:40:54.906+0000] {override.py:1932} INFO - Created Permission View: can edit on DAG:conditional_dataset_and_time_based_timetable
[2026-08-21T11:40:54.914+0000] {logging_mixin.py:190} INFO - [2026-08-21T11:40:54.913+0000] {override.py:1932} INFO - Created Permission View: can delete on DAG:conditional_dataset_and_time_based_timetable
[2026-08-21T11:40:54.927+0000] {logging_mixin.py:190} INFO - [2026-08-21T11:40:54.926+0000] {override.py:1932} INFO - Created Permission View: menu access on DAG Run:conditional_dataset_and_time_based_timetable
[2026-08-21T11:40:54.934+0000] {logging_mixin.py:190} INFO - [2026-08-21T11:40:54.933+0000] {override.py:1932} INFO - Created Permission View: can read on DAG Run:conditional_dataset_and_time_based_timetable
[2026-08-21T11:40:54.941+0000] {logging_mixin.py:190} INFO - [2026-08-21T11:40:54.941+0000] {override.py:1932} INFO - Created Permission View: can create on DAG Run:conditional_dataset_and_time_based_timetable
[2026-08-21T11:40:54.949+0000] {logging_mixin.py:190} INFO - [2026-08-21T11:40:54.948+0000] {override.py:1932} INFO - Created Permission View: can delete on DAG Run:conditional_dataset_and_time_based_timetable
[2026-08-21T11:40:54.965+0000] {logging_mixin.py:190} INFO - [2026-08-21T11:40:54.965+0000] {override.py:1932} INFO - Created Permission View: can read on DAG:consume_1_and_2_with_dataset_expressions
[2026-08-21T11:40:54.972+0000] {logging_mixin.py:190} INFO - [2026-08-21T11:40:54.971+0000] {override.py:1932} INFO - Created Permission View: can edit on DAG:consume_1_and_2_with_dataset_expressions
[2026-08-21T11:40:54.980+0000] {logging_mixin.py:190} INFO - [2026-08-21T11:40:54.980+0000] {override.py:1932} INFO - Created Permission View: can delete on DAG:consume_1_and_2_with_dataset_expressions
[2026-08-21T11:40:54.991+0000] {logging_mixin.py:190} INFO - [2026-08-21T11:40:54.990+0000] {override.py:1932} INFO - Created Permission View: menu access on DAG Run:consume_1_and_2_with_dataset_expressions
[2026-08-21T11:40:54.998+0000] {logging_mixin.py:190} INFO - [2026-08-21T11:40:54.998+0000] {override.py:1932} INFO - Created Permission View: can read on DAG Run:consume_1_and_2_with_dataset_expressions
[2026-08-21T11:40:55.004+0000] {logging_mixin.py:190} INFO - [2026-08-21T11:40:55.004+0000] {override.py:1932} INFO - Created Permission View: can create on DAG Run:consume_1_and_2_with_dataset_expressions
[2026-08-21T11:40:55.014+0000] {logging_mixin.py:190} INFO - [2026-08-21T11:40:55.013+0000] {override.py:1932} INFO - Created Permission View: can delete on DAG Run:consume_1_and_2_with_dataset_expressions
[2026-08-21T11:40:55.032+0000] {logging_mixin.py:190} INFO - [2026-08-21T11:40:55.032+0000] {override.py:1932} INFO - Created Permission View: can read on DAG:dataset_produces_2
[2026-08-21T11:40:55.040+0000] {logging_mixin.py:190} INFO - [2026-08-21T11:40:55.040+0000] {override.py:1932} INFO - Created Permission View: can edit on DAG:dataset_produces_2
[2026-08-21T11:40:55.049+0000] {logging_mixin.py:190} INFO - [2026-08-21T11:40:55.049+0000] {override.py:1932} INFO - Created Permission View: can delete on DAG:dataset_produces_2
[2026-08-21T11:40:55.059+0000] {logging_mixin.py:190} INFO - [2026-08-21T11:40:55.058+0000] {override.py:1932} INFO - Created Permission View: menu access on DAG Run:dataset_produces_2
[2026-08-21T11:40:55.066+0000] {logging_mixin.py:190} INFO - [2026-08-21T11:40:55.066+0000] {override.py:1932} INFO - Created Permission View: can read on DAG Run:dataset_produces_2
[2026-08-21T11:40:55.074+0000] {logging_mixin.py:190} INFO - [2026-08-21T11:40:55.073+0000] {override.py:1932} INFO - Created Permission View: can create on DAG Run:dataset_produces_2
[2026-08-21T11:40:55.081+0000] {logging_mixin.py:190} INFO - [2026-08-21T11:40:55.080+0000] {override.py:1932} INFO - Created Permission View: can delete on DAG Run:dataset_produces_2
[2026-08-21T11:40:55.099+0000] {logging_mixin.py:190} INFO - [2026-08-21T11:40:55.099+0000] {override.py:1932} INFO - Created Permission View: can read on DAG:dataset_consumes_1_never_scheduled
[2026-08-21T11:40:55.107+0000] {logging_mixin.py:190} INFO - [2026-08-21T11:40:55.107+0000] {override.py:1932} INFO - Created Permission View: can edit on DAG:dataset_consumes_1_never_scheduled
[2026-08-21T11:40:55.117+0000] {logging_mixin.py:190} INFO - [2026-08-21T11:40:55.116+0000] {override.py:1932} INFO - Created Permission View: can delete on DAG:dataset_consumes_1_never_scheduled
[2026-08-21T11:40:55.129+0000] {logging_mixin.py:190} INFO - [2026-08-21T11:40:55.129+0000] {override.py:1932} INFO - Created Permission View: menu access on DAG Run:dataset_consumes_1_never_scheduled
[2026-08-21T11:40:55.136+0000] {logging_mixin.py:190} INFO - [2026-08-21T11:40:55.136+0000] {override.py:1932} INFO - Created Permission View: can read on DAG Run:dataset_consumes_1_never_scheduled
[2026-08-21T11:40:55.144+0000] {logging_mixin.py:190} INFO - [2026-08-21T11:40:55.143+0000] {override.py:1932} INFO - Created Permission View: can create on DAG Run:dataset_consumes_1_never_scheduled
[2026-08-21T11:40:55.152+0000] {logging_mixin.py:190} INFO - [2026-08-21T11:40:55.152+0000] {override.py:1932} INFO - Created Permission View: can delete on DAG Run:dataset_consumes_1_never_scheduled
[2026-08-21T11:40:55.167+0000] {logging_mixin.py:190} INFO - [2026-08-21T11:40:55.166+0000] {override.py:1932} INFO - Created Permission View: can read on DAG:dataset_consumes_1_and_2
[2026-08-21T11:40:55.174+0000] {logging_mixin.py:190} INFO - [2026-08-21T11:40:55.174+0000] {override.py:1932} INFO - Created Permission View: can edit on DAG:dataset_consumes_1_and_2
[2026-08-21T11:40:55.184+0000] {logging_mixin.py:190} INFO - [2026-08-21T11:40:55.184+0000] {override.py:1932} INFO - Created Permission View: can delete on DAG:dataset_consumes_1_and_2
[2026-08-21T11:40:55.196+0000] {logging_mixin.py:190} INFO - [2026-08-21T11:40:55.195+0000] {override.py:1932} INFO - Created Permission View: menu access on DAG Run:dataset_consumes_1_and_2
[2026-08-21T11:40:55.203+0000] {logging_mixin.py:190} INFO - [2026-08-21T11:40:55.203+0000] {override.py:1932} INFO - Created Permission View: can read on DAG Run:dataset_consumes_1_and_2
[2026-08-21T11:40:55.214+0000] {logging_mixin.py:190} INFO - [2026-08-21T11:40:55.214+0000] {override.py:1932} INFO - Created Permission View: can create on DAG Run:dataset_consumes_1_and_2
[2026-08-21T11:40:55.227+0000] {logging_mixin.py:190} INFO - [2026-08-21T11:40:55.226+0000] {override.py:1932} INFO - Created Permission View: can delete on DAG Run:dataset_consumes_1_and_2
[2026-08-21T11:40:55.243+0000] {logging_mixin.py:190} INFO - [2026-08-21T11:40:55.242+0000] {override.py:1932} INFO - Created Permission View: can read on DAG:dataset_consumes_1
[2026-08-21T11:40:55.251+0000] {logging_mixin.py:190} INFO - [2026-08-21T11:40:55.250+0000] {override.py:1932} INFO - Created Permission View: can edit on DAG:dataset_consumes_1
[2026-08-21T11:40:55.259+0000] {logging_mixin.py:190} INFO - [2026-08-21T11:40:55.259+0000] {override.py:1932} INFO - Created Permission View: can delete on DAG:dataset_consumes_1
[2026-08-21T11:40:55.270+0000] {logging_mixin.py:190} INFO - [2026-08-21T11:40:55.269+0000] {override.py:1932} INFO - Created Permission View: menu access on DAG Run:dataset_consumes_1
[2026-08-21T11:40:55.279+0000] {logging_mixin.py:190} INFO - [2026-08-21T11:40:55.278+0000] {override.py:1932} INFO - Created Permission View: can read on DAG Run:dataset_consumes_1
[2026-08-21T11:40:55.289+0000] {logging_mixin.py:190} INFO - [2026-08-21T11:40:55.288+0000] {override.py:1932} INFO - Created Permission View: can create on DAG Run:dataset_consumes_1
[2026-08-21T11:40:55.299+0000] {logging_mixin.py:190} INFO - [2026-08-21T11:40:55.299+0000] {override.py:1932} INFO - Created Permission View: can delete on DAG Run:dataset_consumes_1
[2026-08-21T11:40:55.312+0000] {logging_mixin.py:190} INFO - [2026-08-21T11:40:55.312+0000] {override.py:1932} INFO - Created Permission View: can read on DAG:dataset_consumes_unknown_never_scheduled
[2026-08-21T11:40:55.324+0000] {logging_mixin.py:190} INFO - [2026-08-21T11:40:55.324+0000] {override.py:1932} INFO - Created Permission View: can edit on DAG:dataset_consumes_unknown_never_scheduled
[2026-08-21T11:40:55.332+0000] {logging_mixin.py:190} INFO - [2026-08-21T11:40:55.332+0000] {override.py:1932} INFO - Created Permission View: can delete on DAG:dataset_consumes_unknown_never_scheduled
[2026-08-21T11:40:55.341+0000] {logging_mixin.py:190} INFO - [2026-08-21T11:40:55.340+0000] {override.py:1932} INFO - Created Permission View: menu access on DAG Run:dataset_consumes_unknown_never_scheduled
[2026-08-21T11:40:55.351+0000] {logging_mixin.py:190} INFO - [2026-08-21T11:40:55.350+0000] {override.py:1932} INFO - Created Permission View: can read on DAG Run:dataset_consumes_unknown_never_scheduled
[2026-08-21T11:40:55.360+0000] {logging_mixin.py:190} INFO - [2026-08-21T11:40:55.359+0000] {override.py:1932} INFO - Created Permission View: can create on DAG Run:dataset_consumes_unknown_never_scheduled
[2026-08-21T11:40:55.367+0000] {logging_mixin.py:190} INFO - [2026-08-21T11:40:55.367+0000] {override.py:1932} INFO - Created Permission View: can delete on DAG Run:dataset_consumes_unknown_never_scheduled
[2026-08-21T11:40:55.367+0000] {logging_mixin.py:190} INFO - [2026-08-21T11:40:55.367+0000] {dag.py:3239} INFO - Sync 10 DAGs
[2026-08-21T11:40:55.380+0000] {logging_mixin.py:190} INFO - [2026-08-21T11:40:55.379+0000] {dag.py:3262} INFO - Creating ORM DAG for dataset_produces_1
[2026-08-21T11:40:55.381+0000] {logging_mixin.py:190} INFO - [2026-08-21T11:40:55.380+0000] {dag.py:3262} INFO - Creating ORM DAG for dataset_consumes_1_never_scheduled
[2026-08-21T11:40:55.381+0000] {logging_mixin.py:190} INFO - [2026-08-21T11:40:55.381+0000] {dag.py:3262} INFO - Creating ORM DAG for consume_1_or_2_with_dataset_expressions
[2026-08-21T11:40:55.381+0000] {logging_mixin.py:190} INFO - [2026-08-21T11:40:55.381+0000] {dag.py:3262} INFO - Creating ORM DAG for consume_1_or_both_2_and_3_with_dataset_expressions
[2026-08-21T11:40:55.382+0000] {logging_mixin.py:190} INFO - [2026-08-21T11:40:55.382+0000] {dag.py:3262} INFO - Creating ORM DAG for dataset_consumes_1
[2026-08-21T11:40:55.383+0000] {logging_mixin.py:190} INFO - [2026-08-21T11:40:55.383+0000] {dag.py:3262} INFO - Creating ORM DAG for dataset_produces_2
[2026-08-21T11:40:55.384+0000] {logging_mixin.py:190} INFO - [2026-08-21T11:40:55.384+0000] {dag.py:3262} INFO - Creating ORM DAG for consume_1_and_2_with_dataset_expressions
[2026-08-21T11:40:55.384+0000] {logging_mixin.py:190} INFO - [2026-08-21T11:40:55.384+0000] {dag.py:3262} INFO - Creating ORM DAG for dataset_consumes_1_and_2
[2026-08-21T11:40:55.385+0000] {logging_mixin.py:190} INFO - [2026-08-21T11:40:55.385+0000] {dag.py:3262} INFO - Creating ORM DAG for dataset_consumes_unknown_never_scheduled
[2026-08-21T11:40:55.385+0000] {logging_mixin.py:190} INFO - [2026-08-21T11:40:55.385+0000] {dag.py:3262} INFO - Creating ORM DAG for conditional_dataset_and_time_based_timetable
[2026-08-21T11:40:55.396+0000] {logging_mixin.py:190} INFO - [2026-08-21T11:40:55.396+0000] {dag.py:4180} INFO - Setting next_dagrun for conditional_dataset_and_time_based_timetable to 2026-08-19 01:00:00+00:00, run_after=2026-08-19 01:00:00+00:00
[2026-08-21T11:40:55.397+0000] {logging_mixin.py:190} INFO - [2026-08-21T11:40:55.397+0000] {dag.py:4180} INFO - Setting next_dagrun for consume_1_and_2_with_dataset_expressions to None, run_after=None
[2026-08-21T11:40:55.397+0000] {logging_mixin.py:190} INFO - [2026-08-21T11:40:55.397+0000] {dag.py:4180} INFO - Setting next_dagrun for consume_1_or_2_with_dataset_expressions to None, run_after=None
[2026-08-21T11:40:55.397+0000] {logging_mixin.py:190} INFO - [2026-08-21T11:40:55.397+0000] {dag.py:4180} INFO - Setting next_dagrun for consume_1_or_both_2_and_3_with_dataset_expressions to None, run_after=None
[2026-08-21T11:40:55.398+0000] {logging_mixin.py:190} INFO - [2026-08-21T11:40:55.398+0000] {dag.py:4180} INFO - Setting next_dagrun for dataset_consumes_1 to None, run_after=None
[2026-08-21T11:40:55.398+0000] {logging_mixin.py:190} INFO - [2026-08-21T11:40:55.398+0000] {dag.py:4180} INFO - Setting next_dagrun for dataset_consumes_1_and_2 to None, run_after=None
[2026-08-21T11:40:55.399+0000] {logging_mixin.py:190} INFO - [2026-08-21T11:40:55.398+0000] {dag.py:4180} INFO - Setting next_dagrun for dataset_consumes_1_never_scheduled to None, run_after=None
[2026-08-21T11:40:55.399+0000] {logging_mixin.py:190} INFO - [2026-08-21T11:40:55.399+0000] {dag.py:4180} INFO - Setting next_dagrun for dataset_consumes_unknown_never_scheduled to None, run_after=None
[2026-08-21T11:40:55.401+0000] {logging_mixin.py:190} INFO - [2026-08-21T11:40:55.400+0000] {dag.py:4180} INFO - Setting next_dagrun for dataset_produces_1 to 2026-08-20 00:00:00+00:00, run_after=2026-08-21 00:00:00+00:00
[2026-08-21T11:40:55.401+0000] {logging_mixin.py:190} INFO - [2026-08-21T11:40:55.401+0000] {dag.py:4180} INFO - Setting next_dagrun for dataset_produces_2 to None, run_after=None
[2026-08-21T11:40:55.447+0000] {processor.py:208} INFO - Processing /home/airflow/.local/lib/python3.12/site-packages/airflow/example_dags/example_datasets.py took 5.941 seconds
[2026-08-21T11:41:25.609+0000] {processor.py:186} INFO - Started process (PID=146) to work on /home/airflow/.local/lib/python3.12/site-packages/airflow/example_dags/example_datasets.py
[2026-08-21T11:41:25.609+0000] {processor.py:914} INFO - Processing file /home/airflow/.local/lib/python3.12/site-packages/airflow/example_dags/example_datasets.py for tasks to queue
[2026-08-21T11:41:25.612+0000] {logging_mixin.py:190} INFO - [2026-08-21T11:41:25.611+0000] {dagbag.py:588} INFO - Filling up the DagBag from /home/airflow/.local/lib/python3.12/site-packages/airflow/example_dags/example_datasets.py
[2026-08-21T11:41:29.756+0000] {processor.py:925} INFO - DAG(s) 'consume_1_or_both_2_and_3_with_dataset_expressions', 'dataset_consumes_1', 'dataset_consumes_unknown_never_scheduled', 'conditional_dataset_and_time_based_timetable', 'consume_1_or_2_with_dataset_expressions', 'dataset_consumes_1_and_2', 'dataset_consumes_1_never_scheduled', 'dataset_produces_2', 'consume_1_and_2_with_dataset_expressions', 'dataset_produces_1' retrieved from /home/airflow/.local/lib/python3.12/site-packages/airflow/example_dags/example_datasets.py
[2026-08-21T11:41:29.794+0000] {logging_mixin.py:190} INFO - [2026-08-21T11:41:29.794+0000] {dag.py:3239} INFO - Sync 10 DAGs
[2026-08-21T11:41:29.819+0000] {logging_mixin.py:190} INFO - [2026-08-21T11:41:29.819+0000] {dag.py:4180} INFO - Setting next_dagrun for conditional_dataset_and_time_based_timetable to 2026-08-19 01:00:00+00:00, run_after=2026-08-19 01:00:00+00:00
[2026-08-21T11:41:29.823+0000] {logging_mixin.py:190} INFO - [2026-08-21T11:41:29.822+0000] {dag.py:4180} INFO - Setting next_dagrun for consume_1_and_2_with_dataset_expressions to None, run_after=None
[2026-08-21T11:41:29.824+0000] {logging_mixin.py:190} INFO - [2026-08-21T11:41:29.824+0000] {dag.py:4180} INFO - Setting next_dagrun for consume_1_or_2_with_dataset_expressions to None, run_after=None
[2026-08-21T11:41:29.825+0000] {logging_mixin.py:190} INFO - [2026-08-21T11:41:29.825+0000] {dag.py:4180} INFO - Setting next_dagrun for consume_1_or_both_2_and_3_with_dataset_expressions to None, run_after=None
[2026-08-21T11:41:29.826+0000] {logging_mixin.py:190} INFO - [2026-08-21T11:41:29.825+0000] {dag.py:4180} INFO - Setting next_dagrun for dataset_consumes_1 to None, run_after=None
[2026-08-21T11:41:29.826+0000] {logging_mixin.py:190} INFO - [2026-08-21T11:41:29.826+0000] {dag.py:4180} INFO - Setting next_dagrun for dataset_consumes_1_and_2 to None, run_after=None
[2026-08-21T11:41:29.827+0000] {logging_mixin.py:190} INFO - [2026-08-21T11:41:29.827+0000] {dag.py:4180} INFO - Setting next_dagrun for dataset_consumes_1_never_scheduled to None, run_after=None
[2026-08-21T11:41:29.828+0000] {logging_mixin.py:190} INFO - [2026-08-21T11:41:29.828+0000] {dag.py:4180} INFO - Setting next_dagrun for dataset_consumes_unknown_never_scheduled to None, run_after=None
[2026-08-21T11:41:29.831+0000] {logging_mixin.py:190} INFO - [2026-08-21T11:41:29.831+0000] {dag.py:4180} INFO - Setting next_dagrun for dataset_produces_1 to 2026-08-20 00:00:00+00:00, run_after=2026-08-21 00:00:00+00:00
[2026-08-21T11:41:29.832+0000] {logging_mixin.py:190} INFO - [2026-08-21T11:41:29.832+0000] {dag.py:4180} INFO - Setting next_dagrun for dataset_produces_2 to None, run_after=None
[2026-08-21T11:41:29.869+0000] {processor.py:208} INFO - Processing /home/airflow/.local/lib/python3.12/site-packages/airflow/example_dags/example_datasets.py took 4.264 seconds
[2026-08-21T11:42:00.009+0000] {processor.py:186} INFO - Started process (PID=209) to work on /home/airflow/.local/lib/python3.12/site-packages/airflow/example_dags/example_datasets.py
[2026-08-21T11:42:00.011+0000] {processor.py:914} INFO - Processing file /home/airflow/.local/lib/python3.12/site-packages/airflow/example_dags/example_datasets.py for tasks to queue
[2026-08-21T11:42:00.013+0000] {logging_mixin.py:190} INFO - [2026-08-21T11:42:00.013+0000] {dagbag.py:588} INFO - Filling up the DagBag from /home/airflow/.local/lib/python3.12/site-packages/airflow/example_dags/example_datasets.py
[2026-08-21T11:42:04.519+0000] {processor.py:925} INFO - DAG(s) 'dataset_consumes_unknown_never_scheduled', 'consume_1_or_2_with_dataset_expressions', 'dataset_consumes_1', 'dataset_produces_1', 'dataset_produces_2', 'consume_1_and_2_with_dataset_expressions', 'dataset_consumes_1_and_2', 'dataset_consumes_1_never_scheduled', 'conditional_dataset_and_time_based_timetable', 'consume_1_or_both_2_and_3_with_dataset_expressions' retrieved from /home/airflow/.local/lib/python3.12/site-packages/airflow/example_dags/example_datasets.py
[2026-08-21T11:42:04.570+0000] {logging_mixin.py:190} INFO - [2026-08-21T11:42:04.570+0000] {dag.py:3239} INFO - Sync 10 DAGs
[2026-08-21T11:42:04.601+0000] {logging_mixin.py:190} INFO - [2026-08-21T11:42:04.601+0000] {dag.py:4180} INFO - Setting next_dagrun for conditional_dataset_and_time_based_timetable to 2026-08-19 01:00:00+00:00, run_after=2026-08-19 01:00:00+00:00
[2026-08-21T11:42:04.605+0000] {logging_mixin.py:190} INFO - [2026-08-21T11:42:04.605+0000] {dag.py:4180} INFO - Setting next_dagrun for consume_1_and_2_with_dataset_expressions to None, run_after=None
[2026-08-21T11:42:04.608+0000] {logging_mixin.py:190} INFO - [2026-08-21T11:42:04.607+0000] {dag.py:4180} INFO - Setting next_dagrun for consume_1_or_2_with_dataset_expressions to None, run_after=None
[2026-08-21T11:42:04.610+0000] {logging_mixin.py:190} INFO - [2026-08-21T11:42:04.609+0000] {dag.py:4180} INFO - Setting next_dagrun for consume_1_or_both_2_and_3_with_dataset_expressions to None, run_after=None
[2026-08-21T11:42:04.612+0000] {logging_mixin.py:190} INFO - [2026-08-21T11:42:04.612+0000] {dag.py:4180} INFO - Setting next_dagrun for dataset_consumes_1 to None, run_after=None
[2026-08-21T11:42:04.614+0000] {logging_mixin.py:190} INFO - [2026-08-21T11:42:04.614+0000] {dag.py:4180} INFO - Setting next_dagrun for dataset_consumes_1_and_2 to None, run_after=None
[2026-08-21T11:42:04.616+0000] {logging_mixin.py:190} INFO - [2026-08-21T11:42:04.616+0000] {dag.py:4180} INFO - Setting next_dagrun for dataset_consumes_1_never_scheduled to None, run_after=None
[2026-08-21T11:42:04.618+0000] {logging_mixin.py:190} INFO - [2026-08-21T11:42:04.618+0000] {dag.py:4180} INFO - Setting next_dagrun for dataset_consumes_unknown_never_scheduled to None, run_after=None
[2026-08-21T11:42:04.622+0000] {logging_mixin.py:190} INFO - [2026-08-21T11:42:04.622+0000] {dag.py:4180} INFO - Setting next_dagrun for dataset_produces_1 to 2026-08-20 00:00:00+00:00, run_after=2026-08-21 00:00:00+00:00
[2026-08-21T11:42:04.624+0000] {logging_mixin.py:190} INFO - [2026-08-21T11:42:04.623+0000] {dag.py:4180} INFO - Setting next_dagrun for dataset_produces_2 to None, run_after=None
[2026-08-21T11:42:04.665+0000] {processor.py:208} INFO - Processing /home/airflow/.local/lib/python3.12/site-packages/airflow/example_dags/example_datasets.py took 4.663 seconds
[2026-08-21T11:42:35.407+0000] {processor.py:186} INFO - Started process (PID=272) to work on /home/airflow/.local/lib/python3.12/site-packages/airflow/example_dags/example_datasets.py
[2026-08-21T11:42:35.408+0000] {processor.py:914} INFO - Processing file /home/airflow/.local/lib/python3.12/site-packages/airflow/example_dags/example_datasets.py for tasks to queue
[2026-08-21T11:42:35.410+0000] {logging_mixin.py:190} INFO - [2026-08-21T11:42:35.410+0000] {dagbag.py:588} INFO - Filling up the DagBag from /home/airflow/.local/lib/python3.12/site-packages/airflow/example_dags/example_datasets.py
[2026-08-21T11:42:40.187+0000] {processor.py:925} INFO - DAG(s) 'conditional_dataset_and_time_based_timetable', 'dataset_consumes_unknown_never_scheduled', 'dataset_produces_2', 'dataset_consumes_1_never_scheduled', 'dataset_produces_1', 'consume_1_and_2_with_dataset_expressions', 'consume_1_or_2_with_dataset_expressions', 'dataset_consumes_1_and_2', 'dataset_consumes_1', 'consume_1_or_both_2_and_3_with_dataset_expressions' retrieved from /home/airflow/.local/lib/python3.12/site-packages/airflow/example_dags/example_datasets.py
[2026-08-21T11:42:40.234+0000] {logging_mixin.py:190} INFO - [2026-08-21T11:42:40.233+0000] {dag.py:3239} INFO - Sync 10 DAGs
[2026-08-21T11:42:40.264+0000] {logging_mixin.py:190} INFO - [2026-08-21T11:42:40.264+0000] {dag.py:4180} INFO - Setting next_dagrun for conditional_dataset_and_time_based_timetable to 2026-08-19 01:00:00+00:00, run_after=2026-08-19 01:00:00+00:00
[2026-08-21T11:42:40.267+0000] {logging_mixin.py:190} INFO - [2026-08-21T11:42:40.267+0000] {dag.py:4180} INFO - Setting next_dagrun for consume_1_and_2_with_dataset_expressions to None, run_after=None
[2026-08-21T11:42:40.269+0000] {logging_mixin.py:190} INFO - [2026-08-21T11:42:40.268+0000] {dag.py:4180} INFO - Setting next_dagrun for consume_1_or_2_with_dataset_expressions to None, run_after=None
[2026-08-21T11:42:40.270+0000] {logging_mixin.py:190} INFO - [2026-08-21T11:42:40.270+0000] {dag.py:4180} INFO - Setting next_dagrun for consume_1_or_both_2_and_3_with_dataset_expressions to None, run_after=None
[2026-08-21T11:42:40.271+0000] {logging_mixin.py:190} INFO - [2026-08-21T11:42:40.271+0000] {dag.py:4180} INFO - Setting next_dagrun for dataset_consumes_1 to None, run_after=None
[2026-08-21T11:42:40.272+0000] {logging_mixin.py:190} INFO - [2026-08-21T11:42:40.272+0000] {dag.py:4180} INFO - Setting next_dagrun for dataset_consumes_1_and_2 to None, run_after=None
[2026-08-21T11:42:40.273+0000] {logging_mixin.py:190} INFO - [2026-08-21T11:42:40.273+0000] {dag.py:4180} INFO - Setting next_dagrun for dataset_consumes_1_never_scheduled to None, run_after=None
[2026-08-21T11:42:40.274+0000] {logging_mixin.py:190} INFO - [2026-08-21T11:42:40.274+0000] {dag.py:4180} INFO - Setting next_dagrun for dataset_consumes_unknown_never_scheduled to None, run_after=None
[2026-08-21T11:42:40.277+0000] {logging_mixin.py:190} INFO - [2026-08-21T11:42:40.276+0000] {dag.py:4180} INFO - Setting next_dagrun for dataset_produces_1 to 2026-08-20 00:00:00+00:00, run_after=2026-08-21 00:00:00+00:00
[2026-08-21T11:42:40.279+0000] {logging_mixin.py:190} INFO - [2026-08-21T11:42:40.279+0000] {dag.py:4180} INFO - Setting next_dagrun for dataset_produces_2 to None, run_after=None
[2026-08-21T11:42:40.316+0000] {processor.py:208} INFO - Processing /home/airflow/.local/lib/python3.12/site-packages/airflow/example_dags/example_datasets.py took 4.917 seconds
[2026-08-21T11:43:10.543+0000] {processor.py:186} INFO - Started process (PID=335) to work on /home/airflow/.local/lib/python3.12/site-packages/airflow/example_dags/example_datasets.py
[2026-08-21T11:43:10.543+0000] {processor.py:914} INFO - Processing file /home/airflow/.local/lib/python3.12/site-packages/airflow/example_dags/example_datasets.py for tasks to queue
[2026-08-21T11:43:10.546+0000] {logging_mixin.py:190} INFO - [2026-08-21T11:43:10.545+0000] {dagbag.py:588} INFO - Filling up the DagBag from /home/airflow/.local/lib/python3.12/site-packages/airflow/example_dags/example_datasets.py
[2026-08-21T11:43:15.317+0000] {processor.py:925} INFO - DAG(s) 'consume_1_or_both_2_and_3_with_dataset_expressions', 'dataset_produces_2', 'dataset_consumes_unknown_never_scheduled', 'dataset_consumes_1_and_2', 'consume_1_or_2_with_dataset_expressions', 'dataset_consumes_1_never_scheduled', 'dataset_consumes_1', 'consume_1_and_2_with_dataset_expressions', 'dataset_produces_1', 'conditional_dataset_and_time_based_timetable' retrieved from /home/airflow/.local/lib/python3.12/site-packages/airflow/example_dags/example_datasets.py
[2026-08-21T11:43:15.363+0000] {logging_mixin.py:190} INFO - [2026-08-21T11:43:15.363+0000] {dag.py:3239} INFO - Sync 10 DAGs
[2026-08-21T11:43:15.389+0000] {logging_mixin.py:190} INFO - [2026-08-21T11:43:15.389+0000] {dag.py:4180} INFO - Setting next_dagrun for conditional_dataset_and_time_based_timetable to 2026-08-19 01:00:00+00:00, run_after=2026-08-19 01:00:00+00:00
[2026-08-21T11:43:15.393+0000] {logging_mixin.py:190} INFO - [2026-08-21T11:43:15.393+0000] {dag.py:4180} INFO - Setting next_dagrun for consume_1_and_2_with_dataset_expressions to None, run_after=None
[2026-08-21T11:43:15.394+0000] {logging_mixin.py:190} INFO - [2026-08-21T11:43:15.394+0000] {dag.py:4180} INFO - Setting next_dagrun for consume_1_or_2_with_dataset_expressions to None, run_after=None
[2026-08-21T11:43:15.396+0000] {logging_mixin.py:190} INFO - [2026-08-21T11:43:15.395+0000] {dag.py:4180} INFO - Setting next_dagrun for consume_1_or_both_2_and_3_with_dataset_expressions to None, run_after=None
[2026-08-21T11:43:15.398+0000] {logging_mixin.py:190} INFO - [2026-08-21T11:43:15.397+0000] {dag.py:4180} INFO - Setting next_dagrun for dataset_consumes_1 to None, run_after=None
[2026-08-21T11:43:15.399+0000] {logging_mixin.py:190} INFO - [2026-08-21T11:43:15.399+0000] {dag.py:4180} INFO - Setting next_dagrun for dataset_consumes_1_and_2 to None, run_after=None
[2026-08-21T11:43:15.401+0000] {logging_mixin.py:190} INFO - [2026-08-21T11:43:15.401+0000] {dag.py:4180} INFO - Setting next_dagrun for dataset_consumes_1_never_scheduled to None, run_after=None
[2026-08-21T11:43:15.404+0000] {logging_mixin.py:190} INFO - [2026-08-21T11:43:15.403+0000] {dag.py:4180} INFO - Setting next_dagrun for dataset_consumes_unknown_never_scheduled to None, run_after=None
[2026-08-21T11:43:15.406+0000] {logging_mixin.py:190} INFO - [2026-08-21T11:43:15.406+0000] {dag.py:4180} INFO - Setting next_dagrun for dataset_produces_1 to 2026-08-20 00:00:00+00:00, run_after=2026-08-21 00:00:00+00:00
[2026-08-21T11:43:15.407+0000] {logging_mixin.py:190} INFO - [2026-08-21T11:43:15.407+0000] {dag.py:4180} INFO - Setting next_dagrun for dataset_produces_2 to None, run_after=None
[2026-08-21T11:43:15.444+0000] {processor.py:208} INFO - Processing /home/airflow/.local/lib/python3.12/site-packages/airflow/example_dags/example_datasets.py took 4.907 seconds
[2026-08-21T11:43:45.757+0000] {processor.py:186} INFO - Started process (PID=398) to work on /home/airflow/.local/lib/python3.12/site-packages/airflow/example_dags/example_datasets.py
[2026-08-21T11:43:45.758+0000] {processor.py:914} INFO - Processing file /home/airflow/.local/lib/python3.12/site-packages/airflow/example_dags/example_datasets.py for tasks to queue
[2026-08-21T11:43:45.760+0000] {logging_mixin.py:190} INFO - [2026-08-21T11:43:45.760+0000] {dagbag.py:588} INFO - Filling up the DagBag from /home/airflow/.local/lib/python3.12/site-packages/airflow/example_dags/example_datasets.py
[2026-08-21T11:43:50.200+0000] {processor.py:925} INFO - DAG(s) 'consume_1_or_both_2_and_3_with_dataset_expressions', 'dataset_produces_1', 'dataset_consumes_unknown_never_scheduled', 'dataset_consumes_1_and_2', 'conditional_dataset_and_time_based_timetable', 'dataset_consumes_1', 'dataset_consumes_1_never_scheduled', 'consume_1_and_2_with_dataset_expressions', 'dataset_produces_2', 'consume_1_or_2_with_dataset_expressions' retrieved from /home/airflow/.local/lib/python3.12/site-packages/airflow/example_dags/example_datasets.py
[2026-08-21T11:43:50.244+0000] {logging_mixin.py:190} INFO - [2026-08-21T11:43:50.244+0000] {dag.py:3239} INFO - Sync 10 DAGs
[2026-08-21T11:43:50.267+0000] {logging_mixin.py:190} INFO - [2026-08-21T11:43:50.267+0000] {dag.py:4180} INFO - Setting next_dagrun for conditional_dataset_and_time_based_timetable to 2026-08-19 01:00:00+00:00, run_after=2026-08-19 01:00:00+00:00
[2026-08-21T11:43:50.271+0000] {logging_mixin.py:190} INFO - [2026-08-21T11:43:50.270+0000] {dag.py:4180} INFO - Setting next_dagrun for consume_1_and_2_with_dataset_expressions to None, run_after=None
[2026-08-21T11:43:50.272+0000] {logging_mixin.py:190} INFO - [2026-08-21T11:43:50.272+0000] {dag.py:4180} INFO - Setting next_dagrun for consume_1_or_2_with_dataset_expressions to None, run_after=None
[2026-08-21T11:43:50.273+0000] {logging_mixin.py:190} INFO - [2026-08-21T11:43:50.273+0000] {dag.py:4180} INFO - Setting next_dagrun for consume_1_or_both_2_and_3_with_dataset_expressions to None, run_after=None
[2026-08-21T11:43:50.274+0000] {logging_mixin.py:190} INFO - [2026-08-21T11:43:50.274+0000] {dag.py:4180} INFO - Setting next_dagrun for dataset_consumes_1 to None, run_after=None
[2026-08-21T11:43:50.275+0000] {logging_mixin.py:190} INFO - [2026-08-21T11:43:50.275+0000] {dag.py:4180} INFO - Setting next_dagrun for dataset_consumes_1_and_2 to None, run_after=None
[2026-08-21T11:43:50.276+0000] {logging_mixin.py:190} INFO - [2026-08-21T11:43:50.276+0000] {dag.py:4180} INFO - Setting next_dagrun for dataset_consumes_1_never_scheduled to None, run_after=None
[2026-08-21T11:43:50.277+0000] {logging_mixin.py:190} INFO - [2026-08-21T11:43:50.277+0000] {dag.py:4180} INFO - Setting next_dagrun for dataset_consumes_unknown_never_scheduled to None, run_after=None
[2026-08-21T11:43:50.279+0000] {logging_mixin.py:190} INFO - [2026-08-21T11:43:50.279+0000] {dag.py:4180} INFO - Setting next_dagrun for dataset_produces_1 to 2026-08-20 00:00:00+00:00, run_after=2026-08-21 00:00:00+00:00
[2026-08-21T11:43:50.280+0000] {logging_mixin.py:190} INFO - [2026-08-21T11:43:50.280+0000] {dag.py:4180} INFO - Setting next_dagrun for dataset_produces_2 to None, run_after=None
[2026-08-21T11:43:50.317+0000] {processor.py:208} INFO - Processing /home/airflow/.local/lib/python3.12/site-packages/airflow/example_dags/example_datasets.py took 4.565 seconds
[2026-08-21T11:44:20.425+0000] {processor.py:186} INFO - Started process (PID=467) to work on /home/airflow/.local/lib/python3.12/site-packages/airflow/example_dags/example_datasets.py
[2026-08-21T11:44:20.426+0000] {processor.py:914} INFO - Processing file /home/airflow/.local/lib/python3.12/site-packages/airflow/example_dags/example_datasets.py for tasks to queue
[2026-08-21T11:44:20.429+0000] {logging_mixin.py:190} INFO - [2026-08-21T11:44:20.428+0000] {dagbag.py:588} INFO - Filling up the DagBag from /home/airflow/.local/lib/python3.12/site-packages/airflow/example_dags/example_datasets.py
[2026-08-21T11:44:24.966+0000] {processor.py:925} INFO - DAG(s) 'dataset_consumes_1', 'dataset_consumes_1_never_scheduled', 'dataset_consumes_1_and_2', 'consume_1_and_2_with_dataset_expressions', 'consume_1_or_both_2_and_3_with_dataset_expressions', 'consume_1_or_2_with_dataset_expressions', 'conditional_dataset_and_time_based_timetable', 'dataset_produces_2', 'dataset_produces_1', 'dataset_consumes_unknown_never_scheduled' retrieved from /home/airflow/.local/lib/python3.12/site-packages/airflow/example_dags/example_datasets.py
[2026-08-21T11:44:25.038+0000] {logging_mixin.py:190} INFO - [2026-08-21T11:44:25.037+0000] {dag.py:3239} INFO - Sync 10 DAGs
[2026-08-21T11:44:25.076+0000] {logging_mixin.py:190} INFO - [2026-08-21T11:44:25.076+0000] {dag.py:4180} INFO - Setting next_dagrun for conditional_dataset_and_time_based_timetable to 2026-08-19 01:00:00+00:00, run_after=2026-08-19 01:00:00+00:00
[2026-08-21T11:44:25.082+0000] {logging_mixin.py:190} INFO - [2026-08-21T11:44:25.082+0000] {dag.py:4180} INFO - Setting next_dagrun for consume_1_and_2_with_dataset_expressions to None, run_after=None
[2026-08-21T11:44:25.085+0000] {logging_mixin.py:190} INFO - [2026-08-21T11:44:25.085+0000] {dag.py:4180} INFO - Setting next_dagrun for consume_1_or_2_with_dataset_expressions to None, run_after=None
[2026-08-21T11:44:25.087+0000] {logging_mixin.py:190} INFO - [2026-08-21T11:44:25.087+0000] {dag.py:4180} INFO - Setting next_dagrun for consume_1_or_both_2_and_3_with_dataset_expressions to None, run_after=None
[2026-08-21T11:44:25.089+0000] {logging_mixin.py:190} INFO - [2026-08-21T11:44:25.089+0000] {dag.py:4180} INFO - Setting next_dagrun for dataset_consumes_1 to None, run_after=None
[2026-08-21T11:44:25.090+0000] {logging_mixin.py:190} INFO - [2026-08-21T11:44:25.090+0000] {dag.py:4180} INFO - Setting next_dagrun for dataset_consumes_1_and_2 to None, run_after=None
[2026-08-21T11:44:25.091+0000] {logging_mixin.py:190} INFO - [2026-08-21T11:44:25.091+0000] {dag.py:4180} INFO - Setting next_dagrun for dataset_consumes_1_never_scheduled to None, run_after=None
[2026-08-21T11:44:25.092+0000] {logging_mixin.py:190} INFO - [2026-08-21T11:44:25.092+0000] {dag.py:4180} INFO - Setting next_dagrun for dataset_consumes_unknown_never_scheduled to None, run_after=None
[2026-08-21T11:44:25.095+0000] {logging_mixin.py:190} INFO - [2026-08-21T11:44:25.095+0000] {dag.py:4180} INFO - Setting next_dagrun for dataset_produces_1 to 2026-08-20 00:00:00+00:00, run_after=2026-08-21 00:00:00+00:00
[2026-08-21T11:44:25.096+0000] {logging_mixin.py:190} INFO - [2026-08-21T11:44:25.096+0000] {dag.py:4180} INFO - Setting next_dagrun for dataset_produces_2 to None, run_after=None
[2026-08-21T11:44:25.138+0000] {processor.py:208} INFO - Processing /home/airflow/.local/lib/python3.12/site-packages/airflow/example_dags/example_datasets.py took 4.720 seconds
[2026-08-21T11:44:55.428+0000] {processor.py:186} INFO - Started process (PID=530) to work on /home/airflow/.local/lib/python3.12/site-packages/airflow/example_dags/example_datasets.py
[2026-08-21T11:44:55.429+0000] {processor.py:914} INFO - Processing file /home/airflow/.local/lib/python3.12/site-packages/airflow/example_dags/example_datasets.py for tasks to queue
[2026-08-21T11:44:55.431+0000] {logging_mixin.py:190} INFO - [2026-08-21T11:44:55.431+0000] {dagbag.py:588} INFO - Filling up the DagBag from /home/airflow/.local/lib/python3.12/site-packages/airflow/example_dags/example_datasets.py
[2026-08-21T11:45:00.617+0000] {processor.py:925} INFO - DAG(s) 'dataset_consumes_1_and_2', 'consume_1_or_2_with_dataset_expressions', 'consume_1_and_2_with_dataset_expressions', 'dataset_consumes_unknown_never_scheduled', 'dataset_produces_1', 'consume_1_or_both_2_and_3_with_dataset_expressions', 'dataset_consumes_1', 'conditional_dataset_and_time_based_timetable', 'dataset_consumes_1_never_scheduled', 'dataset_produces_2' retrieved from /home/airflow/.local/lib/python3.12/site-packages/airflow/example_dags/example_datasets.py
[2026-08-21T11:45:00.676+0000] {logging_mixin.py:190} INFO - [2026-08-21T11:45:00.676+0000] {dag.py:3239} INFO - Sync 10 DAGs
[2026-08-21T11:45:00.709+0000] {logging_mixin.py:190} INFO - [2026-08-21T11:45:00.709+0000] {dag.py:4180} INFO - Setting next_dagrun for conditional_dataset_and_time_based_timetable to 2026-08-19 01:00:00+00:00, run_after=2026-08-19 01:00:00+00:00
[2026-08-21T11:45:00.715+0000] {logging_mixin.py:190} INFO - [2026-08-21T11:45:00.715+0000] {dag.py:4180} INFO - Setting next_dagrun for consume_1_and_2_with_dataset_expressions to None, run_after=None
[2026-08-21T11:45:00.718+0000] {logging_mixin.py:190} INFO - [2026-08-21T11:45:00.717+0000] {dag.py:4180} INFO - Setting next_dagrun for consume_1_or_2_with_dataset_expressions to None, run_after=None
[2026-08-21T11:45:00.719+0000] {logging_mixin.py:190} INFO - [2026-08-21T11:45:00.719+0000] {dag.py:4180} INFO - Setting next_dagrun for consume_1_or_both_2_and_3_with_dataset_expressions to None, run_after=None
[2026-08-21T11:45:00.720+0000] {logging_mixin.py:190} INFO - [2026-08-21T11:45:00.720+0000] {dag.py:4180} INFO - Setting next_dagrun for dataset_consumes_1 to None, run_after=None
[2026-08-21T11:45:00.722+0000] {logging_mixin.py:190} INFO - [2026-08-21T11:45:00.721+0000] {dag.py:4180} INFO - Setting next_dagrun for dataset_consumes_1_and_2 to None, run_after=None
[2026-08-21T11:45:00.723+0000] {logging_mixin.py:190} INFO - [2026-08-21T11:45:00.723+0000] {dag.py:4180} INFO - Setting next_dagrun for dataset_consumes_1_never_scheduled to None, run_after=None
[2026-08-21T11:45:00.724+0000] {logging_mixin.py:190} INFO - [2026-08-21T11:45:00.724+0000] {dag.py:4180} INFO - Setting next_dagrun for dataset_consumes_unknown_never_scheduled to None, run_after=None
[2026-08-21T11:45:00.727+0000] {logging_mixin.py:190} INFO - [2026-08-21T11:45:00.726+0000] {dag.py:4180} INFO - Setting next_dagrun for dataset_produces_1 to 2026-08-20 00:00:00+00:00, run_after=2026-08-21 00:00:00+00:00
[2026-08-21T11:45:00.729+0000] {logging_mixin.py:190} INFO - [2026-08-21T11:45:00.729+0000] {dag.py:4180} INFO - Setting next_dagrun for dataset_produces_2 to None, run_after=None
[2026-08-21T11:45:00.772+0000] {processor.py:208} INFO - Processing /home/airflow/.local/lib/python3.12/site-packages/airflow/example_dags/example_datasets.py took 5.351 seconds
[2026-08-21T11:45:31.239+0000] {processor.py:186} INFO - Started process (PID=593) to work on /home/airflow/.local/lib/python3.12/site-packages/airflow/example_dags/example_datasets.py
[2026-08-21T11:45:31.240+0000] {processor.py:914} INFO - Processing file /home/airflow/.local/lib/python3.12/site-packages/airflow/example_dags/example_datasets.py for tasks to queue
[2026-08-21T11:45:31.242+0000] {logging_mixin.py:190} INFO - [2026-08-21T11:45:31.242+0000] {dagbag.py:588} INFO - Filling up the DagBag from /home/airflow/.local/lib/python3.12/site-packages/airflow/example_dags/example_datasets.py
[2026-08-21T11:45:36.867+0000] {processor.py:925} INFO - DAG(s) 'dataset_consumes_1_and_2', 'dataset_consumes_unknown_never_scheduled', 'consume_1_and_2_with_dataset_expressions', 'consume_1_or_2_with_dataset_expressions', 'dataset_consumes_1_never_scheduled', 'conditional_dataset_and_time_based_timetable', 'dataset_produces_1', 'dataset_produces_2', 'dataset_consumes_1', 'consume_1_or_both_2_and_3_with_dataset_expressions' retrieved from /home/airflow/.local/lib/python3.12/site-packages/airflow/example_dags/example_datasets.py
[2026-08-21T11:45:36.918+0000] {logging_mixin.py:190} INFO - [2026-08-21T11:45:36.918+0000] {dag.py:3239} INFO - Sync 10 DAGs
[2026-08-21T11:45:36.946+0000] {logging_mixin.py:190} INFO - [2026-08-21T11:45:36.945+0000] {dag.py:4180} INFO - Setting next_dagrun for conditional_dataset_and_time_based_timetable to 2026-08-19 01:00:00+00:00, run_after=2026-08-19 01:00:00+00:00
[2026-08-21T11:45:36.950+0000] {logging_mixin.py:190} INFO - [2026-08-21T11:45:36.950+0000] {dag.py:4180} INFO - Setting next_dagrun for consume_1_and_2_with_dataset_expressions to None, run_after=None
[2026-08-21T11:45:36.953+0000] {logging_mixin.py:190} INFO - [2026-08-21T11:45:36.952+0000] {dag.py:4180} INFO - Setting next_dagrun for consume_1_or_2_with_dataset_expressions to None, run_after=None
[2026-08-21T11:45:36.955+0000] {logging_mixin.py:190} INFO - [2026-08-21T11:45:36.954+0000] {dag.py:4180} INFO - Setting next_dagrun for consume_1_or_both_2_and_3_with_dataset_expressions to None, run_after=None
[2026-08-21T11:45:36.957+0000] {logging_mixin.py:190} INFO - [2026-08-21T11:45:36.957+0000] {dag.py:4180} INFO - Setting next_dagrun for dataset_consumes_1 to None, run_after=None
[2026-08-21T11:45:36.959+0000] {logging_mixin.py:190} INFO - [2026-08-21T11:45:36.959+0000] {dag.py:4180} INFO - Setting next_dagrun for dataset_consumes_1_and_2 to None, run_after=None
[2026-08-21T11:45:36.961+0000] {logging_mixin.py:190} INFO - [2026-08-21T11:45:36.960+0000] {dag.py:4180} INFO - Setting next_dagrun for dataset_consumes_1_never_scheduled to None, run_after=None
[2026-08-21T11:45:36.962+0000] {logging_mixin.py:190} INFO - [2026-08-21T11:45:36.962+0000] {dag.py:4180} INFO - Setting next_dagrun for dataset_consumes_unknown_never_scheduled to None, run_after=None
[2026-08-21T11:45:36.965+0000] {logging_mixin.py:190} INFO - [2026-08-21T11:45:36.965+0000] {dag.py:4180} INFO - Setting next_dagrun for dataset_produces_1 to 2026-08-20 00:00:00+00:00, run_after=2026-08-21 00:00:00+00:00
[2026-08-21T11:45:36.967+0000] {logging_mixin.py:190} INFO - [2026-08-21T11:45:36.966+0000] {dag.py:4180} INFO - Setting next_dagrun for dataset_produces_2 to None, run_after=None
[2026-08-21T11:45:37.005+0000] {processor.py:208} INFO - Processing /home/airflow/.local/lib/python3.12/site-packages/airflow/example_dags/example_datasets.py took 5.773 seconds
[2026-08-21T11:46:08.025+0000] {processor.py:186} INFO - Started process (PID=661) to work on /home/airflow/.local/lib/python3.12/site-packages/airflow/example_dags/example_datasets.py
[2026-08-21T11:46:08.026+0000] {processor.py:914} INFO - Processing file /home/airflow/.local/lib/python3.12/site-packages/airflow/example_dags/example_datasets.py for tasks to queue
[2026-08-21T11:46:08.028+0000] {logging_mixin.py:190} INFO - [2026-08-21T11:46:08.027+0000] {dagbag.py:588} INFO - Filling up the DagBag from /home/airflow/.local/lib/python3.12/site-packages/airflow/example_dags/example_datasets.py
[2026-08-21T11:46:12.412+0000] {processor.py:925} INFO - DAG(s) 'dataset_produces_2', 'dataset_consumes_1_never_scheduled', 'dataset_produces_1', 'dataset_consumes_1', 'dataset_consumes_1_and_2', 'dataset_consumes_unknown_never_scheduled', 'consume_1_or_2_with_dataset_expressions', 'conditional_dataset_and_time_based_timetable', 'consume_1_or_both_2_and_3_with_dataset_expressions', 'consume_1_and_2_with_dataset_expressions' retrieved from /home/airflow/.local/lib/python3.12/site-packages/airflow/example_dags/example_datasets.py
[2026-08-21T11:46:12.454+0000] {logging_mixin.py:190} INFO - [2026-08-21T11:46:12.454+0000] {dag.py:3239} INFO - Sync 10 DAGs
[2026-08-21T11:46:12.479+0000] {logging_mixin.py:190} INFO - [2026-08-21T11:46:12.479+0000] {dag.py:4180} INFO - Setting next_dagrun for conditional_dataset_and_time_based_timetable to 2026-08-19 01:00:00+00:00, run_after=2026-08-19 01:00:00+00:00
[2026-08-21T11:46:12.482+0000] {logging_mixin.py:190} INFO - [2026-08-21T11:46:12.482+0000] {dag.py:4180} INFO - Setting next_dagrun for consume_1_and_2_with_dataset_expressions to None, run_after=None
[2026-08-21T11:46:12.484+0000] {logging_mixin.py:190} INFO - [2026-08-21T11:46:12.483+0000] {dag.py:4180} INFO - Setting next_dagrun for consume_1_or_2_with_dataset_expressions to None, run_after=None
[2026-08-21T11:46:12.485+0000] {logging_mixin.py:190} INFO - [2026-08-21T11:46:12.485+0000] {dag.py:4180} INFO - Setting next_dagrun for consume_1_or_both_2_and_3_with_dataset_expressions to None, run_after=None
[2026-08-21T11:46:12.486+0000] {logging_mixin.py:190} INFO - [2026-08-21T11:46:12.486+0000] {dag.py:4180} INFO - Setting next_dagrun for dataset_consumes_1 to None, run_after=None
[2026-08-21T11:46:12.487+0000] {logging_mixin.py:190} INFO - [2026-08-21T11:46:12.487+0000] {dag.py:4180} INFO - Setting next_dagrun for dataset_consumes_1_and_2 to None, run_after=None
[2026-08-21T11:46:12.489+0000] {logging_mixin.py:190} INFO - [2026-08-21T11:46:12.489+0000] {dag.py:4180} INFO - Setting next_dagrun for dataset_consumes_1_never_scheduled to None, run_after=None
[2026-08-21T11:46:12.490+0000] {logging_mixin.py:190} INFO - [2026-08-21T11:46:12.490+0000] {dag.py:4180} INFO - Setting next_dagrun for dataset_consumes_unknown_never_scheduled to None, run_after=None
[2026-08-21T11:46:12.493+0000] {logging_mixin.py:190} INFO - [2026-08-21T11:46:12.492+0000] {dag.py:4180} INFO - Setting next_dagrun for dataset_produces_1 to 2026-08-20 00:00:00+00:00, run_after=2026-08-21 00:00:00+00:00
[2026-08-21T11:46:12.494+0000] {logging_mixin.py:190} INFO - [2026-08-21T11:46:12.494+0000] {dag.py:4180} INFO - Setting next_dagrun for dataset_produces_2 to None, run_after=None
[2026-08-21T11:46:12.529+0000] {processor.py:208} INFO - Processing /home/airflow/.local/lib/python3.12/site-packages/airflow/example_dags/example_datasets.py took 4.509 seconds
[2026-08-21T11:46:43.393+0000] {processor.py:186} INFO - Started process (PID=725) to work on /home/airflow/.local/lib/python3.12/site-packages/airflow/example_dags/example_datasets.py
[2026-08-21T11:46:43.394+0000] {processor.py:914} INFO - Processing file /home/airflow/.local/lib/python3.12/site-packages/airflow/example_dags/example_datasets.py for tasks to queue
[2026-08-21T11:46:43.397+0000] {logging_mixin.py:190} INFO - [2026-08-21T11:46:43.397+0000] {dagbag.py:588} INFO - Filling up the DagBag from /home/airflow/.local/lib/python3.12/site-packages/airflow/example_dags/example_datasets.py
[2026-08-21T11:46:48.088+0000] {processor.py:925} INFO - DAG(s) 'dataset_produces_1', 'dataset_consumes_1_never_scheduled', 'conditional_dataset_and_time_based_timetable', 'consume_1_or_2_with_dataset_expressions', 'consume_1_and_2_with_dataset_expressions', 'dataset_consumes_unknown_never_scheduled', 'consume_1_or_both_2_and_3_with_dataset_expressions', 'dataset_produces_2', 'dataset_consumes_1_and_2', 'dataset_consumes_1' retrieved from /home/airflow/.local/lib/python3.12/site-packages/airflow/example_dags/example_datasets.py
[2026-08-21T11:46:48.136+0000] {logging_mixin.py:190} INFO - [2026-08-21T11:46:48.135+0000] {dag.py:3239} INFO - Sync 10 DAGs
[2026-08-21T11:46:48.160+0000] {logging_mixin.py:190} INFO - [2026-08-21T11:46:48.160+0000] {dag.py:4180} INFO - Setting next_dagrun for conditional_dataset_and_time_based_timetable to 2026-08-19 01:00:00+00:00, run_after=2026-08-19 01:00:00+00:00
[2026-08-21T11:46:48.163+0000] {logging_mixin.py:190} INFO - [2026-08-21T11:46:48.163+0000] {dag.py:4180} INFO - Setting next_dagrun for consume_1_and_2_with_dataset_expressions to None, run_after=None
[2026-08-21T11:46:48.165+0000] {logging_mixin.py:190} INFO - [2026-08-21T11:46:48.165+0000] {dag.py:4180} INFO - Setting next_dagrun for consume_1_or_2_with_dataset_expressions to None, run_after=None
[2026-08-21T11:46:48.167+0000] {logging_mixin.py:190} INFO - [2026-08-21T11:46:48.167+0000] {dag.py:4180} INFO - Setting next_dagrun for consume_1_or_both_2_and_3_with_dataset_expressions to None, run_after=None
[2026-08-21T11:46:48.168+0000] {logging_mixin.py:190} INFO - [2026-08-21T11:46:48.168+0000] {dag.py:4180} INFO - Setting next_dagrun for dataset_consumes_1 to None, run_after=None
[2026-08-21T11:46:48.173+0000] {logging_mixin.py:190} INFO - [2026-08-21T11:46:48.173+0000] {dag.py:4180} INFO - Setting next_dagrun for dataset_consumes_1_and_2 to None, run_after=None
[2026-08-21T11:46:48.175+0000] {logging_mixin.py:190} INFO - [2026-08-21T11:46:48.175+0000] {dag.py:4180} INFO - Setting next_dagrun for dataset_consumes_1_never_scheduled to None, run_after=None
[2026-08-21T11:46:48.177+0000] {logging_mixin.py:190} INFO - [2026-08-21T11:46:48.177+0000] {dag.py:4180} INFO - Setting next_dagrun for dataset_consumes_unknown_never_scheduled to None, run_after=None
[2026-08-21T11:46:48.180+0000] {logging_mixin.py:190} INFO - [2026-08-21T11:46:48.180+0000] {dag.py:4180} INFO - Setting next_dagrun for dataset_produces_1 to 2026-08-20 00:00:00+00:00, run_after=2026-08-21 00:00:00+00:00
[2026-08-21T11:46:48.181+0000] {logging_mixin.py:190} INFO - [2026-08-21T11:46:48.181+0000] {dag.py:4180} INFO - Setting next_dagrun for dataset_produces_2 to None, run_after=None
[2026-08-21T11:46:48.218+0000] {processor.py:208} INFO - Processing /home/airflow/.local/lib/python3.12/site-packages/airflow/example_dags/example_datasets.py took 4.832 seconds
[2026-08-21T11:47:18.270+0000] {processor.py:186} INFO - Started process (PID=795) to work on /home/airflow/.local/lib/python3.12/site-packages/airflow/example_dags/example_datasets.py
[2026-08-21T11:47:18.270+0000] {processor.py:914} INFO - Processing file /home/airflow/.local/lib/python3.12/site-packages/airflow/example_dags/example_datasets.py for tasks to queue
[2026-08-21T11:47:18.273+0000] {logging_mixin.py:190} INFO - [2026-08-21T11:47:18.272+0000] {dagbag.py:588} INFO - Filling up the DagBag from /home/airflow/.local/lib/python3.12/site-packages/airflow/example_dags/example_datasets.py
[2026-08-21T11:47:23.498+0000] {logging_mixin.py:190} INFO - [2026-08-21T11:47:23.498+0000] {process_utils.py:266} INFO - Waiting up to 5 seconds for processes to exit...
[2026-08-21T11:47:24.168+0000] {logging_mixin.py:190} INFO - [2026-08-21T11:47:24.168+0000] {process_utils.py:266} INFO - Waiting up to 5 seconds for processes to exit...
