[2026-08-21T11:40:55.346+0000] {processor.py:186} INFO - Started process (PID=85) to work on /home/airflow/.local/lib/python3.12/site-packages/airflow/example_dags/example_task_group_decorator.py
[2026-08-21T11:40:55.348+0000] {processor.py:914} INFO - Processing file /home/airflow/.local/lib/python3.12/site-packages/airflow/example_dags/example_task_group_decorator.py for tasks to queue
[2026-08-21T11:40:55.352+0000] {logging_mixin.py:190} INFO - [2026-08-21T11:40:55.352+0000] {dagbag.py:588} INFO - Filling up the DagBag from /home/airflow/.local/lib/python3.12/site-packages/airflow/example_dags/example_task_group_decorator.py
[2026-08-21T11:40:55.367+0000] {processor.py:925} INFO - DAG(s) 'example_task_group_decorator' retrieved from /home/airflow/.local/lib/python3.12/site-packages/airflow/example_dags/example_task_group_decorator.py
[2026-08-21T11:40:55.479+0000] {logging_mixin.py:190} INFO - [2026-08-21T11:40:55.478+0000] {override.py:1932} INFO - Created Permission View: can read on DAG:example_task_group_decorator
[2026-08-21T11:40:55.494+0000] {logging_mixin.py:190} INFO - [2026-08-21T11:40:55.493+0000] {override.py:1932} INFO - Created Permission View: can edit on DAG:example_task_group_decorator
[2026-08-21T11:40:55.502+0000] {logging_mixin.py:190} INFO - [2026-08-21T11:40:55.502+0000] {override.py:1932} INFO - Created Permission View: can delete on DAG:example_task_group_decorator
[2026-08-21T11:40:55.512+0000] {logging_mixin.py:190} INFO - [2026-08-21T11:40:55.512+0000] {override.py:1932} INFO - Created Permission View: menu access on DAG Run:example_task_group_decorator
[2026-08-21T11:40:55.521+0000] {logging_mixin.py:190} INFO - [2026-08-21T11:40:55.520+0000] {override.py:1932} INFO - Created Permission View: can read on DAG Run:example_task_group_decorator
[2026-08-21T11:40:55.529+0000] {logging_mixin.py:190} INFO - [2026-08-21T11:40:55.529+0000] {override.py:1932} INFO - Created Permission View: can create on DAG Run:example_task_group_decorator
[2026-08-21T11:40:55.535+0000] {logging_mixin.py:190} INFO - [2026-08-21T11:40:55.535+0000] {override.py:1932} INFO - Created Permission View: can delete on DAG Run:example_task_group_decorator
[2026-08-21T11:40:55.536+0000] {logging_mixin.py:190} INFO - [2026-08-21T11:40:55.536+0000] {dag.py:3239} INFO - Sync 1 DAGs
[2026-08-21T11:40:55.548+0000] {logging_mixin.py:190} INFO - [2026-08-21T11:40:55.548+0000] {dag.py:3262} INFO - Creating ORM DAG for example_task_group_decorator
[2026-08-21T11:40:55.549+0000] {logging_mixin.py:190} INFO - [2026-08-21T11:40:55.549+0000] {dag.py:4180} INFO - Setting next_dagrun for example_task_group_decorator to None, run_after=None
[2026-08-21T11:40:55.569+0000] {processor.py:208} INFO - Processing /home/airflow/.local/lib/python3.12/site-packages/airflow/example_dags/example_task_group_decorator.py took 0.228 seconds
[2026-08-21T11:41:29.918+0000] {processor.py:186} INFO - Started process (PID=148) to work on /home/airflow/.local/lib/python3.12/site-packages/airflow/example_dags/example_task_group_decorator.py
[2026-08-21T11:41:29.920+0000] {processor.py:914} INFO - Processing file /home/airflow/.local/lib/python3.12/site-packages/airflow/example_dags/example_task_group_decorator.py for tasks to queue
[2026-08-21T11:41:29.923+0000] {logging_mixin.py:190} INFO - [2026-08-21T11:41:29.923+0000] {dagbag.py:588} INFO - Filling up the DagBag from /home/airflow/.local/lib/python3.12/site-packages/airflow/example_dags/example_task_group_decorator.py
[2026-08-21T11:41:29.936+0000] {processor.py:925} INFO - DAG(s) 'example_task_group_decorator' retrieved from /home/airflow/.local/lib/python3.12/site-packages/airflow/example_dags/example_task_group_decorator.py
[2026-08-21T11:41:29.960+0000] {logging_mixin.py:190} INFO - [2026-08-21T11:41:29.960+0000] {dag.py:3239} INFO - Sync 1 DAGs
[2026-08-21T11:41:29.973+0000] {logging_mixin.py:190} INFO - [2026-08-21T11:41:29.973+0000] {dag.py:4180} INFO - Setting next_dagrun for example_task_group_decorator to None, run_after=None
[2026-08-21T11:41:29.995+0000] {processor.py:208} INFO - Processing /home/airflow/.local/lib/python3.12/site-packages/airflow/example_dags/example_task_group_decorator.py took 0.085 seconds
[2026-08-21T11:42:04.829+0000] {processor.py:186} INFO - Started process (PID=211) to work on /home/airflow/.local/lib/python3.12/site-packages/airflow/example_dags/example_task_group_decorator.py
[2026-08-21T11:42:04.830+0000] {processor.py:914} INFO - Processing file /home/airflow/.local/lib/python3.12/site-packages/airflow/example_dags/example_task_group_decorator.py for tasks to queue
[2026-08-21T11:42:04.832+0000] {logging_mixin.py:190} INFO - [2026-08-21T11:42:04.832+0000] {dagbag.py:588} INFO - Filling up the DagBag from /home/airflow/.local/lib/python3.12/site-packages/airflow/example_dags/example_task_group_decorator.py
[2026-08-21T11:42:04.847+0000] {processor.py:925} INFO - DAG(s) 'example_task_group_decorator' retrieved from /home/airflow/.local/lib/python3.12/site-packages/airflow/example_dags/example_task_group_decorator.py
[2026-08-21T11:42:04.872+0000] {logging_mixin.py:190} INFO - [2026-08-21T11:42:04.872+0000] {dag.py:3239} INFO - Sync 1 DAGs
[2026-08-21T11:42:04.889+0000] {logging_mixin.py:190} INFO - [2026-08-21T11:42:04.888+0000] {dag.py:4180} INFO - Setting next_dagrun for example_task_group_decorator to None, run_after=None
[2026-08-21T11:42:04.908+0000] {processor.py:208} INFO - Processing /home/airflow/.local/lib/python3.12/site-packages/airflow/example_dags/example_task_group_decorator.py took 0.084 seconds
[2026-08-21T11:42:40.370+0000] {processor.py:186} INFO - Started process (PID=274) to work on /home/airflow/.local/lib/python3.12/site-packages/airflow/example_dags/example_task_group_decorator.py
[2026-08-21T11:42:40.371+0000] {processor.py:914} INFO - Processing file /home/airflow/.local/lib/python3.12/site-packages/airflow/example_dags/example_task_group_decorator.py for tasks to queue
[2026-08-21T11:42:40.374+0000] {logging_mixin.py:190} INFO - [2026-08-21T11:42:40.374+0000] {dagbag.py:588} INFO - Filling up the DagBag from /home/airflow/.local/lib/python3.12/site-packages/airflow/example_dags/example_task_group_decorator.py
[2026-08-21T11:42:40.392+0000] {processor.py:925} INFO - DAG(s) 'example_task_group_decorator' retrieved from /home/airflow/.local/lib/python3.12/site-packages/airflow/example_dags/example_task_group_decorator.py
[2026-08-21T11:42:40.419+0000] {logging_mixin.py:190} INFO - [2026-08-21T11:42:40.419+0000] {dag.py:3239} INFO - Sync 1 DAGs
[2026-08-21T11:42:40.434+0000] {logging_mixin.py:190} INFO - [2026-08-21T11:42:40.434+0000] {dag.py:4180} INFO - Setting next_dagrun for example_task_group_decorator to None, run_after=None
[2026-08-21T11:42:40.455+0000] {processor.py:208} INFO - Processing /home/airflow/.local/lib/python3.12/site-packages/airflow/example_dags/example_task_group_decorator.py took 0.090 seconds
[2026-08-21T11:43:15.627+0000] {processor.py:186} INFO - Started process (PID=337) to work on /home/airflow/.local/lib/python3.12/site-packages/airflow/example_dags/example_task_group_decorator.py
[2026-08-21T11:43:15.628+0000] {processor.py:914} INFO - Processing file /home/airflow/.local/lib/python3.12/site-packages/airflow/example_dags/example_task_group_decorator.py for tasks to queue
[2026-08-21T11:43:15.631+0000] {logging_mixin.py:190} INFO - [2026-08-21T11:43:15.631+0000] {dagbag.py:588} INFO - Filling up the DagBag from /home/airflow/.local/lib/python3.12/site-packages/airflow/example_dags/example_task_group_decorator.py
[2026-08-21T11:43:15.646+0000] {processor.py:925} INFO - DAG(s) 'example_task_group_decorator' retrieved from /home/airflow/.local/lib/python3.12/site-packages/airflow/example_dags/example_task_group_decorator.py
[2026-08-21T11:43:15.670+0000] {logging_mixin.py:190} INFO - [2026-08-21T11:43:15.670+0000] {dag.py:3239} INFO - Sync 1 DAGs
[2026-08-21T11:43:15.684+0000] {logging_mixin.py:190} INFO - [2026-08-21T11:43:15.684+0000] {dag.py:4180} INFO - Setting next_dagrun for example_task_group_decorator to None, run_after=None
[2026-08-21T11:43:15.705+0000] {processor.py:208} INFO - Processing /home/airflow/.local/lib/python3.12/site-packages/airflow/example_dags/example_task_group_decorator.py took 0.083 seconds
[2026-08-21T11:43:50.365+0000] {processor.py:186} INFO - Started process (PID=406) to work on /home/airflow/.local/lib/python3.12/site-packages/airflow/example_dags/example_task_group_decorator.py
[2026-08-21T11:43:50.366+0000] {processor.py:914} INFO - Processing file /home/airflow/.local/lib/python3.12/site-packages/airflow/example_dags/example_task_group_decorator.py for tasks to queue
[2026-08-21T11:43:50.368+0000] {logging_mixin.py:190} INFO - [2026-08-21T11:43:50.368+0000] {dagbag.py:588} INFO - Filling up the DagBag from /home/airflow/.local/lib/python3.12/site-packages/airflow/example_dags/example_task_group_decorator.py
[2026-08-21T11:43:50.382+0000] {processor.py:925} INFO - DAG(s) 'example_task_group_decorator' retrieved from /home/airflow/.local/lib/python3.12/site-packages/airflow/example_dags/example_task_group_decorator.py
[2026-08-21T11:43:50.407+0000] {logging_mixin.py:190} INFO - [2026-08-21T11:43:50.407+0000] {dag.py:3239} INFO - Sync 1 DAGs
[2026-08-21T11:43:50.422+0000] {logging_mixin.py:190} INFO - [2026-08-21T11:43:50.421+0000] {dag.py:4180} INFO - Setting next_dagrun for example_task_group_decorator to None, run_after=None
[2026-08-21T11:43:50.441+0000] {processor.py:208} INFO - Processing /home/airflow/.local/lib/python3.12/site-packages/airflow/example_dags/example_task_group_decorator.py took 0.081 seconds
[2026-08-21T11:44:25.007+0000] {processor.py:186} INFO - Started process (PID=469) to work on /home/airflow/.local/lib/python3.12/site-packages/airflow/example_dags/example_task_group_decorator.py
[2026-08-21T11:44:25.008+0000] {processor.py:914} INFO - Processing file /home/airflow/.local/lib/python3.12/site-packages/airflow/example_dags/example_task_group_decorator.py for tasks to queue
[2026-08-21T11:44:25.012+0000] {logging_mixin.py:190} INFO - [2026-08-21T11:44:25.012+0000] {dagbag.py:588} INFO - Filling up the DagBag from /home/airflow/.local/lib/python3.12/site-packages/airflow/example_dags/example_task_group_decorator.py
[2026-08-21T11:44:25.034+0000] {processor.py:925} INFO - DAG(s) 'example_task_group_decorator' retrieved from /home/airflow/.local/lib/python3.12/site-packages/airflow/example_dags/example_task_group_decorator.py
[2026-08-21T11:44:25.072+0000] {logging_mixin.py:190} INFO - [2026-08-21T11:44:25.071+0000] {dag.py:3239} INFO - Sync 1 DAGs
[2026-08-21T11:44:25.090+0000] {logging_mixin.py:190} INFO - [2026-08-21T11:44:25.090+0000] {dag.py:4180} INFO - Setting next_dagrun for example_task_group_decorator to None, run_after=None
[2026-08-21T11:44:25.111+0000] {processor.py:208} INFO - Processing /home/airflow/.local/lib/python3.12/site-packages/airflow/example_dags/example_task_group_decorator.py took 0.113 seconds
[2026-08-21T11:45:00.991+0000] {processor.py:186} INFO - Started process (PID=532) to work on /home/airflow/.local/lib/python3.12/site-packages/airflow/example_dags/example_task_group_decorator.py
[2026-08-21T11:45:00.992+0000] {processor.py:914} INFO - Processing file /home/airflow/.local/lib/python3.12/site-packages/airflow/example_dags/example_task_group_decorator.py for tasks to queue
[2026-08-21T11:45:00.996+0000] {logging_mixin.py:190} INFO - [2026-08-21T11:45:00.996+0000] {dagbag.py:588} INFO - Filling up the DagBag from /home/airflow/.local/lib/python3.12/site-packages/airflow/example_dags/example_task_group_decorator.py
[2026-08-21T11:45:01.019+0000] {processor.py:925} INFO - DAG(s) 'example_task_group_decorator' retrieved from /home/airflow/.local/lib/python3.12/site-packages/airflow/example_dags/example_task_group_decorator.py
[2026-08-21T11:45:01.061+0000] {logging_mixin.py:190} INFO - [2026-08-21T11:45:01.060+0000] {dag.py:3239} INFO - Sync 1 DAGs
[2026-08-21T11:45:01.082+0000] {logging_mixin.py:190} INFO - [2026-08-21T11:45:01.082+0000] {dag.py:4180} INFO - Setting next_dagrun for example_task_group_decorator to None, run_after=None
[2026-08-21T11:45:01.108+0000] {processor.py:208} INFO - Processing /home/airflow/.local/lib/python3.12/site-packages/airflow/example_dags/example_task_group_decorator.py took 0.123 seconds
[2026-08-21T11:45:37.026+0000] {processor.py:186} INFO - Started process (PID=595) to work on /home/airflow/.local/lib/python3.12/site-packages/airflow/example_dags/example_task_group_decorator.py
[2026-08-21T11:45:37.027+0000] {processor.py:914} INFO - Processing file /home/airflow/.local/lib/python3.12/site-packages/airflow/example_dags/example_task_group_decorator.py for tasks to queue
[2026-08-21T11:45:37.030+0000] {logging_mixin.py:190} INFO - [2026-08-21T11:45:37.030+0000] {dagbag.py:588} INFO - Filling up the DagBag from /home/airflow/.local/lib/python3.12/site-packages/airflow/example_dags/example_task_group_decorator.py
[2026-08-21T11:45:37.045+0000] {processor.py:925} INFO - DAG(s) 'example_task_group_decorator' retrieved from /home/airflow/.local/lib/python3.12/site-packages/airflow/example_dags/example_task_group_decorator.py
[2026-08-21T11:45:37.074+0000] {logging_mixin.py:190} INFO - [2026-08-21T11:45:37.074+0000] {dag.py:3239} INFO - Sync 1 DAGs
[2026-08-21T11:45:37.091+0000] {logging_mixin.py:190} INFO - [2026-08-21T11:45:37.090+0000] {dag.py:4180} INFO - Setting next_dagrun for example_task_group_decorator to None, run_after=None
[2026-08-21T11:45:37.114+0000] {processor.py:208} INFO - Processing /home/airflow/.local/lib/python3.12/site-packages/airflow/example_dags/example_task_group_decorator.py took 0.096 seconds
[2026-08-21T11:46:12.435+0000] {processor.py:186} INFO - Started process (PID=663) to work on /home/airflow/.local/lib/python3.12/site-packages/airflow/example_dags/example_task_group_decorator.py
[2026-08-21T11:46:12.436+0000] {processor.py:914} INFO - Processing file /home/airflow/.local/lib/python3.12/site-packages/airflow/example_dags/example_task_group_decorator.py for tasks to queue
[2026-08-21T11:46:12.439+0000] {logging_mixin.py:190} INFO - [2026-08-21T11:46:12.438+0000] {dagbag.py:588} INFO - Filling up the DagBag from /home/airflow/.local/lib/python3.12/site-packages/airflow/example_dags/example_task_group_decorator.py
[2026-08-21T11:46:12.452+0000] {processor.py:925} INFO - DAG(s) 'example_task_group_decorator' retrieved from /home/airflow/.local/lib/python3.12/site-packages/airflow/example_dags/example_task_group_decorator.py
[2026-08-21T11:46:12.479+0000] {logging_mixin.py:190} INFO - [2026-08-21T11:46:12.479+0000] {dag.py:3239} INFO - Sync 1 DAGs
[2026-08-21T11:46:12.492+0000] {logging_mixin.py:190} INFO - [2026-08-21T11:46:12.492+0000] {dag.py:4180} INFO - Setting next_dagrun for example_task_group_decorator to None, run_after=None
[2026-08-21T11:46:12.513+0000] {processor.py:208} INFO - Processing /home/airflow/.local/lib/python3.12/site-packages/airflow/example_dags/example_task_group_decorator.py took 0.085 seconds
[2026-08-21T11:46:48.115+0000] {processor.py:186} INFO - Started process (PID=733) to work on /home/airflow/.local/lib/python3.12/site-packages/airflow/example_dags/example_task_group_decorator.py
[2026-08-21T11:46:48.116+0000] {processor.py:914} INFO - Processing file /home/airflow/.local/lib/python3.12/site-packages/airflow/example_dags/example_task_group_decorator.py for tasks to queue
[2026-08-21T11:46:48.119+0000] {logging_mixin.py:190} INFO - [2026-08-21T11:46:48.119+0000] {dagbag.py:588} INFO - Filling up the DagBag from /home/airflow/.local/lib/python3.12/site-packages/airflow/example_dags/example_task_group_decorator.py
[2026-08-21T11:46:48.134+0000] {processor.py:925} INFO - DAG(s) 'example_task_group_decorator' retrieved from /home/airflow/.local/lib/python3.12/site-packages/airflow/example_dags/example_task_group_decorator.py
[2026-08-21T11:46:48.162+0000] {logging_mixin.py:190} INFO - [2026-08-21T11:46:48.162+0000] {dag.py:3239} INFO - Sync 1 DAGs
[2026-08-21T11:46:48.179+0000] {logging_mixin.py:190} INFO - [2026-08-21T11:46:48.179+0000] {dag.py:4180} INFO - Setting next_dagrun for example_task_group_decorator to None, run_after=None
[2026-08-21T11:46:48.199+0000] {processor.py:208} INFO - Processing /home/airflow/.local/lib/python3.12/site-packages/airflow/example_dags/example_task_group_decorator.py took 0.094 seconds
