[2026-08-21T11:40:55.497+0000] {processor.py:186} INFO - Started process (PID=86) to work on /home/airflow/.local/lib/python3.12/site-packages/airflow/example_dags/example_latest_only.py
[2026-08-21T11:40:55.498+0000] {processor.py:914} INFO - Processing file /home/airflow/.local/lib/python3.12/site-packages/airflow/example_dags/example_latest_only.py for tasks to queue
[2026-08-21T11:40:55.501+0000] {logging_mixin.py:190} INFO - [2026-08-21T11:40:55.500+0000] {dagbag.py:588} INFO - Filling up the DagBag from /home/airflow/.local/lib/python3.12/site-packages/airflow/example_dags/example_latest_only.py
[2026-08-21T11:40:55.509+0000] {processor.py:925} INFO - DAG(s) 'latest_only' retrieved from /home/airflow/.local/lib/python3.12/site-packages/airflow/example_dags/example_latest_only.py
[2026-08-21T11:40:55.618+0000] {logging_mixin.py:190} INFO - [2026-08-21T11:40:55.617+0000] {override.py:1932} INFO - Created Permission View: can read on DAG:latest_only
[2026-08-21T11:40:55.630+0000] {logging_mixin.py:190} INFO - [2026-08-21T11:40:55.630+0000] {override.py:1932} INFO - Created Permission View: can edit on DAG:latest_only
[2026-08-21T11:40:55.637+0000] {logging_mixin.py:190} INFO - [2026-08-21T11:40:55.637+0000] {override.py:1932} INFO - Created Permission View: can delete on DAG:latest_only
[2026-08-21T11:40:55.646+0000] {logging_mixin.py:190} INFO - [2026-08-21T11:40:55.645+0000] {override.py:1932} INFO - Created Permission View: menu access on DAG Run:latest_only
[2026-08-21T11:40:55.652+0000] {logging_mixin.py:190} INFO - [2026-08-21T11:40:55.651+0000] {override.py:1932} INFO - Created Permission View: can read on DAG Run:latest_only
[2026-08-21T11:40:55.662+0000] {logging_mixin.py:190} INFO - [2026-08-21T11:40:55.662+0000] {override.py:1932} INFO - Created Permission View: can create on DAG Run:latest_only
[2026-08-21T11:40:55.668+0000] {logging_mixin.py:190} INFO - [2026-08-21T11:40:55.668+0000] {override.py:1932} INFO - Created Permission View: can delete on DAG Run:latest_only
[2026-08-21T11:40:55.668+0000] {logging_mixin.py:190} INFO - [2026-08-21T11:40:55.668+0000] {dag.py:3239} INFO - Sync 1 DAGs
[2026-08-21T11:40:55.679+0000] {logging_mixin.py:190} INFO - [2026-08-21T11:40:55.678+0000] {dag.py:3262} INFO - Creating ORM DAG for latest_only
[2026-08-21T11:40:55.689+0000] {logging_mixin.py:190} INFO - [2026-08-21T11:40:55.689+0000] {dag.py:4180} INFO - Setting next_dagrun for latest_only to 2026-08-21 04:00:00+00:00, run_after=2026-08-21 08:00:00+00:00
[2026-08-21T11:40:55.710+0000] {processor.py:208} INFO - Processing /home/airflow/.local/lib/python3.12/site-packages/airflow/example_dags/example_latest_only.py took 0.219 seconds
[2026-08-21T11:41:30.006+0000] {processor.py:186} INFO - Started process (PID=149) to work on /home/airflow/.local/lib/python3.12/site-packages/airflow/example_dags/example_latest_only.py
[2026-08-21T11:41:30.007+0000] {processor.py:914} INFO - Processing file /home/airflow/.local/lib/python3.12/site-packages/airflow/example_dags/example_latest_only.py for tasks to queue
[2026-08-21T11:41:30.011+0000] {logging_mixin.py:190} INFO - [2026-08-21T11:41:30.010+0000] {dagbag.py:588} INFO - Filling up the DagBag from /home/airflow/.local/lib/python3.12/site-packages/airflow/example_dags/example_latest_only.py
[2026-08-21T11:41:30.020+0000] {processor.py:925} INFO - DAG(s) 'latest_only' retrieved from /home/airflow/.local/lib/python3.12/site-packages/airflow/example_dags/example_latest_only.py
[2026-08-21T11:41:30.039+0000] {logging_mixin.py:190} INFO - [2026-08-21T11:41:30.039+0000] {dag.py:3239} INFO - Sync 1 DAGs
[2026-08-21T11:41:30.063+0000] {logging_mixin.py:190} INFO - [2026-08-21T11:41:30.063+0000] {dag.py:4180} INFO - Setting next_dagrun for latest_only to 2026-08-21 04:00:00+00:00, run_after=2026-08-21 08:00:00+00:00
[2026-08-21T11:41:30.086+0000] {processor.py:208} INFO - Processing /home/airflow/.local/lib/python3.12/site-packages/airflow/example_dags/example_latest_only.py took 0.085 seconds
[2026-08-21T11:42:04.838+0000] {processor.py:186} INFO - Started process (PID=212) to work on /home/airflow/.local/lib/python3.12/site-packages/airflow/example_dags/example_latest_only.py
[2026-08-21T11:42:04.839+0000] {processor.py:914} INFO - Processing file /home/airflow/.local/lib/python3.12/site-packages/airflow/example_dags/example_latest_only.py for tasks to queue
[2026-08-21T11:42:04.842+0000] {logging_mixin.py:190} INFO - [2026-08-21T11:42:04.841+0000] {dagbag.py:588} INFO - Filling up the DagBag from /home/airflow/.local/lib/python3.12/site-packages/airflow/example_dags/example_latest_only.py
[2026-08-21T11:42:04.853+0000] {processor.py:925} INFO - DAG(s) 'latest_only' retrieved from /home/airflow/.local/lib/python3.12/site-packages/airflow/example_dags/example_latest_only.py
[2026-08-21T11:42:04.871+0000] {logging_mixin.py:190} INFO - [2026-08-21T11:42:04.871+0000] {dag.py:3239} INFO - Sync 1 DAGs
[2026-08-21T11:42:04.893+0000] {logging_mixin.py:190} INFO - [2026-08-21T11:42:04.893+0000] {dag.py:4180} INFO - Setting next_dagrun for latest_only to 2026-08-21 04:00:00+00:00, run_after=2026-08-21 08:00:00+00:00
[2026-08-21T11:42:04.912+0000] {processor.py:208} INFO - Processing /home/airflow/.local/lib/python3.12/site-packages/airflow/example_dags/example_latest_only.py took 0.078 seconds
[2026-08-21T11:42:40.456+0000] {processor.py:186} INFO - Started process (PID=275) to work on /home/airflow/.local/lib/python3.12/site-packages/airflow/example_dags/example_latest_only.py
[2026-08-21T11:42:40.457+0000] {processor.py:914} INFO - Processing file /home/airflow/.local/lib/python3.12/site-packages/airflow/example_dags/example_latest_only.py for tasks to queue
[2026-08-21T11:42:40.460+0000] {logging_mixin.py:190} INFO - [2026-08-21T11:42:40.459+0000] {dagbag.py:588} INFO - Filling up the DagBag from /home/airflow/.local/lib/python3.12/site-packages/airflow/example_dags/example_latest_only.py
[2026-08-21T11:42:40.467+0000] {processor.py:925} INFO - DAG(s) 'latest_only' retrieved from /home/airflow/.local/lib/python3.12/site-packages/airflow/example_dags/example_latest_only.py
[2026-08-21T11:42:40.490+0000] {logging_mixin.py:190} INFO - [2026-08-21T11:42:40.490+0000] {dag.py:3239} INFO - Sync 1 DAGs
[2026-08-21T11:42:40.520+0000] {logging_mixin.py:190} INFO - [2026-08-21T11:42:40.519+0000] {dag.py:4180} INFO - Setting next_dagrun for latest_only to 2026-08-21 04:00:00+00:00, run_after=2026-08-21 08:00:00+00:00
[2026-08-21T11:42:40.538+0000] {processor.py:208} INFO - Processing /home/airflow/.local/lib/python3.12/site-packages/airflow/example_dags/example_latest_only.py took 0.089 seconds
[2026-08-21T11:43:15.742+0000] {processor.py:186} INFO - Started process (PID=338) to work on /home/airflow/.local/lib/python3.12/site-packages/airflow/example_dags/example_latest_only.py
[2026-08-21T11:43:15.743+0000] {processor.py:914} INFO - Processing file /home/airflow/.local/lib/python3.12/site-packages/airflow/example_dags/example_latest_only.py for tasks to queue
[2026-08-21T11:43:15.746+0000] {logging_mixin.py:190} INFO - [2026-08-21T11:43:15.746+0000] {dagbag.py:588} INFO - Filling up the DagBag from /home/airflow/.local/lib/python3.12/site-packages/airflow/example_dags/example_latest_only.py
[2026-08-21T11:43:15.752+0000] {processor.py:925} INFO - DAG(s) 'latest_only' retrieved from /home/airflow/.local/lib/python3.12/site-packages/airflow/example_dags/example_latest_only.py
[2026-08-21T11:43:15.777+0000] {logging_mixin.py:190} INFO - [2026-08-21T11:43:15.777+0000] {dag.py:3239} INFO - Sync 1 DAGs
[2026-08-21T11:43:15.802+0000] {logging_mixin.py:190} INFO - [2026-08-21T11:43:15.801+0000] {dag.py:4180} INFO - Setting next_dagrun for latest_only to 2026-08-21 04:00:00+00:00, run_after=2026-08-21 08:00:00+00:00
[2026-08-21T11:43:15.823+0000] {processor.py:208} INFO - Processing /home/airflow/.local/lib/python3.12/site-packages/airflow/example_dags/example_latest_only.py took 0.088 seconds
[2026-08-21T11:43:50.448+0000] {processor.py:186} INFO - Started process (PID=407) to work on /home/airflow/.local/lib/python3.12/site-packages/airflow/example_dags/example_latest_only.py
[2026-08-21T11:43:50.449+0000] {processor.py:914} INFO - Processing file /home/airflow/.local/lib/python3.12/site-packages/airflow/example_dags/example_latest_only.py for tasks to queue
[2026-08-21T11:43:50.453+0000] {logging_mixin.py:190} INFO - [2026-08-21T11:43:50.452+0000] {dagbag.py:588} INFO - Filling up the DagBag from /home/airflow/.local/lib/python3.12/site-packages/airflow/example_dags/example_latest_only.py
[2026-08-21T11:43:50.462+0000] {processor.py:925} INFO - DAG(s) 'latest_only' retrieved from /home/airflow/.local/lib/python3.12/site-packages/airflow/example_dags/example_latest_only.py
[2026-08-21T11:43:50.479+0000] {logging_mixin.py:190} INFO - [2026-08-21T11:43:50.479+0000] {dag.py:3239} INFO - Sync 1 DAGs
[2026-08-21T11:43:50.503+0000] {logging_mixin.py:190} INFO - [2026-08-21T11:43:50.503+0000] {dag.py:4180} INFO - Setting next_dagrun for latest_only to 2026-08-21 04:00:00+00:00, run_after=2026-08-21 08:00:00+00:00
[2026-08-21T11:43:50.526+0000] {processor.py:208} INFO - Processing /home/airflow/.local/lib/python3.12/site-packages/airflow/example_dags/example_latest_only.py took 0.083 seconds
[2026-08-21T11:44:25.158+0000] {processor.py:186} INFO - Started process (PID=470) to work on /home/airflow/.local/lib/python3.12/site-packages/airflow/example_dags/example_latest_only.py
[2026-08-21T11:44:25.159+0000] {processor.py:914} INFO - Processing file /home/airflow/.local/lib/python3.12/site-packages/airflow/example_dags/example_latest_only.py for tasks to queue
[2026-08-21T11:44:25.161+0000] {logging_mixin.py:190} INFO - [2026-08-21T11:44:25.161+0000] {dagbag.py:588} INFO - Filling up the DagBag from /home/airflow/.local/lib/python3.12/site-packages/airflow/example_dags/example_latest_only.py
[2026-08-21T11:44:25.170+0000] {processor.py:925} INFO - DAG(s) 'latest_only' retrieved from /home/airflow/.local/lib/python3.12/site-packages/airflow/example_dags/example_latest_only.py
[2026-08-21T11:44:25.193+0000] {logging_mixin.py:190} INFO - [2026-08-21T11:44:25.193+0000] {dag.py:3239} INFO - Sync 1 DAGs
[2026-08-21T11:44:25.221+0000] {logging_mixin.py:190} INFO - [2026-08-21T11:44:25.221+0000] {dag.py:4180} INFO - Setting next_dagrun for latest_only to 2026-08-21 04:00:00+00:00, run_after=2026-08-21 08:00:00+00:00
[2026-08-21T11:44:25.241+0000] {processor.py:208} INFO - Processing /home/airflow/.local/lib/python3.12/site-packages/airflow/example_dags/example_latest_only.py took 0.092 seconds
[2026-08-21T11:45:01.152+0000] {processor.py:186} INFO - Started process (PID=533) to work on /home/airflow/.local/lib/python3.12/site-packages/airflow/example_dags/example_latest_only.py
[2026-08-21T11:45:01.153+0000] {processor.py:914} INFO - Processing file /home/airflow/.local/lib/python3.12/site-packages/airflow/example_dags/example_latest_only.py for tasks to queue
[2026-08-21T11:45:01.157+0000] {logging_mixin.py:190} INFO - [2026-08-21T11:45:01.157+0000] {dagbag.py:588} INFO - Filling up the DagBag from /home/airflow/.local/lib/python3.12/site-packages/airflow/example_dags/example_latest_only.py
[2026-08-21T11:45:01.168+0000] {processor.py:925} INFO - DAG(s) 'latest_only' retrieved from /home/airflow/.local/lib/python3.12/site-packages/airflow/example_dags/example_latest_only.py
[2026-08-21T11:45:01.189+0000] {logging_mixin.py:190} INFO - [2026-08-21T11:45:01.189+0000] {dag.py:3239} INFO - Sync 1 DAGs
[2026-08-21T11:45:01.217+0000] {logging_mixin.py:190} INFO - [2026-08-21T11:45:01.217+0000] {dag.py:4180} INFO - Setting next_dagrun for latest_only to 2026-08-21 04:00:00+00:00, run_after=2026-08-21 08:00:00+00:00
[2026-08-21T11:45:01.240+0000] {processor.py:208} INFO - Processing /home/airflow/.local/lib/python3.12/site-packages/airflow/example_dags/example_latest_only.py took 0.095 seconds
[2026-08-21T11:45:37.548+0000] {processor.py:186} INFO - Started process (PID=602) to work on /home/airflow/.local/lib/python3.12/site-packages/airflow/example_dags/example_latest_only.py
[2026-08-21T11:45:37.549+0000] {processor.py:914} INFO - Processing file /home/airflow/.local/lib/python3.12/site-packages/airflow/example_dags/example_latest_only.py for tasks to queue
[2026-08-21T11:45:37.552+0000] {logging_mixin.py:190} INFO - [2026-08-21T11:45:37.551+0000] {dagbag.py:588} INFO - Filling up the DagBag from /home/airflow/.local/lib/python3.12/site-packages/airflow/example_dags/example_latest_only.py
[2026-08-21T11:45:37.563+0000] {processor.py:925} INFO - DAG(s) 'latest_only' retrieved from /home/airflow/.local/lib/python3.12/site-packages/airflow/example_dags/example_latest_only.py
[2026-08-21T11:45:37.584+0000] {logging_mixin.py:190} INFO - [2026-08-21T11:45:37.583+0000] {dag.py:3239} INFO - Sync 1 DAGs
[2026-08-21T11:45:37.616+0000] {logging_mixin.py:190} INFO - [2026-08-21T11:45:37.616+0000] {dag.py:4180} INFO - Setting next_dagrun for latest_only to 2026-08-21 04:00:00+00:00, run_after=2026-08-21 08:00:00+00:00
[2026-08-21T11:45:37.646+0000] {processor.py:208} INFO - Processing /home/airflow/.local/lib/python3.12/site-packages/airflow/example_dags/example_latest_only.py took 0.104 seconds
[2026-08-21T11:46:12.576+0000] {processor.py:186} INFO - Started process (PID=665) to work on /home/airflow/.local/lib/python3.12/site-packages/airflow/example_dags/example_latest_only.py
[2026-08-21T11:46:12.577+0000] {processor.py:914} INFO - Processing file /home/airflow/.local/lib/python3.12/site-packages/airflow/example_dags/example_latest_only.py for tasks to queue
[2026-08-21T11:46:12.580+0000] {logging_mixin.py:190} INFO - [2026-08-21T11:46:12.580+0000] {dagbag.py:588} INFO - Filling up the DagBag from /home/airflow/.local/lib/python3.12/site-packages/airflow/example_dags/example_latest_only.py
[2026-08-21T11:46:12.586+0000] {processor.py:925} INFO - DAG(s) 'latest_only' retrieved from /home/airflow/.local/lib/python3.12/site-packages/airflow/example_dags/example_latest_only.py
[2026-08-21T11:46:12.607+0000] {logging_mixin.py:190} INFO - [2026-08-21T11:46:12.607+0000] {dag.py:3239} INFO - Sync 1 DAGs
[2026-08-21T11:46:12.633+0000] {logging_mixin.py:190} INFO - [2026-08-21T11:46:12.632+0000] {dag.py:4180} INFO - Setting next_dagrun for latest_only to 2026-08-21 04:00:00+00:00, run_after=2026-08-21 08:00:00+00:00
[2026-08-21T11:46:12.652+0000] {processor.py:208} INFO - Processing /home/airflow/.local/lib/python3.12/site-packages/airflow/example_dags/example_latest_only.py took 0.081 seconds
[2026-08-21T11:46:48.238+0000] {processor.py:186} INFO - Started process (PID=734) to work on /home/airflow/.local/lib/python3.12/site-packages/airflow/example_dags/example_latest_only.py
[2026-08-21T11:46:48.239+0000] {processor.py:914} INFO - Processing file /home/airflow/.local/lib/python3.12/site-packages/airflow/example_dags/example_latest_only.py for tasks to queue
[2026-08-21T11:46:48.243+0000] {logging_mixin.py:190} INFO - [2026-08-21T11:46:48.243+0000] {dagbag.py:588} INFO - Filling up the DagBag from /home/airflow/.local/lib/python3.12/site-packages/airflow/example_dags/example_latest_only.py
[2026-08-21T11:46:48.250+0000] {processor.py:925} INFO - DAG(s) 'latest_only' retrieved from /home/airflow/.local/lib/python3.12/site-packages/airflow/example_dags/example_latest_only.py
[2026-08-21T11:46:48.267+0000] {logging_mixin.py:190} INFO - [2026-08-21T11:46:48.266+0000] {dag.py:3239} INFO - Sync 1 DAGs
[2026-08-21T11:46:48.293+0000] {logging_mixin.py:190} INFO - [2026-08-21T11:46:48.292+0000] {dag.py:4180} INFO - Setting next_dagrun for latest_only to 2026-08-21 04:00:00+00:00, run_after=2026-08-21 08:00:00+00:00
[2026-08-21T11:46:48.313+0000] {processor.py:208} INFO - Processing /home/airflow/.local/lib/python3.12/site-packages/airflow/example_dags/example_latest_only.py took 0.082 seconds
