[2026-08-21T11:41:00.090+0000] {processor.py:186} INFO - Started process (PID=108) to work on /home/airflow/.local/lib/python3.12/site-packages/airflow/example_dags/example_nested_branch_dag.py
[2026-08-21T11:41:00.091+0000] {processor.py:914} INFO - Processing file /home/airflow/.local/lib/python3.12/site-packages/airflow/example_dags/example_nested_branch_dag.py for tasks to queue
[2026-08-21T11:41:00.093+0000] {logging_mixin.py:190} INFO - [2026-08-21T11:41:00.093+0000] {dagbag.py:588} INFO - Filling up the DagBag from /home/airflow/.local/lib/python3.12/site-packages/airflow/example_dags/example_nested_branch_dag.py
[2026-08-21T11:41:00.108+0000] {processor.py:925} INFO - DAG(s) 'example_nested_branch_dag' retrieved from /home/airflow/.local/lib/python3.12/site-packages/airflow/example_dags/example_nested_branch_dag.py
[2026-08-21T11:41:00.209+0000] {logging_mixin.py:190} INFO - [2026-08-21T11:41:00.208+0000] {override.py:1932} INFO - Created Permission View: can read on DAG:example_nested_branch_dag
[2026-08-21T11:41:00.219+0000] {logging_mixin.py:190} INFO - [2026-08-21T11:41:00.219+0000] {override.py:1932} INFO - Created Permission View: can edit on DAG:example_nested_branch_dag
[2026-08-21T11:41:00.228+0000] {logging_mixin.py:190} INFO - [2026-08-21T11:41:00.228+0000] {override.py:1932} INFO - Created Permission View: can delete on DAG:example_nested_branch_dag
[2026-08-21T11:41:00.238+0000] {logging_mixin.py:190} INFO - [2026-08-21T11:41:00.237+0000] {override.py:1932} INFO - Created Permission View: menu access on DAG Run:example_nested_branch_dag
[2026-08-21T11:41:00.247+0000] {logging_mixin.py:190} INFO - [2026-08-21T11:41:00.247+0000] {override.py:1932} INFO - Created Permission View: can read on DAG Run:example_nested_branch_dag
[2026-08-21T11:41:00.254+0000] {logging_mixin.py:190} INFO - [2026-08-21T11:41:00.254+0000] {override.py:1932} INFO - Created Permission View: can create on DAG Run:example_nested_branch_dag
[2026-08-21T11:41:00.261+0000] {logging_mixin.py:190} INFO - [2026-08-21T11:41:00.261+0000] {override.py:1932} INFO - Created Permission View: can delete on DAG Run:example_nested_branch_dag
[2026-08-21T11:41:00.261+0000] {logging_mixin.py:190} INFO - [2026-08-21T11:41:00.261+0000] {dag.py:3239} INFO - Sync 1 DAGs
[2026-08-21T11:41:00.276+0000] {logging_mixin.py:190} INFO - [2026-08-21T11:41:00.276+0000] {dag.py:3262} INFO - Creating ORM DAG for example_nested_branch_dag
[2026-08-21T11:41:00.286+0000] {logging_mixin.py:190} INFO - [2026-08-21T11:41:00.286+0000] {dag.py:4180} INFO - Setting next_dagrun for example_nested_branch_dag to 2026-08-20 00:00:00+00:00, run_after=2026-08-21 00:00:00+00:00
[2026-08-21T11:41:00.303+0000] {processor.py:208} INFO - Processing /home/airflow/.local/lib/python3.12/site-packages/airflow/example_dags/example_nested_branch_dag.py took 0.217 seconds
[2026-08-21T11:41:32.195+0000] {processor.py:186} INFO - Started process (PID=171) to work on /home/airflow/.local/lib/python3.12/site-packages/airflow/example_dags/example_nested_branch_dag.py
[2026-08-21T11:41:32.195+0000] {processor.py:914} INFO - Processing file /home/airflow/.local/lib/python3.12/site-packages/airflow/example_dags/example_nested_branch_dag.py for tasks to queue
[2026-08-21T11:41:32.197+0000] {logging_mixin.py:190} INFO - [2026-08-21T11:41:32.197+0000] {dagbag.py:588} INFO - Filling up the DagBag from /home/airflow/.local/lib/python3.12/site-packages/airflow/example_dags/example_nested_branch_dag.py
[2026-08-21T11:41:32.208+0000] {processor.py:925} INFO - DAG(s) 'example_nested_branch_dag' retrieved from /home/airflow/.local/lib/python3.12/site-packages/airflow/example_dags/example_nested_branch_dag.py
[2026-08-21T11:41:32.230+0000] {logging_mixin.py:190} INFO - [2026-08-21T11:41:32.230+0000] {dag.py:3239} INFO - Sync 1 DAGs
[2026-08-21T11:41:32.252+0000] {logging_mixin.py:190} INFO - [2026-08-21T11:41:32.252+0000] {dag.py:4180} INFO - Setting next_dagrun for example_nested_branch_dag to 2026-08-20 00:00:00+00:00, run_after=2026-08-21 00:00:00+00:00
[2026-08-21T11:41:32.277+0000] {processor.py:208} INFO - Processing /home/airflow/.local/lib/python3.12/site-packages/airflow/example_dags/example_nested_branch_dag.py took 0.088 seconds
[2026-08-21T11:42:06.999+0000] {processor.py:186} INFO - Started process (PID=234) to work on /home/airflow/.local/lib/python3.12/site-packages/airflow/example_dags/example_nested_branch_dag.py
[2026-08-21T11:42:07.000+0000] {processor.py:914} INFO - Processing file /home/airflow/.local/lib/python3.12/site-packages/airflow/example_dags/example_nested_branch_dag.py for tasks to queue
[2026-08-21T11:42:07.002+0000] {logging_mixin.py:190} INFO - [2026-08-21T11:42:07.002+0000] {dagbag.py:588} INFO - Filling up the DagBag from /home/airflow/.local/lib/python3.12/site-packages/airflow/example_dags/example_nested_branch_dag.py
[2026-08-21T11:42:07.014+0000] {processor.py:925} INFO - DAG(s) 'example_nested_branch_dag' retrieved from /home/airflow/.local/lib/python3.12/site-packages/airflow/example_dags/example_nested_branch_dag.py
[2026-08-21T11:42:07.041+0000] {logging_mixin.py:190} INFO - [2026-08-21T11:42:07.041+0000] {dag.py:3239} INFO - Sync 1 DAGs
[2026-08-21T11:42:07.070+0000] {logging_mixin.py:190} INFO - [2026-08-21T11:42:07.070+0000] {dag.py:4180} INFO - Setting next_dagrun for example_nested_branch_dag to 2026-08-20 00:00:00+00:00, run_after=2026-08-21 00:00:00+00:00
[2026-08-21T11:42:07.092+0000] {processor.py:208} INFO - Processing /home/airflow/.local/lib/python3.12/site-packages/airflow/example_dags/example_nested_branch_dag.py took 0.100 seconds
[2026-08-21T11:42:42.580+0000] {processor.py:186} INFO - Started process (PID=297) to work on /home/airflow/.local/lib/python3.12/site-packages/airflow/example_dags/example_nested_branch_dag.py
[2026-08-21T11:42:42.581+0000] {processor.py:914} INFO - Processing file /home/airflow/.local/lib/python3.12/site-packages/airflow/example_dags/example_nested_branch_dag.py for tasks to queue
[2026-08-21T11:42:42.583+0000] {logging_mixin.py:190} INFO - [2026-08-21T11:42:42.583+0000] {dagbag.py:588} INFO - Filling up the DagBag from /home/airflow/.local/lib/python3.12/site-packages/airflow/example_dags/example_nested_branch_dag.py
[2026-08-21T11:42:42.598+0000] {processor.py:925} INFO - DAG(s) 'example_nested_branch_dag' retrieved from /home/airflow/.local/lib/python3.12/site-packages/airflow/example_dags/example_nested_branch_dag.py
[2026-08-21T11:42:42.620+0000] {logging_mixin.py:190} INFO - [2026-08-21T11:42:42.619+0000] {dag.py:3239} INFO - Sync 1 DAGs
[2026-08-21T11:42:42.645+0000] {logging_mixin.py:190} INFO - [2026-08-21T11:42:42.645+0000] {dag.py:4180} INFO - Setting next_dagrun for example_nested_branch_dag to 2026-08-20 00:00:00+00:00, run_after=2026-08-21 00:00:00+00:00
[2026-08-21T11:42:42.666+0000] {processor.py:208} INFO - Processing /home/airflow/.local/lib/python3.12/site-packages/airflow/example_dags/example_nested_branch_dag.py took 0.092 seconds
[2026-08-21T11:43:17.966+0000] {processor.py:186} INFO - Started process (PID=366) to work on /home/airflow/.local/lib/python3.12/site-packages/airflow/example_dags/example_nested_branch_dag.py
[2026-08-21T11:43:17.967+0000] {processor.py:914} INFO - Processing file /home/airflow/.local/lib/python3.12/site-packages/airflow/example_dags/example_nested_branch_dag.py for tasks to queue
[2026-08-21T11:43:17.971+0000] {logging_mixin.py:190} INFO - [2026-08-21T11:43:17.970+0000] {dagbag.py:588} INFO - Filling up the DagBag from /home/airflow/.local/lib/python3.12/site-packages/airflow/example_dags/example_nested_branch_dag.py
[2026-08-21T11:43:17.989+0000] {processor.py:925} INFO - DAG(s) 'example_nested_branch_dag' retrieved from /home/airflow/.local/lib/python3.12/site-packages/airflow/example_dags/example_nested_branch_dag.py
[2026-08-21T11:43:18.019+0000] {logging_mixin.py:190} INFO - [2026-08-21T11:43:18.019+0000] {dag.py:3239} INFO - Sync 1 DAGs
[2026-08-21T11:43:18.055+0000] {logging_mixin.py:190} INFO - [2026-08-21T11:43:18.055+0000] {dag.py:4180} INFO - Setting next_dagrun for example_nested_branch_dag to 2026-08-20 00:00:00+00:00, run_after=2026-08-21 00:00:00+00:00
[2026-08-21T11:43:18.082+0000] {processor.py:208} INFO - Processing /home/airflow/.local/lib/python3.12/site-packages/airflow/example_dags/example_nested_branch_dag.py took 0.122 seconds
[2026-08-21T11:43:51.769+0000] {processor.py:186} INFO - Started process (PID=428) to work on /home/airflow/.local/lib/python3.12/site-packages/airflow/example_dags/example_nested_branch_dag.py
[2026-08-21T11:43:51.770+0000] {processor.py:914} INFO - Processing file /home/airflow/.local/lib/python3.12/site-packages/airflow/example_dags/example_nested_branch_dag.py for tasks to queue
[2026-08-21T11:43:51.772+0000] {logging_mixin.py:190} INFO - [2026-08-21T11:43:51.772+0000] {dagbag.py:588} INFO - Filling up the DagBag from /home/airflow/.local/lib/python3.12/site-packages/airflow/example_dags/example_nested_branch_dag.py
[2026-08-21T11:43:51.782+0000] {processor.py:925} INFO - DAG(s) 'example_nested_branch_dag' retrieved from /home/airflow/.local/lib/python3.12/site-packages/airflow/example_dags/example_nested_branch_dag.py
[2026-08-21T11:43:51.804+0000] {logging_mixin.py:190} INFO - [2026-08-21T11:43:51.803+0000] {dag.py:3239} INFO - Sync 1 DAGs
[2026-08-21T11:43:51.828+0000] {logging_mixin.py:190} INFO - [2026-08-21T11:43:51.828+0000] {dag.py:4180} INFO - Setting next_dagrun for example_nested_branch_dag to 2026-08-20 00:00:00+00:00, run_after=2026-08-21 00:00:00+00:00
[2026-08-21T11:43:51.848+0000] {processor.py:208} INFO - Processing /home/airflow/.local/lib/python3.12/site-packages/airflow/example_dags/example_nested_branch_dag.py took 0.084 seconds
[2026-08-21T11:44:26.879+0000] {processor.py:186} INFO - Started process (PID=497) to work on /home/airflow/.local/lib/python3.12/site-packages/airflow/example_dags/example_nested_branch_dag.py
[2026-08-21T11:44:26.880+0000] {processor.py:914} INFO - Processing file /home/airflow/.local/lib/python3.12/site-packages/airflow/example_dags/example_nested_branch_dag.py for tasks to queue
[2026-08-21T11:44:26.883+0000] {logging_mixin.py:190} INFO - [2026-08-21T11:44:26.883+0000] {dagbag.py:588} INFO - Filling up the DagBag from /home/airflow/.local/lib/python3.12/site-packages/airflow/example_dags/example_nested_branch_dag.py
[2026-08-21T11:44:26.897+0000] {processor.py:925} INFO - DAG(s) 'example_nested_branch_dag' retrieved from /home/airflow/.local/lib/python3.12/site-packages/airflow/example_dags/example_nested_branch_dag.py
[2026-08-21T11:44:26.918+0000] {logging_mixin.py:190} INFO - [2026-08-21T11:44:26.918+0000] {dag.py:3239} INFO - Sync 1 DAGs
[2026-08-21T11:44:26.944+0000] {logging_mixin.py:190} INFO - [2026-08-21T11:44:26.944+0000] {dag.py:4180} INFO - Setting next_dagrun for example_nested_branch_dag to 2026-08-20 00:00:00+00:00, run_after=2026-08-21 00:00:00+00:00
[2026-08-21T11:44:26.965+0000] {processor.py:208} INFO - Processing /home/airflow/.local/lib/python3.12/site-packages/airflow/example_dags/example_nested_branch_dag.py took 0.091 seconds
[2026-08-21T11:45:03.300+0000] {processor.py:186} INFO - Started process (PID=560) to work on /home/airflow/.local/lib/python3.12/site-packages/airflow/example_dags/example_nested_branch_dag.py
[2026-08-21T11:45:03.301+0000] {processor.py:914} INFO - Processing file /home/airflow/.local/lib/python3.12/site-packages/airflow/example_dags/example_nested_branch_dag.py for tasks to queue
[2026-08-21T11:45:03.305+0000] {logging_mixin.py:190} INFO - [2026-08-21T11:45:03.304+0000] {dagbag.py:588} INFO - Filling up the DagBag from /home/airflow/.local/lib/python3.12/site-packages/airflow/example_dags/example_nested_branch_dag.py
[2026-08-21T11:45:03.328+0000] {processor.py:925} INFO - DAG(s) 'example_nested_branch_dag' retrieved from /home/airflow/.local/lib/python3.12/site-packages/airflow/example_dags/example_nested_branch_dag.py
[2026-08-21T11:45:03.367+0000] {logging_mixin.py:190} INFO - [2026-08-21T11:45:03.366+0000] {dag.py:3239} INFO - Sync 1 DAGs
[2026-08-21T11:45:03.399+0000] {logging_mixin.py:190} INFO - [2026-08-21T11:45:03.399+0000] {dag.py:4180} INFO - Setting next_dagrun for example_nested_branch_dag to 2026-08-20 00:00:00+00:00, run_after=2026-08-21 00:00:00+00:00
[2026-08-21T11:45:03.422+0000] {processor.py:208} INFO - Processing /home/airflow/.local/lib/python3.12/site-packages/airflow/example_dags/example_nested_branch_dag.py took 0.131 seconds
[2026-08-21T11:45:39.071+0000] {processor.py:186} INFO - Started process (PID=623) to work on /home/airflow/.local/lib/python3.12/site-packages/airflow/example_dags/example_nested_branch_dag.py
[2026-08-21T11:45:39.072+0000] {processor.py:914} INFO - Processing file /home/airflow/.local/lib/python3.12/site-packages/airflow/example_dags/example_nested_branch_dag.py for tasks to queue
[2026-08-21T11:45:39.074+0000] {logging_mixin.py:190} INFO - [2026-08-21T11:45:39.074+0000] {dagbag.py:588} INFO - Filling up the DagBag from /home/airflow/.local/lib/python3.12/site-packages/airflow/example_dags/example_nested_branch_dag.py
[2026-08-21T11:45:39.086+0000] {processor.py:925} INFO - DAG(s) 'example_nested_branch_dag' retrieved from /home/airflow/.local/lib/python3.12/site-packages/airflow/example_dags/example_nested_branch_dag.py
[2026-08-21T11:45:39.114+0000] {logging_mixin.py:190} INFO - [2026-08-21T11:45:39.114+0000] {dag.py:3239} INFO - Sync 1 DAGs
[2026-08-21T11:45:39.142+0000] {logging_mixin.py:190} INFO - [2026-08-21T11:45:39.142+0000] {dag.py:4180} INFO - Setting next_dagrun for example_nested_branch_dag to 2026-08-20 00:00:00+00:00, run_after=2026-08-21 00:00:00+00:00
[2026-08-21T11:45:39.167+0000] {processor.py:208} INFO - Processing /home/airflow/.local/lib/python3.12/site-packages/airflow/example_dags/example_nested_branch_dag.py took 0.103 seconds
[2026-08-21T11:46:13.812+0000] {processor.py:186} INFO - Started process (PID=686) to work on /home/airflow/.local/lib/python3.12/site-packages/airflow/example_dags/example_nested_branch_dag.py
[2026-08-21T11:46:13.813+0000] {processor.py:914} INFO - Processing file /home/airflow/.local/lib/python3.12/site-packages/airflow/example_dags/example_nested_branch_dag.py for tasks to queue
[2026-08-21T11:46:13.815+0000] {logging_mixin.py:190} INFO - [2026-08-21T11:46:13.815+0000] {dagbag.py:588} INFO - Filling up the DagBag from /home/airflow/.local/lib/python3.12/site-packages/airflow/example_dags/example_nested_branch_dag.py
[2026-08-21T11:46:13.826+0000] {processor.py:925} INFO - DAG(s) 'example_nested_branch_dag' retrieved from /home/airflow/.local/lib/python3.12/site-packages/airflow/example_dags/example_nested_branch_dag.py
[2026-08-21T11:46:13.850+0000] {logging_mixin.py:190} INFO - [2026-08-21T11:46:13.850+0000] {dag.py:3239} INFO - Sync 1 DAGs
[2026-08-21T11:46:13.875+0000] {logging_mixin.py:190} INFO - [2026-08-21T11:46:13.875+0000] {dag.py:4180} INFO - Setting next_dagrun for example_nested_branch_dag to 2026-08-20 00:00:00+00:00, run_after=2026-08-21 00:00:00+00:00
[2026-08-21T11:46:13.893+0000] {processor.py:208} INFO - Processing /home/airflow/.local/lib/python3.12/site-packages/airflow/example_dags/example_nested_branch_dag.py took 0.086 seconds
[2026-08-21T11:46:49.769+0000] {processor.py:186} INFO - Started process (PID=755) to work on /home/airflow/.local/lib/python3.12/site-packages/airflow/example_dags/example_nested_branch_dag.py
[2026-08-21T11:46:49.770+0000] {processor.py:914} INFO - Processing file /home/airflow/.local/lib/python3.12/site-packages/airflow/example_dags/example_nested_branch_dag.py for tasks to queue
[2026-08-21T11:46:49.772+0000] {logging_mixin.py:190} INFO - [2026-08-21T11:46:49.771+0000] {dagbag.py:588} INFO - Filling up the DagBag from /home/airflow/.local/lib/python3.12/site-packages/airflow/example_dags/example_nested_branch_dag.py
[2026-08-21T11:46:49.786+0000] {processor.py:925} INFO - DAG(s) 'example_nested_branch_dag' retrieved from /home/airflow/.local/lib/python3.12/site-packages/airflow/example_dags/example_nested_branch_dag.py
[2026-08-21T11:46:49.807+0000] {logging_mixin.py:190} INFO - [2026-08-21T11:46:49.807+0000] {dag.py:3239} INFO - Sync 1 DAGs
[2026-08-21T11:46:49.832+0000] {logging_mixin.py:190} INFO - [2026-08-21T11:46:49.832+0000] {dag.py:4180} INFO - Setting next_dagrun for example_nested_branch_dag to 2026-08-20 00:00:00+00:00, run_after=2026-08-21 00:00:00+00:00
[2026-08-21T11:46:49.853+0000] {processor.py:208} INFO - Processing /home/airflow/.local/lib/python3.12/site-packages/airflow/example_dags/example_nested_branch_dag.py took 0.089 seconds
