[2026-08-21T11:40:58.213+0000] {processor.py:186} INFO - Started process (PID=101) to work on /home/airflow/.local/lib/python3.12/site-packages/airflow/example_dags/example_branch_python_dop_operator_3.py
[2026-08-21T11:40:58.214+0000] {processor.py:914} INFO - Processing file /home/airflow/.local/lib/python3.12/site-packages/airflow/example_dags/example_branch_python_dop_operator_3.py for tasks to queue
[2026-08-21T11:40:58.218+0000] {logging_mixin.py:190} INFO - [2026-08-21T11:40:58.218+0000] {dagbag.py:588} INFO - Filling up the DagBag from /home/airflow/.local/lib/python3.12/site-packages/airflow/example_dags/example_branch_python_dop_operator_3.py
[2026-08-21T11:40:58.232+0000] {processor.py:925} INFO - DAG(s) 'example_branch_dop_operator_v3' retrieved from /home/airflow/.local/lib/python3.12/site-packages/airflow/example_dags/example_branch_python_dop_operator_3.py
[2026-08-21T11:40:58.371+0000] {logging_mixin.py:190} INFO - [2026-08-21T11:40:58.370+0000] {override.py:1932} INFO - Created Permission View: can read on DAG:example_branch_dop_operator_v3
[2026-08-21T11:40:58.381+0000] {logging_mixin.py:190} INFO - [2026-08-21T11:40:58.381+0000] {override.py:1932} INFO - Created Permission View: can edit on DAG:example_branch_dop_operator_v3
[2026-08-21T11:40:58.389+0000] {logging_mixin.py:190} INFO - [2026-08-21T11:40:58.389+0000] {override.py:1932} INFO - Created Permission View: can delete on DAG:example_branch_dop_operator_v3
[2026-08-21T11:40:58.400+0000] {logging_mixin.py:190} INFO - [2026-08-21T11:40:58.400+0000] {override.py:1932} INFO - Created Permission View: menu access on DAG Run:example_branch_dop_operator_v3
[2026-08-21T11:40:58.409+0000] {logging_mixin.py:190} INFO - [2026-08-21T11:40:58.408+0000] {override.py:1932} INFO - Created Permission View: can read on DAG Run:example_branch_dop_operator_v3
[2026-08-21T11:40:58.415+0000] {logging_mixin.py:190} INFO - [2026-08-21T11:40:58.415+0000] {override.py:1932} INFO - Created Permission View: can create on DAG Run:example_branch_dop_operator_v3
[2026-08-21T11:40:58.422+0000] {logging_mixin.py:190} INFO - [2026-08-21T11:40:58.421+0000] {override.py:1932} INFO - Created Permission View: can delete on DAG Run:example_branch_dop_operator_v3
[2026-08-21T11:40:58.422+0000] {logging_mixin.py:190} INFO - [2026-08-21T11:40:58.422+0000] {dag.py:3239} INFO - Sync 1 DAGs
[2026-08-21T11:40:58.434+0000] {logging_mixin.py:190} INFO - [2026-08-21T11:40:58.433+0000] {dag.py:3262} INFO - Creating ORM DAG for example_branch_dop_operator_v3
[2026-08-21T11:40:58.449+0000] {logging_mixin.py:190} INFO - [2026-08-21T11:40:58.449+0000] {dag.py:4180} INFO - Setting next_dagrun for example_branch_dop_operator_v3 to 2026-08-21 11:39:00+00:00, run_after=2026-08-21 11:40:00+00:00
[2026-08-21T11:40:58.465+0000] {processor.py:208} INFO - Processing /home/airflow/.local/lib/python3.12/site-packages/airflow/example_dags/example_branch_python_dop_operator_3.py took 0.260 seconds
[2026-08-21T11:41:30.738+0000] {processor.py:186} INFO - Started process (PID=163) to work on /home/airflow/.local/lib/python3.12/site-packages/airflow/example_dags/example_branch_python_dop_operator_3.py
[2026-08-21T11:41:30.738+0000] {processor.py:914} INFO - Processing file /home/airflow/.local/lib/python3.12/site-packages/airflow/example_dags/example_branch_python_dop_operator_3.py for tasks to queue
[2026-08-21T11:41:30.741+0000] {logging_mixin.py:190} INFO - [2026-08-21T11:41:30.740+0000] {dagbag.py:588} INFO - Filling up the DagBag from /home/airflow/.local/lib/python3.12/site-packages/airflow/example_dags/example_branch_python_dop_operator_3.py
[2026-08-21T11:41:30.753+0000] {processor.py:925} INFO - DAG(s) 'example_branch_dop_operator_v3' retrieved from /home/airflow/.local/lib/python3.12/site-packages/airflow/example_dags/example_branch_python_dop_operator_3.py
[2026-08-21T11:41:30.771+0000] {logging_mixin.py:190} INFO - [2026-08-21T11:41:30.770+0000] {dag.py:3239} INFO - Sync 1 DAGs
[2026-08-21T11:41:30.794+0000] {logging_mixin.py:190} INFO - [2026-08-21T11:41:30.794+0000] {dag.py:4180} INFO - Setting next_dagrun for example_branch_dop_operator_v3 to 2026-08-21 11:40:00+00:00, run_after=2026-08-21 11:41:00+00:00
[2026-08-21T11:41:30.815+0000] {processor.py:208} INFO - Processing /home/airflow/.local/lib/python3.12/site-packages/airflow/example_dags/example_branch_python_dop_operator_3.py took 0.083 seconds
[2026-08-21T11:42:06.131+0000] {processor.py:186} INFO - Started process (PID=227) to work on /home/airflow/.local/lib/python3.12/site-packages/airflow/example_dags/example_branch_python_dop_operator_3.py
[2026-08-21T11:42:06.132+0000] {processor.py:914} INFO - Processing file /home/airflow/.local/lib/python3.12/site-packages/airflow/example_dags/example_branch_python_dop_operator_3.py for tasks to queue
[2026-08-21T11:42:06.134+0000] {logging_mixin.py:190} INFO - [2026-08-21T11:42:06.134+0000] {dagbag.py:588} INFO - Filling up the DagBag from /home/airflow/.local/lib/python3.12/site-packages/airflow/example_dags/example_branch_python_dop_operator_3.py
[2026-08-21T11:42:06.144+0000] {processor.py:925} INFO - DAG(s) 'example_branch_dop_operator_v3' retrieved from /home/airflow/.local/lib/python3.12/site-packages/airflow/example_dags/example_branch_python_dop_operator_3.py
[2026-08-21T11:42:06.168+0000] {logging_mixin.py:190} INFO - [2026-08-21T11:42:06.168+0000] {dag.py:3239} INFO - Sync 1 DAGs
[2026-08-21T11:42:06.198+0000] {logging_mixin.py:190} INFO - [2026-08-21T11:42:06.197+0000] {dag.py:4180} INFO - Setting next_dagrun for example_branch_dop_operator_v3 to 2026-08-21 11:41:00+00:00, run_after=2026-08-21 11:42:00+00:00
[2026-08-21T11:42:06.219+0000] {processor.py:208} INFO - Processing /home/airflow/.local/lib/python3.12/site-packages/airflow/example_dags/example_branch_python_dop_operator_3.py took 0.093 seconds
[2026-08-21T11:42:41.687+0000] {processor.py:186} INFO - Started process (PID=290) to work on /home/airflow/.local/lib/python3.12/site-packages/airflow/example_dags/example_branch_python_dop_operator_3.py
[2026-08-21T11:42:41.689+0000] {processor.py:914} INFO - Processing file /home/airflow/.local/lib/python3.12/site-packages/airflow/example_dags/example_branch_python_dop_operator_3.py for tasks to queue
[2026-08-21T11:42:41.692+0000] {logging_mixin.py:190} INFO - [2026-08-21T11:42:41.692+0000] {dagbag.py:588} INFO - Filling up the DagBag from /home/airflow/.local/lib/python3.12/site-packages/airflow/example_dags/example_branch_python_dop_operator_3.py
[2026-08-21T11:42:41.703+0000] {processor.py:925} INFO - DAG(s) 'example_branch_dop_operator_v3' retrieved from /home/airflow/.local/lib/python3.12/site-packages/airflow/example_dags/example_branch_python_dop_operator_3.py
[2026-08-21T11:42:41.725+0000] {logging_mixin.py:190} INFO - [2026-08-21T11:42:41.725+0000] {dag.py:3239} INFO - Sync 1 DAGs
[2026-08-21T11:42:41.758+0000] {logging_mixin.py:190} INFO - [2026-08-21T11:42:41.757+0000] {dag.py:4180} INFO - Setting next_dagrun for example_branch_dop_operator_v3 to 2026-08-21 11:41:00+00:00, run_after=2026-08-21 11:42:00+00:00
[2026-08-21T11:42:41.776+0000] {processor.py:208} INFO - Processing /home/airflow/.local/lib/python3.12/site-packages/airflow/example_dags/example_branch_python_dop_operator_3.py took 0.097 seconds
[2026-08-21T11:43:17.025+0000] {processor.py:186} INFO - Started process (PID=353) to work on /home/airflow/.local/lib/python3.12/site-packages/airflow/example_dags/example_branch_python_dop_operator_3.py
[2026-08-21T11:43:17.026+0000] {processor.py:914} INFO - Processing file /home/airflow/.local/lib/python3.12/site-packages/airflow/example_dags/example_branch_python_dop_operator_3.py for tasks to queue
[2026-08-21T11:43:17.029+0000] {logging_mixin.py:190} INFO - [2026-08-21T11:43:17.029+0000] {dagbag.py:588} INFO - Filling up the DagBag from /home/airflow/.local/lib/python3.12/site-packages/airflow/example_dags/example_branch_python_dop_operator_3.py
[2026-08-21T11:43:17.040+0000] {processor.py:925} INFO - DAG(s) 'example_branch_dop_operator_v3' retrieved from /home/airflow/.local/lib/python3.12/site-packages/airflow/example_dags/example_branch_python_dop_operator_3.py
[2026-08-21T11:43:17.060+0000] {logging_mixin.py:190} INFO - [2026-08-21T11:43:17.060+0000] {dag.py:3239} INFO - Sync 1 DAGs
[2026-08-21T11:43:17.088+0000] {logging_mixin.py:190} INFO - [2026-08-21T11:43:17.087+0000] {dag.py:4180} INFO - Setting next_dagrun for example_branch_dop_operator_v3 to 2026-08-21 11:42:00+00:00, run_after=2026-08-21 11:43:00+00:00
[2026-08-21T11:43:17.110+0000] {processor.py:208} INFO - Processing /home/airflow/.local/lib/python3.12/site-packages/airflow/example_dags/example_branch_python_dop_operator_3.py took 0.091 seconds
[2026-08-21T11:43:51.209+0000] {processor.py:186} INFO - Started process (PID=421) to work on /home/airflow/.local/lib/python3.12/site-packages/airflow/example_dags/example_branch_python_dop_operator_3.py
[2026-08-21T11:43:51.210+0000] {processor.py:914} INFO - Processing file /home/airflow/.local/lib/python3.12/site-packages/airflow/example_dags/example_branch_python_dop_operator_3.py for tasks to queue
[2026-08-21T11:43:51.213+0000] {logging_mixin.py:190} INFO - [2026-08-21T11:43:51.212+0000] {dagbag.py:588} INFO - Filling up the DagBag from /home/airflow/.local/lib/python3.12/site-packages/airflow/example_dags/example_branch_python_dop_operator_3.py
[2026-08-21T11:43:51.224+0000] {processor.py:925} INFO - DAG(s) 'example_branch_dop_operator_v3' retrieved from /home/airflow/.local/lib/python3.12/site-packages/airflow/example_dags/example_branch_python_dop_operator_3.py
[2026-08-21T11:43:51.244+0000] {logging_mixin.py:190} INFO - [2026-08-21T11:43:51.244+0000] {dag.py:3239} INFO - Sync 1 DAGs
[2026-08-21T11:43:51.274+0000] {logging_mixin.py:190} INFO - [2026-08-21T11:43:51.273+0000] {dag.py:4180} INFO - Setting next_dagrun for example_branch_dop_operator_v3 to 2026-08-21 11:42:00+00:00, run_after=2026-08-21 11:43:00+00:00
[2026-08-21T11:43:51.294+0000] {processor.py:208} INFO - Processing /home/airflow/.local/lib/python3.12/site-packages/airflow/example_dags/example_branch_python_dop_operator_3.py took 0.091 seconds
[2026-08-21T11:44:26.429+0000] {processor.py:186} INFO - Started process (PID=490) to work on /home/airflow/.local/lib/python3.12/site-packages/airflow/example_dags/example_branch_python_dop_operator_3.py
[2026-08-21T11:44:26.430+0000] {processor.py:914} INFO - Processing file /home/airflow/.local/lib/python3.12/site-packages/airflow/example_dags/example_branch_python_dop_operator_3.py for tasks to queue
[2026-08-21T11:44:26.433+0000] {logging_mixin.py:190} INFO - [2026-08-21T11:44:26.433+0000] {dagbag.py:588} INFO - Filling up the DagBag from /home/airflow/.local/lib/python3.12/site-packages/airflow/example_dags/example_branch_python_dop_operator_3.py
[2026-08-21T11:44:26.444+0000] {processor.py:925} INFO - DAG(s) 'example_branch_dop_operator_v3' retrieved from /home/airflow/.local/lib/python3.12/site-packages/airflow/example_dags/example_branch_python_dop_operator_3.py
[2026-08-21T11:44:26.469+0000] {logging_mixin.py:190} INFO - [2026-08-21T11:44:26.469+0000] {dag.py:3239} INFO - Sync 1 DAGs
[2026-08-21T11:44:26.501+0000] {logging_mixin.py:190} INFO - [2026-08-21T11:44:26.500+0000] {dag.py:4180} INFO - Setting next_dagrun for example_branch_dop_operator_v3 to 2026-08-21 11:43:00+00:00, run_after=2026-08-21 11:44:00+00:00
[2026-08-21T11:44:26.525+0000] {processor.py:208} INFO - Processing /home/airflow/.local/lib/python3.12/site-packages/airflow/example_dags/example_branch_python_dop_operator_3.py took 0.102 seconds
[2026-08-21T11:45:02.718+0000] {processor.py:186} INFO - Started process (PID=553) to work on /home/airflow/.local/lib/python3.12/site-packages/airflow/example_dags/example_branch_python_dop_operator_3.py
[2026-08-21T11:45:02.719+0000] {processor.py:914} INFO - Processing file /home/airflow/.local/lib/python3.12/site-packages/airflow/example_dags/example_branch_python_dop_operator_3.py for tasks to queue
[2026-08-21T11:45:02.722+0000] {logging_mixin.py:190} INFO - [2026-08-21T11:45:02.722+0000] {dagbag.py:588} INFO - Filling up the DagBag from /home/airflow/.local/lib/python3.12/site-packages/airflow/example_dags/example_branch_python_dop_operator_3.py
[2026-08-21T11:45:02.733+0000] {processor.py:925} INFO - DAG(s) 'example_branch_dop_operator_v3' retrieved from /home/airflow/.local/lib/python3.12/site-packages/airflow/example_dags/example_branch_python_dop_operator_3.py
[2026-08-21T11:45:02.757+0000] {logging_mixin.py:190} INFO - [2026-08-21T11:45:02.757+0000] {dag.py:3239} INFO - Sync 1 DAGs
[2026-08-21T11:45:02.789+0000] {logging_mixin.py:190} INFO - [2026-08-21T11:45:02.789+0000] {dag.py:4180} INFO - Setting next_dagrun for example_branch_dop_operator_v3 to 2026-08-21 11:44:00+00:00, run_after=2026-08-21 11:45:00+00:00
[2026-08-21T11:45:02.814+0000] {processor.py:208} INFO - Processing /home/airflow/.local/lib/python3.12/site-packages/airflow/example_dags/example_branch_python_dop_operator_3.py took 0.103 seconds
[2026-08-21T11:45:38.622+0000] {processor.py:186} INFO - Started process (PID=616) to work on /home/airflow/.local/lib/python3.12/site-packages/airflow/example_dags/example_branch_python_dop_operator_3.py
[2026-08-21T11:45:38.623+0000] {processor.py:914} INFO - Processing file /home/airflow/.local/lib/python3.12/site-packages/airflow/example_dags/example_branch_python_dop_operator_3.py for tasks to queue
[2026-08-21T11:45:38.627+0000] {logging_mixin.py:190} INFO - [2026-08-21T11:45:38.627+0000] {dagbag.py:588} INFO - Filling up the DagBag from /home/airflow/.local/lib/python3.12/site-packages/airflow/example_dags/example_branch_python_dop_operator_3.py
[2026-08-21T11:45:38.641+0000] {processor.py:925} INFO - DAG(s) 'example_branch_dop_operator_v3' retrieved from /home/airflow/.local/lib/python3.12/site-packages/airflow/example_dags/example_branch_python_dop_operator_3.py
[2026-08-21T11:45:38.665+0000] {logging_mixin.py:190} INFO - [2026-08-21T11:45:38.665+0000] {dag.py:3239} INFO - Sync 1 DAGs
[2026-08-21T11:45:38.696+0000] {logging_mixin.py:190} INFO - [2026-08-21T11:45:38.696+0000] {dag.py:4180} INFO - Setting next_dagrun for example_branch_dop_operator_v3 to 2026-08-21 11:44:00+00:00, run_after=2026-08-21 11:45:00+00:00
[2026-08-21T11:45:38.719+0000] {processor.py:208} INFO - Processing /home/airflow/.local/lib/python3.12/site-packages/airflow/example_dags/example_branch_python_dop_operator_3.py took 0.102 seconds
[2026-08-21T11:46:13.444+0000] {processor.py:186} INFO - Started process (PID=679) to work on /home/airflow/.local/lib/python3.12/site-packages/airflow/example_dags/example_branch_python_dop_operator_3.py
[2026-08-21T11:46:13.445+0000] {processor.py:914} INFO - Processing file /home/airflow/.local/lib/python3.12/site-packages/airflow/example_dags/example_branch_python_dop_operator_3.py for tasks to queue
[2026-08-21T11:46:13.447+0000] {logging_mixin.py:190} INFO - [2026-08-21T11:46:13.447+0000] {dagbag.py:588} INFO - Filling up the DagBag from /home/airflow/.local/lib/python3.12/site-packages/airflow/example_dags/example_branch_python_dop_operator_3.py
[2026-08-21T11:46:13.457+0000] {processor.py:925} INFO - DAG(s) 'example_branch_dop_operator_v3' retrieved from /home/airflow/.local/lib/python3.12/site-packages/airflow/example_dags/example_branch_python_dop_operator_3.py
[2026-08-21T11:46:13.479+0000] {logging_mixin.py:190} INFO - [2026-08-21T11:46:13.478+0000] {dag.py:3239} INFO - Sync 1 DAGs
[2026-08-21T11:46:13.506+0000] {logging_mixin.py:190} INFO - [2026-08-21T11:46:13.506+0000] {dag.py:4180} INFO - Setting next_dagrun for example_branch_dop_operator_v3 to 2026-08-21 11:45:00+00:00, run_after=2026-08-21 11:46:00+00:00
[2026-08-21T11:46:13.525+0000] {processor.py:208} INFO - Processing /home/airflow/.local/lib/python3.12/site-packages/airflow/example_dags/example_branch_python_dop_operator_3.py took 0.086 seconds
[2026-08-21T11:46:49.083+0000] {processor.py:186} INFO - Started process (PID=748) to work on /home/airflow/.local/lib/python3.12/site-packages/airflow/example_dags/example_branch_python_dop_operator_3.py
[2026-08-21T11:46:49.085+0000] {processor.py:914} INFO - Processing file /home/airflow/.local/lib/python3.12/site-packages/airflow/example_dags/example_branch_python_dop_operator_3.py for tasks to queue
[2026-08-21T11:46:49.088+0000] {logging_mixin.py:190} INFO - [2026-08-21T11:46:49.088+0000] {dagbag.py:588} INFO - Filling up the DagBag from /home/airflow/.local/lib/python3.12/site-packages/airflow/example_dags/example_branch_python_dop_operator_3.py
[2026-08-21T11:46:49.102+0000] {processor.py:925} INFO - DAG(s) 'example_branch_dop_operator_v3' retrieved from /home/airflow/.local/lib/python3.12/site-packages/airflow/example_dags/example_branch_python_dop_operator_3.py
[2026-08-21T11:46:49.143+0000] {logging_mixin.py:190} INFO - [2026-08-21T11:46:49.143+0000] {dag.py:3239} INFO - Sync 1 DAGs
[2026-08-21T11:46:49.179+0000] {logging_mixin.py:190} INFO - [2026-08-21T11:46:49.178+0000] {dag.py:4180} INFO - Setting next_dagrun for example_branch_dop_operator_v3 to 2026-08-21 11:45:00+00:00, run_after=2026-08-21 11:46:00+00:00
[2026-08-21T11:46:49.202+0000] {processor.py:208} INFO - Processing /home/airflow/.local/lib/python3.12/site-packages/airflow/example_dags/example_branch_python_dop_operator_3.py took 0.128 seconds
