[2026-08-21T11:40:56.232+0000] {processor.py:186} INFO - Started process (PID=92) to work on /home/airflow/.local/lib/python3.12/site-packages/airflow/example_dags/example_kubernetes_executor.py
[2026-08-21T11:40:56.233+0000] {processor.py:914} INFO - Processing file /home/airflow/.local/lib/python3.12/site-packages/airflow/example_dags/example_kubernetes_executor.py for tasks to queue
[2026-08-21T11:40:56.235+0000] {logging_mixin.py:190} INFO - [2026-08-21T11:40:56.235+0000] {dagbag.py:588} INFO - Filling up the DagBag from /home/airflow/.local/lib/python3.12/site-packages/airflow/example_dags/example_kubernetes_executor.py
[2026-08-21T11:40:56.250+0000] {processor.py:925} INFO - DAG(s) 'example_kubernetes_executor' retrieved from /home/airflow/.local/lib/python3.12/site-packages/airflow/example_dags/example_kubernetes_executor.py
[2026-08-21T11:40:56.353+0000] {logging_mixin.py:190} INFO - [2026-08-21T11:40:56.353+0000] {override.py:1932} INFO - Created Permission View: can read on DAG:example_kubernetes_executor
[2026-08-21T11:40:56.363+0000] {logging_mixin.py:190} INFO - [2026-08-21T11:40:56.363+0000] {override.py:1932} INFO - Created Permission View: can edit on DAG:example_kubernetes_executor
[2026-08-21T11:40:56.369+0000] {logging_mixin.py:190} INFO - [2026-08-21T11:40:56.369+0000] {override.py:1932} INFO - Created Permission View: can delete on DAG:example_kubernetes_executor
[2026-08-21T11:40:56.378+0000] {logging_mixin.py:190} INFO - [2026-08-21T11:40:56.378+0000] {override.py:1932} INFO - Created Permission View: menu access on DAG Run:example_kubernetes_executor
[2026-08-21T11:40:56.386+0000] {logging_mixin.py:190} INFO - [2026-08-21T11:40:56.386+0000] {override.py:1932} INFO - Created Permission View: can read on DAG Run:example_kubernetes_executor
[2026-08-21T11:40:56.395+0000] {logging_mixin.py:190} INFO - [2026-08-21T11:40:56.395+0000] {override.py:1932} INFO - Created Permission View: can create on DAG Run:example_kubernetes_executor
[2026-08-21T11:40:56.403+0000] {logging_mixin.py:190} INFO - [2026-08-21T11:40:56.402+0000] {override.py:1932} INFO - Created Permission View: can delete on DAG Run:example_kubernetes_executor
[2026-08-21T11:40:56.403+0000] {logging_mixin.py:190} INFO - [2026-08-21T11:40:56.403+0000] {dag.py:3239} INFO - Sync 1 DAGs
[2026-08-21T11:40:56.414+0000] {logging_mixin.py:190} INFO - [2026-08-21T11:40:56.414+0000] {dag.py:3262} INFO - Creating ORM DAG for example_kubernetes_executor
[2026-08-21T11:40:56.414+0000] {logging_mixin.py:190} INFO - [2026-08-21T11:40:56.414+0000] {dag.py:4180} INFO - Setting next_dagrun for example_kubernetes_executor to None, run_after=None
[2026-08-21T11:40:56.436+0000] {processor.py:208} INFO - Processing /home/airflow/.local/lib/python3.12/site-packages/airflow/example_dags/example_kubernetes_executor.py took 0.209 seconds
[2026-08-21T11:41:30.330+0000] {processor.py:186} INFO - Started process (PID=155) to work on /home/airflow/.local/lib/python3.12/site-packages/airflow/example_dags/example_kubernetes_executor.py
[2026-08-21T11:41:30.331+0000] {processor.py:914} INFO - Processing file /home/airflow/.local/lib/python3.12/site-packages/airflow/example_dags/example_kubernetes_executor.py for tasks to queue
[2026-08-21T11:41:30.333+0000] {logging_mixin.py:190} INFO - [2026-08-21T11:41:30.332+0000] {dagbag.py:588} INFO - Filling up the DagBag from /home/airflow/.local/lib/python3.12/site-packages/airflow/example_dags/example_kubernetes_executor.py
[2026-08-21T11:41:30.346+0000] {processor.py:925} INFO - DAG(s) 'example_kubernetes_executor' retrieved from /home/airflow/.local/lib/python3.12/site-packages/airflow/example_dags/example_kubernetes_executor.py
[2026-08-21T11:41:30.368+0000] {logging_mixin.py:190} INFO - [2026-08-21T11:41:30.368+0000] {dag.py:3239} INFO - Sync 1 DAGs
[2026-08-21T11:41:30.382+0000] {logging_mixin.py:190} INFO - [2026-08-21T11:41:30.382+0000] {dag.py:4180} INFO - Setting next_dagrun for example_kubernetes_executor to None, run_after=None
[2026-08-21T11:41:30.401+0000] {processor.py:208} INFO - Processing /home/airflow/.local/lib/python3.12/site-packages/airflow/example_dags/example_kubernetes_executor.py took 0.077 seconds
[2026-08-21T11:42:05.286+0000] {processor.py:186} INFO - Started process (PID=218) to work on /home/airflow/.local/lib/python3.12/site-packages/airflow/example_dags/example_kubernetes_executor.py
[2026-08-21T11:42:05.287+0000] {processor.py:914} INFO - Processing file /home/airflow/.local/lib/python3.12/site-packages/airflow/example_dags/example_kubernetes_executor.py for tasks to queue
[2026-08-21T11:42:05.289+0000] {logging_mixin.py:190} INFO - [2026-08-21T11:42:05.289+0000] {dagbag.py:588} INFO - Filling up the DagBag from /home/airflow/.local/lib/python3.12/site-packages/airflow/example_dags/example_kubernetes_executor.py
[2026-08-21T11:42:05.305+0000] {processor.py:925} INFO - DAG(s) 'example_kubernetes_executor' retrieved from /home/airflow/.local/lib/python3.12/site-packages/airflow/example_dags/example_kubernetes_executor.py
[2026-08-21T11:42:05.334+0000] {logging_mixin.py:190} INFO - [2026-08-21T11:42:05.333+0000] {dag.py:3239} INFO - Sync 1 DAGs
[2026-08-21T11:42:05.348+0000] {logging_mixin.py:190} INFO - [2026-08-21T11:42:05.348+0000] {dag.py:4180} INFO - Setting next_dagrun for example_kubernetes_executor to None, run_after=None
[2026-08-21T11:42:05.369+0000] {processor.py:208} INFO - Processing /home/airflow/.local/lib/python3.12/site-packages/airflow/example_dags/example_kubernetes_executor.py took 0.091 seconds
[2026-08-21T11:42:40.808+0000] {processor.py:186} INFO - Started process (PID=281) to work on /home/airflow/.local/lib/python3.12/site-packages/airflow/example_dags/example_kubernetes_executor.py
[2026-08-21T11:42:40.809+0000] {processor.py:914} INFO - Processing file /home/airflow/.local/lib/python3.12/site-packages/airflow/example_dags/example_kubernetes_executor.py for tasks to queue
[2026-08-21T11:42:40.812+0000] {logging_mixin.py:190} INFO - [2026-08-21T11:42:40.811+0000] {dagbag.py:588} INFO - Filling up the DagBag from /home/airflow/.local/lib/python3.12/site-packages/airflow/example_dags/example_kubernetes_executor.py
[2026-08-21T11:42:40.829+0000] {processor.py:925} INFO - DAG(s) 'example_kubernetes_executor' retrieved from /home/airflow/.local/lib/python3.12/site-packages/airflow/example_dags/example_kubernetes_executor.py
[2026-08-21T11:42:40.855+0000] {logging_mixin.py:190} INFO - [2026-08-21T11:42:40.855+0000] {dag.py:3239} INFO - Sync 1 DAGs
[2026-08-21T11:42:40.869+0000] {logging_mixin.py:190} INFO - [2026-08-21T11:42:40.869+0000] {dag.py:4180} INFO - Setting next_dagrun for example_kubernetes_executor to None, run_after=None
[2026-08-21T11:42:40.890+0000] {processor.py:208} INFO - Processing /home/airflow/.local/lib/python3.12/site-packages/airflow/example_dags/example_kubernetes_executor.py took 0.087 seconds
[2026-08-21T11:43:16.118+0000] {processor.py:186} INFO - Started process (PID=344) to work on /home/airflow/.local/lib/python3.12/site-packages/airflow/example_dags/example_kubernetes_executor.py
[2026-08-21T11:43:16.119+0000] {processor.py:914} INFO - Processing file /home/airflow/.local/lib/python3.12/site-packages/airflow/example_dags/example_kubernetes_executor.py for tasks to queue
[2026-08-21T11:43:16.121+0000] {logging_mixin.py:190} INFO - [2026-08-21T11:43:16.121+0000] {dagbag.py:588} INFO - Filling up the DagBag from /home/airflow/.local/lib/python3.12/site-packages/airflow/example_dags/example_kubernetes_executor.py
[2026-08-21T11:43:16.139+0000] {processor.py:925} INFO - DAG(s) 'example_kubernetes_executor' retrieved from /home/airflow/.local/lib/python3.12/site-packages/airflow/example_dags/example_kubernetes_executor.py
[2026-08-21T11:43:16.167+0000] {logging_mixin.py:190} INFO - [2026-08-21T11:43:16.167+0000] {dag.py:3239} INFO - Sync 1 DAGs
[2026-08-21T11:43:16.185+0000] {logging_mixin.py:190} INFO - [2026-08-21T11:43:16.184+0000] {dag.py:4180} INFO - Setting next_dagrun for example_kubernetes_executor to None, run_after=None
[2026-08-21T11:43:16.209+0000] {processor.py:208} INFO - Processing /home/airflow/.local/lib/python3.12/site-packages/airflow/example_dags/example_kubernetes_executor.py took 0.097 seconds
[2026-08-21T11:43:50.763+0000] {processor.py:186} INFO - Started process (PID=413) to work on /home/airflow/.local/lib/python3.12/site-packages/airflow/example_dags/example_kubernetes_executor.py
[2026-08-21T11:43:50.763+0000] {processor.py:914} INFO - Processing file /home/airflow/.local/lib/python3.12/site-packages/airflow/example_dags/example_kubernetes_executor.py for tasks to queue
[2026-08-21T11:43:50.765+0000] {logging_mixin.py:190} INFO - [2026-08-21T11:43:50.765+0000] {dagbag.py:588} INFO - Filling up the DagBag from /home/airflow/.local/lib/python3.12/site-packages/airflow/example_dags/example_kubernetes_executor.py
[2026-08-21T11:43:50.779+0000] {processor.py:925} INFO - DAG(s) 'example_kubernetes_executor' retrieved from /home/airflow/.local/lib/python3.12/site-packages/airflow/example_dags/example_kubernetes_executor.py
[2026-08-21T11:43:50.803+0000] {logging_mixin.py:190} INFO - [2026-08-21T11:43:50.803+0000] {dag.py:3239} INFO - Sync 1 DAGs
[2026-08-21T11:43:50.816+0000] {logging_mixin.py:190} INFO - [2026-08-21T11:43:50.816+0000] {dag.py:4180} INFO - Setting next_dagrun for example_kubernetes_executor to None, run_after=None
[2026-08-21T11:43:50.835+0000] {processor.py:208} INFO - Processing /home/airflow/.local/lib/python3.12/site-packages/airflow/example_dags/example_kubernetes_executor.py took 0.080 seconds
[2026-08-21T11:44:25.515+0000] {processor.py:186} INFO - Started process (PID=476) to work on /home/airflow/.local/lib/python3.12/site-packages/airflow/example_dags/example_kubernetes_executor.py
[2026-08-21T11:44:25.516+0000] {processor.py:914} INFO - Processing file /home/airflow/.local/lib/python3.12/site-packages/airflow/example_dags/example_kubernetes_executor.py for tasks to queue
[2026-08-21T11:44:25.519+0000] {logging_mixin.py:190} INFO - [2026-08-21T11:44:25.519+0000] {dagbag.py:588} INFO - Filling up the DagBag from /home/airflow/.local/lib/python3.12/site-packages/airflow/example_dags/example_kubernetes_executor.py
[2026-08-21T11:44:25.536+0000] {processor.py:925} INFO - DAG(s) 'example_kubernetes_executor' retrieved from /home/airflow/.local/lib/python3.12/site-packages/airflow/example_dags/example_kubernetes_executor.py
[2026-08-21T11:44:25.564+0000] {logging_mixin.py:190} INFO - [2026-08-21T11:44:25.563+0000] {dag.py:3239} INFO - Sync 1 DAGs
[2026-08-21T11:44:25.578+0000] {logging_mixin.py:190} INFO - [2026-08-21T11:44:25.578+0000] {dag.py:4180} INFO - Setting next_dagrun for example_kubernetes_executor to None, run_after=None
[2026-08-21T11:44:25.602+0000] {processor.py:208} INFO - Processing /home/airflow/.local/lib/python3.12/site-packages/airflow/example_dags/example_kubernetes_executor.py took 0.094 seconds
[2026-08-21T11:45:02.170+0000] {processor.py:186} INFO - Started process (PID=545) to work on /home/airflow/.local/lib/python3.12/site-packages/airflow/example_dags/example_kubernetes_executor.py
[2026-08-21T11:45:02.171+0000] {processor.py:914} INFO - Processing file /home/airflow/.local/lib/python3.12/site-packages/airflow/example_dags/example_kubernetes_executor.py for tasks to queue
[2026-08-21T11:45:02.174+0000] {logging_mixin.py:190} INFO - [2026-08-21T11:45:02.174+0000] {dagbag.py:588} INFO - Filling up the DagBag from /home/airflow/.local/lib/python3.12/site-packages/airflow/example_dags/example_kubernetes_executor.py
[2026-08-21T11:45:02.192+0000] {processor.py:925} INFO - DAG(s) 'example_kubernetes_executor' retrieved from /home/airflow/.local/lib/python3.12/site-packages/airflow/example_dags/example_kubernetes_executor.py
[2026-08-21T11:45:02.225+0000] {logging_mixin.py:190} INFO - [2026-08-21T11:45:02.225+0000] {dag.py:3239} INFO - Sync 1 DAGs
[2026-08-21T11:45:02.244+0000] {logging_mixin.py:190} INFO - [2026-08-21T11:45:02.243+0000] {dag.py:4180} INFO - Setting next_dagrun for example_kubernetes_executor to None, run_after=None
[2026-08-21T11:45:02.268+0000] {processor.py:208} INFO - Processing /home/airflow/.local/lib/python3.12/site-packages/airflow/example_dags/example_kubernetes_executor.py took 0.106 seconds
[2026-08-21T11:45:37.967+0000] {processor.py:186} INFO - Started process (PID=608) to work on /home/airflow/.local/lib/python3.12/site-packages/airflow/example_dags/example_kubernetes_executor.py
[2026-08-21T11:45:37.968+0000] {processor.py:914} INFO - Processing file /home/airflow/.local/lib/python3.12/site-packages/airflow/example_dags/example_kubernetes_executor.py for tasks to queue
[2026-08-21T11:45:37.970+0000] {logging_mixin.py:190} INFO - [2026-08-21T11:45:37.970+0000] {dagbag.py:588} INFO - Filling up the DagBag from /home/airflow/.local/lib/python3.12/site-packages/airflow/example_dags/example_kubernetes_executor.py
[2026-08-21T11:45:37.986+0000] {processor.py:925} INFO - DAG(s) 'example_kubernetes_executor' retrieved from /home/airflow/.local/lib/python3.12/site-packages/airflow/example_dags/example_kubernetes_executor.py
[2026-08-21T11:45:38.016+0000] {logging_mixin.py:190} INFO - [2026-08-21T11:45:38.016+0000] {dag.py:3239} INFO - Sync 1 DAGs
[2026-08-21T11:45:38.034+0000] {logging_mixin.py:190} INFO - [2026-08-21T11:45:38.034+0000] {dag.py:4180} INFO - Setting next_dagrun for example_kubernetes_executor to None, run_after=None
[2026-08-21T11:45:38.055+0000] {processor.py:208} INFO - Processing /home/airflow/.local/lib/python3.12/site-packages/airflow/example_dags/example_kubernetes_executor.py took 0.098 seconds
[2026-08-21T11:46:12.895+0000] {processor.py:186} INFO - Started process (PID=671) to work on /home/airflow/.local/lib/python3.12/site-packages/airflow/example_dags/example_kubernetes_executor.py
[2026-08-21T11:46:12.896+0000] {processor.py:914} INFO - Processing file /home/airflow/.local/lib/python3.12/site-packages/airflow/example_dags/example_kubernetes_executor.py for tasks to queue
[2026-08-21T11:46:12.899+0000] {logging_mixin.py:190} INFO - [2026-08-21T11:46:12.898+0000] {dagbag.py:588} INFO - Filling up the DagBag from /home/airflow/.local/lib/python3.12/site-packages/airflow/example_dags/example_kubernetes_executor.py
[2026-08-21T11:46:12.915+0000] {processor.py:925} INFO - DAG(s) 'example_kubernetes_executor' retrieved from /home/airflow/.local/lib/python3.12/site-packages/airflow/example_dags/example_kubernetes_executor.py
[2026-08-21T11:46:12.941+0000] {logging_mixin.py:190} INFO - [2026-08-21T11:46:12.941+0000] {dag.py:3239} INFO - Sync 1 DAGs
[2026-08-21T11:46:12.954+0000] {logging_mixin.py:190} INFO - [2026-08-21T11:46:12.954+0000] {dag.py:4180} INFO - Setting next_dagrun for example_kubernetes_executor to None, run_after=None
[2026-08-21T11:46:12.974+0000] {processor.py:208} INFO - Processing /home/airflow/.local/lib/python3.12/site-packages/airflow/example_dags/example_kubernetes_executor.py took 0.085 seconds
[2026-08-21T11:46:48.568+0000] {processor.py:186} INFO - Started process (PID=740) to work on /home/airflow/.local/lib/python3.12/site-packages/airflow/example_dags/example_kubernetes_executor.py
[2026-08-21T11:46:48.569+0000] {processor.py:914} INFO - Processing file /home/airflow/.local/lib/python3.12/site-packages/airflow/example_dags/example_kubernetes_executor.py for tasks to queue
[2026-08-21T11:46:48.572+0000] {logging_mixin.py:190} INFO - [2026-08-21T11:46:48.572+0000] {dagbag.py:588} INFO - Filling up the DagBag from /home/airflow/.local/lib/python3.12/site-packages/airflow/example_dags/example_kubernetes_executor.py
[2026-08-21T11:46:48.589+0000] {processor.py:925} INFO - DAG(s) 'example_kubernetes_executor' retrieved from /home/airflow/.local/lib/python3.12/site-packages/airflow/example_dags/example_kubernetes_executor.py
[2026-08-21T11:46:48.615+0000] {logging_mixin.py:190} INFO - [2026-08-21T11:46:48.615+0000] {dag.py:3239} INFO - Sync 1 DAGs
[2026-08-21T11:46:48.629+0000] {logging_mixin.py:190} INFO - [2026-08-21T11:46:48.629+0000] {dag.py:4180} INFO - Setting next_dagrun for example_kubernetes_executor to None, run_after=None
[2026-08-21T11:46:48.651+0000] {processor.py:208} INFO - Processing /home/airflow/.local/lib/python3.12/site-packages/airflow/example_dags/example_kubernetes_executor.py took 0.088 seconds
