[2026-08-21T11:40:48.487+0000] {processor.py:186} INFO - Started process (PID=80) to work on /home/airflow/.local/lib/python3.12/site-packages/airflow/example_dags/example_sla_dag.py
[2026-08-21T11:40:48.488+0000] {processor.py:914} INFO - Processing file /home/airflow/.local/lib/python3.12/site-packages/airflow/example_dags/example_sla_dag.py for tasks to queue
[2026-08-21T11:40:48.498+0000] {logging_mixin.py:190} INFO - [2026-08-21T11:40:48.491+0000] {dagbag.py:588} INFO - Filling up the DagBag from /home/airflow/.local/lib/python3.12/site-packages/airflow/example_dags/example_sla_dag.py
[2026-08-21T11:40:48.511+0000] {processor.py:925} INFO - DAG(s) 'example_sla_dag' retrieved from /home/airflow/.local/lib/python3.12/site-packages/airflow/example_dags/example_sla_dag.py
[2026-08-21T11:40:48.623+0000] {logging_mixin.py:190} INFO - [2026-08-21T11:40:48.621+0000] {override.py:1932} INFO - Created Permission View: can read on DAG:example_sla_dag
[2026-08-21T11:40:48.634+0000] {logging_mixin.py:190} INFO - [2026-08-21T11:40:48.634+0000] {override.py:1932} INFO - Created Permission View: can edit on DAG:example_sla_dag
[2026-08-21T11:40:48.642+0000] {logging_mixin.py:190} INFO - [2026-08-21T11:40:48.641+0000] {override.py:1932} INFO - Created Permission View: can delete on DAG:example_sla_dag
[2026-08-21T11:40:48.651+0000] {logging_mixin.py:190} INFO - [2026-08-21T11:40:48.651+0000] {override.py:1932} INFO - Created Permission View: menu access on DAG Run:example_sla_dag
[2026-08-21T11:40:48.662+0000] {logging_mixin.py:190} INFO - [2026-08-21T11:40:48.661+0000] {override.py:1932} INFO - Created Permission View: can read on DAG Run:example_sla_dag
[2026-08-21T11:40:48.672+0000] {logging_mixin.py:190} INFO - [2026-08-21T11:40:48.672+0000] {override.py:1932} INFO - Created Permission View: can create on DAG Run:example_sla_dag
[2026-08-21T11:40:48.681+0000] {logging_mixin.py:190} INFO - [2026-08-21T11:40:48.681+0000] {override.py:1932} INFO - Created Permission View: can delete on DAG Run:example_sla_dag
[2026-08-21T11:40:48.681+0000] {logging_mixin.py:190} INFO - [2026-08-21T11:40:48.681+0000] {dag.py:3239} INFO - Sync 1 DAGs
[2026-08-21T11:40:48.700+0000] {logging_mixin.py:190} INFO - [2026-08-21T11:40:48.700+0000] {dag.py:3262} INFO - Creating ORM DAG for example_sla_dag
[2026-08-21T11:40:48.716+0000] {logging_mixin.py:190} INFO - [2026-08-21T11:40:48.716+0000] {dag.py:4180} INFO - Setting next_dagrun for example_sla_dag to 2026-08-21 11:38:00+00:00, run_after=2026-08-21 11:40:00+00:00
[2026-08-21T11:40:48.735+0000] {processor.py:208} INFO - Processing /home/airflow/.local/lib/python3.12/site-packages/airflow/example_dags/example_sla_dag.py took 0.255 seconds
[2026-08-21T11:41:19.319+0000] {processor.py:186} INFO - Started process (PID=142) to work on /home/airflow/.local/lib/python3.12/site-packages/airflow/example_dags/example_sla_dag.py
[2026-08-21T11:41:19.320+0000] {processor.py:914} INFO - Processing file /home/airflow/.local/lib/python3.12/site-packages/airflow/example_dags/example_sla_dag.py for tasks to queue
[2026-08-21T11:41:19.323+0000] {logging_mixin.py:190} INFO - [2026-08-21T11:41:19.323+0000] {dagbag.py:588} INFO - Filling up the DagBag from /home/airflow/.local/lib/python3.12/site-packages/airflow/example_dags/example_sla_dag.py
[2026-08-21T11:41:19.335+0000] {processor.py:925} INFO - DAG(s) 'example_sla_dag' retrieved from /home/airflow/.local/lib/python3.12/site-packages/airflow/example_dags/example_sla_dag.py
[2026-08-21T11:41:19.361+0000] {logging_mixin.py:190} INFO - [2026-08-21T11:41:19.360+0000] {dag.py:3239} INFO - Sync 1 DAGs
[2026-08-21T11:41:19.390+0000] {logging_mixin.py:190} INFO - [2026-08-21T11:41:19.390+0000] {dag.py:4180} INFO - Setting next_dagrun for example_sla_dag to 2026-08-21 11:38:00+00:00, run_after=2026-08-21 11:40:00+00:00
[2026-08-21T11:41:19.412+0000] {processor.py:208} INFO - Processing /home/airflow/.local/lib/python3.12/site-packages/airflow/example_dags/example_sla_dag.py took 0.099 seconds
[2026-08-21T11:41:49.628+0000] {processor.py:186} INFO - Started process (PID=205) to work on /home/airflow/.local/lib/python3.12/site-packages/airflow/example_dags/example_sla_dag.py
[2026-08-21T11:41:49.629+0000] {processor.py:914} INFO - Processing file /home/airflow/.local/lib/python3.12/site-packages/airflow/example_dags/example_sla_dag.py for tasks to queue
[2026-08-21T11:41:49.633+0000] {logging_mixin.py:190} INFO - [2026-08-21T11:41:49.632+0000] {dagbag.py:588} INFO - Filling up the DagBag from /home/airflow/.local/lib/python3.12/site-packages/airflow/example_dags/example_sla_dag.py
[2026-08-21T11:41:49.648+0000] {processor.py:925} INFO - DAG(s) 'example_sla_dag' retrieved from /home/airflow/.local/lib/python3.12/site-packages/airflow/example_dags/example_sla_dag.py
[2026-08-21T11:41:49.675+0000] {logging_mixin.py:190} INFO - [2026-08-21T11:41:49.674+0000] {dag.py:3239} INFO - Sync 1 DAGs
[2026-08-21T11:41:49.711+0000] {logging_mixin.py:190} INFO - [2026-08-21T11:41:49.711+0000] {dag.py:4180} INFO - Setting next_dagrun for example_sla_dag to 2026-08-21 11:38:00+00:00, run_after=2026-08-21 11:40:00+00:00
[2026-08-21T11:41:49.740+0000] {processor.py:208} INFO - Processing /home/airflow/.local/lib/python3.12/site-packages/airflow/example_dags/example_sla_dag.py took 0.120 seconds
[2026-08-21T11:42:20.073+0000] {processor.py:186} INFO - Started process (PID=268) to work on /home/airflow/.local/lib/python3.12/site-packages/airflow/example_dags/example_sla_dag.py
[2026-08-21T11:42:20.074+0000] {processor.py:914} INFO - Processing file /home/airflow/.local/lib/python3.12/site-packages/airflow/example_dags/example_sla_dag.py for tasks to queue
[2026-08-21T11:42:20.076+0000] {logging_mixin.py:190} INFO - [2026-08-21T11:42:20.076+0000] {dagbag.py:588} INFO - Filling up the DagBag from /home/airflow/.local/lib/python3.12/site-packages/airflow/example_dags/example_sla_dag.py
[2026-08-21T11:42:20.087+0000] {processor.py:925} INFO - DAG(s) 'example_sla_dag' retrieved from /home/airflow/.local/lib/python3.12/site-packages/airflow/example_dags/example_sla_dag.py
[2026-08-21T11:42:20.106+0000] {logging_mixin.py:190} INFO - [2026-08-21T11:42:20.106+0000] {dag.py:3239} INFO - Sync 1 DAGs
[2026-08-21T11:42:20.135+0000] {logging_mixin.py:190} INFO - [2026-08-21T11:42:20.135+0000] {dag.py:4180} INFO - Setting next_dagrun for example_sla_dag to 2026-08-21 11:40:00+00:00, run_after=2026-08-21 11:42:00+00:00
[2026-08-21T11:42:20.156+0000] {processor.py:208} INFO - Processing /home/airflow/.local/lib/python3.12/site-packages/airflow/example_dags/example_sla_dag.py took 0.091 seconds
[2026-08-21T11:42:52.269+0000] {processor.py:186} INFO - Started process (PID=331) to work on /home/airflow/.local/lib/python3.12/site-packages/airflow/example_dags/example_sla_dag.py
[2026-08-21T11:42:52.270+0000] {processor.py:914} INFO - Processing file /home/airflow/.local/lib/python3.12/site-packages/airflow/example_dags/example_sla_dag.py for tasks to queue
[2026-08-21T11:42:52.272+0000] {logging_mixin.py:190} INFO - [2026-08-21T11:42:52.272+0000] {dagbag.py:588} INFO - Filling up the DagBag from /home/airflow/.local/lib/python3.12/site-packages/airflow/example_dags/example_sla_dag.py
[2026-08-21T11:42:52.283+0000] {processor.py:925} INFO - DAG(s) 'example_sla_dag' retrieved from /home/airflow/.local/lib/python3.12/site-packages/airflow/example_dags/example_sla_dag.py
[2026-08-21T11:42:52.307+0000] {logging_mixin.py:190} INFO - [2026-08-21T11:42:52.307+0000] {dag.py:3239} INFO - Sync 1 DAGs
[2026-08-21T11:42:52.336+0000] {logging_mixin.py:190} INFO - [2026-08-21T11:42:52.336+0000] {dag.py:4180} INFO - Setting next_dagrun for example_sla_dag to 2026-08-21 11:40:00+00:00, run_after=2026-08-21 11:42:00+00:00
[2026-08-21T11:42:52.358+0000] {processor.py:208} INFO - Processing /home/airflow/.local/lib/python3.12/site-packages/airflow/example_dags/example_sla_dag.py took 0.095 seconds
[2026-08-21T11:43:23.257+0000] {processor.py:186} INFO - Started process (PID=393) to work on /home/airflow/.local/lib/python3.12/site-packages/airflow/example_dags/example_sla_dag.py
[2026-08-21T11:43:23.258+0000] {processor.py:914} INFO - Processing file /home/airflow/.local/lib/python3.12/site-packages/airflow/example_dags/example_sla_dag.py for tasks to queue
[2026-08-21T11:43:23.262+0000] {logging_mixin.py:190} INFO - [2026-08-21T11:43:23.261+0000] {dagbag.py:588} INFO - Filling up the DagBag from /home/airflow/.local/lib/python3.12/site-packages/airflow/example_dags/example_sla_dag.py
[2026-08-21T11:43:23.277+0000] {processor.py:925} INFO - DAG(s) 'example_sla_dag' retrieved from /home/airflow/.local/lib/python3.12/site-packages/airflow/example_dags/example_sla_dag.py
[2026-08-21T11:43:23.307+0000] {logging_mixin.py:190} INFO - [2026-08-21T11:43:23.307+0000] {dag.py:3239} INFO - Sync 1 DAGs
[2026-08-21T11:43:23.350+0000] {logging_mixin.py:190} INFO - [2026-08-21T11:43:23.350+0000] {dag.py:4180} INFO - Setting next_dagrun for example_sla_dag to 2026-08-21 11:40:00+00:00, run_after=2026-08-21 11:42:00+00:00
[2026-08-21T11:43:23.378+0000] {processor.py:208} INFO - Processing /home/airflow/.local/lib/python3.12/site-packages/airflow/example_dags/example_sla_dag.py took 0.131 seconds
[2026-08-21T11:43:53.739+0000] {processor.py:186} INFO - Started process (PID=455) to work on /home/airflow/.local/lib/python3.12/site-packages/airflow/example_dags/example_sla_dag.py
[2026-08-21T11:43:53.740+0000] {processor.py:914} INFO - Processing file /home/airflow/.local/lib/python3.12/site-packages/airflow/example_dags/example_sla_dag.py for tasks to queue
[2026-08-21T11:43:53.743+0000] {logging_mixin.py:190} INFO - [2026-08-21T11:43:53.742+0000] {dagbag.py:588} INFO - Filling up the DagBag from /home/airflow/.local/lib/python3.12/site-packages/airflow/example_dags/example_sla_dag.py
[2026-08-21T11:43:53.752+0000] {processor.py:925} INFO - DAG(s) 'example_sla_dag' retrieved from /home/airflow/.local/lib/python3.12/site-packages/airflow/example_dags/example_sla_dag.py
[2026-08-21T11:43:53.775+0000] {logging_mixin.py:190} INFO - [2026-08-21T11:43:53.775+0000] {dag.py:3239} INFO - Sync 1 DAGs
[2026-08-21T11:43:53.804+0000] {logging_mixin.py:190} INFO - [2026-08-21T11:43:53.804+0000] {dag.py:4180} INFO - Setting next_dagrun for example_sla_dag to 2026-08-21 11:40:00+00:00, run_after=2026-08-21 11:42:00+00:00
[2026-08-21T11:43:53.823+0000] {processor.py:208} INFO - Processing /home/airflow/.local/lib/python3.12/site-packages/airflow/example_dags/example_sla_dag.py took 0.091 seconds
[2026-08-21T11:44:25.976+0000] {processor.py:186} INFO - Started process (PID=483) to work on /home/airflow/.local/lib/python3.12/site-packages/airflow/example_dags/example_sla_dag.py
[2026-08-21T11:44:25.977+0000] {processor.py:914} INFO - Processing file /home/airflow/.local/lib/python3.12/site-packages/airflow/example_dags/example_sla_dag.py for tasks to queue
[2026-08-21T11:44:25.980+0000] {logging_mixin.py:190} INFO - [2026-08-21T11:44:25.980+0000] {dagbag.py:588} INFO - Filling up the DagBag from /home/airflow/.local/lib/python3.12/site-packages/airflow/example_dags/example_sla_dag.py
[2026-08-21T11:44:25.994+0000] {processor.py:925} INFO - DAG(s) 'example_sla_dag' retrieved from /home/airflow/.local/lib/python3.12/site-packages/airflow/example_dags/example_sla_dag.py
[2026-08-21T11:44:26.016+0000] {logging_mixin.py:190} INFO - [2026-08-21T11:44:26.016+0000] {dag.py:3239} INFO - Sync 1 DAGs
[2026-08-21T11:44:26.046+0000] {logging_mixin.py:190} INFO - [2026-08-21T11:44:26.046+0000] {dag.py:4180} INFO - Setting next_dagrun for example_sla_dag to 2026-08-21 11:42:00+00:00, run_after=2026-08-21 11:44:00+00:00
[2026-08-21T11:44:26.070+0000] {processor.py:208} INFO - Processing /home/airflow/.local/lib/python3.12/site-packages/airflow/example_dags/example_sla_dag.py took 0.100 seconds
[2026-08-21T11:45:01.735+0000] {processor.py:186} INFO - Started process (PID=539) to work on /home/airflow/.local/lib/python3.12/site-packages/airflow/example_dags/example_sla_dag.py
[2026-08-21T11:45:01.736+0000] {processor.py:914} INFO - Processing file /home/airflow/.local/lib/python3.12/site-packages/airflow/example_dags/example_sla_dag.py for tasks to queue
[2026-08-21T11:45:01.740+0000] {logging_mixin.py:190} INFO - [2026-08-21T11:45:01.739+0000] {dagbag.py:588} INFO - Filling up the DagBag from /home/airflow/.local/lib/python3.12/site-packages/airflow/example_dags/example_sla_dag.py
[2026-08-21T11:45:01.755+0000] {processor.py:925} INFO - DAG(s) 'example_sla_dag' retrieved from /home/airflow/.local/lib/python3.12/site-packages/airflow/example_dags/example_sla_dag.py
[2026-08-21T11:45:01.779+0000] {logging_mixin.py:190} INFO - [2026-08-21T11:45:01.778+0000] {dag.py:3239} INFO - Sync 1 DAGs
[2026-08-21T11:45:01.813+0000] {logging_mixin.py:190} INFO - [2026-08-21T11:45:01.813+0000] {dag.py:4180} INFO - Setting next_dagrun for example_sla_dag to 2026-08-21 11:42:00+00:00, run_after=2026-08-21 11:44:00+00:00
[2026-08-21T11:45:01.836+0000] {processor.py:208} INFO - Processing /home/airflow/.local/lib/python3.12/site-packages/airflow/example_dags/example_sla_dag.py took 0.109 seconds
[2026-08-21T11:45:37.343+0000] {processor.py:186} INFO - Started process (PID=599) to work on /home/airflow/.local/lib/python3.12/site-packages/airflow/example_dags/example_sla_dag.py
[2026-08-21T11:45:37.344+0000] {processor.py:914} INFO - Processing file /home/airflow/.local/lib/python3.12/site-packages/airflow/example_dags/example_sla_dag.py for tasks to queue
[2026-08-21T11:45:37.347+0000] {logging_mixin.py:190} INFO - [2026-08-21T11:45:37.347+0000] {dagbag.py:588} INFO - Filling up the DagBag from /home/airflow/.local/lib/python3.12/site-packages/airflow/example_dags/example_sla_dag.py
[2026-08-21T11:45:37.361+0000] {processor.py:925} INFO - DAG(s) 'example_sla_dag' retrieved from /home/airflow/.local/lib/python3.12/site-packages/airflow/example_dags/example_sla_dag.py
[2026-08-21T11:45:37.383+0000] {logging_mixin.py:190} INFO - [2026-08-21T11:45:37.382+0000] {dag.py:3239} INFO - Sync 1 DAGs
[2026-08-21T11:45:37.414+0000] {logging_mixin.py:190} INFO - [2026-08-21T11:45:37.414+0000] {dag.py:4180} INFO - Setting next_dagrun for example_sla_dag to 2026-08-21 11:42:00+00:00, run_after=2026-08-21 11:44:00+00:00
[2026-08-21T11:45:37.438+0000] {processor.py:208} INFO - Processing /home/airflow/.local/lib/python3.12/site-packages/airflow/example_dags/example_sla_dag.py took 0.101 seconds
[2026-08-21T11:46:07.800+0000] {processor.py:186} INFO - Started process (PID=659) to work on /home/airflow/.local/lib/python3.12/site-packages/airflow/example_dags/example_sla_dag.py
[2026-08-21T11:46:07.800+0000] {processor.py:914} INFO - Processing file /home/airflow/.local/lib/python3.12/site-packages/airflow/example_dags/example_sla_dag.py for tasks to queue
[2026-08-21T11:46:07.802+0000] {logging_mixin.py:190} INFO - [2026-08-21T11:46:07.802+0000] {dagbag.py:588} INFO - Filling up the DagBag from /home/airflow/.local/lib/python3.12/site-packages/airflow/example_dags/example_sla_dag.py
[2026-08-21T11:46:07.813+0000] {processor.py:925} INFO - DAG(s) 'example_sla_dag' retrieved from /home/airflow/.local/lib/python3.12/site-packages/airflow/example_dags/example_sla_dag.py
[2026-08-21T11:46:07.832+0000] {logging_mixin.py:190} INFO - [2026-08-21T11:46:07.832+0000] {dag.py:3239} INFO - Sync 1 DAGs
[2026-08-21T11:46:07.858+0000] {logging_mixin.py:190} INFO - [2026-08-21T11:46:07.857+0000] {dag.py:4180} INFO - Setting next_dagrun for example_sla_dag to 2026-08-21 11:44:00+00:00, run_after=2026-08-21 11:46:00+00:00
[2026-08-21T11:46:07.876+0000] {processor.py:208} INFO - Processing /home/airflow/.local/lib/python3.12/site-packages/airflow/example_dags/example_sla_dag.py took 0.082 seconds
[2026-08-21T11:46:38.132+0000] {processor.py:186} INFO - Started process (PID=721) to work on /home/airflow/.local/lib/python3.12/site-packages/airflow/example_dags/example_sla_dag.py
[2026-08-21T11:46:38.132+0000] {processor.py:914} INFO - Processing file /home/airflow/.local/lib/python3.12/site-packages/airflow/example_dags/example_sla_dag.py for tasks to queue
[2026-08-21T11:46:38.135+0000] {logging_mixin.py:190} INFO - [2026-08-21T11:46:38.135+0000] {dagbag.py:588} INFO - Filling up the DagBag from /home/airflow/.local/lib/python3.12/site-packages/airflow/example_dags/example_sla_dag.py
[2026-08-21T11:46:38.147+0000] {processor.py:925} INFO - DAG(s) 'example_sla_dag' retrieved from /home/airflow/.local/lib/python3.12/site-packages/airflow/example_dags/example_sla_dag.py
[2026-08-21T11:46:38.164+0000] {logging_mixin.py:190} INFO - [2026-08-21T11:46:38.164+0000] {dag.py:3239} INFO - Sync 1 DAGs
[2026-08-21T11:46:38.190+0000] {logging_mixin.py:190} INFO - [2026-08-21T11:46:38.190+0000] {dag.py:4180} INFO - Setting next_dagrun for example_sla_dag to 2026-08-21 11:44:00+00:00, run_after=2026-08-21 11:46:00+00:00
[2026-08-21T11:46:38.213+0000] {processor.py:208} INFO - Processing /home/airflow/.local/lib/python3.12/site-packages/airflow/example_dags/example_sla_dag.py took 0.086 seconds
[2026-08-21T11:47:08.833+0000] {processor.py:186} INFO - Started process (PID=784) to work on /home/airflow/.local/lib/python3.12/site-packages/airflow/example_dags/example_sla_dag.py
[2026-08-21T11:47:08.833+0000] {processor.py:914} INFO - Processing file /home/airflow/.local/lib/python3.12/site-packages/airflow/example_dags/example_sla_dag.py for tasks to queue
[2026-08-21T11:47:08.835+0000] {logging_mixin.py:190} INFO - [2026-08-21T11:47:08.835+0000] {dagbag.py:588} INFO - Filling up the DagBag from /home/airflow/.local/lib/python3.12/site-packages/airflow/example_dags/example_sla_dag.py
[2026-08-21T11:47:08.845+0000] {processor.py:925} INFO - DAG(s) 'example_sla_dag' retrieved from /home/airflow/.local/lib/python3.12/site-packages/airflow/example_dags/example_sla_dag.py
[2026-08-21T11:47:08.864+0000] {logging_mixin.py:190} INFO - [2026-08-21T11:47:08.864+0000] {dag.py:3239} INFO - Sync 1 DAGs
[2026-08-21T11:47:08.889+0000] {logging_mixin.py:190} INFO - [2026-08-21T11:47:08.889+0000] {dag.py:4180} INFO - Setting next_dagrun for example_sla_dag to 2026-08-21 11:44:00+00:00, run_after=2026-08-21 11:46:00+00:00
[2026-08-21T11:47:08.908+0000] {processor.py:208} INFO - Processing /home/airflow/.local/lib/python3.12/site-packages/airflow/example_dags/example_sla_dag.py took 0.080 seconds
