[2026-08-21T11:41:01.992+0000] {processor.py:186} INFO - Started process (PID=119) to work on /home/airflow/.local/lib/python3.12/site-packages/airflow/example_dags/example_params_ui_tutorial.py
[2026-08-21T11:41:01.993+0000] {processor.py:914} INFO - Processing file /home/airflow/.local/lib/python3.12/site-packages/airflow/example_dags/example_params_ui_tutorial.py for tasks to queue
[2026-08-21T11:41:01.996+0000] {logging_mixin.py:190} INFO - [2026-08-21T11:41:01.995+0000] {dagbag.py:588} INFO - Filling up the DagBag from /home/airflow/.local/lib/python3.12/site-packages/airflow/example_dags/example_params_ui_tutorial.py
[2026-08-21T11:41:02.006+0000] {processor.py:925} INFO - DAG(s) 'example_params_ui_tutorial' retrieved from /home/airflow/.local/lib/python3.12/site-packages/airflow/example_dags/example_params_ui_tutorial.py
[2026-08-21T11:41:02.148+0000] {logging_mixin.py:190} INFO - [2026-08-21T11:41:02.147+0000] {override.py:1932} INFO - Created Permission View: can read on DAG:example_params_ui_tutorial
[2026-08-21T11:41:02.169+0000] {logging_mixin.py:190} INFO - [2026-08-21T11:41:02.169+0000] {override.py:1932} INFO - Created Permission View: can edit on DAG:example_params_ui_tutorial
[2026-08-21T11:41:02.183+0000] {logging_mixin.py:190} INFO - [2026-08-21T11:41:02.182+0000] {override.py:1932} INFO - Created Permission View: can delete on DAG:example_params_ui_tutorial
[2026-08-21T11:41:02.197+0000] {logging_mixin.py:190} INFO - [2026-08-21T11:41:02.196+0000] {override.py:1932} INFO - Created Permission View: menu access on DAG Run:example_params_ui_tutorial
[2026-08-21T11:41:02.208+0000] {logging_mixin.py:190} INFO - [2026-08-21T11:41:02.208+0000] {override.py:1932} INFO - Created Permission View: can read on DAG Run:example_params_ui_tutorial
[2026-08-21T11:41:02.224+0000] {logging_mixin.py:190} INFO - [2026-08-21T11:41:02.223+0000] {override.py:1932} INFO - Created Permission View: can create on DAG Run:example_params_ui_tutorial
[2026-08-21T11:41:02.236+0000] {logging_mixin.py:190} INFO - [2026-08-21T11:41:02.236+0000] {override.py:1932} INFO - Created Permission View: can delete on DAG Run:example_params_ui_tutorial
[2026-08-21T11:41:02.237+0000] {logging_mixin.py:190} INFO - [2026-08-21T11:41:02.236+0000] {dag.py:3239} INFO - Sync 1 DAGs
[2026-08-21T11:41:02.264+0000] {logging_mixin.py:190} INFO - [2026-08-21T11:41:02.264+0000] {dag.py:3262} INFO - Creating ORM DAG for example_params_ui_tutorial
[2026-08-21T11:41:02.265+0000] {logging_mixin.py:190} INFO - [2026-08-21T11:41:02.265+0000] {dag.py:4180} INFO - Setting next_dagrun for example_params_ui_tutorial to None, run_after=None
[2026-08-21T11:41:02.287+0000] {processor.py:208} INFO - Processing /home/airflow/.local/lib/python3.12/site-packages/airflow/example_dags/example_params_ui_tutorial.py took 0.301 seconds
[2026-08-21T11:41:33.360+0000] {processor.py:186} INFO - Started process (PID=181) to work on /home/airflow/.local/lib/python3.12/site-packages/airflow/example_dags/example_params_ui_tutorial.py
[2026-08-21T11:41:33.361+0000] {processor.py:914} INFO - Processing file /home/airflow/.local/lib/python3.12/site-packages/airflow/example_dags/example_params_ui_tutorial.py for tasks to queue
[2026-08-21T11:41:33.364+0000] {logging_mixin.py:190} INFO - [2026-08-21T11:41:33.363+0000] {dagbag.py:588} INFO - Filling up the DagBag from /home/airflow/.local/lib/python3.12/site-packages/airflow/example_dags/example_params_ui_tutorial.py
[2026-08-21T11:41:33.372+0000] {processor.py:925} INFO - DAG(s) 'example_params_ui_tutorial' retrieved from /home/airflow/.local/lib/python3.12/site-packages/airflow/example_dags/example_params_ui_tutorial.py
[2026-08-21T11:41:33.410+0000] {logging_mixin.py:190} INFO - [2026-08-21T11:41:33.410+0000] {dag.py:3239} INFO - Sync 1 DAGs
[2026-08-21T11:41:33.426+0000] {logging_mixin.py:190} INFO - [2026-08-21T11:41:33.425+0000] {dag.py:4180} INFO - Setting next_dagrun for example_params_ui_tutorial to None, run_after=None
[2026-08-21T11:41:33.444+0000] {processor.py:208} INFO - Processing /home/airflow/.local/lib/python3.12/site-packages/airflow/example_dags/example_params_ui_tutorial.py took 0.089 seconds
[2026-08-21T11:42:08.388+0000] {processor.py:186} INFO - Started process (PID=244) to work on /home/airflow/.local/lib/python3.12/site-packages/airflow/example_dags/example_params_ui_tutorial.py
[2026-08-21T11:42:08.389+0000] {processor.py:914} INFO - Processing file /home/airflow/.local/lib/python3.12/site-packages/airflow/example_dags/example_params_ui_tutorial.py for tasks to queue
[2026-08-21T11:42:08.393+0000] {logging_mixin.py:190} INFO - [2026-08-21T11:42:08.392+0000] {dagbag.py:588} INFO - Filling up the DagBag from /home/airflow/.local/lib/python3.12/site-packages/airflow/example_dags/example_params_ui_tutorial.py
[2026-08-21T11:42:08.405+0000] {processor.py:925} INFO - DAG(s) 'example_params_ui_tutorial' retrieved from /home/airflow/.local/lib/python3.12/site-packages/airflow/example_dags/example_params_ui_tutorial.py
[2026-08-21T11:42:08.446+0000] {logging_mixin.py:190} INFO - [2026-08-21T11:42:08.446+0000] {dag.py:3239} INFO - Sync 1 DAGs
[2026-08-21T11:42:08.463+0000] {logging_mixin.py:190} INFO - [2026-08-21T11:42:08.462+0000] {dag.py:4180} INFO - Setting next_dagrun for example_params_ui_tutorial to None, run_after=None
[2026-08-21T11:42:08.483+0000] {processor.py:208} INFO - Processing /home/airflow/.local/lib/python3.12/site-packages/airflow/example_dags/example_params_ui_tutorial.py took 0.102 seconds
[2026-08-21T11:42:43.842+0000] {processor.py:186} INFO - Started process (PID=307) to work on /home/airflow/.local/lib/python3.12/site-packages/airflow/example_dags/example_params_ui_tutorial.py
[2026-08-21T11:42:43.843+0000] {processor.py:914} INFO - Processing file /home/airflow/.local/lib/python3.12/site-packages/airflow/example_dags/example_params_ui_tutorial.py for tasks to queue
[2026-08-21T11:42:43.845+0000] {logging_mixin.py:190} INFO - [2026-08-21T11:42:43.844+0000] {dagbag.py:588} INFO - Filling up the DagBag from /home/airflow/.local/lib/python3.12/site-packages/airflow/example_dags/example_params_ui_tutorial.py
[2026-08-21T11:42:43.853+0000] {processor.py:925} INFO - DAG(s) 'example_params_ui_tutorial' retrieved from /home/airflow/.local/lib/python3.12/site-packages/airflow/example_dags/example_params_ui_tutorial.py
[2026-08-21T11:42:43.895+0000] {logging_mixin.py:190} INFO - [2026-08-21T11:42:43.895+0000] {dag.py:3239} INFO - Sync 1 DAGs
[2026-08-21T11:42:43.910+0000] {logging_mixin.py:190} INFO - [2026-08-21T11:42:43.910+0000] {dag.py:4180} INFO - Setting next_dagrun for example_params_ui_tutorial to None, run_after=None
[2026-08-21T11:42:43.930+0000] {processor.py:208} INFO - Processing /home/airflow/.local/lib/python3.12/site-packages/airflow/example_dags/example_params_ui_tutorial.py took 0.094 seconds
[2026-08-21T11:43:19.371+0000] {processor.py:186} INFO - Started process (PID=376) to work on /home/airflow/.local/lib/python3.12/site-packages/airflow/example_dags/example_params_ui_tutorial.py
[2026-08-21T11:43:19.372+0000] {processor.py:914} INFO - Processing file /home/airflow/.local/lib/python3.12/site-packages/airflow/example_dags/example_params_ui_tutorial.py for tasks to queue
[2026-08-21T11:43:19.375+0000] {logging_mixin.py:190} INFO - [2026-08-21T11:43:19.374+0000] {dagbag.py:588} INFO - Filling up the DagBag from /home/airflow/.local/lib/python3.12/site-packages/airflow/example_dags/example_params_ui_tutorial.py
[2026-08-21T11:43:19.389+0000] {processor.py:925} INFO - DAG(s) 'example_params_ui_tutorial' retrieved from /home/airflow/.local/lib/python3.12/site-packages/airflow/example_dags/example_params_ui_tutorial.py
[2026-08-21T11:43:19.439+0000] {logging_mixin.py:190} INFO - [2026-08-21T11:43:19.439+0000] {dag.py:3239} INFO - Sync 1 DAGs
[2026-08-21T11:43:19.458+0000] {logging_mixin.py:190} INFO - [2026-08-21T11:43:19.457+0000] {dag.py:4180} INFO - Setting next_dagrun for example_params_ui_tutorial to None, run_after=None
[2026-08-21T11:43:19.483+0000] {processor.py:208} INFO - Processing /home/airflow/.local/lib/python3.12/site-packages/airflow/example_dags/example_params_ui_tutorial.py took 0.119 seconds
[2026-08-21T11:43:52.547+0000] {processor.py:186} INFO - Started process (PID=438) to work on /home/airflow/.local/lib/python3.12/site-packages/airflow/example_dags/example_params_ui_tutorial.py
[2026-08-21T11:43:52.548+0000] {processor.py:914} INFO - Processing file /home/airflow/.local/lib/python3.12/site-packages/airflow/example_dags/example_params_ui_tutorial.py for tasks to queue
[2026-08-21T11:43:52.550+0000] {logging_mixin.py:190} INFO - [2026-08-21T11:43:52.550+0000] {dagbag.py:588} INFO - Filling up the DagBag from /home/airflow/.local/lib/python3.12/site-packages/airflow/example_dags/example_params_ui_tutorial.py
[2026-08-21T11:43:52.560+0000] {processor.py:925} INFO - DAG(s) 'example_params_ui_tutorial' retrieved from /home/airflow/.local/lib/python3.12/site-packages/airflow/example_dags/example_params_ui_tutorial.py
[2026-08-21T11:43:52.605+0000] {logging_mixin.py:190} INFO - [2026-08-21T11:43:52.605+0000] {dag.py:3239} INFO - Sync 1 DAGs
[2026-08-21T11:43:52.622+0000] {logging_mixin.py:190} INFO - [2026-08-21T11:43:52.622+0000] {dag.py:4180} INFO - Setting next_dagrun for example_params_ui_tutorial to None, run_after=None
[2026-08-21T11:43:52.645+0000] {processor.py:208} INFO - Processing /home/airflow/.local/lib/python3.12/site-packages/airflow/example_dags/example_params_ui_tutorial.py took 0.103 seconds
[2026-08-21T11:44:27.513+0000] {processor.py:186} INFO - Started process (PID=507) to work on /home/airflow/.local/lib/python3.12/site-packages/airflow/example_dags/example_params_ui_tutorial.py
[2026-08-21T11:44:27.514+0000] {processor.py:914} INFO - Processing file /home/airflow/.local/lib/python3.12/site-packages/airflow/example_dags/example_params_ui_tutorial.py for tasks to queue
[2026-08-21T11:44:27.516+0000] {logging_mixin.py:190} INFO - [2026-08-21T11:44:27.516+0000] {dagbag.py:588} INFO - Filling up the DagBag from /home/airflow/.local/lib/python3.12/site-packages/airflow/example_dags/example_params_ui_tutorial.py
[2026-08-21T11:44:27.525+0000] {processor.py:925} INFO - DAG(s) 'example_params_ui_tutorial' retrieved from /home/airflow/.local/lib/python3.12/site-packages/airflow/example_dags/example_params_ui_tutorial.py
[2026-08-21T11:44:27.571+0000] {logging_mixin.py:190} INFO - [2026-08-21T11:44:27.570+0000] {dag.py:3239} INFO - Sync 1 DAGs
[2026-08-21T11:44:27.585+0000] {logging_mixin.py:190} INFO - [2026-08-21T11:44:27.584+0000] {dag.py:4180} INFO - Setting next_dagrun for example_params_ui_tutorial to None, run_after=None
[2026-08-21T11:44:27.605+0000] {processor.py:208} INFO - Processing /home/airflow/.local/lib/python3.12/site-packages/airflow/example_dags/example_params_ui_tutorial.py took 0.098 seconds
[2026-08-21T11:45:04.108+0000] {processor.py:186} INFO - Started process (PID=570) to work on /home/airflow/.local/lib/python3.12/site-packages/airflow/example_dags/example_params_ui_tutorial.py
[2026-08-21T11:45:04.109+0000] {processor.py:914} INFO - Processing file /home/airflow/.local/lib/python3.12/site-packages/airflow/example_dags/example_params_ui_tutorial.py for tasks to queue
[2026-08-21T11:45:04.113+0000] {logging_mixin.py:190} INFO - [2026-08-21T11:45:04.113+0000] {dagbag.py:588} INFO - Filling up the DagBag from /home/airflow/.local/lib/python3.12/site-packages/airflow/example_dags/example_params_ui_tutorial.py
[2026-08-21T11:45:04.125+0000] {processor.py:925} INFO - DAG(s) 'example_params_ui_tutorial' retrieved from /home/airflow/.local/lib/python3.12/site-packages/airflow/example_dags/example_params_ui_tutorial.py
[2026-08-21T11:45:04.172+0000] {logging_mixin.py:190} INFO - [2026-08-21T11:45:04.172+0000] {dag.py:3239} INFO - Sync 1 DAGs
[2026-08-21T11:45:04.190+0000] {logging_mixin.py:190} INFO - [2026-08-21T11:45:04.190+0000] {dag.py:4180} INFO - Setting next_dagrun for example_params_ui_tutorial to None, run_after=None
[2026-08-21T11:45:04.211+0000] {processor.py:208} INFO - Processing /home/airflow/.local/lib/python3.12/site-packages/airflow/example_dags/example_params_ui_tutorial.py took 0.109 seconds
[2026-08-21T11:45:39.928+0000] {processor.py:186} INFO - Started process (PID=633) to work on /home/airflow/.local/lib/python3.12/site-packages/airflow/example_dags/example_params_ui_tutorial.py
[2026-08-21T11:45:39.929+0000] {processor.py:914} INFO - Processing file /home/airflow/.local/lib/python3.12/site-packages/airflow/example_dags/example_params_ui_tutorial.py for tasks to queue
[2026-08-21T11:45:39.933+0000] {logging_mixin.py:190} INFO - [2026-08-21T11:45:39.932+0000] {dagbag.py:588} INFO - Filling up the DagBag from /home/airflow/.local/lib/python3.12/site-packages/airflow/example_dags/example_params_ui_tutorial.py
[2026-08-21T11:45:39.951+0000] {processor.py:925} INFO - DAG(s) 'example_params_ui_tutorial' retrieved from /home/airflow/.local/lib/python3.12/site-packages/airflow/example_dags/example_params_ui_tutorial.py
[2026-08-21T11:45:40.011+0000] {logging_mixin.py:190} INFO - [2026-08-21T11:45:40.010+0000] {dag.py:3239} INFO - Sync 1 DAGs
[2026-08-21T11:45:40.027+0000] {logging_mixin.py:190} INFO - [2026-08-21T11:45:40.027+0000] {dag.py:4180} INFO - Setting next_dagrun for example_params_ui_tutorial to None, run_after=None
[2026-08-21T11:45:40.057+0000] {processor.py:208} INFO - Processing /home/airflow/.local/lib/python3.12/site-packages/airflow/example_dags/example_params_ui_tutorial.py took 0.137 seconds
[2026-08-21T11:46:14.456+0000] {processor.py:186} INFO - Started process (PID=696) to work on /home/airflow/.local/lib/python3.12/site-packages/airflow/example_dags/example_params_ui_tutorial.py
[2026-08-21T11:46:14.457+0000] {processor.py:914} INFO - Processing file /home/airflow/.local/lib/python3.12/site-packages/airflow/example_dags/example_params_ui_tutorial.py for tasks to queue
[2026-08-21T11:46:14.459+0000] {logging_mixin.py:190} INFO - [2026-08-21T11:46:14.458+0000] {dagbag.py:588} INFO - Filling up the DagBag from /home/airflow/.local/lib/python3.12/site-packages/airflow/example_dags/example_params_ui_tutorial.py
[2026-08-21T11:46:14.468+0000] {processor.py:925} INFO - DAG(s) 'example_params_ui_tutorial' retrieved from /home/airflow/.local/lib/python3.12/site-packages/airflow/example_dags/example_params_ui_tutorial.py
[2026-08-21T11:46:14.515+0000] {logging_mixin.py:190} INFO - [2026-08-21T11:46:14.515+0000] {dag.py:3239} INFO - Sync 1 DAGs
[2026-08-21T11:46:14.530+0000] {logging_mixin.py:190} INFO - [2026-08-21T11:46:14.530+0000] {dag.py:4180} INFO - Setting next_dagrun for example_params_ui_tutorial to None, run_after=None
[2026-08-21T11:46:14.554+0000] {processor.py:208} INFO - Processing /home/airflow/.local/lib/python3.12/site-packages/airflow/example_dags/example_params_ui_tutorial.py took 0.104 seconds
[2026-08-21T11:46:50.561+0000] {processor.py:186} INFO - Started process (PID=765) to work on /home/airflow/.local/lib/python3.12/site-packages/airflow/example_dags/example_params_ui_tutorial.py
[2026-08-21T11:46:50.562+0000] {processor.py:914} INFO - Processing file /home/airflow/.local/lib/python3.12/site-packages/airflow/example_dags/example_params_ui_tutorial.py for tasks to queue
[2026-08-21T11:46:50.564+0000] {logging_mixin.py:190} INFO - [2026-08-21T11:46:50.563+0000] {dagbag.py:588} INFO - Filling up the DagBag from /home/airflow/.local/lib/python3.12/site-packages/airflow/example_dags/example_params_ui_tutorial.py
[2026-08-21T11:46:50.573+0000] {processor.py:925} INFO - DAG(s) 'example_params_ui_tutorial' retrieved from /home/airflow/.local/lib/python3.12/site-packages/airflow/example_dags/example_params_ui_tutorial.py
[2026-08-21T11:46:50.621+0000] {logging_mixin.py:190} INFO - [2026-08-21T11:46:50.621+0000] {dag.py:3239} INFO - Sync 1 DAGs
[2026-08-21T11:46:50.636+0000] {logging_mixin.py:190} INFO - [2026-08-21T11:46:50.635+0000] {dag.py:4180} INFO - Setting next_dagrun for example_params_ui_tutorial to None, run_after=None
[2026-08-21T11:46:50.661+0000] {processor.py:208} INFO - Processing /home/airflow/.local/lib/python3.12/site-packages/airflow/example_dags/example_params_ui_tutorial.py took 0.105 seconds
