[2026-08-21T11:41:03.662+0000] {processor.py:186} INFO - Started process (PID=125) to work on /home/airflow/.local/lib/python3.12/site-packages/airflow/example_dags/example_skip_dag.py
[2026-08-21T11:41:03.662+0000] {processor.py:914} INFO - Processing file /home/airflow/.local/lib/python3.12/site-packages/airflow/example_dags/example_skip_dag.py for tasks to queue
[2026-08-21T11:41:03.664+0000] {logging_mixin.py:190} INFO - [2026-08-21T11:41:03.664+0000] {dagbag.py:588} INFO - Filling up the DagBag from /home/airflow/.local/lib/python3.12/site-packages/airflow/example_dags/example_skip_dag.py
[2026-08-21T11:41:03.672+0000] {processor.py:925} INFO - DAG(s) 'example_skip_dag' retrieved from /home/airflow/.local/lib/python3.12/site-packages/airflow/example_dags/example_skip_dag.py
[2026-08-21T11:41:03.772+0000] {logging_mixin.py:190} INFO - [2026-08-21T11:41:03.771+0000] {override.py:1932} INFO - Created Permission View: can read on DAG:example_skip_dag
[2026-08-21T11:41:03.784+0000] {logging_mixin.py:190} INFO - [2026-08-21T11:41:03.784+0000] {override.py:1932} INFO - Created Permission View: can edit on DAG:example_skip_dag
[2026-08-21T11:41:03.793+0000] {logging_mixin.py:190} INFO - [2026-08-21T11:41:03.793+0000] {override.py:1932} INFO - Created Permission View: can delete on DAG:example_skip_dag
[2026-08-21T11:41:03.802+0000] {logging_mixin.py:190} INFO - [2026-08-21T11:41:03.802+0000] {override.py:1932} INFO - Created Permission View: menu access on DAG Run:example_skip_dag
[2026-08-21T11:41:03.811+0000] {logging_mixin.py:190} INFO - [2026-08-21T11:41:03.810+0000] {override.py:1932} INFO - Created Permission View: can read on DAG Run:example_skip_dag
[2026-08-21T11:41:03.819+0000] {logging_mixin.py:190} INFO - [2026-08-21T11:41:03.818+0000] {override.py:1932} INFO - Created Permission View: can create on DAG Run:example_skip_dag
[2026-08-21T11:41:03.829+0000] {logging_mixin.py:190} INFO - [2026-08-21T11:41:03.828+0000] {override.py:1932} INFO - Created Permission View: can delete on DAG Run:example_skip_dag
[2026-08-21T11:41:03.829+0000] {logging_mixin.py:190} INFO - [2026-08-21T11:41:03.829+0000] {dag.py:3239} INFO - Sync 1 DAGs
[2026-08-21T11:41:03.841+0000] {logging_mixin.py:190} INFO - [2026-08-21T11:41:03.840+0000] {dag.py:3262} INFO - Creating ORM DAG for example_skip_dag
[2026-08-21T11:41:03.850+0000] {logging_mixin.py:190} INFO - [2026-08-21T11:41:03.849+0000] {dag.py:4180} INFO - Setting next_dagrun for example_skip_dag to 2026-08-20 00:00:00+00:00, run_after=2026-08-21 00:00:00+00:00
[2026-08-21T11:41:03.871+0000] {processor.py:208} INFO - Processing /home/airflow/.local/lib/python3.12/site-packages/airflow/example_dags/example_skip_dag.py took 0.216 seconds
[2026-08-21T11:41:34.103+0000] {processor.py:186} INFO - Started process (PID=187) to work on /home/airflow/.local/lib/python3.12/site-packages/airflow/example_dags/example_skip_dag.py
[2026-08-21T11:41:34.104+0000] {processor.py:914} INFO - Processing file /home/airflow/.local/lib/python3.12/site-packages/airflow/example_dags/example_skip_dag.py for tasks to queue
[2026-08-21T11:41:34.106+0000] {logging_mixin.py:190} INFO - [2026-08-21T11:41:34.106+0000] {dagbag.py:588} INFO - Filling up the DagBag from /home/airflow/.local/lib/python3.12/site-packages/airflow/example_dags/example_skip_dag.py
[2026-08-21T11:41:34.114+0000] {processor.py:925} INFO - DAG(s) 'example_skip_dag' retrieved from /home/airflow/.local/lib/python3.12/site-packages/airflow/example_dags/example_skip_dag.py
[2026-08-21T11:41:34.138+0000] {logging_mixin.py:190} INFO - [2026-08-21T11:41:34.138+0000] {dag.py:3239} INFO - Sync 1 DAGs
[2026-08-21T11:41:34.163+0000] {logging_mixin.py:190} INFO - [2026-08-21T11:41:34.162+0000] {dag.py:4180} INFO - Setting next_dagrun for example_skip_dag to 2026-08-20 00:00:00+00:00, run_after=2026-08-21 00:00:00+00:00
[2026-08-21T11:41:34.182+0000] {processor.py:208} INFO - Processing /home/airflow/.local/lib/python3.12/site-packages/airflow/example_dags/example_skip_dag.py took 0.085 seconds
[2026-08-21T11:42:09.178+0000] {processor.py:186} INFO - Started process (PID=250) to work on /home/airflow/.local/lib/python3.12/site-packages/airflow/example_dags/example_skip_dag.py
[2026-08-21T11:42:09.179+0000] {processor.py:914} INFO - Processing file /home/airflow/.local/lib/python3.12/site-packages/airflow/example_dags/example_skip_dag.py for tasks to queue
[2026-08-21T11:42:09.182+0000] {logging_mixin.py:190} INFO - [2026-08-21T11:42:09.181+0000] {dagbag.py:588} INFO - Filling up the DagBag from /home/airflow/.local/lib/python3.12/site-packages/airflow/example_dags/example_skip_dag.py
[2026-08-21T11:42:09.190+0000] {processor.py:925} INFO - DAG(s) 'example_skip_dag' retrieved from /home/airflow/.local/lib/python3.12/site-packages/airflow/example_dags/example_skip_dag.py
[2026-08-21T11:42:09.215+0000] {logging_mixin.py:190} INFO - [2026-08-21T11:42:09.214+0000] {dag.py:3239} INFO - Sync 1 DAGs
[2026-08-21T11:42:09.240+0000] {logging_mixin.py:190} INFO - [2026-08-21T11:42:09.240+0000] {dag.py:4180} INFO - Setting next_dagrun for example_skip_dag to 2026-08-20 00:00:00+00:00, run_after=2026-08-21 00:00:00+00:00
[2026-08-21T11:42:09.260+0000] {processor.py:208} INFO - Processing /home/airflow/.local/lib/python3.12/site-packages/airflow/example_dags/example_skip_dag.py took 0.087 seconds
[2026-08-21T11:42:44.574+0000] {processor.py:186} INFO - Started process (PID=313) to work on /home/airflow/.local/lib/python3.12/site-packages/airflow/example_dags/example_skip_dag.py
[2026-08-21T11:42:44.575+0000] {processor.py:914} INFO - Processing file /home/airflow/.local/lib/python3.12/site-packages/airflow/example_dags/example_skip_dag.py for tasks to queue
[2026-08-21T11:42:44.577+0000] {logging_mixin.py:190} INFO - [2026-08-21T11:42:44.577+0000] {dagbag.py:588} INFO - Filling up the DagBag from /home/airflow/.local/lib/python3.12/site-packages/airflow/example_dags/example_skip_dag.py
[2026-08-21T11:42:44.585+0000] {processor.py:925} INFO - DAG(s) 'example_skip_dag' retrieved from /home/airflow/.local/lib/python3.12/site-packages/airflow/example_dags/example_skip_dag.py
[2026-08-21T11:42:44.611+0000] {logging_mixin.py:190} INFO - [2026-08-21T11:42:44.611+0000] {dag.py:3239} INFO - Sync 1 DAGs
[2026-08-21T11:42:44.637+0000] {logging_mixin.py:190} INFO - [2026-08-21T11:42:44.636+0000] {dag.py:4180} INFO - Setting next_dagrun for example_skip_dag to 2026-08-20 00:00:00+00:00, run_after=2026-08-21 00:00:00+00:00
[2026-08-21T11:42:44.656+0000] {processor.py:208} INFO - Processing /home/airflow/.local/lib/python3.12/site-packages/airflow/example_dags/example_skip_dag.py took 0.087 seconds
[2026-08-21T11:43:20.168+0000] {processor.py:186} INFO - Started process (PID=382) to work on /home/airflow/.local/lib/python3.12/site-packages/airflow/example_dags/example_skip_dag.py
[2026-08-21T11:43:20.169+0000] {processor.py:914} INFO - Processing file /home/airflow/.local/lib/python3.12/site-packages/airflow/example_dags/example_skip_dag.py for tasks to queue
[2026-08-21T11:43:20.172+0000] {logging_mixin.py:190} INFO - [2026-08-21T11:43:20.171+0000] {dagbag.py:588} INFO - Filling up the DagBag from /home/airflow/.local/lib/python3.12/site-packages/airflow/example_dags/example_skip_dag.py
[2026-08-21T11:43:20.185+0000] {processor.py:925} INFO - DAG(s) 'example_skip_dag' retrieved from /home/airflow/.local/lib/python3.12/site-packages/airflow/example_dags/example_skip_dag.py
[2026-08-21T11:43:20.214+0000] {logging_mixin.py:190} INFO - [2026-08-21T11:43:20.214+0000] {dag.py:3239} INFO - Sync 1 DAGs
[2026-08-21T11:43:20.249+0000] {logging_mixin.py:190} INFO - [2026-08-21T11:43:20.249+0000] {dag.py:4180} INFO - Setting next_dagrun for example_skip_dag to 2026-08-20 00:00:00+00:00, run_after=2026-08-21 00:00:00+00:00
[2026-08-21T11:43:20.274+0000] {processor.py:208} INFO - Processing /home/airflow/.local/lib/python3.12/site-packages/airflow/example_dags/example_skip_dag.py took 0.112 seconds
[2026-08-21T11:43:52.920+0000] {processor.py:186} INFO - Started process (PID=444) to work on /home/airflow/.local/lib/python3.12/site-packages/airflow/example_dags/example_skip_dag.py
[2026-08-21T11:43:52.921+0000] {processor.py:914} INFO - Processing file /home/airflow/.local/lib/python3.12/site-packages/airflow/example_dags/example_skip_dag.py for tasks to queue
[2026-08-21T11:43:52.924+0000] {logging_mixin.py:190} INFO - [2026-08-21T11:43:52.923+0000] {dagbag.py:588} INFO - Filling up the DagBag from /home/airflow/.local/lib/python3.12/site-packages/airflow/example_dags/example_skip_dag.py
[2026-08-21T11:43:52.935+0000] {processor.py:925} INFO - DAG(s) 'example_skip_dag' retrieved from /home/airflow/.local/lib/python3.12/site-packages/airflow/example_dags/example_skip_dag.py
[2026-08-21T11:43:52.956+0000] {logging_mixin.py:190} INFO - [2026-08-21T11:43:52.956+0000] {dag.py:3239} INFO - Sync 1 DAGs
[2026-08-21T11:43:52.983+0000] {logging_mixin.py:190} INFO - [2026-08-21T11:43:52.983+0000] {dag.py:4180} INFO - Setting next_dagrun for example_skip_dag to 2026-08-20 00:00:00+00:00, run_after=2026-08-21 00:00:00+00:00
[2026-08-21T11:43:53.007+0000] {processor.py:208} INFO - Processing /home/airflow/.local/lib/python3.12/site-packages/airflow/example_dags/example_skip_dag.py took 0.093 seconds
[2026-08-21T11:44:27.860+0000] {processor.py:186} INFO - Started process (PID=513) to work on /home/airflow/.local/lib/python3.12/site-packages/airflow/example_dags/example_skip_dag.py
[2026-08-21T11:44:27.860+0000] {processor.py:914} INFO - Processing file /home/airflow/.local/lib/python3.12/site-packages/airflow/example_dags/example_skip_dag.py for tasks to queue
[2026-08-21T11:44:27.863+0000] {logging_mixin.py:190} INFO - [2026-08-21T11:44:27.863+0000] {dagbag.py:588} INFO - Filling up the DagBag from /home/airflow/.local/lib/python3.12/site-packages/airflow/example_dags/example_skip_dag.py
[2026-08-21T11:44:27.873+0000] {processor.py:925} INFO - DAG(s) 'example_skip_dag' retrieved from /home/airflow/.local/lib/python3.12/site-packages/airflow/example_dags/example_skip_dag.py
[2026-08-21T11:44:27.893+0000] {logging_mixin.py:190} INFO - [2026-08-21T11:44:27.892+0000] {dag.py:3239} INFO - Sync 1 DAGs
[2026-08-21T11:44:27.918+0000] {logging_mixin.py:190} INFO - [2026-08-21T11:44:27.917+0000] {dag.py:4180} INFO - Setting next_dagrun for example_skip_dag to 2026-08-20 00:00:00+00:00, run_after=2026-08-21 00:00:00+00:00
[2026-08-21T11:44:27.940+0000] {processor.py:208} INFO - Processing /home/airflow/.local/lib/python3.12/site-packages/airflow/example_dags/example_skip_dag.py took 0.087 seconds
[2026-08-21T11:45:04.498+0000] {processor.py:186} INFO - Started process (PID=576) to work on /home/airflow/.local/lib/python3.12/site-packages/airflow/example_dags/example_skip_dag.py
[2026-08-21T11:45:04.499+0000] {processor.py:914} INFO - Processing file /home/airflow/.local/lib/python3.12/site-packages/airflow/example_dags/example_skip_dag.py for tasks to queue
[2026-08-21T11:45:04.501+0000] {logging_mixin.py:190} INFO - [2026-08-21T11:45:04.500+0000] {dagbag.py:588} INFO - Filling up the DagBag from /home/airflow/.local/lib/python3.12/site-packages/airflow/example_dags/example_skip_dag.py
[2026-08-21T11:45:04.515+0000] {processor.py:925} INFO - DAG(s) 'example_skip_dag' retrieved from /home/airflow/.local/lib/python3.12/site-packages/airflow/example_dags/example_skip_dag.py
[2026-08-21T11:45:04.538+0000] {logging_mixin.py:190} INFO - [2026-08-21T11:45:04.538+0000] {dag.py:3239} INFO - Sync 1 DAGs
[2026-08-21T11:45:04.565+0000] {logging_mixin.py:190} INFO - [2026-08-21T11:45:04.565+0000] {dag.py:4180} INFO - Setting next_dagrun for example_skip_dag to 2026-08-20 00:00:00+00:00, run_after=2026-08-21 00:00:00+00:00
[2026-08-21T11:45:04.588+0000] {processor.py:208} INFO - Processing /home/airflow/.local/lib/python3.12/site-packages/airflow/example_dags/example_skip_dag.py took 0.096 seconds
[2026-08-21T11:45:40.484+0000] {processor.py:186} INFO - Started process (PID=639) to work on /home/airflow/.local/lib/python3.12/site-packages/airflow/example_dags/example_skip_dag.py
[2026-08-21T11:45:40.485+0000] {processor.py:914} INFO - Processing file /home/airflow/.local/lib/python3.12/site-packages/airflow/example_dags/example_skip_dag.py for tasks to queue
[2026-08-21T11:45:40.488+0000] {logging_mixin.py:190} INFO - [2026-08-21T11:45:40.487+0000] {dagbag.py:588} INFO - Filling up the DagBag from /home/airflow/.local/lib/python3.12/site-packages/airflow/example_dags/example_skip_dag.py
[2026-08-21T11:45:40.497+0000] {processor.py:925} INFO - DAG(s) 'example_skip_dag' retrieved from /home/airflow/.local/lib/python3.12/site-packages/airflow/example_dags/example_skip_dag.py
[2026-08-21T11:45:40.525+0000] {logging_mixin.py:190} INFO - [2026-08-21T11:45:40.524+0000] {dag.py:3239} INFO - Sync 1 DAGs
[2026-08-21T11:45:40.552+0000] {logging_mixin.py:190} INFO - [2026-08-21T11:45:40.552+0000] {dag.py:4180} INFO - Setting next_dagrun for example_skip_dag to 2026-08-20 00:00:00+00:00, run_after=2026-08-21 00:00:00+00:00
[2026-08-21T11:45:40.576+0000] {processor.py:208} INFO - Processing /home/airflow/.local/lib/python3.12/site-packages/airflow/example_dags/example_skip_dag.py took 0.100 seconds
[2026-08-21T11:46:14.946+0000] {processor.py:186} INFO - Started process (PID=702) to work on /home/airflow/.local/lib/python3.12/site-packages/airflow/example_dags/example_skip_dag.py
[2026-08-21T11:46:14.947+0000] {processor.py:914} INFO - Processing file /home/airflow/.local/lib/python3.12/site-packages/airflow/example_dags/example_skip_dag.py for tasks to queue
[2026-08-21T11:46:14.949+0000] {logging_mixin.py:190} INFO - [2026-08-21T11:46:14.949+0000] {dagbag.py:588} INFO - Filling up the DagBag from /home/airflow/.local/lib/python3.12/site-packages/airflow/example_dags/example_skip_dag.py
[2026-08-21T11:46:14.957+0000] {processor.py:925} INFO - DAG(s) 'example_skip_dag' retrieved from /home/airflow/.local/lib/python3.12/site-packages/airflow/example_dags/example_skip_dag.py
[2026-08-21T11:46:14.980+0000] {logging_mixin.py:190} INFO - [2026-08-21T11:46:14.980+0000] {dag.py:3239} INFO - Sync 1 DAGs
[2026-08-21T11:46:15.005+0000] {logging_mixin.py:190} INFO - [2026-08-21T11:46:15.004+0000] {dag.py:4180} INFO - Setting next_dagrun for example_skip_dag to 2026-08-20 00:00:00+00:00, run_after=2026-08-21 00:00:00+00:00
[2026-08-21T11:46:15.029+0000] {processor.py:208} INFO - Processing /home/airflow/.local/lib/python3.12/site-packages/airflow/example_dags/example_skip_dag.py took 0.089 seconds
[2026-08-21T11:46:50.936+0000] {processor.py:186} INFO - Started process (PID=771) to work on /home/airflow/.local/lib/python3.12/site-packages/airflow/example_dags/example_skip_dag.py
[2026-08-21T11:46:50.938+0000] {processor.py:914} INFO - Processing file /home/airflow/.local/lib/python3.12/site-packages/airflow/example_dags/example_skip_dag.py for tasks to queue
[2026-08-21T11:46:50.939+0000] {logging_mixin.py:190} INFO - [2026-08-21T11:46:50.939+0000] {dagbag.py:588} INFO - Filling up the DagBag from /home/airflow/.local/lib/python3.12/site-packages/airflow/example_dags/example_skip_dag.py
[2026-08-21T11:46:50.947+0000] {processor.py:925} INFO - DAG(s) 'example_skip_dag' retrieved from /home/airflow/.local/lib/python3.12/site-packages/airflow/example_dags/example_skip_dag.py
[2026-08-21T11:46:50.969+0000] {logging_mixin.py:190} INFO - [2026-08-21T11:46:50.969+0000] {dag.py:3239} INFO - Sync 1 DAGs
[2026-08-21T11:46:50.993+0000] {logging_mixin.py:190} INFO - [2026-08-21T11:46:50.993+0000] {dag.py:4180} INFO - Setting next_dagrun for example_skip_dag to 2026-08-20 00:00:00+00:00, run_after=2026-08-21 00:00:00+00:00
[2026-08-21T11:46:51.014+0000] {processor.py:208} INFO - Processing /home/airflow/.local/lib/python3.12/site-packages/airflow/example_dags/example_skip_dag.py took 0.083 seconds
