[2026-08-21T11:40:57.701+0000] {processor.py:186} INFO - Started process (PID=99) to work on /home/airflow/.local/lib/python3.12/site-packages/airflow/example_dags/example_short_circuit_decorator.py
[2026-08-21T11:40:57.702+0000] {processor.py:914} INFO - Processing file /home/airflow/.local/lib/python3.12/site-packages/airflow/example_dags/example_short_circuit_decorator.py for tasks to queue
[2026-08-21T11:40:57.705+0000] {logging_mixin.py:190} INFO - [2026-08-21T11:40:57.705+0000] {dagbag.py:588} INFO - Filling up the DagBag from /home/airflow/.local/lib/python3.12/site-packages/airflow/example_dags/example_short_circuit_decorator.py
[2026-08-21T11:40:57.715+0000] {processor.py:925} INFO - DAG(s) 'example_short_circuit_decorator' retrieved from /home/airflow/.local/lib/python3.12/site-packages/airflow/example_dags/example_short_circuit_decorator.py
[2026-08-21T11:40:57.835+0000] {logging_mixin.py:190} INFO - [2026-08-21T11:40:57.834+0000] {override.py:1932} INFO - Created Permission View: can read on DAG:example_short_circuit_decorator
[2026-08-21T11:40:57.845+0000] {logging_mixin.py:190} INFO - [2026-08-21T11:40:57.845+0000] {override.py:1932} INFO - Created Permission View: can edit on DAG:example_short_circuit_decorator
[2026-08-21T11:40:57.851+0000] {logging_mixin.py:190} INFO - [2026-08-21T11:40:57.851+0000] {override.py:1932} INFO - Created Permission View: can delete on DAG:example_short_circuit_decorator
[2026-08-21T11:40:57.860+0000] {logging_mixin.py:190} INFO - [2026-08-21T11:40:57.860+0000] {override.py:1932} INFO - Created Permission View: menu access on DAG Run:example_short_circuit_decorator
[2026-08-21T11:40:57.868+0000] {logging_mixin.py:190} INFO - [2026-08-21T11:40:57.868+0000] {override.py:1932} INFO - Created Permission View: can read on DAG Run:example_short_circuit_decorator
[2026-08-21T11:40:57.876+0000] {logging_mixin.py:190} INFO - [2026-08-21T11:40:57.876+0000] {override.py:1932} INFO - Created Permission View: can create on DAG Run:example_short_circuit_decorator
[2026-08-21T11:40:57.882+0000] {logging_mixin.py:190} INFO - [2026-08-21T11:40:57.882+0000] {override.py:1932} INFO - Created Permission View: can delete on DAG Run:example_short_circuit_decorator
[2026-08-21T11:40:57.883+0000] {logging_mixin.py:190} INFO - [2026-08-21T11:40:57.883+0000] {dag.py:3239} INFO - Sync 1 DAGs
[2026-08-21T11:40:57.894+0000] {logging_mixin.py:190} INFO - [2026-08-21T11:40:57.894+0000] {dag.py:3262} INFO - Creating ORM DAG for example_short_circuit_decorator
[2026-08-21T11:40:57.895+0000] {logging_mixin.py:190} INFO - [2026-08-21T11:40:57.895+0000] {dag.py:4180} INFO - Setting next_dagrun for example_short_circuit_decorator to None, run_after=None
[2026-08-21T11:40:57.915+0000] {processor.py:208} INFO - Processing /home/airflow/.local/lib/python3.12/site-packages/airflow/example_dags/example_short_circuit_decorator.py took 0.220 seconds
[2026-08-21T11:41:30.637+0000] {processor.py:186} INFO - Started process (PID=161) to work on /home/airflow/.local/lib/python3.12/site-packages/airflow/example_dags/example_short_circuit_decorator.py
[2026-08-21T11:41:30.637+0000] {processor.py:914} INFO - Processing file /home/airflow/.local/lib/python3.12/site-packages/airflow/example_dags/example_short_circuit_decorator.py for tasks to queue
[2026-08-21T11:41:30.640+0000] {logging_mixin.py:190} INFO - [2026-08-21T11:41:30.639+0000] {dagbag.py:588} INFO - Filling up the DagBag from /home/airflow/.local/lib/python3.12/site-packages/airflow/example_dags/example_short_circuit_decorator.py
[2026-08-21T11:41:30.649+0000] {processor.py:925} INFO - DAG(s) 'example_short_circuit_decorator' retrieved from /home/airflow/.local/lib/python3.12/site-packages/airflow/example_dags/example_short_circuit_decorator.py
[2026-08-21T11:41:30.670+0000] {logging_mixin.py:190} INFO - [2026-08-21T11:41:30.670+0000] {dag.py:3239} INFO - Sync 1 DAGs
[2026-08-21T11:41:30.683+0000] {logging_mixin.py:190} INFO - [2026-08-21T11:41:30.683+0000] {dag.py:4180} INFO - Setting next_dagrun for example_short_circuit_decorator to None, run_after=None
[2026-08-21T11:41:30.700+0000] {processor.py:208} INFO - Processing /home/airflow/.local/lib/python3.12/site-packages/airflow/example_dags/example_short_circuit_decorator.py took 0.068 seconds
[2026-08-21T11:42:05.894+0000] {processor.py:186} INFO - Started process (PID=225) to work on /home/airflow/.local/lib/python3.12/site-packages/airflow/example_dags/example_short_circuit_decorator.py
[2026-08-21T11:42:05.895+0000] {processor.py:914} INFO - Processing file /home/airflow/.local/lib/python3.12/site-packages/airflow/example_dags/example_short_circuit_decorator.py for tasks to queue
[2026-08-21T11:42:05.897+0000] {logging_mixin.py:190} INFO - [2026-08-21T11:42:05.897+0000] {dagbag.py:588} INFO - Filling up the DagBag from /home/airflow/.local/lib/python3.12/site-packages/airflow/example_dags/example_short_circuit_decorator.py
[2026-08-21T11:42:05.907+0000] {processor.py:925} INFO - DAG(s) 'example_short_circuit_decorator' retrieved from /home/airflow/.local/lib/python3.12/site-packages/airflow/example_dags/example_short_circuit_decorator.py
[2026-08-21T11:42:05.936+0000] {logging_mixin.py:190} INFO - [2026-08-21T11:42:05.935+0000] {dag.py:3239} INFO - Sync 1 DAGs
[2026-08-21T11:42:05.952+0000] {logging_mixin.py:190} INFO - [2026-08-21T11:42:05.951+0000] {dag.py:4180} INFO - Setting next_dagrun for example_short_circuit_decorator to None, run_after=None
[2026-08-21T11:42:05.974+0000] {processor.py:208} INFO - Processing /home/airflow/.local/lib/python3.12/site-packages/airflow/example_dags/example_short_circuit_decorator.py took 0.085 seconds
[2026-08-21T11:42:41.449+0000] {processor.py:186} INFO - Started process (PID=288) to work on /home/airflow/.local/lib/python3.12/site-packages/airflow/example_dags/example_short_circuit_decorator.py
[2026-08-21T11:42:41.451+0000] {processor.py:914} INFO - Processing file /home/airflow/.local/lib/python3.12/site-packages/airflow/example_dags/example_short_circuit_decorator.py for tasks to queue
[2026-08-21T11:42:41.454+0000] {logging_mixin.py:190} INFO - [2026-08-21T11:42:41.454+0000] {dagbag.py:588} INFO - Filling up the DagBag from /home/airflow/.local/lib/python3.12/site-packages/airflow/example_dags/example_short_circuit_decorator.py
[2026-08-21T11:42:41.465+0000] {processor.py:925} INFO - DAG(s) 'example_short_circuit_decorator' retrieved from /home/airflow/.local/lib/python3.12/site-packages/airflow/example_dags/example_short_circuit_decorator.py
[2026-08-21T11:42:41.491+0000] {logging_mixin.py:190} INFO - [2026-08-21T11:42:41.491+0000] {dag.py:3239} INFO - Sync 1 DAGs
[2026-08-21T11:42:41.507+0000] {logging_mixin.py:190} INFO - [2026-08-21T11:42:41.507+0000] {dag.py:4180} INFO - Setting next_dagrun for example_short_circuit_decorator to None, run_after=None
[2026-08-21T11:42:41.530+0000] {processor.py:208} INFO - Processing /home/airflow/.local/lib/python3.12/site-packages/airflow/example_dags/example_short_circuit_decorator.py took 0.088 seconds
[2026-08-21T11:43:16.770+0000] {processor.py:186} INFO - Started process (PID=351) to work on /home/airflow/.local/lib/python3.12/site-packages/airflow/example_dags/example_short_circuit_decorator.py
[2026-08-21T11:43:16.772+0000] {processor.py:914} INFO - Processing file /home/airflow/.local/lib/python3.12/site-packages/airflow/example_dags/example_short_circuit_decorator.py for tasks to queue
[2026-08-21T11:43:16.776+0000] {logging_mixin.py:190} INFO - [2026-08-21T11:43:16.775+0000] {dagbag.py:588} INFO - Filling up the DagBag from /home/airflow/.local/lib/python3.12/site-packages/airflow/example_dags/example_short_circuit_decorator.py
[2026-08-21T11:43:16.791+0000] {processor.py:925} INFO - DAG(s) 'example_short_circuit_decorator' retrieved from /home/airflow/.local/lib/python3.12/site-packages/airflow/example_dags/example_short_circuit_decorator.py
[2026-08-21T11:43:16.823+0000] {logging_mixin.py:190} INFO - [2026-08-21T11:43:16.822+0000] {dag.py:3239} INFO - Sync 1 DAGs
[2026-08-21T11:43:16.839+0000] {logging_mixin.py:190} INFO - [2026-08-21T11:43:16.839+0000] {dag.py:4180} INFO - Setting next_dagrun for example_short_circuit_decorator to None, run_after=None
[2026-08-21T11:43:16.863+0000] {processor.py:208} INFO - Processing /home/airflow/.local/lib/python3.12/site-packages/airflow/example_dags/example_short_circuit_decorator.py took 0.101 seconds
[2026-08-21T11:43:51.083+0000] {processor.py:186} INFO - Started process (PID=419) to work on /home/airflow/.local/lib/python3.12/site-packages/airflow/example_dags/example_short_circuit_decorator.py
[2026-08-21T11:43:51.084+0000] {processor.py:914} INFO - Processing file /home/airflow/.local/lib/python3.12/site-packages/airflow/example_dags/example_short_circuit_decorator.py for tasks to queue
[2026-08-21T11:43:51.087+0000] {logging_mixin.py:190} INFO - [2026-08-21T11:43:51.086+0000] {dagbag.py:588} INFO - Filling up the DagBag from /home/airflow/.local/lib/python3.12/site-packages/airflow/example_dags/example_short_circuit_decorator.py
[2026-08-21T11:43:51.102+0000] {processor.py:925} INFO - DAG(s) 'example_short_circuit_decorator' retrieved from /home/airflow/.local/lib/python3.12/site-packages/airflow/example_dags/example_short_circuit_decorator.py
[2026-08-21T11:43:51.127+0000] {logging_mixin.py:190} INFO - [2026-08-21T11:43:51.126+0000] {dag.py:3239} INFO - Sync 1 DAGs
[2026-08-21T11:43:51.143+0000] {logging_mixin.py:190} INFO - [2026-08-21T11:43:51.143+0000] {dag.py:4180} INFO - Setting next_dagrun for example_short_circuit_decorator to None, run_after=None
[2026-08-21T11:43:51.168+0000] {processor.py:208} INFO - Processing /home/airflow/.local/lib/python3.12/site-packages/airflow/example_dags/example_short_circuit_decorator.py took 0.090 seconds
[2026-08-21T11:44:26.310+0000] {processor.py:186} INFO - Started process (PID=488) to work on /home/airflow/.local/lib/python3.12/site-packages/airflow/example_dags/example_short_circuit_decorator.py
[2026-08-21T11:44:26.311+0000] {processor.py:914} INFO - Processing file /home/airflow/.local/lib/python3.12/site-packages/airflow/example_dags/example_short_circuit_decorator.py for tasks to queue
[2026-08-21T11:44:26.314+0000] {logging_mixin.py:190} INFO - [2026-08-21T11:44:26.313+0000] {dagbag.py:588} INFO - Filling up the DagBag from /home/airflow/.local/lib/python3.12/site-packages/airflow/example_dags/example_short_circuit_decorator.py
[2026-08-21T11:44:26.330+0000] {processor.py:925} INFO - DAG(s) 'example_short_circuit_decorator' retrieved from /home/airflow/.local/lib/python3.12/site-packages/airflow/example_dags/example_short_circuit_decorator.py
[2026-08-21T11:44:26.353+0000] {logging_mixin.py:190} INFO - [2026-08-21T11:44:26.352+0000] {dag.py:3239} INFO - Sync 1 DAGs
[2026-08-21T11:44:26.368+0000] {logging_mixin.py:190} INFO - [2026-08-21T11:44:26.368+0000] {dag.py:4180} INFO - Setting next_dagrun for example_short_circuit_decorator to None, run_after=None
[2026-08-21T11:44:26.391+0000] {processor.py:208} INFO - Processing /home/airflow/.local/lib/python3.12/site-packages/airflow/example_dags/example_short_circuit_decorator.py took 0.087 seconds
[2026-08-21T11:45:02.590+0000] {processor.py:186} INFO - Started process (PID=551) to work on /home/airflow/.local/lib/python3.12/site-packages/airflow/example_dags/example_short_circuit_decorator.py
[2026-08-21T11:45:02.591+0000] {processor.py:914} INFO - Processing file /home/airflow/.local/lib/python3.12/site-packages/airflow/example_dags/example_short_circuit_decorator.py for tasks to queue
[2026-08-21T11:45:02.593+0000] {logging_mixin.py:190} INFO - [2026-08-21T11:45:02.593+0000] {dagbag.py:588} INFO - Filling up the DagBag from /home/airflow/.local/lib/python3.12/site-packages/airflow/example_dags/example_short_circuit_decorator.py
[2026-08-21T11:45:02.605+0000] {processor.py:925} INFO - DAG(s) 'example_short_circuit_decorator' retrieved from /home/airflow/.local/lib/python3.12/site-packages/airflow/example_dags/example_short_circuit_decorator.py
[2026-08-21T11:45:02.631+0000] {logging_mixin.py:190} INFO - [2026-08-21T11:45:02.631+0000] {dag.py:3239} INFO - Sync 1 DAGs
[2026-08-21T11:45:02.649+0000] {logging_mixin.py:190} INFO - [2026-08-21T11:45:02.649+0000] {dag.py:4180} INFO - Setting next_dagrun for example_short_circuit_decorator to None, run_after=None
[2026-08-21T11:45:02.674+0000] {processor.py:208} INFO - Processing /home/airflow/.local/lib/python3.12/site-packages/airflow/example_dags/example_short_circuit_decorator.py took 0.092 seconds
[2026-08-21T11:45:38.358+0000] {processor.py:186} INFO - Started process (PID=614) to work on /home/airflow/.local/lib/python3.12/site-packages/airflow/example_dags/example_short_circuit_decorator.py
[2026-08-21T11:45:38.360+0000] {processor.py:914} INFO - Processing file /home/airflow/.local/lib/python3.12/site-packages/airflow/example_dags/example_short_circuit_decorator.py for tasks to queue
[2026-08-21T11:45:38.364+0000] {logging_mixin.py:190} INFO - [2026-08-21T11:45:38.363+0000] {dagbag.py:588} INFO - Filling up the DagBag from /home/airflow/.local/lib/python3.12/site-packages/airflow/example_dags/example_short_circuit_decorator.py
[2026-08-21T11:45:38.375+0000] {processor.py:925} INFO - DAG(s) 'example_short_circuit_decorator' retrieved from /home/airflow/.local/lib/python3.12/site-packages/airflow/example_dags/example_short_circuit_decorator.py
[2026-08-21T11:45:38.401+0000] {logging_mixin.py:190} INFO - [2026-08-21T11:45:38.401+0000] {dag.py:3239} INFO - Sync 1 DAGs
[2026-08-21T11:45:38.417+0000] {logging_mixin.py:190} INFO - [2026-08-21T11:45:38.417+0000] {dag.py:4180} INFO - Setting next_dagrun for example_short_circuit_decorator to None, run_after=None
[2026-08-21T11:45:38.440+0000] {processor.py:208} INFO - Processing /home/airflow/.local/lib/python3.12/site-packages/airflow/example_dags/example_short_circuit_decorator.py took 0.088 seconds
[2026-08-21T11:46:13.340+0000] {processor.py:186} INFO - Started process (PID=677) to work on /home/airflow/.local/lib/python3.12/site-packages/airflow/example_dags/example_short_circuit_decorator.py
[2026-08-21T11:46:13.340+0000] {processor.py:914} INFO - Processing file /home/airflow/.local/lib/python3.12/site-packages/airflow/example_dags/example_short_circuit_decorator.py for tasks to queue
[2026-08-21T11:46:13.342+0000] {logging_mixin.py:190} INFO - [2026-08-21T11:46:13.342+0000] {dagbag.py:588} INFO - Filling up the DagBag from /home/airflow/.local/lib/python3.12/site-packages/airflow/example_dags/example_short_circuit_decorator.py
[2026-08-21T11:46:13.352+0000] {processor.py:925} INFO - DAG(s) 'example_short_circuit_decorator' retrieved from /home/airflow/.local/lib/python3.12/site-packages/airflow/example_dags/example_short_circuit_decorator.py
[2026-08-21T11:46:13.376+0000] {logging_mixin.py:190} INFO - [2026-08-21T11:46:13.376+0000] {dag.py:3239} INFO - Sync 1 DAGs
[2026-08-21T11:46:13.389+0000] {logging_mixin.py:190} INFO - [2026-08-21T11:46:13.389+0000] {dag.py:4180} INFO - Setting next_dagrun for example_short_circuit_decorator to None, run_after=None
[2026-08-21T11:46:13.410+0000] {processor.py:208} INFO - Processing /home/airflow/.local/lib/python3.12/site-packages/airflow/example_dags/example_short_circuit_decorator.py took 0.078 seconds
[2026-08-21T11:46:48.922+0000] {processor.py:186} INFO - Started process (PID=746) to work on /home/airflow/.local/lib/python3.12/site-packages/airflow/example_dags/example_short_circuit_decorator.py
[2026-08-21T11:46:48.923+0000] {processor.py:914} INFO - Processing file /home/airflow/.local/lib/python3.12/site-packages/airflow/example_dags/example_short_circuit_decorator.py for tasks to queue
[2026-08-21T11:46:48.925+0000] {logging_mixin.py:190} INFO - [2026-08-21T11:46:48.925+0000] {dagbag.py:588} INFO - Filling up the DagBag from /home/airflow/.local/lib/python3.12/site-packages/airflow/example_dags/example_short_circuit_decorator.py
[2026-08-21T11:46:48.937+0000] {processor.py:925} INFO - DAG(s) 'example_short_circuit_decorator' retrieved from /home/airflow/.local/lib/python3.12/site-packages/airflow/example_dags/example_short_circuit_decorator.py
[2026-08-21T11:46:48.967+0000] {logging_mixin.py:190} INFO - [2026-08-21T11:46:48.967+0000] {dag.py:3239} INFO - Sync 1 DAGs
[2026-08-21T11:46:48.990+0000] {logging_mixin.py:190} INFO - [2026-08-21T11:46:48.989+0000] {dag.py:4180} INFO - Setting next_dagrun for example_short_circuit_decorator to None, run_after=None
[2026-08-21T11:46:49.021+0000] {processor.py:208} INFO - Processing /home/airflow/.local/lib/python3.12/site-packages/airflow/example_dags/example_short_circuit_decorator.py took 0.107 seconds
