[2026-08-21T11:40:47.587+0000] {processor.py:186} INFO - Started process (PID=76) to work on /home/airflow/.local/lib/python3.12/site-packages/airflow/example_dags/example_branch_operator.py
[2026-08-21T11:40:47.588+0000] {processor.py:914} INFO - Processing file /home/airflow/.local/lib/python3.12/site-packages/airflow/example_dags/example_branch_operator.py for tasks to queue
[2026-08-21T11:40:47.591+0000] {logging_mixin.py:190} INFO - [2026-08-21T11:40:47.590+0000] {dagbag.py:588} INFO - Filling up the DagBag from /home/airflow/.local/lib/python3.12/site-packages/airflow/example_dags/example_branch_operator.py
[2026-08-21T11:40:47.635+0000] {processor.py:925} INFO - DAG(s) 'example_branch_operator' retrieved from /home/airflow/.local/lib/python3.12/site-packages/airflow/example_dags/example_branch_operator.py
[2026-08-21T11:40:47.941+0000] {logging_mixin.py:190} INFO - [2026-08-21T11:40:47.940+0000] {override.py:1932} INFO - Created Permission View: can read on DAG:example_branch_operator
[2026-08-21T11:40:47.952+0000] {logging_mixin.py:190} INFO - [2026-08-21T11:40:47.952+0000] {override.py:1932} INFO - Created Permission View: can edit on DAG:example_branch_operator
[2026-08-21T11:40:47.965+0000] {logging_mixin.py:190} INFO - [2026-08-21T11:40:47.964+0000] {override.py:1932} INFO - Created Permission View: can delete on DAG:example_branch_operator
[2026-08-21T11:40:47.978+0000] {logging_mixin.py:190} INFO - [2026-08-21T11:40:47.977+0000] {override.py:1932} INFO - Created Permission View: menu access on DAG Run:example_branch_operator
[2026-08-21T11:40:47.990+0000] {logging_mixin.py:190} INFO - [2026-08-21T11:40:47.990+0000] {override.py:1932} INFO - Created Permission View: can read on DAG Run:example_branch_operator
[2026-08-21T11:40:48.001+0000] {logging_mixin.py:190} INFO - [2026-08-21T11:40:48.001+0000] {override.py:1932} INFO - Created Permission View: can create on DAG Run:example_branch_operator
[2026-08-21T11:40:48.014+0000] {logging_mixin.py:190} INFO - [2026-08-21T11:40:48.013+0000] {override.py:1932} INFO - Created Permission View: can delete on DAG Run:example_branch_operator
[2026-08-21T11:40:48.015+0000] {logging_mixin.py:190} INFO - [2026-08-21T11:40:48.014+0000] {dag.py:3239} INFO - Sync 1 DAGs
[2026-08-21T11:40:48.047+0000] {logging_mixin.py:190} INFO - [2026-08-21T11:40:48.044+0000] {dag.py:3262} INFO - Creating ORM DAG for example_branch_operator
[2026-08-21T11:40:48.072+0000] {logging_mixin.py:190} INFO - [2026-08-21T11:40:48.072+0000] {dag.py:4180} INFO - Setting next_dagrun for example_branch_operator to 2026-08-20 00:00:00+00:00, run_after=2026-08-21 00:00:00+00:00
[2026-08-21T11:40:48.103+0000] {processor.py:208} INFO - Processing /home/airflow/.local/lib/python3.12/site-packages/airflow/example_dags/example_branch_operator.py took 0.524 seconds
[2026-08-21T11:41:18.169+0000] {processor.py:186} INFO - Started process (PID=139) to work on /home/airflow/.local/lib/python3.12/site-packages/airflow/example_dags/example_branch_operator.py
[2026-08-21T11:41:18.170+0000] {processor.py:914} INFO - Processing file /home/airflow/.local/lib/python3.12/site-packages/airflow/example_dags/example_branch_operator.py for tasks to queue
[2026-08-21T11:41:18.173+0000] {logging_mixin.py:190} INFO - [2026-08-21T11:41:18.173+0000] {dagbag.py:588} INFO - Filling up the DagBag from /home/airflow/.local/lib/python3.12/site-packages/airflow/example_dags/example_branch_operator.py
[2026-08-21T11:41:18.196+0000] {processor.py:925} INFO - DAG(s) 'example_branch_operator' retrieved from /home/airflow/.local/lib/python3.12/site-packages/airflow/example_dags/example_branch_operator.py
[2026-08-21T11:41:18.224+0000] {logging_mixin.py:190} INFO - [2026-08-21T11:41:18.224+0000] {dag.py:3239} INFO - Sync 1 DAGs
[2026-08-21T11:41:18.251+0000] {logging_mixin.py:190} INFO - [2026-08-21T11:41:18.250+0000] {dag.py:4180} INFO - Setting next_dagrun for example_branch_operator to 2026-08-20 00:00:00+00:00, run_after=2026-08-21 00:00:00+00:00
[2026-08-21T11:41:18.270+0000] {processor.py:208} INFO - Processing /home/airflow/.local/lib/python3.12/site-packages/airflow/example_dags/example_branch_operator.py took 0.107 seconds
[2026-08-21T11:41:48.405+0000] {processor.py:186} INFO - Started process (PID=202) to work on /home/airflow/.local/lib/python3.12/site-packages/airflow/example_dags/example_branch_operator.py
[2026-08-21T11:41:48.407+0000] {processor.py:914} INFO - Processing file /home/airflow/.local/lib/python3.12/site-packages/airflow/example_dags/example_branch_operator.py for tasks to queue
[2026-08-21T11:41:48.414+0000] {logging_mixin.py:190} INFO - [2026-08-21T11:41:48.414+0000] {dagbag.py:588} INFO - Filling up the DagBag from /home/airflow/.local/lib/python3.12/site-packages/airflow/example_dags/example_branch_operator.py
[2026-08-21T11:41:48.450+0000] {processor.py:925} INFO - DAG(s) 'example_branch_operator' retrieved from /home/airflow/.local/lib/python3.12/site-packages/airflow/example_dags/example_branch_operator.py
[2026-08-21T11:41:48.494+0000] {logging_mixin.py:190} INFO - [2026-08-21T11:41:48.493+0000] {dag.py:3239} INFO - Sync 1 DAGs
[2026-08-21T11:41:48.534+0000] {logging_mixin.py:190} INFO - [2026-08-21T11:41:48.534+0000] {dag.py:4180} INFO - Setting next_dagrun for example_branch_operator to 2026-08-20 00:00:00+00:00, run_after=2026-08-21 00:00:00+00:00
[2026-08-21T11:41:48.567+0000] {processor.py:208} INFO - Processing /home/airflow/.local/lib/python3.12/site-packages/airflow/example_dags/example_branch_operator.py took 0.169 seconds
[2026-08-21T11:42:18.917+0000] {processor.py:186} INFO - Started process (PID=265) to work on /home/airflow/.local/lib/python3.12/site-packages/airflow/example_dags/example_branch_operator.py
[2026-08-21T11:42:18.918+0000] {processor.py:914} INFO - Processing file /home/airflow/.local/lib/python3.12/site-packages/airflow/example_dags/example_branch_operator.py for tasks to queue
[2026-08-21T11:42:18.921+0000] {logging_mixin.py:190} INFO - [2026-08-21T11:42:18.920+0000] {dagbag.py:588} INFO - Filling up the DagBag from /home/airflow/.local/lib/python3.12/site-packages/airflow/example_dags/example_branch_operator.py
[2026-08-21T11:42:18.944+0000] {processor.py:925} INFO - DAG(s) 'example_branch_operator' retrieved from /home/airflow/.local/lib/python3.12/site-packages/airflow/example_dags/example_branch_operator.py
[2026-08-21T11:42:18.973+0000] {logging_mixin.py:190} INFO - [2026-08-21T11:42:18.973+0000] {dag.py:3239} INFO - Sync 1 DAGs
[2026-08-21T11:42:18.999+0000] {logging_mixin.py:190} INFO - [2026-08-21T11:42:18.999+0000] {dag.py:4180} INFO - Setting next_dagrun for example_branch_operator to 2026-08-20 00:00:00+00:00, run_after=2026-08-21 00:00:00+00:00
[2026-08-21T11:42:19.020+0000] {processor.py:208} INFO - Processing /home/airflow/.local/lib/python3.12/site-packages/airflow/example_dags/example_branch_operator.py took 0.110 seconds
[2026-08-21T11:42:51.863+0000] {processor.py:186} INFO - Started process (PID=328) to work on /home/airflow/.local/lib/python3.12/site-packages/airflow/example_dags/example_branch_operator.py
[2026-08-21T11:42:51.864+0000] {processor.py:914} INFO - Processing file /home/airflow/.local/lib/python3.12/site-packages/airflow/example_dags/example_branch_operator.py for tasks to queue
[2026-08-21T11:42:51.867+0000] {logging_mixin.py:190} INFO - [2026-08-21T11:42:51.867+0000] {dagbag.py:588} INFO - Filling up the DagBag from /home/airflow/.local/lib/python3.12/site-packages/airflow/example_dags/example_branch_operator.py
[2026-08-21T11:42:51.889+0000] {processor.py:925} INFO - DAG(s) 'example_branch_operator' retrieved from /home/airflow/.local/lib/python3.12/site-packages/airflow/example_dags/example_branch_operator.py
[2026-08-21T11:42:51.919+0000] {logging_mixin.py:190} INFO - [2026-08-21T11:42:51.918+0000] {dag.py:3239} INFO - Sync 1 DAGs
[2026-08-21T11:42:51.942+0000] {logging_mixin.py:190} INFO - [2026-08-21T11:42:51.942+0000] {dag.py:4180} INFO - Setting next_dagrun for example_branch_operator to 2026-08-20 00:00:00+00:00, run_after=2026-08-21 00:00:00+00:00
[2026-08-21T11:42:51.970+0000] {processor.py:208} INFO - Processing /home/airflow/.local/lib/python3.12/site-packages/airflow/example_dags/example_branch_operator.py took 0.113 seconds
[2026-08-21T11:43:22.778+0000] {processor.py:186} INFO - Started process (PID=390) to work on /home/airflow/.local/lib/python3.12/site-packages/airflow/example_dags/example_branch_operator.py
[2026-08-21T11:43:22.785+0000] {processor.py:914} INFO - Processing file /home/airflow/.local/lib/python3.12/site-packages/airflow/example_dags/example_branch_operator.py for tasks to queue
[2026-08-21T11:43:22.788+0000] {logging_mixin.py:190} INFO - [2026-08-21T11:43:22.788+0000] {dagbag.py:588} INFO - Filling up the DagBag from /home/airflow/.local/lib/python3.12/site-packages/airflow/example_dags/example_branch_operator.py
[2026-08-21T11:43:22.808+0000] {processor.py:925} INFO - DAG(s) 'example_branch_operator' retrieved from /home/airflow/.local/lib/python3.12/site-packages/airflow/example_dags/example_branch_operator.py
[2026-08-21T11:43:22.837+0000] {logging_mixin.py:190} INFO - [2026-08-21T11:43:22.837+0000] {dag.py:3239} INFO - Sync 1 DAGs
[2026-08-21T11:43:22.868+0000] {logging_mixin.py:190} INFO - [2026-08-21T11:43:22.868+0000] {dag.py:4180} INFO - Setting next_dagrun for example_branch_operator to 2026-08-20 00:00:00+00:00, run_after=2026-08-21 00:00:00+00:00
[2026-08-21T11:43:22.889+0000] {processor.py:208} INFO - Processing /home/airflow/.local/lib/python3.12/site-packages/airflow/example_dags/example_branch_operator.py took 0.117 seconds
[2026-08-21T11:43:53.048+0000] {processor.py:186} INFO - Started process (PID=446) to work on /home/airflow/.local/lib/python3.12/site-packages/airflow/example_dags/example_branch_operator.py
[2026-08-21T11:43:53.048+0000] {processor.py:914} INFO - Processing file /home/airflow/.local/lib/python3.12/site-packages/airflow/example_dags/example_branch_operator.py for tasks to queue
[2026-08-21T11:43:53.050+0000] {logging_mixin.py:190} INFO - [2026-08-21T11:43:53.050+0000] {dagbag.py:588} INFO - Filling up the DagBag from /home/airflow/.local/lib/python3.12/site-packages/airflow/example_dags/example_branch_operator.py
[2026-08-21T11:43:53.071+0000] {processor.py:925} INFO - DAG(s) 'example_branch_operator' retrieved from /home/airflow/.local/lib/python3.12/site-packages/airflow/example_dags/example_branch_operator.py
[2026-08-21T11:43:53.100+0000] {logging_mixin.py:190} INFO - [2026-08-21T11:43:53.100+0000] {dag.py:3239} INFO - Sync 1 DAGs
[2026-08-21T11:43:53.126+0000] {logging_mixin.py:190} INFO - [2026-08-21T11:43:53.125+0000] {dag.py:4180} INFO - Setting next_dagrun for example_branch_operator to 2026-08-20 00:00:00+00:00, run_after=2026-08-21 00:00:00+00:00
[2026-08-21T11:43:53.146+0000] {processor.py:208} INFO - Processing /home/airflow/.local/lib/python3.12/site-packages/airflow/example_dags/example_branch_operator.py took 0.105 seconds
[2026-08-21T11:44:25.766+0000] {processor.py:186} INFO - Started process (PID=480) to work on /home/airflow/.local/lib/python3.12/site-packages/airflow/example_dags/example_branch_operator.py
[2026-08-21T11:44:25.767+0000] {processor.py:914} INFO - Processing file /home/airflow/.local/lib/python3.12/site-packages/airflow/example_dags/example_branch_operator.py for tasks to queue
[2026-08-21T11:44:25.770+0000] {logging_mixin.py:190} INFO - [2026-08-21T11:44:25.770+0000] {dagbag.py:588} INFO - Filling up the DagBag from /home/airflow/.local/lib/python3.12/site-packages/airflow/example_dags/example_branch_operator.py
[2026-08-21T11:44:25.790+0000] {processor.py:925} INFO - DAG(s) 'example_branch_operator' retrieved from /home/airflow/.local/lib/python3.12/site-packages/airflow/example_dags/example_branch_operator.py
[2026-08-21T11:44:25.823+0000] {logging_mixin.py:190} INFO - [2026-08-21T11:44:25.823+0000] {dag.py:3239} INFO - Sync 1 DAGs
[2026-08-21T11:44:25.850+0000] {logging_mixin.py:190} INFO - [2026-08-21T11:44:25.850+0000] {dag.py:4180} INFO - Setting next_dagrun for example_branch_operator to 2026-08-20 00:00:00+00:00, run_after=2026-08-21 00:00:00+00:00
[2026-08-21T11:44:25.876+0000] {processor.py:208} INFO - Processing /home/airflow/.local/lib/python3.12/site-packages/airflow/example_dags/example_branch_operator.py took 0.117 seconds
[2026-08-21T11:45:01.413+0000] {processor.py:186} INFO - Started process (PID=536) to work on /home/airflow/.local/lib/python3.12/site-packages/airflow/example_dags/example_branch_operator.py
[2026-08-21T11:45:01.414+0000] {processor.py:914} INFO - Processing file /home/airflow/.local/lib/python3.12/site-packages/airflow/example_dags/example_branch_operator.py for tasks to queue
[2026-08-21T11:45:01.417+0000] {logging_mixin.py:190} INFO - [2026-08-21T11:45:01.416+0000] {dagbag.py:588} INFO - Filling up the DagBag from /home/airflow/.local/lib/python3.12/site-packages/airflow/example_dags/example_branch_operator.py
[2026-08-21T11:45:01.439+0000] {processor.py:925} INFO - DAG(s) 'example_branch_operator' retrieved from /home/airflow/.local/lib/python3.12/site-packages/airflow/example_dags/example_branch_operator.py
[2026-08-21T11:45:01.470+0000] {logging_mixin.py:190} INFO - [2026-08-21T11:45:01.470+0000] {dag.py:3239} INFO - Sync 1 DAGs
[2026-08-21T11:45:01.499+0000] {logging_mixin.py:190} INFO - [2026-08-21T11:45:01.499+0000] {dag.py:4180} INFO - Setting next_dagrun for example_branch_operator to 2026-08-20 00:00:00+00:00, run_after=2026-08-21 00:00:00+00:00
[2026-08-21T11:45:01.531+0000] {processor.py:208} INFO - Processing /home/airflow/.local/lib/python3.12/site-packages/airflow/example_dags/example_branch_operator.py took 0.125 seconds
[2026-08-21T11:45:37.064+0000] {processor.py:186} INFO - Started process (PID=596) to work on /home/airflow/.local/lib/python3.12/site-packages/airflow/example_dags/example_branch_operator.py
[2026-08-21T11:45:37.065+0000] {processor.py:914} INFO - Processing file /home/airflow/.local/lib/python3.12/site-packages/airflow/example_dags/example_branch_operator.py for tasks to queue
[2026-08-21T11:45:37.067+0000] {logging_mixin.py:190} INFO - [2026-08-21T11:45:37.067+0000] {dagbag.py:588} INFO - Filling up the DagBag from /home/airflow/.local/lib/python3.12/site-packages/airflow/example_dags/example_branch_operator.py
[2026-08-21T11:45:37.087+0000] {processor.py:925} INFO - DAG(s) 'example_branch_operator' retrieved from /home/airflow/.local/lib/python3.12/site-packages/airflow/example_dags/example_branch_operator.py
[2026-08-21T11:45:37.121+0000] {logging_mixin.py:190} INFO - [2026-08-21T11:45:37.121+0000] {dag.py:3239} INFO - Sync 1 DAGs
[2026-08-21T11:45:37.166+0000] {logging_mixin.py:190} INFO - [2026-08-21T11:45:37.166+0000] {dag.py:4180} INFO - Setting next_dagrun for example_branch_operator to 2026-08-20 00:00:00+00:00, run_after=2026-08-21 00:00:00+00:00
[2026-08-21T11:45:37.195+0000] {processor.py:208} INFO - Processing /home/airflow/.local/lib/python3.12/site-packages/airflow/example_dags/example_branch_operator.py took 0.139 seconds
[2026-08-21T11:46:07.551+0000] {processor.py:186} INFO - Started process (PID=655) to work on /home/airflow/.local/lib/python3.12/site-packages/airflow/example_dags/example_branch_operator.py
[2026-08-21T11:46:07.551+0000] {processor.py:914} INFO - Processing file /home/airflow/.local/lib/python3.12/site-packages/airflow/example_dags/example_branch_operator.py for tasks to queue
[2026-08-21T11:46:07.554+0000] {logging_mixin.py:190} INFO - [2026-08-21T11:46:07.553+0000] {dagbag.py:588} INFO - Filling up the DagBag from /home/airflow/.local/lib/python3.12/site-packages/airflow/example_dags/example_branch_operator.py
[2026-08-21T11:46:07.570+0000] {processor.py:925} INFO - DAG(s) 'example_branch_operator' retrieved from /home/airflow/.local/lib/python3.12/site-packages/airflow/example_dags/example_branch_operator.py
[2026-08-21T11:46:07.597+0000] {logging_mixin.py:190} INFO - [2026-08-21T11:46:07.597+0000] {dag.py:3239} INFO - Sync 1 DAGs
[2026-08-21T11:46:07.621+0000] {logging_mixin.py:190} INFO - [2026-08-21T11:46:07.620+0000] {dag.py:4180} INFO - Setting next_dagrun for example_branch_operator to 2026-08-20 00:00:00+00:00, run_after=2026-08-21 00:00:00+00:00
[2026-08-21T11:46:07.640+0000] {processor.py:208} INFO - Processing /home/airflow/.local/lib/python3.12/site-packages/airflow/example_dags/example_branch_operator.py took 0.096 seconds
[2026-08-21T11:46:37.882+0000] {processor.py:186} INFO - Started process (PID=718) to work on /home/airflow/.local/lib/python3.12/site-packages/airflow/example_dags/example_branch_operator.py
[2026-08-21T11:46:37.890+0000] {processor.py:914} INFO - Processing file /home/airflow/.local/lib/python3.12/site-packages/airflow/example_dags/example_branch_operator.py for tasks to queue
[2026-08-21T11:46:37.892+0000] {logging_mixin.py:190} INFO - [2026-08-21T11:46:37.892+0000] {dagbag.py:588} INFO - Filling up the DagBag from /home/airflow/.local/lib/python3.12/site-packages/airflow/example_dags/example_branch_operator.py
[2026-08-21T11:46:37.912+0000] {processor.py:925} INFO - DAG(s) 'example_branch_operator' retrieved from /home/airflow/.local/lib/python3.12/site-packages/airflow/example_dags/example_branch_operator.py
[2026-08-21T11:46:37.941+0000] {logging_mixin.py:190} INFO - [2026-08-21T11:46:37.941+0000] {dag.py:3239} INFO - Sync 1 DAGs
[2026-08-21T11:46:37.962+0000] {logging_mixin.py:190} INFO - [2026-08-21T11:46:37.962+0000] {dag.py:4180} INFO - Setting next_dagrun for example_branch_operator to 2026-08-20 00:00:00+00:00, run_after=2026-08-21 00:00:00+00:00
[2026-08-21T11:46:37.990+0000] {processor.py:208} INFO - Processing /home/airflow/.local/lib/python3.12/site-packages/airflow/example_dags/example_branch_operator.py took 0.113 seconds
[2026-08-21T11:47:08.698+0000] {processor.py:186} INFO - Started process (PID=781) to work on /home/airflow/.local/lib/python3.12/site-packages/airflow/example_dags/example_branch_operator.py
[2026-08-21T11:47:08.698+0000] {processor.py:914} INFO - Processing file /home/airflow/.local/lib/python3.12/site-packages/airflow/example_dags/example_branch_operator.py for tasks to queue
[2026-08-21T11:47:08.700+0000] {logging_mixin.py:190} INFO - [2026-08-21T11:47:08.700+0000] {dagbag.py:588} INFO - Filling up the DagBag from /home/airflow/.local/lib/python3.12/site-packages/airflow/example_dags/example_branch_operator.py
[2026-08-21T11:47:08.717+0000] {processor.py:925} INFO - DAG(s) 'example_branch_operator' retrieved from /home/airflow/.local/lib/python3.12/site-packages/airflow/example_dags/example_branch_operator.py
[2026-08-21T11:47:08.744+0000] {logging_mixin.py:190} INFO - [2026-08-21T11:47:08.744+0000] {dag.py:3239} INFO - Sync 1 DAGs
[2026-08-21T11:47:08.767+0000] {logging_mixin.py:190} INFO - [2026-08-21T11:47:08.767+0000] {dag.py:4180} INFO - Setting next_dagrun for example_branch_operator to 2026-08-20 00:00:00+00:00, run_after=2026-08-21 00:00:00+00:00
[2026-08-21T11:47:08.788+0000] {processor.py:208} INFO - Processing /home/airflow/.local/lib/python3.12/site-packages/airflow/example_dags/example_branch_operator.py took 0.095 seconds
