[2026-08-21T11:41:00.946+0000] {processor.py:186} INFO - Started process (PID=112) to work on /home/airflow/.local/lib/python3.12/site-packages/airflow/example_dags/example_task_group.py
[2026-08-21T11:41:00.947+0000] {processor.py:914} INFO - Processing file /home/airflow/.local/lib/python3.12/site-packages/airflow/example_dags/example_task_group.py for tasks to queue
[2026-08-21T11:41:00.949+0000] {logging_mixin.py:190} INFO - [2026-08-21T11:41:00.949+0000] {dagbag.py:588} INFO - Filling up the DagBag from /home/airflow/.local/lib/python3.12/site-packages/airflow/example_dags/example_task_group.py
[2026-08-21T11:41:00.958+0000] {processor.py:925} INFO - DAG(s) 'example_task_group' retrieved from /home/airflow/.local/lib/python3.12/site-packages/airflow/example_dags/example_task_group.py
[2026-08-21T11:41:01.072+0000] {logging_mixin.py:190} INFO - [2026-08-21T11:41:01.071+0000] {override.py:1932} INFO - Created Permission View: can read on DAG:example_task_group
[2026-08-21T11:41:01.089+0000] {logging_mixin.py:190} INFO - [2026-08-21T11:41:01.088+0000] {override.py:1932} INFO - Created Permission View: can edit on DAG:example_task_group
[2026-08-21T11:41:01.099+0000] {logging_mixin.py:190} INFO - [2026-08-21T11:41:01.098+0000] {override.py:1932} INFO - Created Permission View: can delete on DAG:example_task_group
[2026-08-21T11:41:01.108+0000] {logging_mixin.py:190} INFO - [2026-08-21T11:41:01.108+0000] {override.py:1932} INFO - Created Permission View: menu access on DAG Run:example_task_group
[2026-08-21T11:41:01.121+0000] {logging_mixin.py:190} INFO - [2026-08-21T11:41:01.120+0000] {override.py:1932} INFO - Created Permission View: can read on DAG Run:example_task_group
[2026-08-21T11:41:01.129+0000] {logging_mixin.py:190} INFO - [2026-08-21T11:41:01.129+0000] {override.py:1932} INFO - Created Permission View: can create on DAG Run:example_task_group
[2026-08-21T11:41:01.136+0000] {logging_mixin.py:190} INFO - [2026-08-21T11:41:01.136+0000] {override.py:1932} INFO - Created Permission View: can delete on DAG Run:example_task_group
[2026-08-21T11:41:01.137+0000] {logging_mixin.py:190} INFO - [2026-08-21T11:41:01.136+0000] {dag.py:3239} INFO - Sync 1 DAGs
[2026-08-21T11:41:01.151+0000] {logging_mixin.py:190} INFO - [2026-08-21T11:41:01.151+0000] {dag.py:3262} INFO - Creating ORM DAG for example_task_group
[2026-08-21T11:41:01.152+0000] {logging_mixin.py:190} INFO - [2026-08-21T11:41:01.152+0000] {dag.py:4180} INFO - Setting next_dagrun for example_task_group to None, run_after=None
[2026-08-21T11:41:01.170+0000] {processor.py:208} INFO - Processing /home/airflow/.local/lib/python3.12/site-packages/airflow/example_dags/example_task_group.py took 0.229 seconds
[2026-08-21T11:41:32.748+0000] {processor.py:186} INFO - Started process (PID=175) to work on /home/airflow/.local/lib/python3.12/site-packages/airflow/example_dags/example_task_group.py
[2026-08-21T11:41:32.749+0000] {processor.py:914} INFO - Processing file /home/airflow/.local/lib/python3.12/site-packages/airflow/example_dags/example_task_group.py for tasks to queue
[2026-08-21T11:41:32.751+0000] {logging_mixin.py:190} INFO - [2026-08-21T11:41:32.751+0000] {dagbag.py:588} INFO - Filling up the DagBag from /home/airflow/.local/lib/python3.12/site-packages/airflow/example_dags/example_task_group.py
[2026-08-21T11:41:32.761+0000] {processor.py:925} INFO - DAG(s) 'example_task_group' retrieved from /home/airflow/.local/lib/python3.12/site-packages/airflow/example_dags/example_task_group.py
[2026-08-21T11:41:32.782+0000] {logging_mixin.py:190} INFO - [2026-08-21T11:41:32.781+0000] {dag.py:3239} INFO - Sync 1 DAGs
[2026-08-21T11:41:32.796+0000] {logging_mixin.py:190} INFO - [2026-08-21T11:41:32.796+0000] {dag.py:4180} INFO - Setting next_dagrun for example_task_group to None, run_after=None
[2026-08-21T11:41:32.815+0000] {processor.py:208} INFO - Processing /home/airflow/.local/lib/python3.12/site-packages/airflow/example_dags/example_task_group.py took 0.072 seconds
[2026-08-21T11:42:07.646+0000] {processor.py:186} INFO - Started process (PID=238) to work on /home/airflow/.local/lib/python3.12/site-packages/airflow/example_dags/example_task_group.py
[2026-08-21T11:42:07.647+0000] {processor.py:914} INFO - Processing file /home/airflow/.local/lib/python3.12/site-packages/airflow/example_dags/example_task_group.py for tasks to queue
[2026-08-21T11:42:07.650+0000] {logging_mixin.py:190} INFO - [2026-08-21T11:42:07.650+0000] {dagbag.py:588} INFO - Filling up the DagBag from /home/airflow/.local/lib/python3.12/site-packages/airflow/example_dags/example_task_group.py
[2026-08-21T11:42:07.661+0000] {processor.py:925} INFO - DAG(s) 'example_task_group' retrieved from /home/airflow/.local/lib/python3.12/site-packages/airflow/example_dags/example_task_group.py
[2026-08-21T11:42:07.685+0000] {logging_mixin.py:190} INFO - [2026-08-21T11:42:07.685+0000] {dag.py:3239} INFO - Sync 1 DAGs
[2026-08-21T11:42:07.703+0000] {logging_mixin.py:190} INFO - [2026-08-21T11:42:07.703+0000] {dag.py:4180} INFO - Setting next_dagrun for example_task_group to None, run_after=None
[2026-08-21T11:42:07.725+0000] {processor.py:208} INFO - Processing /home/airflow/.local/lib/python3.12/site-packages/airflow/example_dags/example_task_group.py took 0.084 seconds
[2026-08-21T11:42:43.170+0000] {processor.py:186} INFO - Started process (PID=301) to work on /home/airflow/.local/lib/python3.12/site-packages/airflow/example_dags/example_task_group.py
[2026-08-21T11:42:43.171+0000] {processor.py:914} INFO - Processing file /home/airflow/.local/lib/python3.12/site-packages/airflow/example_dags/example_task_group.py for tasks to queue
[2026-08-21T11:42:43.173+0000] {logging_mixin.py:190} INFO - [2026-08-21T11:42:43.173+0000] {dagbag.py:588} INFO - Filling up the DagBag from /home/airflow/.local/lib/python3.12/site-packages/airflow/example_dags/example_task_group.py
[2026-08-21T11:42:43.181+0000] {processor.py:925} INFO - DAG(s) 'example_task_group' retrieved from /home/airflow/.local/lib/python3.12/site-packages/airflow/example_dags/example_task_group.py
[2026-08-21T11:42:43.213+0000] {logging_mixin.py:190} INFO - [2026-08-21T11:42:43.212+0000] {dag.py:3239} INFO - Sync 1 DAGs
[2026-08-21T11:42:43.236+0000] {logging_mixin.py:190} INFO - [2026-08-21T11:42:43.236+0000] {dag.py:4180} INFO - Setting next_dagrun for example_task_group to None, run_after=None
[2026-08-21T11:42:43.265+0000] {processor.py:208} INFO - Processing /home/airflow/.local/lib/python3.12/site-packages/airflow/example_dags/example_task_group.py took 0.100 seconds
[2026-08-21T11:43:18.653+0000] {processor.py:186} INFO - Started process (PID=370) to work on /home/airflow/.local/lib/python3.12/site-packages/airflow/example_dags/example_task_group.py
[2026-08-21T11:43:18.654+0000] {processor.py:914} INFO - Processing file /home/airflow/.local/lib/python3.12/site-packages/airflow/example_dags/example_task_group.py for tasks to queue
[2026-08-21T11:43:18.656+0000] {logging_mixin.py:190} INFO - [2026-08-21T11:43:18.655+0000] {dagbag.py:588} INFO - Filling up the DagBag from /home/airflow/.local/lib/python3.12/site-packages/airflow/example_dags/example_task_group.py
[2026-08-21T11:43:18.664+0000] {processor.py:925} INFO - DAG(s) 'example_task_group' retrieved from /home/airflow/.local/lib/python3.12/site-packages/airflow/example_dags/example_task_group.py
[2026-08-21T11:43:18.687+0000] {logging_mixin.py:190} INFO - [2026-08-21T11:43:18.687+0000] {dag.py:3239} INFO - Sync 1 DAGs
[2026-08-21T11:43:18.701+0000] {logging_mixin.py:190} INFO - [2026-08-21T11:43:18.701+0000] {dag.py:4180} INFO - Setting next_dagrun for example_task_group to None, run_after=None
[2026-08-21T11:43:18.722+0000] {processor.py:208} INFO - Processing /home/airflow/.local/lib/python3.12/site-packages/airflow/example_dags/example_task_group.py took 0.076 seconds
[2026-08-21T11:43:52.109+0000] {processor.py:186} INFO - Started process (PID=432) to work on /home/airflow/.local/lib/python3.12/site-packages/airflow/example_dags/example_task_group.py
[2026-08-21T11:43:52.109+0000] {processor.py:914} INFO - Processing file /home/airflow/.local/lib/python3.12/site-packages/airflow/example_dags/example_task_group.py for tasks to queue
[2026-08-21T11:43:52.112+0000] {logging_mixin.py:190} INFO - [2026-08-21T11:43:52.111+0000] {dagbag.py:588} INFO - Filling up the DagBag from /home/airflow/.local/lib/python3.12/site-packages/airflow/example_dags/example_task_group.py
[2026-08-21T11:43:52.121+0000] {processor.py:925} INFO - DAG(s) 'example_task_group' retrieved from /home/airflow/.local/lib/python3.12/site-packages/airflow/example_dags/example_task_group.py
[2026-08-21T11:43:52.146+0000] {logging_mixin.py:190} INFO - [2026-08-21T11:43:52.145+0000] {dag.py:3239} INFO - Sync 1 DAGs
[2026-08-21T11:43:52.164+0000] {logging_mixin.py:190} INFO - [2026-08-21T11:43:52.163+0000] {dag.py:4180} INFO - Setting next_dagrun for example_task_group to None, run_after=None
[2026-08-21T11:43:52.183+0000] {processor.py:208} INFO - Processing /home/airflow/.local/lib/python3.12/site-packages/airflow/example_dags/example_task_group.py took 0.081 seconds
[2026-08-21T11:44:27.174+0000] {processor.py:186} INFO - Started process (PID=501) to work on /home/airflow/.local/lib/python3.12/site-packages/airflow/example_dags/example_task_group.py
[2026-08-21T11:44:27.175+0000] {processor.py:914} INFO - Processing file /home/airflow/.local/lib/python3.12/site-packages/airflow/example_dags/example_task_group.py for tasks to queue
[2026-08-21T11:44:27.177+0000] {logging_mixin.py:190} INFO - [2026-08-21T11:44:27.177+0000] {dagbag.py:588} INFO - Filling up the DagBag from /home/airflow/.local/lib/python3.12/site-packages/airflow/example_dags/example_task_group.py
[2026-08-21T11:44:27.186+0000] {processor.py:925} INFO - DAG(s) 'example_task_group' retrieved from /home/airflow/.local/lib/python3.12/site-packages/airflow/example_dags/example_task_group.py
[2026-08-21T11:44:27.208+0000] {logging_mixin.py:190} INFO - [2026-08-21T11:44:27.208+0000] {dag.py:3239} INFO - Sync 1 DAGs
[2026-08-21T11:44:27.221+0000] {logging_mixin.py:190} INFO - [2026-08-21T11:44:27.220+0000] {dag.py:4180} INFO - Setting next_dagrun for example_task_group to None, run_after=None
[2026-08-21T11:44:27.242+0000] {processor.py:208} INFO - Processing /home/airflow/.local/lib/python3.12/site-packages/airflow/example_dags/example_task_group.py took 0.074 seconds
[2026-08-21T11:45:03.635+0000] {processor.py:186} INFO - Started process (PID=564) to work on /home/airflow/.local/lib/python3.12/site-packages/airflow/example_dags/example_task_group.py
[2026-08-21T11:45:03.636+0000] {processor.py:914} INFO - Processing file /home/airflow/.local/lib/python3.12/site-packages/airflow/example_dags/example_task_group.py for tasks to queue
[2026-08-21T11:45:03.639+0000] {logging_mixin.py:190} INFO - [2026-08-21T11:45:03.638+0000] {dagbag.py:588} INFO - Filling up the DagBag from /home/airflow/.local/lib/python3.12/site-packages/airflow/example_dags/example_task_group.py
[2026-08-21T11:45:03.650+0000] {processor.py:925} INFO - DAG(s) 'example_task_group' retrieved from /home/airflow/.local/lib/python3.12/site-packages/airflow/example_dags/example_task_group.py
[2026-08-21T11:45:03.670+0000] {logging_mixin.py:190} INFO - [2026-08-21T11:45:03.669+0000] {dag.py:3239} INFO - Sync 1 DAGs
[2026-08-21T11:45:03.686+0000] {logging_mixin.py:190} INFO - [2026-08-21T11:45:03.686+0000] {dag.py:4180} INFO - Setting next_dagrun for example_task_group to None, run_after=None
[2026-08-21T11:45:03.706+0000] {processor.py:208} INFO - Processing /home/airflow/.local/lib/python3.12/site-packages/airflow/example_dags/example_task_group.py took 0.076 seconds
[2026-08-21T11:45:39.490+0000] {processor.py:186} INFO - Started process (PID=627) to work on /home/airflow/.local/lib/python3.12/site-packages/airflow/example_dags/example_task_group.py
[2026-08-21T11:45:39.491+0000] {processor.py:914} INFO - Processing file /home/airflow/.local/lib/python3.12/site-packages/airflow/example_dags/example_task_group.py for tasks to queue
[2026-08-21T11:45:39.494+0000] {logging_mixin.py:190} INFO - [2026-08-21T11:45:39.493+0000] {dagbag.py:588} INFO - Filling up the DagBag from /home/airflow/.local/lib/python3.12/site-packages/airflow/example_dags/example_task_group.py
[2026-08-21T11:45:39.507+0000] {processor.py:925} INFO - DAG(s) 'example_task_group' retrieved from /home/airflow/.local/lib/python3.12/site-packages/airflow/example_dags/example_task_group.py
[2026-08-21T11:45:39.537+0000] {logging_mixin.py:190} INFO - [2026-08-21T11:45:39.537+0000] {dag.py:3239} INFO - Sync 1 DAGs
[2026-08-21T11:45:39.553+0000] {logging_mixin.py:190} INFO - [2026-08-21T11:45:39.552+0000] {dag.py:4180} INFO - Setting next_dagrun for example_task_group to None, run_after=None
[2026-08-21T11:45:39.576+0000] {processor.py:208} INFO - Processing /home/airflow/.local/lib/python3.12/site-packages/airflow/example_dags/example_task_group.py took 0.092 seconds
[2026-08-21T11:46:14.130+0000] {processor.py:186} INFO - Started process (PID=690) to work on /home/airflow/.local/lib/python3.12/site-packages/airflow/example_dags/example_task_group.py
[2026-08-21T11:46:14.131+0000] {processor.py:914} INFO - Processing file /home/airflow/.local/lib/python3.12/site-packages/airflow/example_dags/example_task_group.py for tasks to queue
[2026-08-21T11:46:14.134+0000] {logging_mixin.py:190} INFO - [2026-08-21T11:46:14.134+0000] {dagbag.py:588} INFO - Filling up the DagBag from /home/airflow/.local/lib/python3.12/site-packages/airflow/example_dags/example_task_group.py
[2026-08-21T11:46:14.144+0000] {processor.py:925} INFO - DAG(s) 'example_task_group' retrieved from /home/airflow/.local/lib/python3.12/site-packages/airflow/example_dags/example_task_group.py
[2026-08-21T11:46:14.162+0000] {logging_mixin.py:190} INFO - [2026-08-21T11:46:14.162+0000] {dag.py:3239} INFO - Sync 1 DAGs
[2026-08-21T11:46:14.178+0000] {logging_mixin.py:190} INFO - [2026-08-21T11:46:14.178+0000] {dag.py:4180} INFO - Setting next_dagrun for example_task_group to None, run_after=None
[2026-08-21T11:46:14.195+0000] {processor.py:208} INFO - Processing /home/airflow/.local/lib/python3.12/site-packages/airflow/example_dags/example_task_group.py took 0.070 seconds
[2026-08-21T11:46:50.193+0000] {processor.py:186} INFO - Started process (PID=759) to work on /home/airflow/.local/lib/python3.12/site-packages/airflow/example_dags/example_task_group.py
[2026-08-21T11:46:50.193+0000] {processor.py:914} INFO - Processing file /home/airflow/.local/lib/python3.12/site-packages/airflow/example_dags/example_task_group.py for tasks to queue
[2026-08-21T11:46:50.196+0000] {logging_mixin.py:190} INFO - [2026-08-21T11:46:50.195+0000] {dagbag.py:588} INFO - Filling up the DagBag from /home/airflow/.local/lib/python3.12/site-packages/airflow/example_dags/example_task_group.py
[2026-08-21T11:46:50.206+0000] {processor.py:925} INFO - DAG(s) 'example_task_group' retrieved from /home/airflow/.local/lib/python3.12/site-packages/airflow/example_dags/example_task_group.py
[2026-08-21T11:46:50.235+0000] {logging_mixin.py:190} INFO - [2026-08-21T11:46:50.235+0000] {dag.py:3239} INFO - Sync 1 DAGs
[2026-08-21T11:46:50.253+0000] {logging_mixin.py:190} INFO - [2026-08-21T11:46:50.252+0000] {dag.py:4180} INFO - Setting next_dagrun for example_task_group to None, run_after=None
[2026-08-21T11:46:50.276+0000] {processor.py:208} INFO - Processing /home/airflow/.local/lib/python3.12/site-packages/airflow/example_dags/example_task_group.py took 0.091 seconds
