[2026-08-21T11:40:55.044+0000] {processor.py:186} INFO - Started process (PID=84) to work on /home/airflow/.local/lib/python3.12/site-packages/airflow/example_dags/example_subdag_operator.py
[2026-08-21T11:40:55.044+0000] {processor.py:914} INFO - Processing file /home/airflow/.local/lib/python3.12/site-packages/airflow/example_dags/example_subdag_operator.py for tasks to queue
[2026-08-21T11:40:55.048+0000] {logging_mixin.py:190} INFO - [2026-08-21T11:40:55.047+0000] {dagbag.py:588} INFO - Filling up the DagBag from /home/airflow/.local/lib/python3.12/site-packages/airflow/example_dags/example_subdag_operator.py
[2026-08-21T11:40:55.075+0000] {processor.py:925} INFO - DAG(s) 'example_subdag_operator.section-1', 'example_subdag_operator.section-2', 'example_subdag_operator' retrieved from /home/airflow/.local/lib/python3.12/site-packages/airflow/example_dags/example_subdag_operator.py
[2026-08-21T11:40:55.183+0000] {logging_mixin.py:190} INFO - [2026-08-21T11:40:55.182+0000] {override.py:1932} INFO - Created Permission View: can read on DAG:example_subdag_operator
[2026-08-21T11:40:55.197+0000] {logging_mixin.py:190} INFO - [2026-08-21T11:40:55.197+0000] {override.py:1932} INFO - Created Permission View: can edit on DAG:example_subdag_operator
[2026-08-21T11:40:55.205+0000] {logging_mixin.py:190} INFO - [2026-08-21T11:40:55.205+0000] {override.py:1932} INFO - Created Permission View: can delete on DAG:example_subdag_operator
[2026-08-21T11:40:55.216+0000] {logging_mixin.py:190} INFO - [2026-08-21T11:40:55.215+0000] {override.py:1932} INFO - Created Permission View: menu access on DAG Run:example_subdag_operator
[2026-08-21T11:40:55.228+0000] {logging_mixin.py:190} INFO - [2026-08-21T11:40:55.228+0000] {override.py:1932} INFO - Created Permission View: can read on DAG Run:example_subdag_operator
[2026-08-21T11:40:55.236+0000] {logging_mixin.py:190} INFO - [2026-08-21T11:40:55.236+0000] {override.py:1932} INFO - Created Permission View: can create on DAG Run:example_subdag_operator
[2026-08-21T11:40:55.245+0000] {logging_mixin.py:190} INFO - [2026-08-21T11:40:55.245+0000] {override.py:1932} INFO - Created Permission View: can delete on DAG Run:example_subdag_operator
[2026-08-21T11:40:55.246+0000] {logging_mixin.py:190} INFO - [2026-08-21T11:40:55.246+0000] {dag.py:3239} INFO - Sync 3 DAGs
[2026-08-21T11:40:55.259+0000] {logging_mixin.py:190} INFO - [2026-08-21T11:40:55.259+0000] {dag.py:3262} INFO - Creating ORM DAG for example_subdag_operator.section-2
[2026-08-21T11:40:55.260+0000] {logging_mixin.py:190} INFO - [2026-08-21T11:40:55.260+0000] {dag.py:3262} INFO - Creating ORM DAG for example_subdag_operator.section-1
[2026-08-21T11:40:55.260+0000] {logging_mixin.py:190} INFO - [2026-08-21T11:40:55.260+0000] {dag.py:3262} INFO - Creating ORM DAG for example_subdag_operator
[2026-08-21T11:40:55.271+0000] {logging_mixin.py:190} INFO - [2026-08-21T11:40:55.271+0000] {dag.py:4180} INFO - Setting next_dagrun for example_subdag_operator to 2022-01-01 00:00:00+00:00, run_after=2022-01-01 00:00:00+00:00
[2026-08-21T11:40:55.273+0000] {logging_mixin.py:190} INFO - [2026-08-21T11:40:55.272+0000] {dag.py:4180} INFO - Setting next_dagrun for example_subdag_operator.section-1 to None, run_after=None
[2026-08-21T11:40:55.273+0000] {logging_mixin.py:190} INFO - [2026-08-21T11:40:55.273+0000] {dag.py:4180} INFO - Setting next_dagrun for example_subdag_operator.section-2 to None, run_after=None
[2026-08-21T11:40:55.283+0000] {logging_mixin.py:190} INFO - [2026-08-21T11:40:55.283+0000] {dag.py:3239} INFO - Sync 2 DAGs
[2026-08-21T11:40:55.291+0000] {logging_mixin.py:190} INFO - [2026-08-21T11:40:55.291+0000] {dag.py:4180} INFO - Setting next_dagrun for example_subdag_operator.section-1 to None, run_after=None
[2026-08-21T11:40:55.295+0000] {logging_mixin.py:190} INFO - [2026-08-21T11:40:55.295+0000] {dag.py:4180} INFO - Setting next_dagrun for example_subdag_operator.section-2 to None, run_after=None
[2026-08-21T11:40:55.308+0000] {processor.py:208} INFO - Processing /home/airflow/.local/lib/python3.12/site-packages/airflow/example_dags/example_subdag_operator.py took 0.271 seconds
[2026-08-21T11:41:29.870+0000] {processor.py:186} INFO - Started process (PID=147) to work on /home/airflow/.local/lib/python3.12/site-packages/airflow/example_dags/example_subdag_operator.py
[2026-08-21T11:41:29.870+0000] {processor.py:914} INFO - Processing file /home/airflow/.local/lib/python3.12/site-packages/airflow/example_dags/example_subdag_operator.py for tasks to queue
[2026-08-21T11:41:29.874+0000] {logging_mixin.py:190} INFO - [2026-08-21T11:41:29.873+0000] {dagbag.py:588} INFO - Filling up the DagBag from /home/airflow/.local/lib/python3.12/site-packages/airflow/example_dags/example_subdag_operator.py
[2026-08-21T11:41:29.901+0000] {processor.py:925} INFO - DAG(s) 'example_subdag_operator.section-1', 'example_subdag_operator.section-2', 'example_subdag_operator' retrieved from /home/airflow/.local/lib/python3.12/site-packages/airflow/example_dags/example_subdag_operator.py
[2026-08-21T11:41:29.917+0000] {logging_mixin.py:190} INFO - [2026-08-21T11:41:29.917+0000] {dag.py:3239} INFO - Sync 3 DAGs
[2026-08-21T11:41:29.939+0000] {logging_mixin.py:190} INFO - [2026-08-21T11:41:29.939+0000] {dag.py:4180} INFO - Setting next_dagrun for example_subdag_operator to 2022-01-01 00:00:00+00:00, run_after=2022-01-01 00:00:00+00:00
[2026-08-21T11:41:29.944+0000] {logging_mixin.py:190} INFO - [2026-08-21T11:41:29.943+0000] {dag.py:4180} INFO - Setting next_dagrun for example_subdag_operator.section-1 to None, run_after=None
[2026-08-21T11:41:29.945+0000] {logging_mixin.py:190} INFO - [2026-08-21T11:41:29.945+0000] {dag.py:4180} INFO - Setting next_dagrun for example_subdag_operator.section-2 to None, run_after=None
[2026-08-21T11:41:29.953+0000] {logging_mixin.py:190} INFO - [2026-08-21T11:41:29.953+0000] {dag.py:3239} INFO - Sync 2 DAGs
[2026-08-21T11:41:29.958+0000] {logging_mixin.py:190} INFO - [2026-08-21T11:41:29.958+0000] {dag.py:4180} INFO - Setting next_dagrun for example_subdag_operator.section-1 to None, run_after=None
[2026-08-21T11:41:29.958+0000] {logging_mixin.py:190} INFO - [2026-08-21T11:41:29.958+0000] {dag.py:4180} INFO - Setting next_dagrun for example_subdag_operator.section-2 to None, run_after=None
[2026-08-21T11:41:29.970+0000] {processor.py:208} INFO - Processing /home/airflow/.local/lib/python3.12/site-packages/airflow/example_dags/example_subdag_operator.py took 0.108 seconds
[2026-08-21T11:42:04.697+0000] {processor.py:186} INFO - Started process (PID=210) to work on /home/airflow/.local/lib/python3.12/site-packages/airflow/example_dags/example_subdag_operator.py
[2026-08-21T11:42:04.698+0000] {processor.py:914} INFO - Processing file /home/airflow/.local/lib/python3.12/site-packages/airflow/example_dags/example_subdag_operator.py for tasks to queue
[2026-08-21T11:42:04.700+0000] {logging_mixin.py:190} INFO - [2026-08-21T11:42:04.700+0000] {dagbag.py:588} INFO - Filling up the DagBag from /home/airflow/.local/lib/python3.12/site-packages/airflow/example_dags/example_subdag_operator.py
[2026-08-21T11:42:04.728+0000] {processor.py:925} INFO - DAG(s) 'example_subdag_operator.section-1', 'example_subdag_operator.section-2', 'example_subdag_operator' retrieved from /home/airflow/.local/lib/python3.12/site-packages/airflow/example_dags/example_subdag_operator.py
[2026-08-21T11:42:04.741+0000] {logging_mixin.py:190} INFO - [2026-08-21T11:42:04.741+0000] {dag.py:3239} INFO - Sync 3 DAGs
[2026-08-21T11:42:04.765+0000] {logging_mixin.py:190} INFO - [2026-08-21T11:42:04.765+0000] {dag.py:4180} INFO - Setting next_dagrun for example_subdag_operator to 2022-01-01 00:00:00+00:00, run_after=2022-01-01 00:00:00+00:00
[2026-08-21T11:42:04.768+0000] {logging_mixin.py:190} INFO - [2026-08-21T11:42:04.768+0000] {dag.py:4180} INFO - Setting next_dagrun for example_subdag_operator.section-1 to None, run_after=None
[2026-08-21T11:42:04.770+0000] {logging_mixin.py:190} INFO - [2026-08-21T11:42:04.769+0000] {dag.py:4180} INFO - Setting next_dagrun for example_subdag_operator.section-2 to None, run_after=None
[2026-08-21T11:42:04.775+0000] {logging_mixin.py:190} INFO - [2026-08-21T11:42:04.775+0000] {dag.py:3239} INFO - Sync 2 DAGs
[2026-08-21T11:42:04.783+0000] {logging_mixin.py:190} INFO - [2026-08-21T11:42:04.783+0000] {dag.py:4180} INFO - Setting next_dagrun for example_subdag_operator.section-1 to None, run_after=None
[2026-08-21T11:42:04.783+0000] {logging_mixin.py:190} INFO - [2026-08-21T11:42:04.783+0000] {dag.py:4180} INFO - Setting next_dagrun for example_subdag_operator.section-2 to None, run_after=None
[2026-08-21T11:42:04.795+0000] {processor.py:208} INFO - Processing /home/airflow/.local/lib/python3.12/site-packages/airflow/example_dags/example_subdag_operator.py took 0.104 seconds
[2026-08-21T11:42:40.302+0000] {processor.py:186} INFO - Started process (PID=273) to work on /home/airflow/.local/lib/python3.12/site-packages/airflow/example_dags/example_subdag_operator.py
[2026-08-21T11:42:40.303+0000] {processor.py:914} INFO - Processing file /home/airflow/.local/lib/python3.12/site-packages/airflow/example_dags/example_subdag_operator.py for tasks to queue
[2026-08-21T11:42:40.306+0000] {logging_mixin.py:190} INFO - [2026-08-21T11:42:40.306+0000] {dagbag.py:588} INFO - Filling up the DagBag from /home/airflow/.local/lib/python3.12/site-packages/airflow/example_dags/example_subdag_operator.py
[2026-08-21T11:42:40.338+0000] {processor.py:925} INFO - DAG(s) 'example_subdag_operator.section-1', 'example_subdag_operator.section-2', 'example_subdag_operator' retrieved from /home/airflow/.local/lib/python3.12/site-packages/airflow/example_dags/example_subdag_operator.py
[2026-08-21T11:42:40.356+0000] {logging_mixin.py:190} INFO - [2026-08-21T11:42:40.355+0000] {dag.py:3239} INFO - Sync 3 DAGs
[2026-08-21T11:42:40.384+0000] {logging_mixin.py:190} INFO - [2026-08-21T11:42:40.384+0000] {dag.py:4180} INFO - Setting next_dagrun for example_subdag_operator to 2022-01-01 00:00:00+00:00, run_after=2022-01-01 00:00:00+00:00
[2026-08-21T11:42:40.388+0000] {logging_mixin.py:190} INFO - [2026-08-21T11:42:40.388+0000] {dag.py:4180} INFO - Setting next_dagrun for example_subdag_operator.section-1 to None, run_after=None
[2026-08-21T11:42:40.389+0000] {logging_mixin.py:190} INFO - [2026-08-21T11:42:40.389+0000] {dag.py:4180} INFO - Setting next_dagrun for example_subdag_operator.section-2 to None, run_after=None
[2026-08-21T11:42:40.398+0000] {logging_mixin.py:190} INFO - [2026-08-21T11:42:40.397+0000] {dag.py:3239} INFO - Sync 2 DAGs
[2026-08-21T11:42:40.403+0000] {logging_mixin.py:190} INFO - [2026-08-21T11:42:40.402+0000] {dag.py:4180} INFO - Setting next_dagrun for example_subdag_operator.section-1 to None, run_after=None
[2026-08-21T11:42:40.403+0000] {logging_mixin.py:190} INFO - [2026-08-21T11:42:40.403+0000] {dag.py:4180} INFO - Setting next_dagrun for example_subdag_operator.section-2 to None, run_after=None
[2026-08-21T11:42:40.418+0000] {processor.py:208} INFO - Processing /home/airflow/.local/lib/python3.12/site-packages/airflow/example_dags/example_subdag_operator.py took 0.121 seconds
[2026-08-21T11:43:15.492+0000] {processor.py:186} INFO - Started process (PID=336) to work on /home/airflow/.local/lib/python3.12/site-packages/airflow/example_dags/example_subdag_operator.py
[2026-08-21T11:43:15.493+0000] {processor.py:914} INFO - Processing file /home/airflow/.local/lib/python3.12/site-packages/airflow/example_dags/example_subdag_operator.py for tasks to queue
[2026-08-21T11:43:15.496+0000] {logging_mixin.py:190} INFO - [2026-08-21T11:43:15.496+0000] {dagbag.py:588} INFO - Filling up the DagBag from /home/airflow/.local/lib/python3.12/site-packages/airflow/example_dags/example_subdag_operator.py
[2026-08-21T11:43:15.524+0000] {processor.py:925} INFO - DAG(s) 'example_subdag_operator.section-1', 'example_subdag_operator.section-2', 'example_subdag_operator' retrieved from /home/airflow/.local/lib/python3.12/site-packages/airflow/example_dags/example_subdag_operator.py
[2026-08-21T11:43:15.543+0000] {logging_mixin.py:190} INFO - [2026-08-21T11:43:15.543+0000] {dag.py:3239} INFO - Sync 3 DAGs
[2026-08-21T11:43:15.572+0000] {logging_mixin.py:190} INFO - [2026-08-21T11:43:15.571+0000] {dag.py:4180} INFO - Setting next_dagrun for example_subdag_operator to 2022-01-01 00:00:00+00:00, run_after=2022-01-01 00:00:00+00:00
[2026-08-21T11:43:15.576+0000] {logging_mixin.py:190} INFO - [2026-08-21T11:43:15.576+0000] {dag.py:4180} INFO - Setting next_dagrun for example_subdag_operator.section-1 to None, run_after=None
[2026-08-21T11:43:15.577+0000] {logging_mixin.py:190} INFO - [2026-08-21T11:43:15.577+0000] {dag.py:4180} INFO - Setting next_dagrun for example_subdag_operator.section-2 to None, run_after=None
[2026-08-21T11:43:15.585+0000] {logging_mixin.py:190} INFO - [2026-08-21T11:43:15.584+0000] {dag.py:3239} INFO - Sync 2 DAGs
[2026-08-21T11:43:15.591+0000] {logging_mixin.py:190} INFO - [2026-08-21T11:43:15.591+0000] {dag.py:4180} INFO - Setting next_dagrun for example_subdag_operator.section-1 to None, run_after=None
[2026-08-21T11:43:15.591+0000] {logging_mixin.py:190} INFO - [2026-08-21T11:43:15.591+0000] {dag.py:4180} INFO - Setting next_dagrun for example_subdag_operator.section-2 to None, run_after=None
[2026-08-21T11:43:15.605+0000] {processor.py:208} INFO - Processing /home/airflow/.local/lib/python3.12/site-packages/airflow/example_dags/example_subdag_operator.py took 0.118 seconds
[2026-08-21T11:43:50.309+0000] {processor.py:186} INFO - Started process (PID=405) to work on /home/airflow/.local/lib/python3.12/site-packages/airflow/example_dags/example_subdag_operator.py
[2026-08-21T11:43:50.310+0000] {processor.py:914} INFO - Processing file /home/airflow/.local/lib/python3.12/site-packages/airflow/example_dags/example_subdag_operator.py for tasks to queue
[2026-08-21T11:43:50.312+0000] {logging_mixin.py:190} INFO - [2026-08-21T11:43:50.312+0000] {dagbag.py:588} INFO - Filling up the DagBag from /home/airflow/.local/lib/python3.12/site-packages/airflow/example_dags/example_subdag_operator.py
[2026-08-21T11:43:50.340+0000] {processor.py:925} INFO - DAG(s) 'example_subdag_operator.section-1', 'example_subdag_operator.section-2', 'example_subdag_operator' retrieved from /home/airflow/.local/lib/python3.12/site-packages/airflow/example_dags/example_subdag_operator.py
[2026-08-21T11:43:50.356+0000] {logging_mixin.py:190} INFO - [2026-08-21T11:43:50.356+0000] {dag.py:3239} INFO - Sync 3 DAGs
[2026-08-21T11:43:50.379+0000] {logging_mixin.py:190} INFO - [2026-08-21T11:43:50.379+0000] {dag.py:4180} INFO - Setting next_dagrun for example_subdag_operator to 2022-01-01 00:00:00+00:00, run_after=2022-01-01 00:00:00+00:00
[2026-08-21T11:43:50.383+0000] {logging_mixin.py:190} INFO - [2026-08-21T11:43:50.382+0000] {dag.py:4180} INFO - Setting next_dagrun for example_subdag_operator.section-1 to None, run_after=None
[2026-08-21T11:43:50.385+0000] {logging_mixin.py:190} INFO - [2026-08-21T11:43:50.384+0000] {dag.py:4180} INFO - Setting next_dagrun for example_subdag_operator.section-2 to None, run_after=None
[2026-08-21T11:43:50.394+0000] {logging_mixin.py:190} INFO - [2026-08-21T11:43:50.393+0000] {dag.py:3239} INFO - Sync 2 DAGs
[2026-08-21T11:43:50.400+0000] {logging_mixin.py:190} INFO - [2026-08-21T11:43:50.399+0000] {dag.py:4180} INFO - Setting next_dagrun for example_subdag_operator.section-1 to None, run_after=None
[2026-08-21T11:43:50.400+0000] {logging_mixin.py:190} INFO - [2026-08-21T11:43:50.400+0000] {dag.py:4180} INFO - Setting next_dagrun for example_subdag_operator.section-2 to None, run_after=None
[2026-08-21T11:43:50.412+0000] {processor.py:208} INFO - Processing /home/airflow/.local/lib/python3.12/site-packages/airflow/example_dags/example_subdag_operator.py took 0.108 seconds
[2026-08-21T11:44:24.822+0000] {processor.py:186} INFO - Started process (PID=468) to work on /home/airflow/.local/lib/python3.12/site-packages/airflow/example_dags/example_subdag_operator.py
[2026-08-21T11:44:24.823+0000] {processor.py:914} INFO - Processing file /home/airflow/.local/lib/python3.12/site-packages/airflow/example_dags/example_subdag_operator.py for tasks to queue
[2026-08-21T11:44:24.825+0000] {logging_mixin.py:190} INFO - [2026-08-21T11:44:24.825+0000] {dagbag.py:588} INFO - Filling up the DagBag from /home/airflow/.local/lib/python3.12/site-packages/airflow/example_dags/example_subdag_operator.py
[2026-08-21T11:44:24.853+0000] {processor.py:925} INFO - DAG(s) 'example_subdag_operator.section-1', 'example_subdag_operator.section-2', 'example_subdag_operator' retrieved from /home/airflow/.local/lib/python3.12/site-packages/airflow/example_dags/example_subdag_operator.py
[2026-08-21T11:44:24.869+0000] {logging_mixin.py:190} INFO - [2026-08-21T11:44:24.869+0000] {dag.py:3239} INFO - Sync 3 DAGs
[2026-08-21T11:44:24.894+0000] {logging_mixin.py:190} INFO - [2026-08-21T11:44:24.893+0000] {dag.py:4180} INFO - Setting next_dagrun for example_subdag_operator to 2022-01-01 00:00:00+00:00, run_after=2022-01-01 00:00:00+00:00
[2026-08-21T11:44:24.900+0000] {logging_mixin.py:190} INFO - [2026-08-21T11:44:24.900+0000] {dag.py:4180} INFO - Setting next_dagrun for example_subdag_operator.section-1 to None, run_after=None
[2026-08-21T11:44:24.904+0000] {logging_mixin.py:190} INFO - [2026-08-21T11:44:24.903+0000] {dag.py:4180} INFO - Setting next_dagrun for example_subdag_operator.section-2 to None, run_after=None
[2026-08-21T11:44:24.918+0000] {logging_mixin.py:190} INFO - [2026-08-21T11:44:24.918+0000] {dag.py:3239} INFO - Sync 2 DAGs
[2026-08-21T11:44:24.927+0000] {logging_mixin.py:190} INFO - [2026-08-21T11:44:24.926+0000] {dag.py:4180} INFO - Setting next_dagrun for example_subdag_operator.section-1 to None, run_after=None
[2026-08-21T11:44:24.927+0000] {logging_mixin.py:190} INFO - [2026-08-21T11:44:24.927+0000] {dag.py:4180} INFO - Setting next_dagrun for example_subdag_operator.section-2 to None, run_after=None
[2026-08-21T11:44:24.953+0000] {processor.py:208} INFO - Processing /home/airflow/.local/lib/python3.12/site-packages/airflow/example_dags/example_subdag_operator.py took 0.137 seconds
[2026-08-21T11:45:00.824+0000] {processor.py:186} INFO - Started process (PID=531) to work on /home/airflow/.local/lib/python3.12/site-packages/airflow/example_dags/example_subdag_operator.py
[2026-08-21T11:45:00.825+0000] {processor.py:914} INFO - Processing file /home/airflow/.local/lib/python3.12/site-packages/airflow/example_dags/example_subdag_operator.py for tasks to queue
[2026-08-21T11:45:00.829+0000] {logging_mixin.py:190} INFO - [2026-08-21T11:45:00.828+0000] {dagbag.py:588} INFO - Filling up the DagBag from /home/airflow/.local/lib/python3.12/site-packages/airflow/example_dags/example_subdag_operator.py
[2026-08-21T11:45:00.860+0000] {processor.py:925} INFO - DAG(s) 'example_subdag_operator.section-1', 'example_subdag_operator.section-2', 'example_subdag_operator' retrieved from /home/airflow/.local/lib/python3.12/site-packages/airflow/example_dags/example_subdag_operator.py
[2026-08-21T11:45:00.880+0000] {logging_mixin.py:190} INFO - [2026-08-21T11:45:00.879+0000] {dag.py:3239} INFO - Sync 3 DAGs
[2026-08-21T11:45:00.911+0000] {logging_mixin.py:190} INFO - [2026-08-21T11:45:00.910+0000] {dag.py:4180} INFO - Setting next_dagrun for example_subdag_operator to 2022-01-01 00:00:00+00:00, run_after=2022-01-01 00:00:00+00:00
[2026-08-21T11:45:00.916+0000] {logging_mixin.py:190} INFO - [2026-08-21T11:45:00.915+0000] {dag.py:4180} INFO - Setting next_dagrun for example_subdag_operator.section-1 to None, run_after=None
[2026-08-21T11:45:00.918+0000] {logging_mixin.py:190} INFO - [2026-08-21T11:45:00.918+0000] {dag.py:4180} INFO - Setting next_dagrun for example_subdag_operator.section-2 to None, run_after=None
[2026-08-21T11:45:00.927+0000] {logging_mixin.py:190} INFO - [2026-08-21T11:45:00.927+0000] {dag.py:3239} INFO - Sync 2 DAGs
[2026-08-21T11:45:00.937+0000] {logging_mixin.py:190} INFO - [2026-08-21T11:45:00.937+0000] {dag.py:4180} INFO - Setting next_dagrun for example_subdag_operator.section-1 to None, run_after=None
[2026-08-21T11:45:00.938+0000] {logging_mixin.py:190} INFO - [2026-08-21T11:45:00.938+0000] {dag.py:4180} INFO - Setting next_dagrun for example_subdag_operator.section-2 to None, run_after=None
[2026-08-21T11:45:00.951+0000] {processor.py:208} INFO - Processing /home/airflow/.local/lib/python3.12/site-packages/airflow/example_dags/example_subdag_operator.py took 0.133 seconds
[2026-08-21T11:45:36.869+0000] {processor.py:186} INFO - Started process (PID=594) to work on /home/airflow/.local/lib/python3.12/site-packages/airflow/example_dags/example_subdag_operator.py
[2026-08-21T11:45:36.870+0000] {processor.py:914} INFO - Processing file /home/airflow/.local/lib/python3.12/site-packages/airflow/example_dags/example_subdag_operator.py for tasks to queue
[2026-08-21T11:45:36.873+0000] {logging_mixin.py:190} INFO - [2026-08-21T11:45:36.872+0000] {dagbag.py:588} INFO - Filling up the DagBag from /home/airflow/.local/lib/python3.12/site-packages/airflow/example_dags/example_subdag_operator.py
[2026-08-21T11:45:36.903+0000] {processor.py:925} INFO - DAG(s) 'example_subdag_operator.section-1', 'example_subdag_operator.section-2', 'example_subdag_operator' retrieved from /home/airflow/.local/lib/python3.12/site-packages/airflow/example_dags/example_subdag_operator.py
[2026-08-21T11:45:36.923+0000] {logging_mixin.py:190} INFO - [2026-08-21T11:45:36.923+0000] {dag.py:3239} INFO - Sync 3 DAGs
[2026-08-21T11:45:36.947+0000] {logging_mixin.py:190} INFO - [2026-08-21T11:45:36.947+0000] {dag.py:4180} INFO - Setting next_dagrun for example_subdag_operator to 2022-01-01 00:00:00+00:00, run_after=2022-01-01 00:00:00+00:00
[2026-08-21T11:45:36.953+0000] {logging_mixin.py:190} INFO - [2026-08-21T11:45:36.953+0000] {dag.py:4180} INFO - Setting next_dagrun for example_subdag_operator.section-1 to None, run_after=None
[2026-08-21T11:45:36.955+0000] {logging_mixin.py:190} INFO - [2026-08-21T11:45:36.954+0000] {dag.py:4180} INFO - Setting next_dagrun for example_subdag_operator.section-2 to None, run_after=None
[2026-08-21T11:45:36.964+0000] {logging_mixin.py:190} INFO - [2026-08-21T11:45:36.964+0000] {dag.py:3239} INFO - Sync 2 DAGs
[2026-08-21T11:45:36.971+0000] {logging_mixin.py:190} INFO - [2026-08-21T11:45:36.971+0000] {dag.py:4180} INFO - Setting next_dagrun for example_subdag_operator.section-1 to None, run_after=None
[2026-08-21T11:45:36.971+0000] {logging_mixin.py:190} INFO - [2026-08-21T11:45:36.971+0000] {dag.py:4180} INFO - Setting next_dagrun for example_subdag_operator.section-2 to None, run_after=None
[2026-08-21T11:45:36.984+0000] {processor.py:208} INFO - Processing /home/airflow/.local/lib/python3.12/site-packages/airflow/example_dags/example_subdag_operator.py took 0.120 seconds
[2026-08-21T11:46:12.305+0000] {processor.py:186} INFO - Started process (PID=662) to work on /home/airflow/.local/lib/python3.12/site-packages/airflow/example_dags/example_subdag_operator.py
[2026-08-21T11:46:12.305+0000] {processor.py:914} INFO - Processing file /home/airflow/.local/lib/python3.12/site-packages/airflow/example_dags/example_subdag_operator.py for tasks to queue
[2026-08-21T11:46:12.308+0000] {logging_mixin.py:190} INFO - [2026-08-21T11:46:12.307+0000] {dagbag.py:588} INFO - Filling up the DagBag from /home/airflow/.local/lib/python3.12/site-packages/airflow/example_dags/example_subdag_operator.py
[2026-08-21T11:46:12.333+0000] {processor.py:925} INFO - DAG(s) 'example_subdag_operator.section-1', 'example_subdag_operator.section-2', 'example_subdag_operator' retrieved from /home/airflow/.local/lib/python3.12/site-packages/airflow/example_dags/example_subdag_operator.py
[2026-08-21T11:46:12.347+0000] {logging_mixin.py:190} INFO - [2026-08-21T11:46:12.347+0000] {dag.py:3239} INFO - Sync 3 DAGs
[2026-08-21T11:46:12.370+0000] {logging_mixin.py:190} INFO - [2026-08-21T11:46:12.370+0000] {dag.py:4180} INFO - Setting next_dagrun for example_subdag_operator to 2022-01-01 00:00:00+00:00, run_after=2022-01-01 00:00:00+00:00
[2026-08-21T11:46:12.373+0000] {logging_mixin.py:190} INFO - [2026-08-21T11:46:12.373+0000] {dag.py:4180} INFO - Setting next_dagrun for example_subdag_operator.section-1 to None, run_after=None
[2026-08-21T11:46:12.374+0000] {logging_mixin.py:190} INFO - [2026-08-21T11:46:12.374+0000] {dag.py:4180} INFO - Setting next_dagrun for example_subdag_operator.section-2 to None, run_after=None
[2026-08-21T11:46:12.381+0000] {logging_mixin.py:190} INFO - [2026-08-21T11:46:12.381+0000] {dag.py:3239} INFO - Sync 2 DAGs
[2026-08-21T11:46:12.386+0000] {logging_mixin.py:190} INFO - [2026-08-21T11:46:12.386+0000] {dag.py:4180} INFO - Setting next_dagrun for example_subdag_operator.section-1 to None, run_after=None
[2026-08-21T11:46:12.386+0000] {logging_mixin.py:190} INFO - [2026-08-21T11:46:12.386+0000] {dag.py:4180} INFO - Setting next_dagrun for example_subdag_operator.section-2 to None, run_after=None
[2026-08-21T11:46:12.400+0000] {processor.py:208} INFO - Processing /home/airflow/.local/lib/python3.12/site-packages/airflow/example_dags/example_subdag_operator.py took 0.103 seconds
[2026-08-21T11:46:47.966+0000] {processor.py:186} INFO - Started process (PID=732) to work on /home/airflow/.local/lib/python3.12/site-packages/airflow/example_dags/example_subdag_operator.py
[2026-08-21T11:46:47.967+0000] {processor.py:914} INFO - Processing file /home/airflow/.local/lib/python3.12/site-packages/airflow/example_dags/example_subdag_operator.py for tasks to queue
[2026-08-21T11:46:47.972+0000] {logging_mixin.py:190} INFO - [2026-08-21T11:46:47.970+0000] {dagbag.py:588} INFO - Filling up the DagBag from /home/airflow/.local/lib/python3.12/site-packages/airflow/example_dags/example_subdag_operator.py
[2026-08-21T11:46:47.999+0000] {processor.py:925} INFO - DAG(s) 'example_subdag_operator.section-1', 'example_subdag_operator.section-2', 'example_subdag_operator' retrieved from /home/airflow/.local/lib/python3.12/site-packages/airflow/example_dags/example_subdag_operator.py
[2026-08-21T11:46:48.016+0000] {logging_mixin.py:190} INFO - [2026-08-21T11:46:48.016+0000] {dag.py:3239} INFO - Sync 3 DAGs
[2026-08-21T11:46:48.043+0000] {logging_mixin.py:190} INFO - [2026-08-21T11:46:48.043+0000] {dag.py:4180} INFO - Setting next_dagrun for example_subdag_operator to 2022-01-01 00:00:00+00:00, run_after=2022-01-01 00:00:00+00:00
[2026-08-21T11:46:48.047+0000] {logging_mixin.py:190} INFO - [2026-08-21T11:46:48.046+0000] {dag.py:4180} INFO - Setting next_dagrun for example_subdag_operator.section-1 to None, run_after=None
[2026-08-21T11:46:48.048+0000] {logging_mixin.py:190} INFO - [2026-08-21T11:46:48.048+0000] {dag.py:4180} INFO - Setting next_dagrun for example_subdag_operator.section-2 to None, run_after=None
[2026-08-21T11:46:48.055+0000] {logging_mixin.py:190} INFO - [2026-08-21T11:46:48.055+0000] {dag.py:3239} INFO - Sync 2 DAGs
[2026-08-21T11:46:48.061+0000] {logging_mixin.py:190} INFO - [2026-08-21T11:46:48.061+0000] {dag.py:4180} INFO - Setting next_dagrun for example_subdag_operator.section-1 to None, run_after=None
[2026-08-21T11:46:48.061+0000] {logging_mixin.py:190} INFO - [2026-08-21T11:46:48.061+0000] {dag.py:4180} INFO - Setting next_dagrun for example_subdag_operator.section-2 to None, run_after=None
[2026-08-21T11:46:48.075+0000] {processor.py:208} INFO - Processing /home/airflow/.local/lib/python3.12/site-packages/airflow/example_dags/example_subdag_operator.py took 0.114 seconds
[2026-08-21T11:47:18.113+0000] {processor.py:186} INFO - Started process (PID=794) to work on /home/airflow/.local/lib/python3.12/site-packages/airflow/example_dags/example_subdag_operator.py
[2026-08-21T11:47:18.113+0000] {processor.py:914} INFO - Processing file /home/airflow/.local/lib/python3.12/site-packages/airflow/example_dags/example_subdag_operator.py for tasks to queue
[2026-08-21T11:47:18.115+0000] {logging_mixin.py:190} INFO - [2026-08-21T11:47:18.115+0000] {dagbag.py:588} INFO - Filling up the DagBag from /home/airflow/.local/lib/python3.12/site-packages/airflow/example_dags/example_subdag_operator.py
[2026-08-21T11:47:18.144+0000] {processor.py:925} INFO - DAG(s) 'example_subdag_operator.section-1', 'example_subdag_operator.section-2', 'example_subdag_operator' retrieved from /home/airflow/.local/lib/python3.12/site-packages/airflow/example_dags/example_subdag_operator.py
[2026-08-21T11:47:18.161+0000] {logging_mixin.py:190} INFO - [2026-08-21T11:47:18.161+0000] {dag.py:3239} INFO - Sync 3 DAGs
[2026-08-21T11:47:18.187+0000] {logging_mixin.py:190} INFO - [2026-08-21T11:47:18.186+0000] {dag.py:4180} INFO - Setting next_dagrun for example_subdag_operator to 2022-01-01 00:00:00+00:00, run_after=2022-01-01 00:00:00+00:00
[2026-08-21T11:47:18.192+0000] {logging_mixin.py:190} INFO - [2026-08-21T11:47:18.191+0000] {dag.py:4180} INFO - Setting next_dagrun for example_subdag_operator.section-1 to None, run_after=None
[2026-08-21T11:47:18.194+0000] {logging_mixin.py:190} INFO - [2026-08-21T11:47:18.193+0000] {dag.py:4180} INFO - Setting next_dagrun for example_subdag_operator.section-2 to None, run_after=None
[2026-08-21T11:47:18.203+0000] {logging_mixin.py:190} INFO - [2026-08-21T11:47:18.203+0000] {dag.py:3239} INFO - Sync 2 DAGs
[2026-08-21T11:47:18.209+0000] {logging_mixin.py:190} INFO - [2026-08-21T11:47:18.209+0000] {dag.py:4180} INFO - Setting next_dagrun for example_subdag_operator.section-1 to None, run_after=None
[2026-08-21T11:47:18.210+0000] {logging_mixin.py:190} INFO - [2026-08-21T11:47:18.209+0000] {dag.py:4180} INFO - Setting next_dagrun for example_subdag_operator.section-2 to None, run_after=None
[2026-08-21T11:47:18.228+0000] {processor.py:208} INFO - Processing /home/airflow/.local/lib/python3.12/site-packages/airflow/example_dags/example_subdag_operator.py took 0.121 seconds
