[2026-08-21T11:40:56.722+0000] {processor.py:186} INFO - Started process (PID=95) to work on /home/airflow/.local/lib/python3.12/site-packages/airflow/example_dags/example_outlet_event_extra.py
[2026-08-21T11:40:56.722+0000] {processor.py:914} INFO - Processing file /home/airflow/.local/lib/python3.12/site-packages/airflow/example_dags/example_outlet_event_extra.py for tasks to queue
[2026-08-21T11:40:56.725+0000] {logging_mixin.py:190} INFO - [2026-08-21T11:40:56.724+0000] {dagbag.py:588} INFO - Filling up the DagBag from /home/airflow/.local/lib/python3.12/site-packages/airflow/example_dags/example_outlet_event_extra.py
[2026-08-21T11:41:00.548+0000] {processor.py:925} INFO - DAG(s) 'dataset_with_extra_from_classic_operator', 'dataset_with_extra_by_yield', 'dataset_with_extra_by_context' retrieved from /home/airflow/.local/lib/python3.12/site-packages/airflow/example_dags/example_outlet_event_extra.py
[2026-08-21T11:41:00.640+0000] {logging_mixin.py:190} INFO - [2026-08-21T11:41:00.638+0000] {override.py:1932} INFO - Created Permission View: can read on DAG:dataset_with_extra_from_classic_operator
[2026-08-21T11:41:00.655+0000] {logging_mixin.py:190} INFO - [2026-08-21T11:41:00.654+0000] {override.py:1932} INFO - Created Permission View: can edit on DAG:dataset_with_extra_from_classic_operator
[2026-08-21T11:41:00.664+0000] {logging_mixin.py:190} INFO - [2026-08-21T11:41:00.663+0000] {override.py:1932} INFO - Created Permission View: can delete on DAG:dataset_with_extra_from_classic_operator
[2026-08-21T11:41:00.673+0000] {logging_mixin.py:190} INFO - [2026-08-21T11:41:00.672+0000] {override.py:1932} INFO - Created Permission View: menu access on DAG Run:dataset_with_extra_from_classic_operator
[2026-08-21T11:41:00.681+0000] {logging_mixin.py:190} INFO - [2026-08-21T11:41:00.681+0000] {override.py:1932} INFO - Created Permission View: can read on DAG Run:dataset_with_extra_from_classic_operator
[2026-08-21T11:41:00.688+0000] {logging_mixin.py:190} INFO - [2026-08-21T11:41:00.687+0000] {override.py:1932} INFO - Created Permission View: can create on DAG Run:dataset_with_extra_from_classic_operator
[2026-08-21T11:41:00.695+0000] {logging_mixin.py:190} INFO - [2026-08-21T11:41:00.695+0000] {override.py:1932} INFO - Created Permission View: can delete on DAG Run:dataset_with_extra_from_classic_operator
[2026-08-21T11:41:00.711+0000] {logging_mixin.py:190} INFO - [2026-08-21T11:41:00.710+0000] {override.py:1932} INFO - Created Permission View: can read on DAG:dataset_with_extra_by_yield
[2026-08-21T11:41:00.722+0000] {logging_mixin.py:190} INFO - [2026-08-21T11:41:00.722+0000] {override.py:1932} INFO - Created Permission View: can edit on DAG:dataset_with_extra_by_yield
[2026-08-21T11:41:00.731+0000] {logging_mixin.py:190} INFO - [2026-08-21T11:41:00.730+0000] {override.py:1932} INFO - Created Permission View: can delete on DAG:dataset_with_extra_by_yield
[2026-08-21T11:41:00.740+0000] {logging_mixin.py:190} INFO - [2026-08-21T11:41:00.739+0000] {override.py:1932} INFO - Created Permission View: menu access on DAG Run:dataset_with_extra_by_yield
[2026-08-21T11:41:00.750+0000] {logging_mixin.py:190} INFO - [2026-08-21T11:41:00.750+0000] {override.py:1932} INFO - Created Permission View: can read on DAG Run:dataset_with_extra_by_yield
[2026-08-21T11:41:00.757+0000] {logging_mixin.py:190} INFO - [2026-08-21T11:41:00.757+0000] {override.py:1932} INFO - Created Permission View: can create on DAG Run:dataset_with_extra_by_yield
[2026-08-21T11:41:00.764+0000] {logging_mixin.py:190} INFO - [2026-08-21T11:41:00.763+0000] {override.py:1932} INFO - Created Permission View: can delete on DAG Run:dataset_with_extra_by_yield
[2026-08-21T11:41:00.777+0000] {logging_mixin.py:190} INFO - [2026-08-21T11:41:00.777+0000] {override.py:1932} INFO - Created Permission View: can read on DAG:dataset_with_extra_by_context
[2026-08-21T11:41:00.784+0000] {logging_mixin.py:190} INFO - [2026-08-21T11:41:00.784+0000] {override.py:1932} INFO - Created Permission View: can edit on DAG:dataset_with_extra_by_context
[2026-08-21T11:41:00.790+0000] {logging_mixin.py:190} INFO - [2026-08-21T11:41:00.790+0000] {override.py:1932} INFO - Created Permission View: can delete on DAG:dataset_with_extra_by_context
[2026-08-21T11:41:00.799+0000] {logging_mixin.py:190} INFO - [2026-08-21T11:41:00.798+0000] {override.py:1932} INFO - Created Permission View: menu access on DAG Run:dataset_with_extra_by_context
[2026-08-21T11:41:00.805+0000] {logging_mixin.py:190} INFO - [2026-08-21T11:41:00.805+0000] {override.py:1932} INFO - Created Permission View: can read on DAG Run:dataset_with_extra_by_context
[2026-08-21T11:41:00.816+0000] {logging_mixin.py:190} INFO - [2026-08-21T11:41:00.815+0000] {override.py:1932} INFO - Created Permission View: can create on DAG Run:dataset_with_extra_by_context
[2026-08-21T11:41:00.823+0000] {logging_mixin.py:190} INFO - [2026-08-21T11:41:00.823+0000] {override.py:1932} INFO - Created Permission View: can delete on DAG Run:dataset_with_extra_by_context
[2026-08-21T11:41:00.824+0000] {logging_mixin.py:190} INFO - [2026-08-21T11:41:00.824+0000] {dag.py:3239} INFO - Sync 3 DAGs
[2026-08-21T11:41:00.834+0000] {logging_mixin.py:190} INFO - [2026-08-21T11:41:00.833+0000] {dag.py:3262} INFO - Creating ORM DAG for dataset_with_extra_by_context
[2026-08-21T11:41:00.834+0000] {logging_mixin.py:190} INFO - [2026-08-21T11:41:00.834+0000] {dag.py:3262} INFO - Creating ORM DAG for dataset_with_extra_by_yield
[2026-08-21T11:41:00.835+0000] {logging_mixin.py:190} INFO - [2026-08-21T11:41:00.835+0000] {dag.py:3262} INFO - Creating ORM DAG for dataset_with_extra_from_classic_operator
[2026-08-21T11:41:00.847+0000] {logging_mixin.py:190} INFO - [2026-08-21T11:41:00.846+0000] {dag.py:4180} INFO - Setting next_dagrun for dataset_with_extra_by_context to 2026-08-20 00:00:00+00:00, run_after=2026-08-21 00:00:00+00:00
[2026-08-21T11:41:00.848+0000] {logging_mixin.py:190} INFO - [2026-08-21T11:41:00.848+0000] {dag.py:4180} INFO - Setting next_dagrun for dataset_with_extra_by_yield to 2026-08-20 00:00:00+00:00, run_after=2026-08-21 00:00:00+00:00
[2026-08-21T11:41:00.850+0000] {logging_mixin.py:190} INFO - [2026-08-21T11:41:00.849+0000] {dag.py:4180} INFO - Setting next_dagrun for dataset_with_extra_from_classic_operator to 2026-08-20 00:00:00+00:00, run_after=2026-08-21 00:00:00+00:00
[2026-08-21T11:41:00.873+0000] {processor.py:208} INFO - Processing /home/airflow/.local/lib/python3.12/site-packages/airflow/example_dags/example_outlet_event_extra.py took 4.157 seconds
[2026-08-21T11:41:31.151+0000] {processor.py:186} INFO - Started process (PID=169) to work on /home/airflow/.local/lib/python3.12/site-packages/airflow/example_dags/example_outlet_event_extra.py
[2026-08-21T11:41:31.151+0000] {processor.py:914} INFO - Processing file /home/airflow/.local/lib/python3.12/site-packages/airflow/example_dags/example_outlet_event_extra.py for tasks to queue
[2026-08-21T11:41:31.154+0000] {logging_mixin.py:190} INFO - [2026-08-21T11:41:31.153+0000] {dagbag.py:588} INFO - Filling up the DagBag from /home/airflow/.local/lib/python3.12/site-packages/airflow/example_dags/example_outlet_event_extra.py
[2026-08-21T11:41:34.640+0000] {processor.py:925} INFO - DAG(s) 'dataset_with_extra_by_context', 'dataset_with_extra_from_classic_operator', 'dataset_with_extra_by_yield' retrieved from /home/airflow/.local/lib/python3.12/site-packages/airflow/example_dags/example_outlet_event_extra.py
[2026-08-21T11:41:34.662+0000] {logging_mixin.py:190} INFO - [2026-08-21T11:41:34.662+0000] {dag.py:3239} INFO - Sync 3 DAGs
[2026-08-21T11:41:34.681+0000] {logging_mixin.py:190} INFO - [2026-08-21T11:41:34.681+0000] {dag.py:4180} INFO - Setting next_dagrun for dataset_with_extra_by_context to 2026-08-20 00:00:00+00:00, run_after=2026-08-21 00:00:00+00:00
[2026-08-21T11:41:34.686+0000] {logging_mixin.py:190} INFO - [2026-08-21T11:41:34.686+0000] {dag.py:4180} INFO - Setting next_dagrun for dataset_with_extra_by_yield to 2026-08-20 00:00:00+00:00, run_after=2026-08-21 00:00:00+00:00
[2026-08-21T11:41:34.688+0000] {logging_mixin.py:190} INFO - [2026-08-21T11:41:34.688+0000] {dag.py:4180} INFO - Setting next_dagrun for dataset_with_extra_from_classic_operator to 2026-08-20 00:00:00+00:00, run_after=2026-08-21 00:00:00+00:00
[2026-08-21T11:41:34.717+0000] {processor.py:208} INFO - Processing /home/airflow/.local/lib/python3.12/site-packages/airflow/example_dags/example_outlet_event_extra.py took 3.571 seconds
[2026-08-21T11:42:05.432+0000] {processor.py:186} INFO - Started process (PID=221) to work on /home/airflow/.local/lib/python3.12/site-packages/airflow/example_dags/example_outlet_event_extra.py
[2026-08-21T11:42:05.433+0000] {processor.py:914} INFO - Processing file /home/airflow/.local/lib/python3.12/site-packages/airflow/example_dags/example_outlet_event_extra.py for tasks to queue
[2026-08-21T11:42:05.435+0000] {logging_mixin.py:190} INFO - [2026-08-21T11:42:05.435+0000] {dagbag.py:588} INFO - Filling up the DagBag from /home/airflow/.local/lib/python3.12/site-packages/airflow/example_dags/example_outlet_event_extra.py
[2026-08-21T11:42:09.394+0000] {processor.py:925} INFO - DAG(s) 'dataset_with_extra_by_context', 'dataset_with_extra_by_yield', 'dataset_with_extra_from_classic_operator' retrieved from /home/airflow/.local/lib/python3.12/site-packages/airflow/example_dags/example_outlet_event_extra.py
[2026-08-21T11:42:09.423+0000] {logging_mixin.py:190} INFO - [2026-08-21T11:42:09.423+0000] {dag.py:3239} INFO - Sync 3 DAGs
[2026-08-21T11:42:09.451+0000] {logging_mixin.py:190} INFO - [2026-08-21T11:42:09.451+0000] {dag.py:4180} INFO - Setting next_dagrun for dataset_with_extra_by_context to 2026-08-20 00:00:00+00:00, run_after=2026-08-21 00:00:00+00:00
[2026-08-21T11:42:09.455+0000] {logging_mixin.py:190} INFO - [2026-08-21T11:42:09.455+0000] {dag.py:4180} INFO - Setting next_dagrun for dataset_with_extra_by_yield to 2026-08-20 00:00:00+00:00, run_after=2026-08-21 00:00:00+00:00
[2026-08-21T11:42:09.457+0000] {logging_mixin.py:190} INFO - [2026-08-21T11:42:09.457+0000] {dag.py:4180} INFO - Setting next_dagrun for dataset_with_extra_from_classic_operator to 2026-08-20 00:00:00+00:00, run_after=2026-08-21 00:00:00+00:00
[2026-08-21T11:42:09.484+0000] {processor.py:208} INFO - Processing /home/airflow/.local/lib/python3.12/site-packages/airflow/example_dags/example_outlet_event_extra.py took 4.058 seconds
[2026-08-21T11:42:40.973+0000] {processor.py:186} INFO - Started process (PID=284) to work on /home/airflow/.local/lib/python3.12/site-packages/airflow/example_dags/example_outlet_event_extra.py
[2026-08-21T11:42:40.974+0000] {processor.py:914} INFO - Processing file /home/airflow/.local/lib/python3.12/site-packages/airflow/example_dags/example_outlet_event_extra.py for tasks to queue
[2026-08-21T11:42:40.976+0000] {logging_mixin.py:190} INFO - [2026-08-21T11:42:40.976+0000] {dagbag.py:588} INFO - Filling up the DagBag from /home/airflow/.local/lib/python3.12/site-packages/airflow/example_dags/example_outlet_event_extra.py
[2026-08-21T11:42:44.802+0000] {processor.py:925} INFO - DAG(s) 'dataset_with_extra_by_context', 'dataset_with_extra_from_classic_operator', 'dataset_with_extra_by_yield' retrieved from /home/airflow/.local/lib/python3.12/site-packages/airflow/example_dags/example_outlet_event_extra.py
[2026-08-21T11:42:44.827+0000] {logging_mixin.py:190} INFO - [2026-08-21T11:42:44.826+0000] {dag.py:3239} INFO - Sync 3 DAGs
[2026-08-21T11:42:45.088+0000] {logging_mixin.py:190} INFO - [2026-08-21T11:42:45.088+0000] {dag.py:4180} INFO - Setting next_dagrun for dataset_with_extra_by_context to 2026-08-20 00:00:00+00:00, run_after=2026-08-21 00:00:00+00:00
[2026-08-21T11:42:45.092+0000] {logging_mixin.py:190} INFO - [2026-08-21T11:42:45.092+0000] {dag.py:4180} INFO - Setting next_dagrun for dataset_with_extra_by_yield to 2026-08-20 00:00:00+00:00, run_after=2026-08-21 00:00:00+00:00
[2026-08-21T11:42:45.094+0000] {logging_mixin.py:190} INFO - [2026-08-21T11:42:45.094+0000] {dag.py:4180} INFO - Setting next_dagrun for dataset_with_extra_from_classic_operator to 2026-08-20 00:00:00+00:00, run_after=2026-08-21 00:00:00+00:00
[2026-08-21T11:42:45.117+0000] {processor.py:208} INFO - Processing /home/airflow/.local/lib/python3.12/site-packages/airflow/example_dags/example_outlet_event_extra.py took 4.149 seconds
[2026-08-21T11:43:16.284+0000] {processor.py:186} INFO - Started process (PID=347) to work on /home/airflow/.local/lib/python3.12/site-packages/airflow/example_dags/example_outlet_event_extra.py
[2026-08-21T11:43:16.285+0000] {processor.py:914} INFO - Processing file /home/airflow/.local/lib/python3.12/site-packages/airflow/example_dags/example_outlet_event_extra.py for tasks to queue
[2026-08-21T11:43:16.287+0000] {logging_mixin.py:190} INFO - [2026-08-21T11:43:16.287+0000] {dagbag.py:588} INFO - Filling up the DagBag from /home/airflow/.local/lib/python3.12/site-packages/airflow/example_dags/example_outlet_event_extra.py
[2026-08-21T11:43:20.737+0000] {processor.py:925} INFO - DAG(s) 'dataset_with_extra_from_classic_operator', 'dataset_with_extra_by_yield', 'dataset_with_extra_by_context' retrieved from /home/airflow/.local/lib/python3.12/site-packages/airflow/example_dags/example_outlet_event_extra.py
[2026-08-21T11:43:20.764+0000] {logging_mixin.py:190} INFO - [2026-08-21T11:43:20.763+0000] {dag.py:3239} INFO - Sync 3 DAGs
[2026-08-21T11:43:20.787+0000] {logging_mixin.py:190} INFO - [2026-08-21T11:43:20.786+0000] {dag.py:4180} INFO - Setting next_dagrun for dataset_with_extra_by_context to 2026-08-20 00:00:00+00:00, run_after=2026-08-21 00:00:00+00:00
[2026-08-21T11:43:20.792+0000] {logging_mixin.py:190} INFO - [2026-08-21T11:43:20.792+0000] {dag.py:4180} INFO - Setting next_dagrun for dataset_with_extra_by_yield to 2026-08-20 00:00:00+00:00, run_after=2026-08-21 00:00:00+00:00
[2026-08-21T11:43:20.795+0000] {logging_mixin.py:190} INFO - [2026-08-21T11:43:20.794+0000] {dag.py:4180} INFO - Setting next_dagrun for dataset_with_extra_from_classic_operator to 2026-08-20 00:00:00+00:00, run_after=2026-08-21 00:00:00+00:00
[2026-08-21T11:43:20.814+0000] {processor.py:208} INFO - Processing /home/airflow/.local/lib/python3.12/site-packages/airflow/example_dags/example_outlet_event_extra.py took 4.535 seconds
[2026-08-21T11:43:53.133+0000] {processor.py:186} INFO - Started process (PID=447) to work on /home/airflow/.local/lib/python3.12/site-packages/airflow/example_dags/example_outlet_event_extra.py
[2026-08-21T11:43:53.134+0000] {processor.py:914} INFO - Processing file /home/airflow/.local/lib/python3.12/site-packages/airflow/example_dags/example_outlet_event_extra.py for tasks to queue
[2026-08-21T11:43:53.136+0000] {logging_mixin.py:190} INFO - [2026-08-21T11:43:53.136+0000] {dagbag.py:588} INFO - Filling up the DagBag from /home/airflow/.local/lib/python3.12/site-packages/airflow/example_dags/example_outlet_event_extra.py
[2026-08-21T11:43:56.747+0000] {processor.py:925} INFO - DAG(s) 'dataset_with_extra_by_yield', 'dataset_with_extra_from_classic_operator', 'dataset_with_extra_by_context' retrieved from /home/airflow/.local/lib/python3.12/site-packages/airflow/example_dags/example_outlet_event_extra.py
[2026-08-21T11:43:56.767+0000] {logging_mixin.py:190} INFO - [2026-08-21T11:43:56.766+0000] {dag.py:3239} INFO - Sync 3 DAGs
[2026-08-21T11:43:56.789+0000] {logging_mixin.py:190} INFO - [2026-08-21T11:43:56.788+0000] {dag.py:4180} INFO - Setting next_dagrun for dataset_with_extra_by_context to 2026-08-20 00:00:00+00:00, run_after=2026-08-21 00:00:00+00:00
[2026-08-21T11:43:56.792+0000] {logging_mixin.py:190} INFO - [2026-08-21T11:43:56.792+0000] {dag.py:4180} INFO - Setting next_dagrun for dataset_with_extra_by_yield to 2026-08-20 00:00:00+00:00, run_after=2026-08-21 00:00:00+00:00
[2026-08-21T11:43:56.794+0000] {logging_mixin.py:190} INFO - [2026-08-21T11:43:56.794+0000] {dag.py:4180} INFO - Setting next_dagrun for dataset_with_extra_from_classic_operator to 2026-08-20 00:00:00+00:00, run_after=2026-08-21 00:00:00+00:00
[2026-08-21T11:43:56.819+0000] {processor.py:208} INFO - Processing /home/airflow/.local/lib/python3.12/site-packages/airflow/example_dags/example_outlet_event_extra.py took 3.693 seconds
[2026-08-21T11:44:28.152+0000] {processor.py:186} INFO - Started process (PID=520) to work on /home/airflow/.local/lib/python3.12/site-packages/airflow/example_dags/example_outlet_event_extra.py
[2026-08-21T11:44:28.152+0000] {processor.py:914} INFO - Processing file /home/airflow/.local/lib/python3.12/site-packages/airflow/example_dags/example_outlet_event_extra.py for tasks to queue
[2026-08-21T11:44:28.155+0000] {logging_mixin.py:190} INFO - [2026-08-21T11:44:28.154+0000] {dagbag.py:588} INFO - Filling up the DagBag from /home/airflow/.local/lib/python3.12/site-packages/airflow/example_dags/example_outlet_event_extra.py
[2026-08-21T11:44:31.517+0000] {processor.py:925} INFO - DAG(s) 'dataset_with_extra_by_context', 'dataset_with_extra_from_classic_operator', 'dataset_with_extra_by_yield' retrieved from /home/airflow/.local/lib/python3.12/site-packages/airflow/example_dags/example_outlet_event_extra.py
[2026-08-21T11:44:31.545+0000] {logging_mixin.py:190} INFO - [2026-08-21T11:44:31.545+0000] {dag.py:3239} INFO - Sync 3 DAGs
[2026-08-21T11:44:31.570+0000] {logging_mixin.py:190} INFO - [2026-08-21T11:44:31.570+0000] {dag.py:4180} INFO - Setting next_dagrun for dataset_with_extra_by_context to 2026-08-20 00:00:00+00:00, run_after=2026-08-21 00:00:00+00:00
[2026-08-21T11:44:31.575+0000] {logging_mixin.py:190} INFO - [2026-08-21T11:44:31.574+0000] {dag.py:4180} INFO - Setting next_dagrun for dataset_with_extra_by_yield to 2026-08-20 00:00:00+00:00, run_after=2026-08-21 00:00:00+00:00
[2026-08-21T11:44:31.577+0000] {logging_mixin.py:190} INFO - [2026-08-21T11:44:31.577+0000] {dag.py:4180} INFO - Setting next_dagrun for dataset_with_extra_from_classic_operator to 2026-08-20 00:00:00+00:00, run_after=2026-08-21 00:00:00+00:00
[2026-08-21T11:44:31.600+0000] {processor.py:208} INFO - Processing /home/airflow/.local/lib/python3.12/site-packages/airflow/example_dags/example_outlet_event_extra.py took 3.453 seconds
[2026-08-21T11:45:04.885+0000] {processor.py:186} INFO - Started process (PID=583) to work on /home/airflow/.local/lib/python3.12/site-packages/airflow/example_dags/example_outlet_event_extra.py
[2026-08-21T11:45:04.886+0000] {processor.py:914} INFO - Processing file /home/airflow/.local/lib/python3.12/site-packages/airflow/example_dags/example_outlet_event_extra.py for tasks to queue
[2026-08-21T11:45:04.889+0000] {logging_mixin.py:190} INFO - [2026-08-21T11:45:04.888+0000] {dagbag.py:588} INFO - Filling up the DagBag from /home/airflow/.local/lib/python3.12/site-packages/airflow/example_dags/example_outlet_event_extra.py
[2026-08-21T11:45:08.627+0000] {processor.py:925} INFO - DAG(s) 'dataset_with_extra_by_context', 'dataset_with_extra_by_yield', 'dataset_with_extra_from_classic_operator' retrieved from /home/airflow/.local/lib/python3.12/site-packages/airflow/example_dags/example_outlet_event_extra.py
[2026-08-21T11:45:08.652+0000] {logging_mixin.py:190} INFO - [2026-08-21T11:45:08.651+0000] {dag.py:3239} INFO - Sync 3 DAGs
[2026-08-21T11:45:08.675+0000] {logging_mixin.py:190} INFO - [2026-08-21T11:45:08.675+0000] {dag.py:4180} INFO - Setting next_dagrun for dataset_with_extra_by_context to 2026-08-20 00:00:00+00:00, run_after=2026-08-21 00:00:00+00:00
[2026-08-21T11:45:08.681+0000] {logging_mixin.py:190} INFO - [2026-08-21T11:45:08.680+0000] {dag.py:4180} INFO - Setting next_dagrun for dataset_with_extra_by_yield to 2026-08-20 00:00:00+00:00, run_after=2026-08-21 00:00:00+00:00
[2026-08-21T11:45:08.683+0000] {logging_mixin.py:190} INFO - [2026-08-21T11:45:08.683+0000] {dag.py:4180} INFO - Setting next_dagrun for dataset_with_extra_from_classic_operator to 2026-08-20 00:00:00+00:00, run_after=2026-08-21 00:00:00+00:00
[2026-08-21T11:45:08.718+0000] {processor.py:208} INFO - Processing /home/airflow/.local/lib/python3.12/site-packages/airflow/example_dags/example_outlet_event_extra.py took 3.840 seconds
[2026-08-21T11:45:40.893+0000] {processor.py:186} INFO - Started process (PID=646) to work on /home/airflow/.local/lib/python3.12/site-packages/airflow/example_dags/example_outlet_event_extra.py
[2026-08-21T11:45:40.894+0000] {processor.py:914} INFO - Processing file /home/airflow/.local/lib/python3.12/site-packages/airflow/example_dags/example_outlet_event_extra.py for tasks to queue
[2026-08-21T11:45:40.897+0000] {logging_mixin.py:190} INFO - [2026-08-21T11:45:40.896+0000] {dagbag.py:588} INFO - Filling up the DagBag from /home/airflow/.local/lib/python3.12/site-packages/airflow/example_dags/example_outlet_event_extra.py
[2026-08-21T11:45:45.881+0000] {processor.py:925} INFO - DAG(s) 'dataset_with_extra_from_classic_operator', 'dataset_with_extra_by_yield', 'dataset_with_extra_by_context' retrieved from /home/airflow/.local/lib/python3.12/site-packages/airflow/example_dags/example_outlet_event_extra.py
[2026-08-21T11:45:45.922+0000] {logging_mixin.py:190} INFO - [2026-08-21T11:45:45.922+0000] {dag.py:3239} INFO - Sync 3 DAGs
[2026-08-21T11:45:45.970+0000] {logging_mixin.py:190} INFO - [2026-08-21T11:45:45.970+0000] {dag.py:4180} INFO - Setting next_dagrun for dataset_with_extra_by_context to 2026-08-20 00:00:00+00:00, run_after=2026-08-21 00:00:00+00:00
[2026-08-21T11:45:45.977+0000] {logging_mixin.py:190} INFO - [2026-08-21T11:45:45.976+0000] {dag.py:4180} INFO - Setting next_dagrun for dataset_with_extra_by_yield to 2026-08-20 00:00:00+00:00, run_after=2026-08-21 00:00:00+00:00
[2026-08-21T11:45:45.982+0000] {logging_mixin.py:190} INFO - [2026-08-21T11:45:45.981+0000] {dag.py:4180} INFO - Setting next_dagrun for dataset_with_extra_from_classic_operator to 2026-08-20 00:00:00+00:00, run_after=2026-08-21 00:00:00+00:00
[2026-08-21T11:45:46.021+0000] {processor.py:208} INFO - Processing /home/airflow/.local/lib/python3.12/site-packages/airflow/example_dags/example_outlet_event_extra.py took 5.134 seconds
[2026-08-21T11:46:16.260+0000] {processor.py:186} INFO - Started process (PID=709) to work on /home/airflow/.local/lib/python3.12/site-packages/airflow/example_dags/example_outlet_event_extra.py
[2026-08-21T11:46:16.267+0000] {processor.py:914} INFO - Processing file /home/airflow/.local/lib/python3.12/site-packages/airflow/example_dags/example_outlet_event_extra.py for tasks to queue
[2026-08-21T11:46:16.271+0000] {logging_mixin.py:190} INFO - [2026-08-21T11:46:16.270+0000] {dagbag.py:588} INFO - Filling up the DagBag from /home/airflow/.local/lib/python3.12/site-packages/airflow/example_dags/example_outlet_event_extra.py
[2026-08-21T11:46:19.650+0000] {processor.py:925} INFO - DAG(s) 'dataset_with_extra_by_yield', 'dataset_with_extra_from_classic_operator', 'dataset_with_extra_by_context' retrieved from /home/airflow/.local/lib/python3.12/site-packages/airflow/example_dags/example_outlet_event_extra.py
[2026-08-21T11:46:19.674+0000] {logging_mixin.py:190} INFO - [2026-08-21T11:46:19.674+0000] {dag.py:3239} INFO - Sync 3 DAGs
[2026-08-21T11:46:19.700+0000] {logging_mixin.py:190} INFO - [2026-08-21T11:46:19.699+0000] {dag.py:4180} INFO - Setting next_dagrun for dataset_with_extra_by_context to 2026-08-20 00:00:00+00:00, run_after=2026-08-21 00:00:00+00:00
[2026-08-21T11:46:19.704+0000] {logging_mixin.py:190} INFO - [2026-08-21T11:46:19.704+0000] {dag.py:4180} INFO - Setting next_dagrun for dataset_with_extra_by_yield to 2026-08-20 00:00:00+00:00, run_after=2026-08-21 00:00:00+00:00
[2026-08-21T11:46:19.707+0000] {logging_mixin.py:190} INFO - [2026-08-21T11:46:19.706+0000] {dag.py:4180} INFO - Setting next_dagrun for dataset_with_extra_from_classic_operator to 2026-08-20 00:00:00+00:00, run_after=2026-08-21 00:00:00+00:00
[2026-08-21T11:46:19.738+0000] {processor.py:208} INFO - Processing /home/airflow/.local/lib/python3.12/site-packages/airflow/example_dags/example_outlet_event_extra.py took 3.484 seconds
[2026-08-21T11:46:51.237+0000] {processor.py:186} INFO - Started process (PID=778) to work on /home/airflow/.local/lib/python3.12/site-packages/airflow/example_dags/example_outlet_event_extra.py
[2026-08-21T11:46:51.238+0000] {processor.py:914} INFO - Processing file /home/airflow/.local/lib/python3.12/site-packages/airflow/example_dags/example_outlet_event_extra.py for tasks to queue
[2026-08-21T11:46:51.240+0000] {logging_mixin.py:190} INFO - [2026-08-21T11:46:51.240+0000] {dagbag.py:588} INFO - Filling up the DagBag from /home/airflow/.local/lib/python3.12/site-packages/airflow/example_dags/example_outlet_event_extra.py
[2026-08-21T11:46:55.448+0000] {processor.py:925} INFO - DAG(s) 'dataset_with_extra_by_yield', 'dataset_with_extra_by_context', 'dataset_with_extra_from_classic_operator' retrieved from /home/airflow/.local/lib/python3.12/site-packages/airflow/example_dags/example_outlet_event_extra.py
[2026-08-21T11:46:55.478+0000] {logging_mixin.py:190} INFO - [2026-08-21T11:46:55.478+0000] {dag.py:3239} INFO - Sync 3 DAGs
[2026-08-21T11:46:55.504+0000] {logging_mixin.py:190} INFO - [2026-08-21T11:46:55.504+0000] {dag.py:4180} INFO - Setting next_dagrun for dataset_with_extra_by_context to 2026-08-20 00:00:00+00:00, run_after=2026-08-21 00:00:00+00:00
[2026-08-21T11:46:55.509+0000] {logging_mixin.py:190} INFO - [2026-08-21T11:46:55.509+0000] {dag.py:4180} INFO - Setting next_dagrun for dataset_with_extra_by_yield to 2026-08-20 00:00:00+00:00, run_after=2026-08-21 00:00:00+00:00
[2026-08-21T11:46:55.513+0000] {logging_mixin.py:190} INFO - [2026-08-21T11:46:55.512+0000] {dag.py:4180} INFO - Setting next_dagrun for dataset_with_extra_from_classic_operator to 2026-08-20 00:00:00+00:00, run_after=2026-08-21 00:00:00+00:00
[2026-08-21T11:46:55.539+0000] {processor.py:208} INFO - Processing /home/airflow/.local/lib/python3.12/site-packages/airflow/example_dags/example_outlet_event_extra.py took 4.307 seconds
