[2026-08-21T11:41:03.907+0000] {processor.py:186} INFO - Started process (PID=126) to work on /home/airflow/.local/lib/python3.12/site-packages/airflow/example_dags/example_inlet_event_extra.py
[2026-08-21T11:41:03.907+0000] {processor.py:914} INFO - Processing file /home/airflow/.local/lib/python3.12/site-packages/airflow/example_dags/example_inlet_event_extra.py for tasks to queue
[2026-08-21T11:41:03.911+0000] {logging_mixin.py:190} INFO - [2026-08-21T11:41:03.910+0000] {dagbag.py:588} INFO - Filling up the DagBag from /home/airflow/.local/lib/python3.12/site-packages/airflow/example_dags/example_inlet_event_extra.py
[2026-08-21T11:41:07.652+0000] {processor.py:925} INFO - DAG(s) 'read_dataset_event_from_classic', 'read_dataset_event' retrieved from /home/airflow/.local/lib/python3.12/site-packages/airflow/example_dags/example_inlet_event_extra.py
[2026-08-21T11:41:07.739+0000] {logging_mixin.py:190} INFO - [2026-08-21T11:41:07.738+0000] {override.py:1932} INFO - Created Permission View: can read on DAG:read_dataset_event_from_classic
[2026-08-21T11:41:07.751+0000] {logging_mixin.py:190} INFO - [2026-08-21T11:41:07.750+0000] {override.py:1932} INFO - Created Permission View: can edit on DAG:read_dataset_event_from_classic
[2026-08-21T11:41:07.757+0000] {logging_mixin.py:190} INFO - [2026-08-21T11:41:07.757+0000] {override.py:1932} INFO - Created Permission View: can delete on DAG:read_dataset_event_from_classic
[2026-08-21T11:41:07.765+0000] {logging_mixin.py:190} INFO - [2026-08-21T11:41:07.765+0000] {override.py:1932} INFO - Created Permission View: menu access on DAG Run:read_dataset_event_from_classic
[2026-08-21T11:41:07.772+0000] {logging_mixin.py:190} INFO - [2026-08-21T11:41:07.771+0000] {override.py:1932} INFO - Created Permission View: can read on DAG Run:read_dataset_event_from_classic
[2026-08-21T11:41:07.778+0000] {logging_mixin.py:190} INFO - [2026-08-21T11:41:07.778+0000] {override.py:1932} INFO - Created Permission View: can create on DAG Run:read_dataset_event_from_classic
[2026-08-21T11:41:07.784+0000] {logging_mixin.py:190} INFO - [2026-08-21T11:41:07.784+0000] {override.py:1932} INFO - Created Permission View: can delete on DAG Run:read_dataset_event_from_classic
[2026-08-21T11:41:07.796+0000] {logging_mixin.py:190} INFO - [2026-08-21T11:41:07.796+0000] {override.py:1932} INFO - Created Permission View: can read on DAG:read_dataset_event
[2026-08-21T11:41:07.999+0000] {logging_mixin.py:190} INFO - [2026-08-21T11:41:07.998+0000] {override.py:1932} INFO - Created Permission View: can edit on DAG:read_dataset_event
[2026-08-21T11:41:08.005+0000] {logging_mixin.py:190} INFO - [2026-08-21T11:41:08.004+0000] {override.py:1932} INFO - Created Permission View: can delete on DAG:read_dataset_event
[2026-08-21T11:41:08.017+0000] {logging_mixin.py:190} INFO - [2026-08-21T11:41:08.016+0000] {override.py:1932} INFO - Created Permission View: menu access on DAG Run:read_dataset_event
[2026-08-21T11:41:08.024+0000] {logging_mixin.py:190} INFO - [2026-08-21T11:41:08.023+0000] {override.py:1932} INFO - Created Permission View: can read on DAG Run:read_dataset_event
[2026-08-21T11:41:08.030+0000] {logging_mixin.py:190} INFO - [2026-08-21T11:41:08.030+0000] {override.py:1932} INFO - Created Permission View: can create on DAG Run:read_dataset_event
[2026-08-21T11:41:08.037+0000] {logging_mixin.py:190} INFO - [2026-08-21T11:41:08.037+0000] {override.py:1932} INFO - Created Permission View: can delete on DAG Run:read_dataset_event
[2026-08-21T11:41:08.037+0000] {logging_mixin.py:190} INFO - [2026-08-21T11:41:08.037+0000] {dag.py:3239} INFO - Sync 2 DAGs
[2026-08-21T11:41:08.049+0000] {logging_mixin.py:190} INFO - [2026-08-21T11:41:08.048+0000] {dag.py:3262} INFO - Creating ORM DAG for read_dataset_event_from_classic
[2026-08-21T11:41:08.049+0000] {logging_mixin.py:190} INFO - [2026-08-21T11:41:08.049+0000] {dag.py:3262} INFO - Creating ORM DAG for read_dataset_event
[2026-08-21T11:41:08.057+0000] {logging_mixin.py:190} INFO - [2026-08-21T11:41:08.057+0000] {dag.py:4180} INFO - Setting next_dagrun for read_dataset_event to 2026-08-20 00:00:00+00:00, run_after=2026-08-21 00:00:00+00:00
[2026-08-21T11:41:08.059+0000] {logging_mixin.py:190} INFO - [2026-08-21T11:41:08.058+0000] {dag.py:4180} INFO - Setting next_dagrun for read_dataset_event_from_classic to 2026-08-20 00:00:00+00:00, run_after=2026-08-21 00:00:00+00:00
[2026-08-21T11:41:08.076+0000] {processor.py:208} INFO - Processing /home/airflow/.local/lib/python3.12/site-packages/airflow/example_dags/example_inlet_event_extra.py took 4.175 seconds
[2026-08-21T11:41:38.566+0000] {processor.py:186} INFO - Started process (PID=195) to work on /home/airflow/.local/lib/python3.12/site-packages/airflow/example_dags/example_inlet_event_extra.py
[2026-08-21T11:41:38.574+0000] {processor.py:914} INFO - Processing file /home/airflow/.local/lib/python3.12/site-packages/airflow/example_dags/example_inlet_event_extra.py for tasks to queue
[2026-08-21T11:41:38.576+0000] {logging_mixin.py:190} INFO - [2026-08-21T11:41:38.576+0000] {dagbag.py:588} INFO - Filling up the DagBag from /home/airflow/.local/lib/python3.12/site-packages/airflow/example_dags/example_inlet_event_extra.py
[2026-08-21T11:41:42.253+0000] {processor.py:925} INFO - DAG(s) 'read_dataset_event', 'read_dataset_event_from_classic' retrieved from /home/airflow/.local/lib/python3.12/site-packages/airflow/example_dags/example_inlet_event_extra.py
[2026-08-21T11:41:42.269+0000] {logging_mixin.py:190} INFO - [2026-08-21T11:41:42.269+0000] {dag.py:3239} INFO - Sync 2 DAGs
[2026-08-21T11:41:42.290+0000] {logging_mixin.py:190} INFO - [2026-08-21T11:41:42.289+0000] {dag.py:4180} INFO - Setting next_dagrun for read_dataset_event to 2026-08-20 00:00:00+00:00, run_after=2026-08-21 00:00:00+00:00
[2026-08-21T11:41:42.294+0000] {logging_mixin.py:190} INFO - [2026-08-21T11:41:42.294+0000] {dag.py:4180} INFO - Setting next_dagrun for read_dataset_event_from_classic to 2026-08-20 00:00:00+00:00, run_after=2026-08-21 00:00:00+00:00
[2026-08-21T11:41:42.317+0000] {processor.py:208} INFO - Processing /home/airflow/.local/lib/python3.12/site-packages/airflow/example_dags/example_inlet_event_extra.py took 3.756 seconds
[2026-08-21T11:42:12.666+0000] {processor.py:186} INFO - Started process (PID=258) to work on /home/airflow/.local/lib/python3.12/site-packages/airflow/example_dags/example_inlet_event_extra.py
[2026-08-21T11:42:12.675+0000] {processor.py:914} INFO - Processing file /home/airflow/.local/lib/python3.12/site-packages/airflow/example_dags/example_inlet_event_extra.py for tasks to queue
[2026-08-21T11:42:12.677+0000] {logging_mixin.py:190} INFO - [2026-08-21T11:42:12.677+0000] {dagbag.py:588} INFO - Filling up the DagBag from /home/airflow/.local/lib/python3.12/site-packages/airflow/example_dags/example_inlet_event_extra.py
[2026-08-21T11:42:17.106+0000] {processor.py:925} INFO - DAG(s) 'read_dataset_event_from_classic', 'read_dataset_event' retrieved from /home/airflow/.local/lib/python3.12/site-packages/airflow/example_dags/example_inlet_event_extra.py
[2026-08-21T11:42:17.125+0000] {logging_mixin.py:190} INFO - [2026-08-21T11:42:17.125+0000] {dag.py:3239} INFO - Sync 2 DAGs
[2026-08-21T11:42:17.147+0000] {logging_mixin.py:190} INFO - [2026-08-21T11:42:17.147+0000] {dag.py:4180} INFO - Setting next_dagrun for read_dataset_event to 2026-08-20 00:00:00+00:00, run_after=2026-08-21 00:00:00+00:00
[2026-08-21T11:42:17.154+0000] {logging_mixin.py:190} INFO - [2026-08-21T11:42:17.154+0000] {dag.py:4180} INFO - Setting next_dagrun for read_dataset_event_from_classic to 2026-08-20 00:00:00+00:00, run_after=2026-08-21 00:00:00+00:00
[2026-08-21T11:42:17.176+0000] {processor.py:208} INFO - Processing /home/airflow/.local/lib/python3.12/site-packages/airflow/example_dags/example_inlet_event_extra.py took 4.515 seconds
[2026-08-21T11:42:48.115+0000] {processor.py:186} INFO - Started process (PID=327) to work on /home/airflow/.local/lib/python3.12/site-packages/airflow/example_dags/example_inlet_event_extra.py
[2026-08-21T11:42:48.123+0000] {processor.py:914} INFO - Processing file /home/airflow/.local/lib/python3.12/site-packages/airflow/example_dags/example_inlet_event_extra.py for tasks to queue
[2026-08-21T11:42:48.126+0000] {logging_mixin.py:190} INFO - [2026-08-21T11:42:48.126+0000] {dagbag.py:588} INFO - Filling up the DagBag from /home/airflow/.local/lib/python3.12/site-packages/airflow/example_dags/example_inlet_event_extra.py
[2026-08-21T11:42:52.207+0000] {processor.py:925} INFO - DAG(s) 'read_dataset_event', 'read_dataset_event_from_classic' retrieved from /home/airflow/.local/lib/python3.12/site-packages/airflow/example_dags/example_inlet_event_extra.py
[2026-08-21T11:42:52.229+0000] {logging_mixin.py:190} INFO - [2026-08-21T11:42:52.228+0000] {dag.py:3239} INFO - Sync 2 DAGs
[2026-08-21T11:42:52.252+0000] {logging_mixin.py:190} INFO - [2026-08-21T11:42:52.251+0000] {dag.py:4180} INFO - Setting next_dagrun for read_dataset_event to 2026-08-20 00:00:00+00:00, run_after=2026-08-21 00:00:00+00:00
[2026-08-21T11:42:52.259+0000] {logging_mixin.py:190} INFO - [2026-08-21T11:42:52.258+0000] {dag.py:4180} INFO - Setting next_dagrun for read_dataset_event_from_classic to 2026-08-20 00:00:00+00:00, run_after=2026-08-21 00:00:00+00:00
[2026-08-21T11:42:52.275+0000] {processor.py:208} INFO - Processing /home/airflow/.local/lib/python3.12/site-packages/airflow/example_dags/example_inlet_event_extra.py took 4.166 seconds
[2026-08-21T11:43:23.670+0000] {processor.py:186} INFO - Started process (PID=396) to work on /home/airflow/.local/lib/python3.12/site-packages/airflow/example_dags/example_inlet_event_extra.py
[2026-08-21T11:43:23.671+0000] {processor.py:914} INFO - Processing file /home/airflow/.local/lib/python3.12/site-packages/airflow/example_dags/example_inlet_event_extra.py for tasks to queue
[2026-08-21T11:43:23.674+0000] {logging_mixin.py:190} INFO - [2026-08-21T11:43:23.674+0000] {dagbag.py:588} INFO - Filling up the DagBag from /home/airflow/.local/lib/python3.12/site-packages/airflow/example_dags/example_inlet_event_extra.py
[2026-08-21T11:43:27.722+0000] {processor.py:925} INFO - DAG(s) 'read_dataset_event_from_classic', 'read_dataset_event' retrieved from /home/airflow/.local/lib/python3.12/site-packages/airflow/example_dags/example_inlet_event_extra.py
[2026-08-21T11:43:27.747+0000] {logging_mixin.py:190} INFO - [2026-08-21T11:43:27.747+0000] {dag.py:3239} INFO - Sync 2 DAGs
[2026-08-21T11:43:27.773+0000] {logging_mixin.py:190} INFO - [2026-08-21T11:43:27.773+0000] {dag.py:4180} INFO - Setting next_dagrun for read_dataset_event to 2026-08-20 00:00:00+00:00, run_after=2026-08-21 00:00:00+00:00
[2026-08-21T11:43:27.780+0000] {logging_mixin.py:190} INFO - [2026-08-21T11:43:27.780+0000] {dag.py:4180} INFO - Setting next_dagrun for read_dataset_event_from_classic to 2026-08-20 00:00:00+00:00, run_after=2026-08-21 00:00:00+00:00
[2026-08-21T11:43:27.805+0000] {processor.py:208} INFO - Processing /home/airflow/.local/lib/python3.12/site-packages/airflow/example_dags/example_inlet_event_extra.py took 4.141 seconds
[2026-08-21T11:43:57.883+0000] {processor.py:186} INFO - Started process (PID=459) to work on /home/airflow/.local/lib/python3.12/site-packages/airflow/example_dags/example_inlet_event_extra.py
[2026-08-21T11:43:57.886+0000] {processor.py:914} INFO - Processing file /home/airflow/.local/lib/python3.12/site-packages/airflow/example_dags/example_inlet_event_extra.py for tasks to queue
[2026-08-21T11:43:57.890+0000] {logging_mixin.py:190} INFO - [2026-08-21T11:43:57.890+0000] {dagbag.py:588} INFO - Filling up the DagBag from /home/airflow/.local/lib/python3.12/site-packages/airflow/example_dags/example_inlet_event_extra.py
[2026-08-21T11:44:01.966+0000] {processor.py:925} INFO - DAG(s) 'read_dataset_event', 'read_dataset_event_from_classic' retrieved from /home/airflow/.local/lib/python3.12/site-packages/airflow/example_dags/example_inlet_event_extra.py
[2026-08-21T11:44:01.988+0000] {logging_mixin.py:190} INFO - [2026-08-21T11:44:01.988+0000] {dag.py:3239} INFO - Sync 2 DAGs
[2026-08-21T11:44:02.262+0000] {logging_mixin.py:190} INFO - [2026-08-21T11:44:02.261+0000] {dag.py:4180} INFO - Setting next_dagrun for read_dataset_event to 2026-08-20 00:00:00+00:00, run_after=2026-08-21 00:00:00+00:00
[2026-08-21T11:44:02.267+0000] {logging_mixin.py:190} INFO - [2026-08-21T11:44:02.267+0000] {dag.py:4180} INFO - Setting next_dagrun for read_dataset_event_from_classic to 2026-08-20 00:00:00+00:00, run_after=2026-08-21 00:00:00+00:00
[2026-08-21T11:44:02.283+0000] {processor.py:208} INFO - Processing /home/airflow/.local/lib/python3.12/site-packages/airflow/example_dags/example_inlet_event_extra.py took 4.410 seconds
[2026-08-21T11:44:32.664+0000] {processor.py:186} INFO - Started process (PID=522) to work on /home/airflow/.local/lib/python3.12/site-packages/airflow/example_dags/example_inlet_event_extra.py
[2026-08-21T11:44:32.672+0000] {processor.py:914} INFO - Processing file /home/airflow/.local/lib/python3.12/site-packages/airflow/example_dags/example_inlet_event_extra.py for tasks to queue
[2026-08-21T11:44:32.676+0000] {logging_mixin.py:190} INFO - [2026-08-21T11:44:32.676+0000] {dagbag.py:588} INFO - Filling up the DagBag from /home/airflow/.local/lib/python3.12/site-packages/airflow/example_dags/example_inlet_event_extra.py
[2026-08-21T11:44:37.187+0000] {processor.py:925} INFO - DAG(s) 'read_dataset_event_from_classic', 'read_dataset_event' retrieved from /home/airflow/.local/lib/python3.12/site-packages/airflow/example_dags/example_inlet_event_extra.py
[2026-08-21T11:44:37.211+0000] {logging_mixin.py:190} INFO - [2026-08-21T11:44:37.211+0000] {dag.py:3239} INFO - Sync 2 DAGs
[2026-08-21T11:44:37.237+0000] {logging_mixin.py:190} INFO - [2026-08-21T11:44:37.236+0000] {dag.py:4180} INFO - Setting next_dagrun for read_dataset_event to 2026-08-20 00:00:00+00:00, run_after=2026-08-21 00:00:00+00:00
[2026-08-21T11:44:37.241+0000] {logging_mixin.py:190} INFO - [2026-08-21T11:44:37.241+0000] {dag.py:4180} INFO - Setting next_dagrun for read_dataset_event_from_classic to 2026-08-20 00:00:00+00:00, run_after=2026-08-21 00:00:00+00:00
[2026-08-21T11:44:37.266+0000] {processor.py:208} INFO - Processing /home/airflow/.local/lib/python3.12/site-packages/airflow/example_dags/example_inlet_event_extra.py took 4.611 seconds
[2026-08-21T11:45:08.768+0000] {processor.py:186} INFO - Started process (PID=585) to work on /home/airflow/.local/lib/python3.12/site-packages/airflow/example_dags/example_inlet_event_extra.py
[2026-08-21T11:45:08.768+0000] {processor.py:914} INFO - Processing file /home/airflow/.local/lib/python3.12/site-packages/airflow/example_dags/example_inlet_event_extra.py for tasks to queue
[2026-08-21T11:45:08.771+0000] {logging_mixin.py:190} INFO - [2026-08-21T11:45:08.771+0000] {dagbag.py:588} INFO - Filling up the DagBag from /home/airflow/.local/lib/python3.12/site-packages/airflow/example_dags/example_inlet_event_extra.py
[2026-08-21T11:45:13.315+0000] {processor.py:925} INFO - DAG(s) 'read_dataset_event_from_classic', 'read_dataset_event' retrieved from /home/airflow/.local/lib/python3.12/site-packages/airflow/example_dags/example_inlet_event_extra.py
[2026-08-21T11:45:13.335+0000] {logging_mixin.py:190} INFO - [2026-08-21T11:45:13.334+0000] {dag.py:3239} INFO - Sync 2 DAGs
[2026-08-21T11:45:13.359+0000] {logging_mixin.py:190} INFO - [2026-08-21T11:45:13.359+0000] {dag.py:4180} INFO - Setting next_dagrun for read_dataset_event to 2026-08-20 00:00:00+00:00, run_after=2026-08-21 00:00:00+00:00
[2026-08-21T11:45:13.363+0000] {logging_mixin.py:190} INFO - [2026-08-21T11:45:13.363+0000] {dag.py:4180} INFO - Setting next_dagrun for read_dataset_event_from_classic to 2026-08-20 00:00:00+00:00, run_after=2026-08-21 00:00:00+00:00
[2026-08-21T11:45:13.385+0000] {processor.py:208} INFO - Processing /home/airflow/.local/lib/python3.12/site-packages/airflow/example_dags/example_inlet_event_extra.py took 4.625 seconds
[2026-08-21T11:45:46.109+0000] {processor.py:186} INFO - Started process (PID=648) to work on /home/airflow/.local/lib/python3.12/site-packages/airflow/example_dags/example_inlet_event_extra.py
[2026-08-21T11:45:46.110+0000] {processor.py:914} INFO - Processing file /home/airflow/.local/lib/python3.12/site-packages/airflow/example_dags/example_inlet_event_extra.py for tasks to queue
[2026-08-21T11:45:46.114+0000] {logging_mixin.py:190} INFO - [2026-08-21T11:45:46.113+0000] {dagbag.py:588} INFO - Filling up the DagBag from /home/airflow/.local/lib/python3.12/site-packages/airflow/example_dags/example_inlet_event_extra.py
[2026-08-21T11:45:51.450+0000] {processor.py:925} INFO - DAG(s) 'read_dataset_event_from_classic', 'read_dataset_event' retrieved from /home/airflow/.local/lib/python3.12/site-packages/airflow/example_dags/example_inlet_event_extra.py
[2026-08-21T11:45:51.469+0000] {logging_mixin.py:190} INFO - [2026-08-21T11:45:51.468+0000] {dag.py:3239} INFO - Sync 2 DAGs
[2026-08-21T11:45:51.489+0000] {logging_mixin.py:190} INFO - [2026-08-21T11:45:51.489+0000] {dag.py:4180} INFO - Setting next_dagrun for read_dataset_event to 2026-08-20 00:00:00+00:00, run_after=2026-08-21 00:00:00+00:00
[2026-08-21T11:45:51.493+0000] {logging_mixin.py:190} INFO - [2026-08-21T11:45:51.492+0000] {dag.py:4180} INFO - Setting next_dagrun for read_dataset_event_from_classic to 2026-08-20 00:00:00+00:00, run_after=2026-08-21 00:00:00+00:00
[2026-08-21T11:45:51.516+0000] {processor.py:208} INFO - Processing /home/airflow/.local/lib/python3.12/site-packages/airflow/example_dags/example_inlet_event_extra.py took 5.414 seconds
[2026-08-21T11:46:21.815+0000] {processor.py:186} INFO - Started process (PID=717) to work on /home/airflow/.local/lib/python3.12/site-packages/airflow/example_dags/example_inlet_event_extra.py
[2026-08-21T11:46:21.823+0000] {processor.py:914} INFO - Processing file /home/airflow/.local/lib/python3.12/site-packages/airflow/example_dags/example_inlet_event_extra.py for tasks to queue
[2026-08-21T11:46:21.825+0000] {logging_mixin.py:190} INFO - [2026-08-21T11:46:21.825+0000] {dagbag.py:588} INFO - Filling up the DagBag from /home/airflow/.local/lib/python3.12/site-packages/airflow/example_dags/example_inlet_event_extra.py
[2026-08-21T11:46:25.724+0000] {processor.py:925} INFO - DAG(s) 'read_dataset_event', 'read_dataset_event_from_classic' retrieved from /home/airflow/.local/lib/python3.12/site-packages/airflow/example_dags/example_inlet_event_extra.py
[2026-08-21T11:46:25.744+0000] {logging_mixin.py:190} INFO - [2026-08-21T11:46:25.743+0000] {dag.py:3239} INFO - Sync 2 DAGs
[2026-08-21T11:46:25.767+0000] {logging_mixin.py:190} INFO - [2026-08-21T11:46:25.767+0000] {dag.py:4180} INFO - Setting next_dagrun for read_dataset_event to 2026-08-20 00:00:00+00:00, run_after=2026-08-21 00:00:00+00:00
[2026-08-21T11:46:25.772+0000] {logging_mixin.py:190} INFO - [2026-08-21T11:46:25.771+0000] {dag.py:4180} INFO - Setting next_dagrun for read_dataset_event_from_classic to 2026-08-20 00:00:00+00:00, run_after=2026-08-21 00:00:00+00:00
[2026-08-21T11:46:25.795+0000] {processor.py:208} INFO - Processing /home/airflow/.local/lib/python3.12/site-packages/airflow/example_dags/example_inlet_event_extra.py took 3.987 seconds
[2026-08-21T11:46:56.293+0000] {processor.py:186} INFO - Started process (PID=780) to work on /home/airflow/.local/lib/python3.12/site-packages/airflow/example_dags/example_inlet_event_extra.py
[2026-08-21T11:46:56.293+0000] {processor.py:914} INFO - Processing file /home/airflow/.local/lib/python3.12/site-packages/airflow/example_dags/example_inlet_event_extra.py for tasks to queue
[2026-08-21T11:46:56.296+0000] {logging_mixin.py:190} INFO - [2026-08-21T11:46:56.296+0000] {dagbag.py:588} INFO - Filling up the DagBag from /home/airflow/.local/lib/python3.12/site-packages/airflow/example_dags/example_inlet_event_extra.py
[2026-08-21T11:47:00.666+0000] {processor.py:925} INFO - DAG(s) 'read_dataset_event_from_classic', 'read_dataset_event' retrieved from /home/airflow/.local/lib/python3.12/site-packages/airflow/example_dags/example_inlet_event_extra.py
[2026-08-21T11:47:00.682+0000] {logging_mixin.py:190} INFO - [2026-08-21T11:47:00.682+0000] {dag.py:3239} INFO - Sync 2 DAGs
[2026-08-21T11:47:00.704+0000] {logging_mixin.py:190} INFO - [2026-08-21T11:47:00.704+0000] {dag.py:4180} INFO - Setting next_dagrun for read_dataset_event to 2026-08-20 00:00:00+00:00, run_after=2026-08-21 00:00:00+00:00
[2026-08-21T11:47:00.708+0000] {logging_mixin.py:190} INFO - [2026-08-21T11:47:00.708+0000] {dag.py:4180} INFO - Setting next_dagrun for read_dataset_event_from_classic to 2026-08-20 00:00:00+00:00, run_after=2026-08-21 00:00:00+00:00
[2026-08-21T11:47:00.732+0000] {processor.py:208} INFO - Processing /home/airflow/.local/lib/python3.12/site-packages/airflow/example_dags/example_inlet_event_extra.py took 4.445 seconds
