[2026-08-21T11:40:59.030+0000] {processor.py:186} INFO - Started process (PID=104) to work on /home/airflow/.local/lib/python3.12/site-packages/airflow/example_dags/example_latest_only_with_trigger.py
[2026-08-21T11:40:59.031+0000] {processor.py:914} INFO - Processing file /home/airflow/.local/lib/python3.12/site-packages/airflow/example_dags/example_latest_only_with_trigger.py for tasks to queue
[2026-08-21T11:40:59.034+0000] {logging_mixin.py:190} INFO - [2026-08-21T11:40:59.033+0000] {dagbag.py:588} INFO - Filling up the DagBag from /home/airflow/.local/lib/python3.12/site-packages/airflow/example_dags/example_latest_only_with_trigger.py
[2026-08-21T11:40:59.041+0000] {processor.py:925} INFO - DAG(s) 'latest_only_with_trigger' retrieved from /home/airflow/.local/lib/python3.12/site-packages/airflow/example_dags/example_latest_only_with_trigger.py
[2026-08-21T11:40:59.163+0000] {logging_mixin.py:190} INFO - [2026-08-21T11:40:59.161+0000] {override.py:1932} INFO - Created Permission View: can read on DAG:latest_only_with_trigger
[2026-08-21T11:40:59.175+0000] {logging_mixin.py:190} INFO - [2026-08-21T11:40:59.175+0000] {override.py:1932} INFO - Created Permission View: can edit on DAG:latest_only_with_trigger
[2026-08-21T11:40:59.183+0000] {logging_mixin.py:190} INFO - [2026-08-21T11:40:59.183+0000] {override.py:1932} INFO - Created Permission View: can delete on DAG:latest_only_with_trigger
[2026-08-21T11:40:59.192+0000] {logging_mixin.py:190} INFO - [2026-08-21T11:40:59.192+0000] {override.py:1932} INFO - Created Permission View: menu access on DAG Run:latest_only_with_trigger
[2026-08-21T11:40:59.202+0000] {logging_mixin.py:190} INFO - [2026-08-21T11:40:59.202+0000] {override.py:1932} INFO - Created Permission View: can read on DAG Run:latest_only_with_trigger
[2026-08-21T11:40:59.211+0000] {logging_mixin.py:190} INFO - [2026-08-21T11:40:59.211+0000] {override.py:1932} INFO - Created Permission View: can create on DAG Run:latest_only_with_trigger
[2026-08-21T11:40:59.220+0000] {logging_mixin.py:190} INFO - [2026-08-21T11:40:59.219+0000] {override.py:1932} INFO - Created Permission View: can delete on DAG Run:latest_only_with_trigger
[2026-08-21T11:40:59.220+0000] {logging_mixin.py:190} INFO - [2026-08-21T11:40:59.220+0000] {dag.py:3239} INFO - Sync 1 DAGs
[2026-08-21T11:40:59.234+0000] {logging_mixin.py:190} INFO - [2026-08-21T11:40:59.234+0000] {dag.py:3262} INFO - Creating ORM DAG for latest_only_with_trigger
[2026-08-21T11:40:59.244+0000] {logging_mixin.py:190} INFO - [2026-08-21T11:40:59.244+0000] {dag.py:4180} INFO - Setting next_dagrun for latest_only_with_trigger to 2026-08-21 04:00:00+00:00, run_after=2026-08-21 08:00:00+00:00
[2026-08-21T11:40:59.261+0000] {processor.py:208} INFO - Processing /home/airflow/.local/lib/python3.12/site-packages/airflow/example_dags/example_latest_only_with_trigger.py took 0.237 seconds
[2026-08-21T11:41:30.944+0000] {processor.py:186} INFO - Started process (PID=166) to work on /home/airflow/.local/lib/python3.12/site-packages/airflow/example_dags/example_latest_only_with_trigger.py
[2026-08-21T11:41:30.944+0000] {processor.py:914} INFO - Processing file /home/airflow/.local/lib/python3.12/site-packages/airflow/example_dags/example_latest_only_with_trigger.py for tasks to queue
[2026-08-21T11:41:30.947+0000] {logging_mixin.py:190} INFO - [2026-08-21T11:41:30.946+0000] {dagbag.py:588} INFO - Filling up the DagBag from /home/airflow/.local/lib/python3.12/site-packages/airflow/example_dags/example_latest_only_with_trigger.py
[2026-08-21T11:41:30.956+0000] {processor.py:925} INFO - DAG(s) 'latest_only_with_trigger' retrieved from /home/airflow/.local/lib/python3.12/site-packages/airflow/example_dags/example_latest_only_with_trigger.py
[2026-08-21T11:41:30.973+0000] {logging_mixin.py:190} INFO - [2026-08-21T11:41:30.973+0000] {dag.py:3239} INFO - Sync 1 DAGs
[2026-08-21T11:41:30.994+0000] {logging_mixin.py:190} INFO - [2026-08-21T11:41:30.994+0000] {dag.py:4180} INFO - Setting next_dagrun for latest_only_with_trigger to 2026-08-21 04:00:00+00:00, run_after=2026-08-21 08:00:00+00:00
[2026-08-21T11:41:31.013+0000] {processor.py:208} INFO - Processing /home/airflow/.local/lib/python3.12/site-packages/airflow/example_dags/example_latest_only_with_trigger.py took 0.074 seconds
[2026-08-21T11:42:06.523+0000] {processor.py:186} INFO - Started process (PID=230) to work on /home/airflow/.local/lib/python3.12/site-packages/airflow/example_dags/example_latest_only_with_trigger.py
[2026-08-21T11:42:06.525+0000] {processor.py:914} INFO - Processing file /home/airflow/.local/lib/python3.12/site-packages/airflow/example_dags/example_latest_only_with_trigger.py for tasks to queue
[2026-08-21T11:42:06.529+0000] {logging_mixin.py:190} INFO - [2026-08-21T11:42:06.528+0000] {dagbag.py:588} INFO - Filling up the DagBag from /home/airflow/.local/lib/python3.12/site-packages/airflow/example_dags/example_latest_only_with_trigger.py
[2026-08-21T11:42:06.537+0000] {processor.py:925} INFO - DAG(s) 'latest_only_with_trigger' retrieved from /home/airflow/.local/lib/python3.12/site-packages/airflow/example_dags/example_latest_only_with_trigger.py
[2026-08-21T11:42:06.565+0000] {logging_mixin.py:190} INFO - [2026-08-21T11:42:06.564+0000] {dag.py:3239} INFO - Sync 1 DAGs
[2026-08-21T11:42:06.592+0000] {logging_mixin.py:190} INFO - [2026-08-21T11:42:06.591+0000] {dag.py:4180} INFO - Setting next_dagrun for latest_only_with_trigger to 2026-08-21 04:00:00+00:00, run_after=2026-08-21 08:00:00+00:00
[2026-08-21T11:42:06.609+0000] {processor.py:208} INFO - Processing /home/airflow/.local/lib/python3.12/site-packages/airflow/example_dags/example_latest_only_with_trigger.py took 0.095 seconds
[2026-08-21T11:42:42.102+0000] {processor.py:186} INFO - Started process (PID=293) to work on /home/airflow/.local/lib/python3.12/site-packages/airflow/example_dags/example_latest_only_with_trigger.py
[2026-08-21T11:42:42.103+0000] {processor.py:914} INFO - Processing file /home/airflow/.local/lib/python3.12/site-packages/airflow/example_dags/example_latest_only_with_trigger.py for tasks to queue
[2026-08-21T11:42:42.106+0000] {logging_mixin.py:190} INFO - [2026-08-21T11:42:42.106+0000] {dagbag.py:588} INFO - Filling up the DagBag from /home/airflow/.local/lib/python3.12/site-packages/airflow/example_dags/example_latest_only_with_trigger.py
[2026-08-21T11:42:42.114+0000] {processor.py:925} INFO - DAG(s) 'latest_only_with_trigger' retrieved from /home/airflow/.local/lib/python3.12/site-packages/airflow/example_dags/example_latest_only_with_trigger.py
[2026-08-21T11:42:42.137+0000] {logging_mixin.py:190} INFO - [2026-08-21T11:42:42.137+0000] {dag.py:3239} INFO - Sync 1 DAGs
[2026-08-21T11:42:42.162+0000] {logging_mixin.py:190} INFO - [2026-08-21T11:42:42.162+0000] {dag.py:4180} INFO - Setting next_dagrun for latest_only_with_trigger to 2026-08-21 04:00:00+00:00, run_after=2026-08-21 08:00:00+00:00
[2026-08-21T11:42:42.181+0000] {processor.py:208} INFO - Processing /home/airflow/.local/lib/python3.12/site-packages/airflow/example_dags/example_latest_only_with_trigger.py took 0.085 seconds
[2026-08-21T11:43:17.444+0000] {processor.py:186} INFO - Started process (PID=362) to work on /home/airflow/.local/lib/python3.12/site-packages/airflow/example_dags/example_latest_only_with_trigger.py
[2026-08-21T11:43:17.445+0000] {processor.py:914} INFO - Processing file /home/airflow/.local/lib/python3.12/site-packages/airflow/example_dags/example_latest_only_with_trigger.py for tasks to queue
[2026-08-21T11:43:17.447+0000] {logging_mixin.py:190} INFO - [2026-08-21T11:43:17.447+0000] {dagbag.py:588} INFO - Filling up the DagBag from /home/airflow/.local/lib/python3.12/site-packages/airflow/example_dags/example_latest_only_with_trigger.py
[2026-08-21T11:43:17.455+0000] {processor.py:925} INFO - DAG(s) 'latest_only_with_trigger' retrieved from /home/airflow/.local/lib/python3.12/site-packages/airflow/example_dags/example_latest_only_with_trigger.py
[2026-08-21T11:43:17.478+0000] {logging_mixin.py:190} INFO - [2026-08-21T11:43:17.477+0000] {dag.py:3239} INFO - Sync 1 DAGs
[2026-08-21T11:43:17.504+0000] {logging_mixin.py:190} INFO - [2026-08-21T11:43:17.504+0000] {dag.py:4180} INFO - Setting next_dagrun for latest_only_with_trigger to 2026-08-21 04:00:00+00:00, run_after=2026-08-21 08:00:00+00:00
[2026-08-21T11:43:17.527+0000] {processor.py:208} INFO - Processing /home/airflow/.local/lib/python3.12/site-packages/airflow/example_dags/example_latest_only_with_trigger.py took 0.091 seconds
[2026-08-21T11:43:51.439+0000] {processor.py:186} INFO - Started process (PID=424) to work on /home/airflow/.local/lib/python3.12/site-packages/airflow/example_dags/example_latest_only_with_trigger.py
[2026-08-21T11:43:51.440+0000] {processor.py:914} INFO - Processing file /home/airflow/.local/lib/python3.12/site-packages/airflow/example_dags/example_latest_only_with_trigger.py for tasks to queue
[2026-08-21T11:43:51.442+0000] {logging_mixin.py:190} INFO - [2026-08-21T11:43:51.442+0000] {dagbag.py:588} INFO - Filling up the DagBag from /home/airflow/.local/lib/python3.12/site-packages/airflow/example_dags/example_latest_only_with_trigger.py
[2026-08-21T11:43:51.449+0000] {processor.py:925} INFO - DAG(s) 'latest_only_with_trigger' retrieved from /home/airflow/.local/lib/python3.12/site-packages/airflow/example_dags/example_latest_only_with_trigger.py
[2026-08-21T11:43:51.472+0000] {logging_mixin.py:190} INFO - [2026-08-21T11:43:51.471+0000] {dag.py:3239} INFO - Sync 1 DAGs
[2026-08-21T11:43:51.494+0000] {logging_mixin.py:190} INFO - [2026-08-21T11:43:51.494+0000] {dag.py:4180} INFO - Setting next_dagrun for latest_only_with_trigger to 2026-08-21 04:00:00+00:00, run_after=2026-08-21 08:00:00+00:00
[2026-08-21T11:43:51.514+0000] {processor.py:208} INFO - Processing /home/airflow/.local/lib/python3.12/site-packages/airflow/example_dags/example_latest_only_with_trigger.py took 0.080 seconds
[2026-08-21T11:44:26.651+0000] {processor.py:186} INFO - Started process (PID=493) to work on /home/airflow/.local/lib/python3.12/site-packages/airflow/example_dags/example_latest_only_with_trigger.py
[2026-08-21T11:44:26.653+0000] {processor.py:914} INFO - Processing file /home/airflow/.local/lib/python3.12/site-packages/airflow/example_dags/example_latest_only_with_trigger.py for tasks to queue
[2026-08-21T11:44:26.656+0000] {logging_mixin.py:190} INFO - [2026-08-21T11:44:26.656+0000] {dagbag.py:588} INFO - Filling up the DagBag from /home/airflow/.local/lib/python3.12/site-packages/airflow/example_dags/example_latest_only_with_trigger.py
[2026-08-21T11:44:26.668+0000] {processor.py:925} INFO - DAG(s) 'latest_only_with_trigger' retrieved from /home/airflow/.local/lib/python3.12/site-packages/airflow/example_dags/example_latest_only_with_trigger.py
[2026-08-21T11:44:26.689+0000] {logging_mixin.py:190} INFO - [2026-08-21T11:44:26.688+0000] {dag.py:3239} INFO - Sync 1 DAGs
[2026-08-21T11:44:26.713+0000] {logging_mixin.py:190} INFO - [2026-08-21T11:44:26.713+0000] {dag.py:4180} INFO - Setting next_dagrun for latest_only_with_trigger to 2026-08-21 04:00:00+00:00, run_after=2026-08-21 08:00:00+00:00
[2026-08-21T11:44:26.737+0000] {processor.py:208} INFO - Processing /home/airflow/.local/lib/python3.12/site-packages/airflow/example_dags/example_latest_only_with_trigger.py took 0.093 seconds
[2026-08-21T11:45:03.006+0000] {processor.py:186} INFO - Started process (PID=556) to work on /home/airflow/.local/lib/python3.12/site-packages/airflow/example_dags/example_latest_only_with_trigger.py
[2026-08-21T11:45:03.007+0000] {processor.py:914} INFO - Processing file /home/airflow/.local/lib/python3.12/site-packages/airflow/example_dags/example_latest_only_with_trigger.py for tasks to queue
[2026-08-21T11:45:03.010+0000] {logging_mixin.py:190} INFO - [2026-08-21T11:45:03.010+0000] {dagbag.py:588} INFO - Filling up the DagBag from /home/airflow/.local/lib/python3.12/site-packages/airflow/example_dags/example_latest_only_with_trigger.py
[2026-08-21T11:45:03.021+0000] {processor.py:925} INFO - DAG(s) 'latest_only_with_trigger' retrieved from /home/airflow/.local/lib/python3.12/site-packages/airflow/example_dags/example_latest_only_with_trigger.py
[2026-08-21T11:45:03.045+0000] {logging_mixin.py:190} INFO - [2026-08-21T11:45:03.045+0000] {dag.py:3239} INFO - Sync 1 DAGs
[2026-08-21T11:45:03.075+0000] {logging_mixin.py:190} INFO - [2026-08-21T11:45:03.075+0000] {dag.py:4180} INFO - Setting next_dagrun for latest_only_with_trigger to 2026-08-21 04:00:00+00:00, run_after=2026-08-21 08:00:00+00:00
[2026-08-21T11:45:03.098+0000] {processor.py:208} INFO - Processing /home/airflow/.local/lib/python3.12/site-packages/airflow/example_dags/example_latest_only_with_trigger.py took 0.102 seconds
[2026-08-21T11:45:38.812+0000] {processor.py:186} INFO - Started process (PID=619) to work on /home/airflow/.local/lib/python3.12/site-packages/airflow/example_dags/example_latest_only_with_trigger.py
[2026-08-21T11:45:38.813+0000] {processor.py:914} INFO - Processing file /home/airflow/.local/lib/python3.12/site-packages/airflow/example_dags/example_latest_only_with_trigger.py for tasks to queue
[2026-08-21T11:45:38.816+0000] {logging_mixin.py:190} INFO - [2026-08-21T11:45:38.815+0000] {dagbag.py:588} INFO - Filling up the DagBag from /home/airflow/.local/lib/python3.12/site-packages/airflow/example_dags/example_latest_only_with_trigger.py
[2026-08-21T11:45:38.823+0000] {processor.py:925} INFO - DAG(s) 'latest_only_with_trigger' retrieved from /home/airflow/.local/lib/python3.12/site-packages/airflow/example_dags/example_latest_only_with_trigger.py
[2026-08-21T11:45:38.849+0000] {logging_mixin.py:190} INFO - [2026-08-21T11:45:38.848+0000] {dag.py:3239} INFO - Sync 1 DAGs
[2026-08-21T11:45:38.880+0000] {logging_mixin.py:190} INFO - [2026-08-21T11:45:38.879+0000] {dag.py:4180} INFO - Setting next_dagrun for latest_only_with_trigger to 2026-08-21 04:00:00+00:00, run_after=2026-08-21 08:00:00+00:00
[2026-08-21T11:45:38.909+0000] {processor.py:208} INFO - Processing /home/airflow/.local/lib/python3.12/site-packages/airflow/example_dags/example_latest_only_with_trigger.py took 0.103 seconds
[2026-08-21T11:46:13.606+0000] {processor.py:186} INFO - Started process (PID=682) to work on /home/airflow/.local/lib/python3.12/site-packages/airflow/example_dags/example_latest_only_with_trigger.py
[2026-08-21T11:46:13.607+0000] {processor.py:914} INFO - Processing file /home/airflow/.local/lib/python3.12/site-packages/airflow/example_dags/example_latest_only_with_trigger.py for tasks to queue
[2026-08-21T11:46:13.609+0000] {logging_mixin.py:190} INFO - [2026-08-21T11:46:13.609+0000] {dagbag.py:588} INFO - Filling up the DagBag from /home/airflow/.local/lib/python3.12/site-packages/airflow/example_dags/example_latest_only_with_trigger.py
[2026-08-21T11:46:13.616+0000] {processor.py:925} INFO - DAG(s) 'latest_only_with_trigger' retrieved from /home/airflow/.local/lib/python3.12/site-packages/airflow/example_dags/example_latest_only_with_trigger.py
[2026-08-21T11:46:13.637+0000] {logging_mixin.py:190} INFO - [2026-08-21T11:46:13.637+0000] {dag.py:3239} INFO - Sync 1 DAGs
[2026-08-21T11:46:13.657+0000] {logging_mixin.py:190} INFO - [2026-08-21T11:46:13.657+0000] {dag.py:4180} INFO - Setting next_dagrun for latest_only_with_trigger to 2026-08-21 04:00:00+00:00, run_after=2026-08-21 08:00:00+00:00
[2026-08-21T11:46:13.677+0000] {processor.py:208} INFO - Processing /home/airflow/.local/lib/python3.12/site-packages/airflow/example_dags/example_latest_only_with_trigger.py took 0.079 seconds
[2026-08-21T11:46:49.418+0000] {processor.py:186} INFO - Started process (PID=751) to work on /home/airflow/.local/lib/python3.12/site-packages/airflow/example_dags/example_latest_only_with_trigger.py
[2026-08-21T11:46:49.419+0000] {processor.py:914} INFO - Processing file /home/airflow/.local/lib/python3.12/site-packages/airflow/example_dags/example_latest_only_with_trigger.py for tasks to queue
[2026-08-21T11:46:49.421+0000] {logging_mixin.py:190} INFO - [2026-08-21T11:46:49.421+0000] {dagbag.py:588} INFO - Filling up the DagBag from /home/airflow/.local/lib/python3.12/site-packages/airflow/example_dags/example_latest_only_with_trigger.py
[2026-08-21T11:46:49.428+0000] {processor.py:925} INFO - DAG(s) 'latest_only_with_trigger' retrieved from /home/airflow/.local/lib/python3.12/site-packages/airflow/example_dags/example_latest_only_with_trigger.py
[2026-08-21T11:46:49.452+0000] {logging_mixin.py:190} INFO - [2026-08-21T11:46:49.451+0000] {dag.py:3239} INFO - Sync 1 DAGs
[2026-08-21T11:46:49.473+0000] {logging_mixin.py:190} INFO - [2026-08-21T11:46:49.473+0000] {dag.py:4180} INFO - Setting next_dagrun for latest_only_with_trigger to 2026-08-21 04:00:00+00:00, run_after=2026-08-21 08:00:00+00:00
[2026-08-21T11:46:49.494+0000] {processor.py:208} INFO - Processing /home/airflow/.local/lib/python3.12/site-packages/airflow/example_dags/example_latest_only_with_trigger.py took 0.084 seconds
