[2026-08-21T11:41:02.337+0000] {processor.py:186} INFO - Started process (PID=120) to work on /home/airflow/.local/lib/python3.12/site-packages/airflow/example_dags/example_branch_day_of_week_operator.py
[2026-08-21T11:41:02.338+0000] {processor.py:914} INFO - Processing file /home/airflow/.local/lib/python3.12/site-packages/airflow/example_dags/example_branch_day_of_week_operator.py for tasks to queue
[2026-08-21T11:41:02.340+0000] {logging_mixin.py:190} INFO - [2026-08-21T11:41:02.340+0000] {dagbag.py:588} INFO - Filling up the DagBag from /home/airflow/.local/lib/python3.12/site-packages/airflow/example_dags/example_branch_day_of_week_operator.py
[2026-08-21T11:41:02.351+0000] {processor.py:925} INFO - DAG(s) 'example_weekday_branch_operator' retrieved from /home/airflow/.local/lib/python3.12/site-packages/airflow/example_dags/example_branch_day_of_week_operator.py
[2026-08-21T11:41:02.459+0000] {logging_mixin.py:190} INFO - [2026-08-21T11:41:02.458+0000] {override.py:1932} INFO - Created Permission View: can read on DAG:example_weekday_branch_operator
[2026-08-21T11:41:02.469+0000] {logging_mixin.py:190} INFO - [2026-08-21T11:41:02.469+0000] {override.py:1932} INFO - Created Permission View: can edit on DAG:example_weekday_branch_operator
[2026-08-21T11:41:02.478+0000] {logging_mixin.py:190} INFO - [2026-08-21T11:41:02.478+0000] {override.py:1932} INFO - Created Permission View: can delete on DAG:example_weekday_branch_operator
[2026-08-21T11:41:02.493+0000] {logging_mixin.py:190} INFO - [2026-08-21T11:41:02.492+0000] {override.py:1932} INFO - Created Permission View: menu access on DAG Run:example_weekday_branch_operator
[2026-08-21T11:41:02.502+0000] {logging_mixin.py:190} INFO - [2026-08-21T11:41:02.502+0000] {override.py:1932} INFO - Created Permission View: can read on DAG Run:example_weekday_branch_operator
[2026-08-21T11:41:02.512+0000] {logging_mixin.py:190} INFO - [2026-08-21T11:41:02.511+0000] {override.py:1932} INFO - Created Permission View: can create on DAG Run:example_weekday_branch_operator
[2026-08-21T11:41:02.521+0000] {logging_mixin.py:190} INFO - [2026-08-21T11:41:02.521+0000] {override.py:1932} INFO - Created Permission View: can delete on DAG Run:example_weekday_branch_operator
[2026-08-21T11:41:02.522+0000] {logging_mixin.py:190} INFO - [2026-08-21T11:41:02.522+0000] {dag.py:3239} INFO - Sync 1 DAGs
[2026-08-21T11:41:02.535+0000] {logging_mixin.py:190} INFO - [2026-08-21T11:41:02.534+0000] {dag.py:3262} INFO - Creating ORM DAG for example_weekday_branch_operator
[2026-08-21T11:41:02.545+0000] {logging_mixin.py:190} INFO - [2026-08-21T11:41:02.545+0000] {dag.py:4180} INFO - Setting next_dagrun for example_weekday_branch_operator to 2026-08-20 00:00:00+00:00, run_after=2026-08-21 00:00:00+00:00
[2026-08-21T11:41:02.567+0000] {processor.py:208} INFO - Processing /home/airflow/.local/lib/python3.12/site-packages/airflow/example_dags/example_branch_day_of_week_operator.py took 0.236 seconds
[2026-08-21T11:41:33.478+0000] {processor.py:186} INFO - Started process (PID=182) to work on /home/airflow/.local/lib/python3.12/site-packages/airflow/example_dags/example_branch_day_of_week_operator.py
[2026-08-21T11:41:33.478+0000] {processor.py:914} INFO - Processing file /home/airflow/.local/lib/python3.12/site-packages/airflow/example_dags/example_branch_day_of_week_operator.py for tasks to queue
[2026-08-21T11:41:33.480+0000] {logging_mixin.py:190} INFO - [2026-08-21T11:41:33.480+0000] {dagbag.py:588} INFO - Filling up the DagBag from /home/airflow/.local/lib/python3.12/site-packages/airflow/example_dags/example_branch_day_of_week_operator.py
[2026-08-21T11:41:33.490+0000] {processor.py:925} INFO - DAG(s) 'example_weekday_branch_operator' retrieved from /home/airflow/.local/lib/python3.12/site-packages/airflow/example_dags/example_branch_day_of_week_operator.py
[2026-08-21T11:41:33.510+0000] {logging_mixin.py:190} INFO - [2026-08-21T11:41:33.510+0000] {dag.py:3239} INFO - Sync 1 DAGs
[2026-08-21T11:41:33.534+0000] {logging_mixin.py:190} INFO - [2026-08-21T11:41:33.534+0000] {dag.py:4180} INFO - Setting next_dagrun for example_weekday_branch_operator to 2026-08-20 00:00:00+00:00, run_after=2026-08-21 00:00:00+00:00
[2026-08-21T11:41:33.553+0000] {processor.py:208} INFO - Processing /home/airflow/.local/lib/python3.12/site-packages/airflow/example_dags/example_branch_day_of_week_operator.py took 0.080 seconds
[2026-08-21T11:42:08.524+0000] {processor.py:186} INFO - Started process (PID=245) to work on /home/airflow/.local/lib/python3.12/site-packages/airflow/example_dags/example_branch_day_of_week_operator.py
[2026-08-21T11:42:08.526+0000] {processor.py:914} INFO - Processing file /home/airflow/.local/lib/python3.12/site-packages/airflow/example_dags/example_branch_day_of_week_operator.py for tasks to queue
[2026-08-21T11:42:08.528+0000] {logging_mixin.py:190} INFO - [2026-08-21T11:42:08.528+0000] {dagbag.py:588} INFO - Filling up the DagBag from /home/airflow/.local/lib/python3.12/site-packages/airflow/example_dags/example_branch_day_of_week_operator.py
[2026-08-21T11:42:08.540+0000] {processor.py:925} INFO - DAG(s) 'example_weekday_branch_operator' retrieved from /home/airflow/.local/lib/python3.12/site-packages/airflow/example_dags/example_branch_day_of_week_operator.py
[2026-08-21T11:42:08.565+0000] {logging_mixin.py:190} INFO - [2026-08-21T11:42:08.564+0000] {dag.py:3239} INFO - Sync 1 DAGs
[2026-08-21T11:42:08.589+0000] {logging_mixin.py:190} INFO - [2026-08-21T11:42:08.589+0000] {dag.py:4180} INFO - Setting next_dagrun for example_weekday_branch_operator to 2026-08-20 00:00:00+00:00, run_after=2026-08-21 00:00:00+00:00
[2026-08-21T11:42:08.612+0000] {processor.py:208} INFO - Processing /home/airflow/.local/lib/python3.12/site-packages/airflow/example_dags/example_branch_day_of_week_operator.py took 0.094 seconds
[2026-08-21T11:42:43.968+0000] {processor.py:186} INFO - Started process (PID=308) to work on /home/airflow/.local/lib/python3.12/site-packages/airflow/example_dags/example_branch_day_of_week_operator.py
[2026-08-21T11:42:43.969+0000] {processor.py:914} INFO - Processing file /home/airflow/.local/lib/python3.12/site-packages/airflow/example_dags/example_branch_day_of_week_operator.py for tasks to queue
[2026-08-21T11:42:43.971+0000] {logging_mixin.py:190} INFO - [2026-08-21T11:42:43.971+0000] {dagbag.py:588} INFO - Filling up the DagBag from /home/airflow/.local/lib/python3.12/site-packages/airflow/example_dags/example_branch_day_of_week_operator.py
[2026-08-21T11:42:43.982+0000] {processor.py:925} INFO - DAG(s) 'example_weekday_branch_operator' retrieved from /home/airflow/.local/lib/python3.12/site-packages/airflow/example_dags/example_branch_day_of_week_operator.py
[2026-08-21T11:42:44.003+0000] {logging_mixin.py:190} INFO - [2026-08-21T11:42:44.003+0000] {dag.py:3239} INFO - Sync 1 DAGs
[2026-08-21T11:42:44.025+0000] {logging_mixin.py:190} INFO - [2026-08-21T11:42:44.025+0000] {dag.py:4180} INFO - Setting next_dagrun for example_weekday_branch_operator to 2026-08-20 00:00:00+00:00, run_after=2026-08-21 00:00:00+00:00
[2026-08-21T11:42:44.047+0000] {processor.py:208} INFO - Processing /home/airflow/.local/lib/python3.12/site-packages/airflow/example_dags/example_branch_day_of_week_operator.py took 0.086 seconds
[2026-08-21T11:43:19.521+0000] {processor.py:186} INFO - Started process (PID=377) to work on /home/airflow/.local/lib/python3.12/site-packages/airflow/example_dags/example_branch_day_of_week_operator.py
[2026-08-21T11:43:19.522+0000] {processor.py:914} INFO - Processing file /home/airflow/.local/lib/python3.12/site-packages/airflow/example_dags/example_branch_day_of_week_operator.py for tasks to queue
[2026-08-21T11:43:19.525+0000] {logging_mixin.py:190} INFO - [2026-08-21T11:43:19.525+0000] {dagbag.py:588} INFO - Filling up the DagBag from /home/airflow/.local/lib/python3.12/site-packages/airflow/example_dags/example_branch_day_of_week_operator.py
[2026-08-21T11:43:19.536+0000] {processor.py:925} INFO - DAG(s) 'example_weekday_branch_operator' retrieved from /home/airflow/.local/lib/python3.12/site-packages/airflow/example_dags/example_branch_day_of_week_operator.py
[2026-08-21T11:43:19.561+0000] {logging_mixin.py:190} INFO - [2026-08-21T11:43:19.560+0000] {dag.py:3239} INFO - Sync 1 DAGs
[2026-08-21T11:43:19.587+0000] {logging_mixin.py:190} INFO - [2026-08-21T11:43:19.587+0000] {dag.py:4180} INFO - Setting next_dagrun for example_weekday_branch_operator to 2026-08-20 00:00:00+00:00, run_after=2026-08-21 00:00:00+00:00
[2026-08-21T11:43:19.605+0000] {processor.py:208} INFO - Processing /home/airflow/.local/lib/python3.12/site-packages/airflow/example_dags/example_branch_day_of_week_operator.py took 0.090 seconds
[2026-08-21T11:43:52.641+0000] {processor.py:186} INFO - Started process (PID=439) to work on /home/airflow/.local/lib/python3.12/site-packages/airflow/example_dags/example_branch_day_of_week_operator.py
[2026-08-21T11:43:52.642+0000] {processor.py:914} INFO - Processing file /home/airflow/.local/lib/python3.12/site-packages/airflow/example_dags/example_branch_day_of_week_operator.py for tasks to queue
[2026-08-21T11:43:52.644+0000] {logging_mixin.py:190} INFO - [2026-08-21T11:43:52.644+0000] {dagbag.py:588} INFO - Filling up the DagBag from /home/airflow/.local/lib/python3.12/site-packages/airflow/example_dags/example_branch_day_of_week_operator.py
[2026-08-21T11:43:52.654+0000] {processor.py:925} INFO - DAG(s) 'example_weekday_branch_operator' retrieved from /home/airflow/.local/lib/python3.12/site-packages/airflow/example_dags/example_branch_day_of_week_operator.py
[2026-08-21T11:43:52.676+0000] {logging_mixin.py:190} INFO - [2026-08-21T11:43:52.676+0000] {dag.py:3239} INFO - Sync 1 DAGs
[2026-08-21T11:43:52.700+0000] {logging_mixin.py:190} INFO - [2026-08-21T11:43:52.700+0000] {dag.py:4180} INFO - Setting next_dagrun for example_weekday_branch_operator to 2026-08-20 00:00:00+00:00, run_after=2026-08-21 00:00:00+00:00
[2026-08-21T11:43:52.720+0000] {processor.py:208} INFO - Processing /home/airflow/.local/lib/python3.12/site-packages/airflow/example_dags/example_branch_day_of_week_operator.py took 0.085 seconds
[2026-08-21T11:44:27.562+0000] {processor.py:186} INFO - Started process (PID=508) to work on /home/airflow/.local/lib/python3.12/site-packages/airflow/example_dags/example_branch_day_of_week_operator.py
[2026-08-21T11:44:27.563+0000] {processor.py:914} INFO - Processing file /home/airflow/.local/lib/python3.12/site-packages/airflow/example_dags/example_branch_day_of_week_operator.py for tasks to queue
[2026-08-21T11:44:27.567+0000] {logging_mixin.py:190} INFO - [2026-08-21T11:44:27.567+0000] {dagbag.py:588} INFO - Filling up the DagBag from /home/airflow/.local/lib/python3.12/site-packages/airflow/example_dags/example_branch_day_of_week_operator.py
[2026-08-21T11:44:27.578+0000] {processor.py:925} INFO - DAG(s) 'example_weekday_branch_operator' retrieved from /home/airflow/.local/lib/python3.12/site-packages/airflow/example_dags/example_branch_day_of_week_operator.py
[2026-08-21T11:44:27.598+0000] {logging_mixin.py:190} INFO - [2026-08-21T11:44:27.598+0000] {dag.py:3239} INFO - Sync 1 DAGs
[2026-08-21T11:44:27.622+0000] {logging_mixin.py:190} INFO - [2026-08-21T11:44:27.622+0000] {dag.py:4180} INFO - Setting next_dagrun for example_weekday_branch_operator to 2026-08-20 00:00:00+00:00, run_after=2026-08-21 00:00:00+00:00
[2026-08-21T11:44:27.643+0000] {processor.py:208} INFO - Processing /home/airflow/.local/lib/python3.12/site-packages/airflow/example_dags/example_branch_day_of_week_operator.py took 0.087 seconds
[2026-08-21T11:45:04.205+0000] {processor.py:186} INFO - Started process (PID=571) to work on /home/airflow/.local/lib/python3.12/site-packages/airflow/example_dags/example_branch_day_of_week_operator.py
[2026-08-21T11:45:04.205+0000] {processor.py:914} INFO - Processing file /home/airflow/.local/lib/python3.12/site-packages/airflow/example_dags/example_branch_day_of_week_operator.py for tasks to queue
[2026-08-21T11:45:04.209+0000] {logging_mixin.py:190} INFO - [2026-08-21T11:45:04.208+0000] {dagbag.py:588} INFO - Filling up the DagBag from /home/airflow/.local/lib/python3.12/site-packages/airflow/example_dags/example_branch_day_of_week_operator.py
[2026-08-21T11:45:04.222+0000] {processor.py:925} INFO - DAG(s) 'example_weekday_branch_operator' retrieved from /home/airflow/.local/lib/python3.12/site-packages/airflow/example_dags/example_branch_day_of_week_operator.py
[2026-08-21T11:45:04.242+0000] {logging_mixin.py:190} INFO - [2026-08-21T11:45:04.242+0000] {dag.py:3239} INFO - Sync 1 DAGs
[2026-08-21T11:45:04.268+0000] {logging_mixin.py:190} INFO - [2026-08-21T11:45:04.267+0000] {dag.py:4180} INFO - Setting next_dagrun for example_weekday_branch_operator to 2026-08-20 00:00:00+00:00, run_after=2026-08-21 00:00:00+00:00
[2026-08-21T11:45:04.291+0000] {processor.py:208} INFO - Processing /home/airflow/.local/lib/python3.12/site-packages/airflow/example_dags/example_branch_day_of_week_operator.py took 0.092 seconds
[2026-08-21T11:45:40.096+0000] {processor.py:186} INFO - Started process (PID=634) to work on /home/airflow/.local/lib/python3.12/site-packages/airflow/example_dags/example_branch_day_of_week_operator.py
[2026-08-21T11:45:40.097+0000] {processor.py:914} INFO - Processing file /home/airflow/.local/lib/python3.12/site-packages/airflow/example_dags/example_branch_day_of_week_operator.py for tasks to queue
[2026-08-21T11:45:40.102+0000] {logging_mixin.py:190} INFO - [2026-08-21T11:45:40.101+0000] {dagbag.py:588} INFO - Filling up the DagBag from /home/airflow/.local/lib/python3.12/site-packages/airflow/example_dags/example_branch_day_of_week_operator.py
[2026-08-21T11:45:40.116+0000] {processor.py:925} INFO - DAG(s) 'example_weekday_branch_operator' retrieved from /home/airflow/.local/lib/python3.12/site-packages/airflow/example_dags/example_branch_day_of_week_operator.py
[2026-08-21T11:45:40.140+0000] {logging_mixin.py:190} INFO - [2026-08-21T11:45:40.139+0000] {dag.py:3239} INFO - Sync 1 DAGs
[2026-08-21T11:45:40.171+0000] {logging_mixin.py:190} INFO - [2026-08-21T11:45:40.170+0000] {dag.py:4180} INFO - Setting next_dagrun for example_weekday_branch_operator to 2026-08-20 00:00:00+00:00, run_after=2026-08-21 00:00:00+00:00
[2026-08-21T11:45:40.195+0000] {processor.py:208} INFO - Processing /home/airflow/.local/lib/python3.12/site-packages/airflow/example_dags/example_branch_day_of_week_operator.py took 0.104 seconds
[2026-08-21T11:46:14.480+0000] {processor.py:186} INFO - Started process (PID=697) to work on /home/airflow/.local/lib/python3.12/site-packages/airflow/example_dags/example_branch_day_of_week_operator.py
[2026-08-21T11:46:14.481+0000] {processor.py:914} INFO - Processing file /home/airflow/.local/lib/python3.12/site-packages/airflow/example_dags/example_branch_day_of_week_operator.py for tasks to queue
[2026-08-21T11:46:14.483+0000] {logging_mixin.py:190} INFO - [2026-08-21T11:46:14.483+0000] {dagbag.py:588} INFO - Filling up the DagBag from /home/airflow/.local/lib/python3.12/site-packages/airflow/example_dags/example_branch_day_of_week_operator.py
[2026-08-21T11:46:14.494+0000] {processor.py:925} INFO - DAG(s) 'example_weekday_branch_operator' retrieved from /home/airflow/.local/lib/python3.12/site-packages/airflow/example_dags/example_branch_day_of_week_operator.py
[2026-08-21T11:46:14.517+0000] {logging_mixin.py:190} INFO - [2026-08-21T11:46:14.517+0000] {dag.py:3239} INFO - Sync 1 DAGs
[2026-08-21T11:46:14.545+0000] {logging_mixin.py:190} INFO - [2026-08-21T11:46:14.544+0000] {dag.py:4180} INFO - Setting next_dagrun for example_weekday_branch_operator to 2026-08-20 00:00:00+00:00, run_after=2026-08-21 00:00:00+00:00
[2026-08-21T11:46:14.563+0000] {processor.py:208} INFO - Processing /home/airflow/.local/lib/python3.12/site-packages/airflow/example_dags/example_branch_day_of_week_operator.py took 0.090 seconds
[2026-08-21T11:46:50.632+0000] {processor.py:186} INFO - Started process (PID=766) to work on /home/airflow/.local/lib/python3.12/site-packages/airflow/example_dags/example_branch_day_of_week_operator.py
[2026-08-21T11:46:50.633+0000] {processor.py:914} INFO - Processing file /home/airflow/.local/lib/python3.12/site-packages/airflow/example_dags/example_branch_day_of_week_operator.py for tasks to queue
[2026-08-21T11:46:50.636+0000] {logging_mixin.py:190} INFO - [2026-08-21T11:46:50.635+0000] {dagbag.py:588} INFO - Filling up the DagBag from /home/airflow/.local/lib/python3.12/site-packages/airflow/example_dags/example_branch_day_of_week_operator.py
[2026-08-21T11:46:50.646+0000] {processor.py:925} INFO - DAG(s) 'example_weekday_branch_operator' retrieved from /home/airflow/.local/lib/python3.12/site-packages/airflow/example_dags/example_branch_day_of_week_operator.py
[2026-08-21T11:46:50.672+0000] {logging_mixin.py:190} INFO - [2026-08-21T11:46:50.671+0000] {dag.py:3239} INFO - Sync 1 DAGs
[2026-08-21T11:46:50.697+0000] {logging_mixin.py:190} INFO - [2026-08-21T11:46:50.697+0000] {dag.py:4180} INFO - Setting next_dagrun for example_weekday_branch_operator to 2026-08-20 00:00:00+00:00, run_after=2026-08-21 00:00:00+00:00
[2026-08-21T11:46:50.720+0000] {processor.py:208} INFO - Processing /home/airflow/.local/lib/python3.12/site-packages/airflow/example_dags/example_branch_day_of_week_operator.py took 0.094 seconds
