[2026-08-21T11:40:48.153+0000] {processor.py:186} INFO - Started process (PID=79) to work on /home/airflow/.local/lib/python3.12/site-packages/airflow/example_dags/example_dataset_alias_with_no_taskflow.py
[2026-08-21T11:40:48.154+0000] {processor.py:914} INFO - Processing file /home/airflow/.local/lib/python3.12/site-packages/airflow/example_dags/example_dataset_alias_with_no_taskflow.py for tasks to queue
[2026-08-21T11:40:48.157+0000] {logging_mixin.py:190} INFO - [2026-08-21T11:40:48.157+0000] {dagbag.py:588} INFO - Filling up the DagBag from /home/airflow/.local/lib/python3.12/site-packages/airflow/example_dags/example_dataset_alias_with_no_taskflow.py
[2026-08-21T11:40:54.606+0000] {processor.py:925} INFO - DAG(s) 'dataset_alias_example_alias_consumer_with_no_taskflow', 'dataset_s3_bucket_producer_with_no_taskflow', 'dataset_s3_bucket_consumer_with_no_taskflow', 'dataset_alias_example_alias_producer_with_no_taskflow' retrieved from /home/airflow/.local/lib/python3.12/site-packages/airflow/example_dags/example_dataset_alias_with_no_taskflow.py
[2026-08-21T11:40:54.685+0000] {logging_mixin.py:190} INFO - [2026-08-21T11:40:54.684+0000] {override.py:1932} INFO - Created Permission View: can read on DAG:dataset_alias_example_alias_consumer_with_no_taskflow
[2026-08-21T11:40:54.697+0000] {logging_mixin.py:190} INFO - [2026-08-21T11:40:54.697+0000] {override.py:1932} INFO - Created Permission View: can edit on DAG:dataset_alias_example_alias_consumer_with_no_taskflow
[2026-08-21T11:40:54.705+0000] {logging_mixin.py:190} INFO - [2026-08-21T11:40:54.704+0000] {override.py:1932} INFO - Created Permission View: can delete on DAG:dataset_alias_example_alias_consumer_with_no_taskflow
[2026-08-21T11:40:54.717+0000] {logging_mixin.py:190} INFO - [2026-08-21T11:40:54.716+0000] {override.py:1932} INFO - Created Permission View: menu access on DAG Run:dataset_alias_example_alias_consumer_with_no_taskflow
[2026-08-21T11:40:54.725+0000] {logging_mixin.py:190} INFO - [2026-08-21T11:40:54.725+0000] {override.py:1932} INFO - Created Permission View: can read on DAG Run:dataset_alias_example_alias_consumer_with_no_taskflow
[2026-08-21T11:40:54.732+0000] {logging_mixin.py:190} INFO - [2026-08-21T11:40:54.732+0000] {override.py:1932} INFO - Created Permission View: can create on DAG Run:dataset_alias_example_alias_consumer_with_no_taskflow
[2026-08-21T11:40:54.741+0000] {logging_mixin.py:190} INFO - [2026-08-21T11:40:54.740+0000] {override.py:1932} INFO - Created Permission View: can delete on DAG Run:dataset_alias_example_alias_consumer_with_no_taskflow
[2026-08-21T11:40:54.759+0000] {logging_mixin.py:190} INFO - [2026-08-21T11:40:54.758+0000] {override.py:1932} INFO - Created Permission View: can read on DAG:dataset_s3_bucket_producer_with_no_taskflow
[2026-08-21T11:40:54.766+0000] {logging_mixin.py:190} INFO - [2026-08-21T11:40:54.766+0000] {override.py:1932} INFO - Created Permission View: can edit on DAG:dataset_s3_bucket_producer_with_no_taskflow
[2026-08-21T11:40:54.775+0000] {logging_mixin.py:190} INFO - [2026-08-21T11:40:54.774+0000] {override.py:1932} INFO - Created Permission View: can delete on DAG:dataset_s3_bucket_producer_with_no_taskflow
[2026-08-21T11:40:54.785+0000] {logging_mixin.py:190} INFO - [2026-08-21T11:40:54.784+0000] {override.py:1932} INFO - Created Permission View: menu access on DAG Run:dataset_s3_bucket_producer_with_no_taskflow
[2026-08-21T11:40:54.793+0000] {logging_mixin.py:190} INFO - [2026-08-21T11:40:54.793+0000] {override.py:1932} INFO - Created Permission View: can read on DAG Run:dataset_s3_bucket_producer_with_no_taskflow
[2026-08-21T11:40:54.802+0000] {logging_mixin.py:190} INFO - [2026-08-21T11:40:54.801+0000] {override.py:1932} INFO - Created Permission View: can create on DAG Run:dataset_s3_bucket_producer_with_no_taskflow
[2026-08-21T11:40:54.808+0000] {logging_mixin.py:190} INFO - [2026-08-21T11:40:54.808+0000] {override.py:1932} INFO - Created Permission View: can delete on DAG Run:dataset_s3_bucket_producer_with_no_taskflow
[2026-08-21T11:40:54.823+0000] {logging_mixin.py:190} INFO - [2026-08-21T11:40:54.823+0000] {override.py:1932} INFO - Created Permission View: can read on DAG:dataset_s3_bucket_consumer_with_no_taskflow
[2026-08-21T11:40:54.830+0000] {logging_mixin.py:190} INFO - [2026-08-21T11:40:54.830+0000] {override.py:1932} INFO - Created Permission View: can edit on DAG:dataset_s3_bucket_consumer_with_no_taskflow
[2026-08-21T11:40:54.838+0000] {logging_mixin.py:190} INFO - [2026-08-21T11:40:54.838+0000] {override.py:1932} INFO - Created Permission View: can delete on DAG:dataset_s3_bucket_consumer_with_no_taskflow
[2026-08-21T11:40:54.848+0000] {logging_mixin.py:190} INFO - [2026-08-21T11:40:54.847+0000] {override.py:1932} INFO - Created Permission View: menu access on DAG Run:dataset_s3_bucket_consumer_with_no_taskflow
[2026-08-21T11:40:54.859+0000] {logging_mixin.py:190} INFO - [2026-08-21T11:40:54.858+0000] {override.py:1932} INFO - Created Permission View: can read on DAG Run:dataset_s3_bucket_consumer_with_no_taskflow
[2026-08-21T11:40:54.866+0000] {logging_mixin.py:190} INFO - [2026-08-21T11:40:54.865+0000] {override.py:1932} INFO - Created Permission View: can create on DAG Run:dataset_s3_bucket_consumer_with_no_taskflow
[2026-08-21T11:40:54.872+0000] {logging_mixin.py:190} INFO - [2026-08-21T11:40:54.872+0000] {override.py:1932} INFO - Created Permission View: can delete on DAG Run:dataset_s3_bucket_consumer_with_no_taskflow
[2026-08-21T11:40:54.888+0000] {logging_mixin.py:190} INFO - [2026-08-21T11:40:54.888+0000] {override.py:1932} INFO - Created Permission View: can read on DAG:dataset_alias_example_alias_producer_with_no_taskflow
[2026-08-21T11:40:54.894+0000] {logging_mixin.py:190} INFO - [2026-08-21T11:40:54.894+0000] {override.py:1932} INFO - Created Permission View: can edit on DAG:dataset_alias_example_alias_producer_with_no_taskflow
[2026-08-21T11:40:54.901+0000] {logging_mixin.py:190} INFO - [2026-08-21T11:40:54.901+0000] {override.py:1932} INFO - Created Permission View: can delete on DAG:dataset_alias_example_alias_producer_with_no_taskflow
[2026-08-21T11:40:54.912+0000] {logging_mixin.py:190} INFO - [2026-08-21T11:40:54.912+0000] {override.py:1932} INFO - Created Permission View: menu access on DAG Run:dataset_alias_example_alias_producer_with_no_taskflow
[2026-08-21T11:40:54.924+0000] {logging_mixin.py:190} INFO - [2026-08-21T11:40:54.924+0000] {override.py:1932} INFO - Created Permission View: can read on DAG Run:dataset_alias_example_alias_producer_with_no_taskflow
[2026-08-21T11:40:54.932+0000] {logging_mixin.py:190} INFO - [2026-08-21T11:40:54.932+0000] {override.py:1932} INFO - Created Permission View: can create on DAG Run:dataset_alias_example_alias_producer_with_no_taskflow
[2026-08-21T11:40:54.938+0000] {logging_mixin.py:190} INFO - [2026-08-21T11:40:54.938+0000] {override.py:1932} INFO - Created Permission View: can delete on DAG Run:dataset_alias_example_alias_producer_with_no_taskflow
[2026-08-21T11:40:54.939+0000] {logging_mixin.py:190} INFO - [2026-08-21T11:40:54.938+0000] {dag.py:3239} INFO - Sync 4 DAGs
[2026-08-21T11:40:54.956+0000] {logging_mixin.py:190} INFO - [2026-08-21T11:40:54.954+0000] {dag.py:3262} INFO - Creating ORM DAG for dataset_s3_bucket_consumer_with_no_taskflow
[2026-08-21T11:40:54.956+0000] {logging_mixin.py:190} INFO - [2026-08-21T11:40:54.956+0000] {dag.py:3262} INFO - Creating ORM DAG for dataset_s3_bucket_producer_with_no_taskflow
[2026-08-21T11:40:54.957+0000] {logging_mixin.py:190} INFO - [2026-08-21T11:40:54.957+0000] {dag.py:3262} INFO - Creating ORM DAG for dataset_alias_example_alias_producer_with_no_taskflow
[2026-08-21T11:40:54.958+0000] {logging_mixin.py:190} INFO - [2026-08-21T11:40:54.957+0000] {dag.py:3262} INFO - Creating ORM DAG for dataset_alias_example_alias_consumer_with_no_taskflow
[2026-08-21T11:40:54.965+0000] {logging_mixin.py:190} INFO - [2026-08-21T11:40:54.965+0000] {dag.py:4180} INFO - Setting next_dagrun for dataset_alias_example_alias_consumer_with_no_taskflow to None, run_after=None
[2026-08-21T11:40:54.966+0000] {logging_mixin.py:190} INFO - [2026-08-21T11:40:54.966+0000] {dag.py:4180} INFO - Setting next_dagrun for dataset_alias_example_alias_producer_with_no_taskflow to None, run_after=None
[2026-08-21T11:40:54.966+0000] {logging_mixin.py:190} INFO - [2026-08-21T11:40:54.966+0000] {dag.py:4180} INFO - Setting next_dagrun for dataset_s3_bucket_consumer_with_no_taskflow to None, run_after=None
[2026-08-21T11:40:54.967+0000] {logging_mixin.py:190} INFO - [2026-08-21T11:40:54.967+0000] {dag.py:4180} INFO - Setting next_dagrun for dataset_s3_bucket_producer_with_no_taskflow to None, run_after=None
[2026-08-21T11:40:54.995+0000] {processor.py:208} INFO - Processing /home/airflow/.local/lib/python3.12/site-packages/airflow/example_dags/example_dataset_alias_with_no_taskflow.py took 6.848 seconds
[2026-08-21T11:41:25.597+0000] {processor.py:186} INFO - Started process (PID=145) to work on /home/airflow/.local/lib/python3.12/site-packages/airflow/example_dags/example_dataset_alias_with_no_taskflow.py
[2026-08-21T11:41:25.598+0000] {processor.py:914} INFO - Processing file /home/airflow/.local/lib/python3.12/site-packages/airflow/example_dags/example_dataset_alias_with_no_taskflow.py for tasks to queue
[2026-08-21T11:41:25.602+0000] {logging_mixin.py:190} INFO - [2026-08-21T11:41:25.601+0000] {dagbag.py:588} INFO - Filling up the DagBag from /home/airflow/.local/lib/python3.12/site-packages/airflow/example_dags/example_dataset_alias_with_no_taskflow.py
[2026-08-21T11:41:29.756+0000] {processor.py:925} INFO - DAG(s) 'dataset_s3_bucket_consumer_with_no_taskflow', 'dataset_alias_example_alias_consumer_with_no_taskflow', 'dataset_s3_bucket_producer_with_no_taskflow', 'dataset_alias_example_alias_producer_with_no_taskflow' retrieved from /home/airflow/.local/lib/python3.12/site-packages/airflow/example_dags/example_dataset_alias_with_no_taskflow.py
[2026-08-21T11:41:29.773+0000] {logging_mixin.py:190} INFO - [2026-08-21T11:41:29.773+0000] {dag.py:3239} INFO - Sync 4 DAGs
[2026-08-21T11:41:29.791+0000] {logging_mixin.py:190} INFO - [2026-08-21T11:41:29.791+0000] {dag.py:4180} INFO - Setting next_dagrun for dataset_alias_example_alias_consumer_with_no_taskflow to None, run_after=None
[2026-08-21T11:41:29.793+0000] {logging_mixin.py:190} INFO - [2026-08-21T11:41:29.793+0000] {dag.py:4180} INFO - Setting next_dagrun for dataset_alias_example_alias_producer_with_no_taskflow to None, run_after=None
[2026-08-21T11:41:29.795+0000] {logging_mixin.py:190} INFO - [2026-08-21T11:41:29.794+0000] {dag.py:4180} INFO - Setting next_dagrun for dataset_s3_bucket_consumer_with_no_taskflow to None, run_after=None
[2026-08-21T11:41:29.797+0000] {logging_mixin.py:190} INFO - [2026-08-21T11:41:29.796+0000] {dag.py:4180} INFO - Setting next_dagrun for dataset_s3_bucket_producer_with_no_taskflow to None, run_after=None
[2026-08-21T11:41:29.823+0000] {processor.py:208} INFO - Processing /home/airflow/.local/lib/python3.12/site-packages/airflow/example_dags/example_dataset_alias_with_no_taskflow.py took 4.233 seconds
[2026-08-21T11:41:59.997+0000] {processor.py:186} INFO - Started process (PID=208) to work on /home/airflow/.local/lib/python3.12/site-packages/airflow/example_dags/example_dataset_alias_with_no_taskflow.py
[2026-08-21T11:42:00.005+0000] {processor.py:914} INFO - Processing file /home/airflow/.local/lib/python3.12/site-packages/airflow/example_dags/example_dataset_alias_with_no_taskflow.py for tasks to queue
[2026-08-21T11:42:00.008+0000] {logging_mixin.py:190} INFO - [2026-08-21T11:42:00.008+0000] {dagbag.py:588} INFO - Filling up the DagBag from /home/airflow/.local/lib/python3.12/site-packages/airflow/example_dags/example_dataset_alias_with_no_taskflow.py
[2026-08-21T11:42:04.556+0000] {processor.py:925} INFO - DAG(s) 'dataset_s3_bucket_consumer_with_no_taskflow', 'dataset_alias_example_alias_consumer_with_no_taskflow', 'dataset_alias_example_alias_producer_with_no_taskflow', 'dataset_s3_bucket_producer_with_no_taskflow' retrieved from /home/airflow/.local/lib/python3.12/site-packages/airflow/example_dags/example_dataset_alias_with_no_taskflow.py
[2026-08-21T11:42:04.580+0000] {logging_mixin.py:190} INFO - [2026-08-21T11:42:04.579+0000] {dag.py:3239} INFO - Sync 4 DAGs
[2026-08-21T11:42:04.606+0000] {logging_mixin.py:190} INFO - [2026-08-21T11:42:04.606+0000] {dag.py:4180} INFO - Setting next_dagrun for dataset_alias_example_alias_consumer_with_no_taskflow to None, run_after=None
[2026-08-21T11:42:04.610+0000] {logging_mixin.py:190} INFO - [2026-08-21T11:42:04.609+0000] {dag.py:4180} INFO - Setting next_dagrun for dataset_alias_example_alias_producer_with_no_taskflow to None, run_after=None
[2026-08-21T11:42:04.612+0000] {logging_mixin.py:190} INFO - [2026-08-21T11:42:04.611+0000] {dag.py:4180} INFO - Setting next_dagrun for dataset_s3_bucket_consumer_with_no_taskflow to None, run_after=None
[2026-08-21T11:42:04.614+0000] {logging_mixin.py:190} INFO - [2026-08-21T11:42:04.614+0000] {dag.py:4180} INFO - Setting next_dagrun for dataset_s3_bucket_producer_with_no_taskflow to None, run_after=None
[2026-08-21T11:42:04.653+0000] {processor.py:208} INFO - Processing /home/airflow/.local/lib/python3.12/site-packages/airflow/example_dags/example_dataset_alias_with_no_taskflow.py took 4.661 seconds
[2026-08-21T11:42:35.392+0000] {processor.py:186} INFO - Started process (PID=271) to work on /home/airflow/.local/lib/python3.12/site-packages/airflow/example_dags/example_dataset_alias_with_no_taskflow.py
[2026-08-21T11:42:35.393+0000] {processor.py:914} INFO - Processing file /home/airflow/.local/lib/python3.12/site-packages/airflow/example_dags/example_dataset_alias_with_no_taskflow.py for tasks to queue
[2026-08-21T11:42:35.396+0000] {logging_mixin.py:190} INFO - [2026-08-21T11:42:35.395+0000] {dagbag.py:588} INFO - Filling up the DagBag from /home/airflow/.local/lib/python3.12/site-packages/airflow/example_dags/example_dataset_alias_with_no_taskflow.py
[2026-08-21T11:42:40.164+0000] {processor.py:925} INFO - DAG(s) 'dataset_alias_example_alias_consumer_with_no_taskflow', 'dataset_alias_example_alias_producer_with_no_taskflow', 'dataset_s3_bucket_consumer_with_no_taskflow', 'dataset_s3_bucket_producer_with_no_taskflow' retrieved from /home/airflow/.local/lib/python3.12/site-packages/airflow/example_dags/example_dataset_alias_with_no_taskflow.py
[2026-08-21T11:42:40.189+0000] {logging_mixin.py:190} INFO - [2026-08-21T11:42:40.188+0000] {dag.py:3239} INFO - Sync 4 DAGs
[2026-08-21T11:42:40.211+0000] {logging_mixin.py:190} INFO - [2026-08-21T11:42:40.211+0000] {dag.py:4180} INFO - Setting next_dagrun for dataset_alias_example_alias_consumer_with_no_taskflow to None, run_after=None
[2026-08-21T11:42:40.215+0000] {logging_mixin.py:190} INFO - [2026-08-21T11:42:40.215+0000] {dag.py:4180} INFO - Setting next_dagrun for dataset_alias_example_alias_producer_with_no_taskflow to None, run_after=None
[2026-08-21T11:42:40.217+0000] {logging_mixin.py:190} INFO - [2026-08-21T11:42:40.217+0000] {dag.py:4180} INFO - Setting next_dagrun for dataset_s3_bucket_consumer_with_no_taskflow to None, run_after=None
[2026-08-21T11:42:40.219+0000] {logging_mixin.py:190} INFO - [2026-08-21T11:42:40.219+0000] {dag.py:4180} INFO - Setting next_dagrun for dataset_s3_bucket_producer_with_no_taskflow to None, run_after=None
[2026-08-21T11:42:40.253+0000] {processor.py:208} INFO - Processing /home/airflow/.local/lib/python3.12/site-packages/airflow/example_dags/example_dataset_alias_with_no_taskflow.py took 4.865 seconds
[2026-08-21T11:43:10.532+0000] {processor.py:186} INFO - Started process (PID=334) to work on /home/airflow/.local/lib/python3.12/site-packages/airflow/example_dags/example_dataset_alias_with_no_taskflow.py
[2026-08-21T11:43:10.533+0000] {processor.py:914} INFO - Processing file /home/airflow/.local/lib/python3.12/site-packages/airflow/example_dags/example_dataset_alias_with_no_taskflow.py for tasks to queue
[2026-08-21T11:43:10.535+0000] {logging_mixin.py:190} INFO - [2026-08-21T11:43:10.535+0000] {dagbag.py:588} INFO - Filling up the DagBag from /home/airflow/.local/lib/python3.12/site-packages/airflow/example_dags/example_dataset_alias_with_no_taskflow.py
[2026-08-21T11:43:15.506+0000] {processor.py:925} INFO - DAG(s) 'dataset_s3_bucket_producer_with_no_taskflow', 'dataset_alias_example_alias_consumer_with_no_taskflow', 'dataset_alias_example_alias_producer_with_no_taskflow', 'dataset_s3_bucket_consumer_with_no_taskflow' retrieved from /home/airflow/.local/lib/python3.12/site-packages/airflow/example_dags/example_dataset_alias_with_no_taskflow.py
[2026-08-21T11:43:15.527+0000] {logging_mixin.py:190} INFO - [2026-08-21T11:43:15.526+0000] {dag.py:3239} INFO - Sync 4 DAGs
[2026-08-21T11:43:15.551+0000] {logging_mixin.py:190} INFO - [2026-08-21T11:43:15.551+0000] {dag.py:4180} INFO - Setting next_dagrun for dataset_alias_example_alias_consumer_with_no_taskflow to None, run_after=None
[2026-08-21T11:43:15.554+0000] {logging_mixin.py:190} INFO - [2026-08-21T11:43:15.554+0000] {dag.py:4180} INFO - Setting next_dagrun for dataset_alias_example_alias_producer_with_no_taskflow to None, run_after=None
[2026-08-21T11:43:15.555+0000] {logging_mixin.py:190} INFO - [2026-08-21T11:43:15.555+0000] {dag.py:4180} INFO - Setting next_dagrun for dataset_s3_bucket_consumer_with_no_taskflow to None, run_after=None
[2026-08-21T11:43:15.557+0000] {logging_mixin.py:190} INFO - [2026-08-21T11:43:15.557+0000] {dag.py:4180} INFO - Setting next_dagrun for dataset_s3_bucket_producer_with_no_taskflow to None, run_after=None
[2026-08-21T11:43:15.582+0000] {processor.py:208} INFO - Processing /home/airflow/.local/lib/python3.12/site-packages/airflow/example_dags/example_dataset_alias_with_no_taskflow.py took 5.057 seconds
[2026-08-21T11:43:45.744+0000] {processor.py:186} INFO - Started process (PID=397) to work on /home/airflow/.local/lib/python3.12/site-packages/airflow/example_dags/example_dataset_alias_with_no_taskflow.py
[2026-08-21T11:43:45.752+0000] {processor.py:914} INFO - Processing file /home/airflow/.local/lib/python3.12/site-packages/airflow/example_dags/example_dataset_alias_with_no_taskflow.py for tasks to queue
[2026-08-21T11:43:45.755+0000] {logging_mixin.py:190} INFO - [2026-08-21T11:43:45.754+0000] {dagbag.py:588} INFO - Filling up the DagBag from /home/airflow/.local/lib/python3.12/site-packages/airflow/example_dags/example_dataset_alias_with_no_taskflow.py
[2026-08-21T11:43:50.196+0000] {processor.py:925} INFO - DAG(s) 'dataset_s3_bucket_consumer_with_no_taskflow', 'dataset_alias_example_alias_producer_with_no_taskflow', 'dataset_s3_bucket_producer_with_no_taskflow', 'dataset_alias_example_alias_consumer_with_no_taskflow' retrieved from /home/airflow/.local/lib/python3.12/site-packages/airflow/example_dags/example_dataset_alias_with_no_taskflow.py
[2026-08-21T11:43:50.217+0000] {logging_mixin.py:190} INFO - [2026-08-21T11:43:50.216+0000] {dag.py:3239} INFO - Sync 4 DAGs
[2026-08-21T11:43:50.238+0000] {logging_mixin.py:190} INFO - [2026-08-21T11:43:50.238+0000] {dag.py:4180} INFO - Setting next_dagrun for dataset_alias_example_alias_consumer_with_no_taskflow to None, run_after=None
[2026-08-21T11:43:50.241+0000] {logging_mixin.py:190} INFO - [2026-08-21T11:43:50.241+0000] {dag.py:4180} INFO - Setting next_dagrun for dataset_alias_example_alias_producer_with_no_taskflow to None, run_after=None
[2026-08-21T11:43:50.242+0000] {logging_mixin.py:190} INFO - [2026-08-21T11:43:50.242+0000] {dag.py:4180} INFO - Setting next_dagrun for dataset_s3_bucket_consumer_with_no_taskflow to None, run_after=None
[2026-08-21T11:43:50.243+0000] {logging_mixin.py:190} INFO - [2026-08-21T11:43:50.243+0000] {dag.py:4180} INFO - Setting next_dagrun for dataset_s3_bucket_producer_with_no_taskflow to None, run_after=None
[2026-08-21T11:43:50.265+0000] {processor.py:208} INFO - Processing /home/airflow/.local/lib/python3.12/site-packages/airflow/example_dags/example_dataset_alias_with_no_taskflow.py took 4.526 seconds
[2026-08-21T11:44:20.410+0000] {processor.py:186} INFO - Started process (PID=466) to work on /home/airflow/.local/lib/python3.12/site-packages/airflow/example_dags/example_dataset_alias_with_no_taskflow.py
[2026-08-21T11:44:20.411+0000] {processor.py:914} INFO - Processing file /home/airflow/.local/lib/python3.12/site-packages/airflow/example_dags/example_dataset_alias_with_no_taskflow.py for tasks to queue
[2026-08-21T11:44:20.414+0000] {logging_mixin.py:190} INFO - [2026-08-21T11:44:20.413+0000] {dagbag.py:588} INFO - Filling up the DagBag from /home/airflow/.local/lib/python3.12/site-packages/airflow/example_dags/example_dataset_alias_with_no_taskflow.py
[2026-08-21T11:44:24.705+0000] {processor.py:925} INFO - DAG(s) 'dataset_s3_bucket_producer_with_no_taskflow', 'dataset_alias_example_alias_consumer_with_no_taskflow', 'dataset_alias_example_alias_producer_with_no_taskflow', 'dataset_s3_bucket_consumer_with_no_taskflow' retrieved from /home/airflow/.local/lib/python3.12/site-packages/airflow/example_dags/example_dataset_alias_with_no_taskflow.py
[2026-08-21T11:44:24.727+0000] {logging_mixin.py:190} INFO - [2026-08-21T11:44:24.727+0000] {dag.py:3239} INFO - Sync 4 DAGs
[2026-08-21T11:44:24.749+0000] {logging_mixin.py:190} INFO - [2026-08-21T11:44:24.749+0000] {dag.py:4180} INFO - Setting next_dagrun for dataset_alias_example_alias_consumer_with_no_taskflow to None, run_after=None
[2026-08-21T11:44:24.752+0000] {logging_mixin.py:190} INFO - [2026-08-21T11:44:24.751+0000] {dag.py:4180} INFO - Setting next_dagrun for dataset_alias_example_alias_producer_with_no_taskflow to None, run_after=None
[2026-08-21T11:44:24.753+0000] {logging_mixin.py:190} INFO - [2026-08-21T11:44:24.753+0000] {dag.py:4180} INFO - Setting next_dagrun for dataset_s3_bucket_consumer_with_no_taskflow to None, run_after=None
[2026-08-21T11:44:24.754+0000] {logging_mixin.py:190} INFO - [2026-08-21T11:44:24.754+0000] {dag.py:4180} INFO - Setting next_dagrun for dataset_s3_bucket_producer_with_no_taskflow to None, run_after=None
[2026-08-21T11:44:24.783+0000] {processor.py:208} INFO - Processing /home/airflow/.local/lib/python3.12/site-packages/airflow/example_dags/example_dataset_alias_with_no_taskflow.py took 4.378 seconds
[2026-08-21T11:44:55.416+0000] {processor.py:186} INFO - Started process (PID=529) to work on /home/airflow/.local/lib/python3.12/site-packages/airflow/example_dags/example_dataset_alias_with_no_taskflow.py
[2026-08-21T11:44:55.424+0000] {processor.py:914} INFO - Processing file /home/airflow/.local/lib/python3.12/site-packages/airflow/example_dags/example_dataset_alias_with_no_taskflow.py for tasks to queue
[2026-08-21T11:44:55.428+0000] {logging_mixin.py:190} INFO - [2026-08-21T11:44:55.427+0000] {dagbag.py:588} INFO - Filling up the DagBag from /home/airflow/.local/lib/python3.12/site-packages/airflow/example_dags/example_dataset_alias_with_no_taskflow.py
[2026-08-21T11:45:00.683+0000] {processor.py:925} INFO - DAG(s) 'dataset_s3_bucket_consumer_with_no_taskflow', 'dataset_s3_bucket_producer_with_no_taskflow', 'dataset_alias_example_alias_consumer_with_no_taskflow', 'dataset_alias_example_alias_producer_with_no_taskflow' retrieved from /home/airflow/.local/lib/python3.12/site-packages/airflow/example_dags/example_dataset_alias_with_no_taskflow.py
[2026-08-21T11:45:00.717+0000] {logging_mixin.py:190} INFO - [2026-08-21T11:45:00.715+0000] {dag.py:3239} INFO - Sync 4 DAGs
[2026-08-21T11:45:01.055+0000] {logging_mixin.py:190} INFO - [2026-08-21T11:45:01.055+0000] {dag.py:4180} INFO - Setting next_dagrun for dataset_alias_example_alias_consumer_with_no_taskflow to None, run_after=None
[2026-08-21T11:45:01.059+0000] {logging_mixin.py:190} INFO - [2026-08-21T11:45:01.059+0000] {dag.py:4180} INFO - Setting next_dagrun for dataset_alias_example_alias_producer_with_no_taskflow to None, run_after=None
[2026-08-21T11:45:01.061+0000] {logging_mixin.py:190} INFO - [2026-08-21T11:45:01.061+0000] {dag.py:4180} INFO - Setting next_dagrun for dataset_s3_bucket_consumer_with_no_taskflow to None, run_after=None
[2026-08-21T11:45:01.065+0000] {logging_mixin.py:190} INFO - [2026-08-21T11:45:01.064+0000] {dag.py:4180} INFO - Setting next_dagrun for dataset_s3_bucket_producer_with_no_taskflow to None, run_after=None
[2026-08-21T11:45:01.100+0000] {processor.py:208} INFO - Processing /home/airflow/.local/lib/python3.12/site-packages/airflow/example_dags/example_dataset_alias_with_no_taskflow.py took 5.693 seconds
[2026-08-21T11:45:31.227+0000] {processor.py:186} INFO - Started process (PID=592) to work on /home/airflow/.local/lib/python3.12/site-packages/airflow/example_dags/example_dataset_alias_with_no_taskflow.py
[2026-08-21T11:45:31.228+0000] {processor.py:914} INFO - Processing file /home/airflow/.local/lib/python3.12/site-packages/airflow/example_dags/example_dataset_alias_with_no_taskflow.py for tasks to queue
[2026-08-21T11:45:31.231+0000] {logging_mixin.py:190} INFO - [2026-08-21T11:45:31.231+0000] {dagbag.py:588} INFO - Filling up the DagBag from /home/airflow/.local/lib/python3.12/site-packages/airflow/example_dags/example_dataset_alias_with_no_taskflow.py
[2026-08-21T11:45:36.728+0000] {processor.py:925} INFO - DAG(s) 'dataset_alias_example_alias_consumer_with_no_taskflow', 'dataset_s3_bucket_producer_with_no_taskflow', 'dataset_alias_example_alias_producer_with_no_taskflow', 'dataset_s3_bucket_consumer_with_no_taskflow' retrieved from /home/airflow/.local/lib/python3.12/site-packages/airflow/example_dags/example_dataset_alias_with_no_taskflow.py
[2026-08-21T11:45:36.751+0000] {logging_mixin.py:190} INFO - [2026-08-21T11:45:36.750+0000] {dag.py:3239} INFO - Sync 4 DAGs
[2026-08-21T11:45:36.775+0000] {logging_mixin.py:190} INFO - [2026-08-21T11:45:36.775+0000] {dag.py:4180} INFO - Setting next_dagrun for dataset_alias_example_alias_consumer_with_no_taskflow to None, run_after=None
[2026-08-21T11:45:36.779+0000] {logging_mixin.py:190} INFO - [2026-08-21T11:45:36.778+0000] {dag.py:4180} INFO - Setting next_dagrun for dataset_alias_example_alias_producer_with_no_taskflow to None, run_after=None
[2026-08-21T11:45:36.780+0000] {logging_mixin.py:190} INFO - [2026-08-21T11:45:36.780+0000] {dag.py:4180} INFO - Setting next_dagrun for dataset_s3_bucket_consumer_with_no_taskflow to None, run_after=None
[2026-08-21T11:45:36.782+0000] {logging_mixin.py:190} INFO - [2026-08-21T11:45:36.782+0000] {dag.py:4180} INFO - Setting next_dagrun for dataset_s3_bucket_producer_with_no_taskflow to None, run_after=None
[2026-08-21T11:45:36.816+0000] {processor.py:208} INFO - Processing /home/airflow/.local/lib/python3.12/site-packages/airflow/example_dags/example_dataset_alias_with_no_taskflow.py took 5.600 seconds
[2026-08-21T11:46:07.789+0000] {processor.py:186} INFO - Started process (PID=658) to work on /home/airflow/.local/lib/python3.12/site-packages/airflow/example_dags/example_dataset_alias_with_no_taskflow.py
[2026-08-21T11:46:07.789+0000] {processor.py:914} INFO - Processing file /home/airflow/.local/lib/python3.12/site-packages/airflow/example_dags/example_dataset_alias_with_no_taskflow.py for tasks to queue
[2026-08-21T11:46:07.791+0000] {logging_mixin.py:190} INFO - [2026-08-21T11:46:07.791+0000] {dagbag.py:588} INFO - Filling up the DagBag from /home/airflow/.local/lib/python3.12/site-packages/airflow/example_dags/example_dataset_alias_with_no_taskflow.py
[2026-08-21T11:46:12.180+0000] {processor.py:925} INFO - DAG(s) 'dataset_s3_bucket_consumer_with_no_taskflow', 'dataset_s3_bucket_producer_with_no_taskflow', 'dataset_alias_example_alias_producer_with_no_taskflow', 'dataset_alias_example_alias_consumer_with_no_taskflow' retrieved from /home/airflow/.local/lib/python3.12/site-packages/airflow/example_dags/example_dataset_alias_with_no_taskflow.py
[2026-08-21T11:46:12.202+0000] {logging_mixin.py:190} INFO - [2026-08-21T11:46:12.201+0000] {dag.py:3239} INFO - Sync 4 DAGs
[2026-08-21T11:46:12.221+0000] {logging_mixin.py:190} INFO - [2026-08-21T11:46:12.221+0000] {dag.py:4180} INFO - Setting next_dagrun for dataset_alias_example_alias_consumer_with_no_taskflow to None, run_after=None
[2026-08-21T11:46:12.223+0000] {logging_mixin.py:190} INFO - [2026-08-21T11:46:12.223+0000] {dag.py:4180} INFO - Setting next_dagrun for dataset_alias_example_alias_producer_with_no_taskflow to None, run_after=None
[2026-08-21T11:46:12.224+0000] {logging_mixin.py:190} INFO - [2026-08-21T11:46:12.224+0000] {dag.py:4180} INFO - Setting next_dagrun for dataset_s3_bucket_consumer_with_no_taskflow to None, run_after=None
[2026-08-21T11:46:12.226+0000] {logging_mixin.py:190} INFO - [2026-08-21T11:46:12.226+0000] {dag.py:4180} INFO - Setting next_dagrun for dataset_s3_bucket_producer_with_no_taskflow to None, run_after=None
[2026-08-21T11:46:12.255+0000] {processor.py:208} INFO - Processing /home/airflow/.local/lib/python3.12/site-packages/airflow/example_dags/example_dataset_alias_with_no_taskflow.py took 4.472 seconds
[2026-08-21T11:46:43.271+0000] {processor.py:186} INFO - Started process (PID=723) to work on /home/airflow/.local/lib/python3.12/site-packages/airflow/example_dags/example_dataset_alias_with_no_taskflow.py
[2026-08-21T11:46:43.279+0000] {processor.py:914} INFO - Processing file /home/airflow/.local/lib/python3.12/site-packages/airflow/example_dags/example_dataset_alias_with_no_taskflow.py for tasks to queue
[2026-08-21T11:46:43.281+0000] {logging_mixin.py:190} INFO - [2026-08-21T11:46:43.281+0000] {dagbag.py:588} INFO - Filling up the DagBag from /home/airflow/.local/lib/python3.12/site-packages/airflow/example_dags/example_dataset_alias_with_no_taskflow.py
[2026-08-21T11:46:47.843+0000] {processor.py:925} INFO - DAG(s) 'dataset_s3_bucket_producer_with_no_taskflow', 'dataset_s3_bucket_consumer_with_no_taskflow', 'dataset_alias_example_alias_producer_with_no_taskflow', 'dataset_alias_example_alias_consumer_with_no_taskflow' retrieved from /home/airflow/.local/lib/python3.12/site-packages/airflow/example_dags/example_dataset_alias_with_no_taskflow.py
[2026-08-21T11:46:47.864+0000] {logging_mixin.py:190} INFO - [2026-08-21T11:46:47.863+0000] {dag.py:3239} INFO - Sync 4 DAGs
[2026-08-21T11:46:47.887+0000] {logging_mixin.py:190} INFO - [2026-08-21T11:46:47.887+0000] {dag.py:4180} INFO - Setting next_dagrun for dataset_alias_example_alias_consumer_with_no_taskflow to None, run_after=None
[2026-08-21T11:46:47.889+0000] {logging_mixin.py:190} INFO - [2026-08-21T11:46:47.889+0000] {dag.py:4180} INFO - Setting next_dagrun for dataset_alias_example_alias_producer_with_no_taskflow to None, run_after=None
[2026-08-21T11:46:47.891+0000] {logging_mixin.py:190} INFO - [2026-08-21T11:46:47.890+0000] {dag.py:4180} INFO - Setting next_dagrun for dataset_s3_bucket_consumer_with_no_taskflow to None, run_after=None
[2026-08-21T11:46:47.892+0000] {logging_mixin.py:190} INFO - [2026-08-21T11:46:47.892+0000] {dag.py:4180} INFO - Setting next_dagrun for dataset_s3_bucket_producer_with_no_taskflow to None, run_after=None
[2026-08-21T11:46:47.921+0000] {processor.py:208} INFO - Processing /home/airflow/.local/lib/python3.12/site-packages/airflow/example_dags/example_dataset_alias_with_no_taskflow.py took 4.656 seconds
[2026-08-21T11:47:18.086+0000] {processor.py:186} INFO - Started process (PID=793) to work on /home/airflow/.local/lib/python3.12/site-packages/airflow/example_dags/example_dataset_alias_with_no_taskflow.py
[2026-08-21T11:47:18.087+0000] {processor.py:914} INFO - Processing file /home/airflow/.local/lib/python3.12/site-packages/airflow/example_dags/example_dataset_alias_with_no_taskflow.py for tasks to queue
[2026-08-21T11:47:18.090+0000] {logging_mixin.py:190} INFO - [2026-08-21T11:47:18.090+0000] {dagbag.py:588} INFO - Filling up the DagBag from /home/airflow/.local/lib/python3.12/site-packages/airflow/example_dags/example_dataset_alias_with_no_taskflow.py
