[2026-08-21T11:40:55.742+0000] {processor.py:186} INFO - Started process (PID=88) to work on /home/airflow/.local/lib/python3.12/site-packages/airflow/example_dags/example_setup_teardown.py
[2026-08-21T11:40:55.743+0000] {processor.py:914} INFO - Processing file /home/airflow/.local/lib/python3.12/site-packages/airflow/example_dags/example_setup_teardown.py for tasks to queue
[2026-08-21T11:40:55.746+0000] {logging_mixin.py:190} INFO - [2026-08-21T11:40:55.746+0000] {dagbag.py:588} INFO - Filling up the DagBag from /home/airflow/.local/lib/python3.12/site-packages/airflow/example_dags/example_setup_teardown.py
[2026-08-21T11:40:55.756+0000] {processor.py:925} INFO - DAG(s) 'example_setup_teardown' retrieved from /home/airflow/.local/lib/python3.12/site-packages/airflow/example_dags/example_setup_teardown.py
[2026-08-21T11:40:55.854+0000] {logging_mixin.py:190} INFO - [2026-08-21T11:40:55.853+0000] {override.py:1932} INFO - Created Permission View: can read on DAG:example_setup_teardown
[2026-08-21T11:40:55.868+0000] {logging_mixin.py:190} INFO - [2026-08-21T11:40:55.868+0000] {override.py:1932} INFO - Created Permission View: can edit on DAG:example_setup_teardown
[2026-08-21T11:40:55.877+0000] {logging_mixin.py:190} INFO - [2026-08-21T11:40:55.877+0000] {override.py:1932} INFO - Created Permission View: can delete on DAG:example_setup_teardown
[2026-08-21T11:40:55.889+0000] {logging_mixin.py:190} INFO - [2026-08-21T11:40:55.888+0000] {override.py:1932} INFO - Created Permission View: menu access on DAG Run:example_setup_teardown
[2026-08-21T11:40:55.896+0000] {logging_mixin.py:190} INFO - [2026-08-21T11:40:55.896+0000] {override.py:1932} INFO - Created Permission View: can read on DAG Run:example_setup_teardown
[2026-08-21T11:40:55.903+0000] {logging_mixin.py:190} INFO - [2026-08-21T11:40:55.903+0000] {override.py:1932} INFO - Created Permission View: can create on DAG Run:example_setup_teardown
[2026-08-21T11:40:55.910+0000] {logging_mixin.py:190} INFO - [2026-08-21T11:40:55.910+0000] {override.py:1932} INFO - Created Permission View: can delete on DAG Run:example_setup_teardown
[2026-08-21T11:40:55.911+0000] {logging_mixin.py:190} INFO - [2026-08-21T11:40:55.911+0000] {dag.py:3239} INFO - Sync 1 DAGs
[2026-08-21T11:40:55.925+0000] {logging_mixin.py:190} INFO - [2026-08-21T11:40:55.924+0000] {dag.py:3262} INFO - Creating ORM DAG for example_setup_teardown
[2026-08-21T11:40:55.925+0000] {logging_mixin.py:190} INFO - [2026-08-21T11:40:55.925+0000] {dag.py:4180} INFO - Setting next_dagrun for example_setup_teardown to None, run_after=None
[2026-08-21T11:40:55.942+0000] {processor.py:208} INFO - Processing /home/airflow/.local/lib/python3.12/site-packages/airflow/example_dags/example_setup_teardown.py took 0.204 seconds
[2026-08-21T11:41:30.126+0000] {processor.py:186} INFO - Started process (PID=151) to work on /home/airflow/.local/lib/python3.12/site-packages/airflow/example_dags/example_setup_teardown.py
[2026-08-21T11:41:30.127+0000] {processor.py:914} INFO - Processing file /home/airflow/.local/lib/python3.12/site-packages/airflow/example_dags/example_setup_teardown.py for tasks to queue
[2026-08-21T11:41:30.130+0000] {logging_mixin.py:190} INFO - [2026-08-21T11:41:30.130+0000] {dagbag.py:588} INFO - Filling up the DagBag from /home/airflow/.local/lib/python3.12/site-packages/airflow/example_dags/example_setup_teardown.py
[2026-08-21T11:41:30.138+0000] {processor.py:925} INFO - DAG(s) 'example_setup_teardown' retrieved from /home/airflow/.local/lib/python3.12/site-packages/airflow/example_dags/example_setup_teardown.py
[2026-08-21T11:41:30.159+0000] {logging_mixin.py:190} INFO - [2026-08-21T11:41:30.158+0000] {dag.py:3239} INFO - Sync 1 DAGs
[2026-08-21T11:41:30.172+0000] {logging_mixin.py:190} INFO - [2026-08-21T11:41:30.171+0000] {dag.py:4180} INFO - Setting next_dagrun for example_setup_teardown to None, run_after=None
[2026-08-21T11:41:30.194+0000] {processor.py:208} INFO - Processing /home/airflow/.local/lib/python3.12/site-packages/airflow/example_dags/example_setup_teardown.py took 0.073 seconds
[2026-08-21T11:42:05.059+0000] {processor.py:186} INFO - Started process (PID=214) to work on /home/airflow/.local/lib/python3.12/site-packages/airflow/example_dags/example_setup_teardown.py
[2026-08-21T11:42:05.060+0000] {processor.py:914} INFO - Processing file /home/airflow/.local/lib/python3.12/site-packages/airflow/example_dags/example_setup_teardown.py for tasks to queue
[2026-08-21T11:42:05.063+0000] {logging_mixin.py:190} INFO - [2026-08-21T11:42:05.063+0000] {dagbag.py:588} INFO - Filling up the DagBag from /home/airflow/.local/lib/python3.12/site-packages/airflow/example_dags/example_setup_teardown.py
[2026-08-21T11:42:05.070+0000] {processor.py:925} INFO - DAG(s) 'example_setup_teardown' retrieved from /home/airflow/.local/lib/python3.12/site-packages/airflow/example_dags/example_setup_teardown.py
[2026-08-21T11:42:05.093+0000] {logging_mixin.py:190} INFO - [2026-08-21T11:42:05.093+0000] {dag.py:3239} INFO - Sync 1 DAGs
[2026-08-21T11:42:05.110+0000] {logging_mixin.py:190} INFO - [2026-08-21T11:42:05.109+0000] {dag.py:4180} INFO - Setting next_dagrun for example_setup_teardown to None, run_after=None
[2026-08-21T11:42:05.134+0000] {processor.py:208} INFO - Processing /home/airflow/.local/lib/python3.12/site-packages/airflow/example_dags/example_setup_teardown.py took 0.081 seconds
[2026-08-21T11:42:40.576+0000] {processor.py:186} INFO - Started process (PID=277) to work on /home/airflow/.local/lib/python3.12/site-packages/airflow/example_dags/example_setup_teardown.py
[2026-08-21T11:42:40.576+0000] {processor.py:914} INFO - Processing file /home/airflow/.local/lib/python3.12/site-packages/airflow/example_dags/example_setup_teardown.py for tasks to queue
[2026-08-21T11:42:40.581+0000] {logging_mixin.py:190} INFO - [2026-08-21T11:42:40.580+0000] {dagbag.py:588} INFO - Filling up the DagBag from /home/airflow/.local/lib/python3.12/site-packages/airflow/example_dags/example_setup_teardown.py
[2026-08-21T11:42:40.590+0000] {processor.py:925} INFO - DAG(s) 'example_setup_teardown' retrieved from /home/airflow/.local/lib/python3.12/site-packages/airflow/example_dags/example_setup_teardown.py
[2026-08-21T11:42:40.610+0000] {logging_mixin.py:190} INFO - [2026-08-21T11:42:40.609+0000] {dag.py:3239} INFO - Sync 1 DAGs
[2026-08-21T11:42:40.629+0000] {logging_mixin.py:190} INFO - [2026-08-21T11:42:40.628+0000] {dag.py:4180} INFO - Setting next_dagrun for example_setup_teardown to None, run_after=None
[2026-08-21T11:42:40.650+0000] {processor.py:208} INFO - Processing /home/airflow/.local/lib/python3.12/site-packages/airflow/example_dags/example_setup_teardown.py took 0.079 seconds
[2026-08-21T11:43:15.857+0000] {processor.py:186} INFO - Started process (PID=340) to work on /home/airflow/.local/lib/python3.12/site-packages/airflow/example_dags/example_setup_teardown.py
[2026-08-21T11:43:15.858+0000] {processor.py:914} INFO - Processing file /home/airflow/.local/lib/python3.12/site-packages/airflow/example_dags/example_setup_teardown.py for tasks to queue
[2026-08-21T11:43:15.860+0000] {logging_mixin.py:190} INFO - [2026-08-21T11:43:15.860+0000] {dagbag.py:588} INFO - Filling up the DagBag from /home/airflow/.local/lib/python3.12/site-packages/airflow/example_dags/example_setup_teardown.py
[2026-08-21T11:43:15.869+0000] {processor.py:925} INFO - DAG(s) 'example_setup_teardown' retrieved from /home/airflow/.local/lib/python3.12/site-packages/airflow/example_dags/example_setup_teardown.py
[2026-08-21T11:43:15.889+0000] {logging_mixin.py:190} INFO - [2026-08-21T11:43:15.889+0000] {dag.py:3239} INFO - Sync 1 DAGs
[2026-08-21T11:43:15.908+0000] {logging_mixin.py:190} INFO - [2026-08-21T11:43:15.908+0000] {dag.py:4180} INFO - Setting next_dagrun for example_setup_teardown to None, run_after=None
[2026-08-21T11:43:15.931+0000] {processor.py:208} INFO - Processing /home/airflow/.local/lib/python3.12/site-packages/airflow/example_dags/example_setup_teardown.py took 0.079 seconds
[2026-08-21T11:43:50.561+0000] {processor.py:186} INFO - Started process (PID=409) to work on /home/airflow/.local/lib/python3.12/site-packages/airflow/example_dags/example_setup_teardown.py
[2026-08-21T11:43:50.562+0000] {processor.py:914} INFO - Processing file /home/airflow/.local/lib/python3.12/site-packages/airflow/example_dags/example_setup_teardown.py for tasks to queue
[2026-08-21T11:43:50.564+0000] {logging_mixin.py:190} INFO - [2026-08-21T11:43:50.564+0000] {dagbag.py:588} INFO - Filling up the DagBag from /home/airflow/.local/lib/python3.12/site-packages/airflow/example_dags/example_setup_teardown.py
[2026-08-21T11:43:50.572+0000] {processor.py:925} INFO - DAG(s) 'example_setup_teardown' retrieved from /home/airflow/.local/lib/python3.12/site-packages/airflow/example_dags/example_setup_teardown.py
[2026-08-21T11:43:50.592+0000] {logging_mixin.py:190} INFO - [2026-08-21T11:43:50.591+0000] {dag.py:3239} INFO - Sync 1 DAGs
[2026-08-21T11:43:50.605+0000] {logging_mixin.py:190} INFO - [2026-08-21T11:43:50.604+0000] {dag.py:4180} INFO - Setting next_dagrun for example_setup_teardown to None, run_after=None
[2026-08-21T11:43:50.623+0000] {processor.py:208} INFO - Processing /home/airflow/.local/lib/python3.12/site-packages/airflow/example_dags/example_setup_teardown.py took 0.068 seconds
[2026-08-21T11:44:25.285+0000] {processor.py:186} INFO - Started process (PID=472) to work on /home/airflow/.local/lib/python3.12/site-packages/airflow/example_dags/example_setup_teardown.py
[2026-08-21T11:44:25.286+0000] {processor.py:914} INFO - Processing file /home/airflow/.local/lib/python3.12/site-packages/airflow/example_dags/example_setup_teardown.py for tasks to queue
[2026-08-21T11:44:25.290+0000] {logging_mixin.py:190} INFO - [2026-08-21T11:44:25.289+0000] {dagbag.py:588} INFO - Filling up the DagBag from /home/airflow/.local/lib/python3.12/site-packages/airflow/example_dags/example_setup_teardown.py
[2026-08-21T11:44:25.297+0000] {processor.py:925} INFO - DAG(s) 'example_setup_teardown' retrieved from /home/airflow/.local/lib/python3.12/site-packages/airflow/example_dags/example_setup_teardown.py
[2026-08-21T11:44:25.318+0000] {logging_mixin.py:190} INFO - [2026-08-21T11:44:25.318+0000] {dag.py:3239} INFO - Sync 1 DAGs
[2026-08-21T11:44:25.334+0000] {logging_mixin.py:190} INFO - [2026-08-21T11:44:25.334+0000] {dag.py:4180} INFO - Setting next_dagrun for example_setup_teardown to None, run_after=None
[2026-08-21T11:44:25.359+0000] {processor.py:208} INFO - Processing /home/airflow/.local/lib/python3.12/site-packages/airflow/example_dags/example_setup_teardown.py took 0.083 seconds
[2026-08-21T11:45:01.289+0000] {processor.py:186} INFO - Started process (PID=535) to work on /home/airflow/.local/lib/python3.12/site-packages/airflow/example_dags/example_setup_teardown.py
[2026-08-21T11:45:01.290+0000] {processor.py:914} INFO - Processing file /home/airflow/.local/lib/python3.12/site-packages/airflow/example_dags/example_setup_teardown.py for tasks to queue
[2026-08-21T11:45:01.293+0000] {logging_mixin.py:190} INFO - [2026-08-21T11:45:01.293+0000] {dagbag.py:588} INFO - Filling up the DagBag from /home/airflow/.local/lib/python3.12/site-packages/airflow/example_dags/example_setup_teardown.py
[2026-08-21T11:45:01.305+0000] {processor.py:925} INFO - DAG(s) 'example_setup_teardown' retrieved from /home/airflow/.local/lib/python3.12/site-packages/airflow/example_dags/example_setup_teardown.py
[2026-08-21T11:45:01.328+0000] {logging_mixin.py:190} INFO - [2026-08-21T11:45:01.328+0000] {dag.py:3239} INFO - Sync 1 DAGs
[2026-08-21T11:45:01.347+0000] {logging_mixin.py:190} INFO - [2026-08-21T11:45:01.347+0000] {dag.py:4180} INFO - Setting next_dagrun for example_setup_teardown to None, run_after=None
[2026-08-21T11:45:01.369+0000] {processor.py:208} INFO - Processing /home/airflow/.local/lib/python3.12/site-packages/airflow/example_dags/example_setup_teardown.py took 0.085 seconds
[2026-08-21T11:45:37.710+0000] {processor.py:186} INFO - Started process (PID=604) to work on /home/airflow/.local/lib/python3.12/site-packages/airflow/example_dags/example_setup_teardown.py
[2026-08-21T11:45:37.711+0000] {processor.py:914} INFO - Processing file /home/airflow/.local/lib/python3.12/site-packages/airflow/example_dags/example_setup_teardown.py for tasks to queue
[2026-08-21T11:45:37.714+0000] {logging_mixin.py:190} INFO - [2026-08-21T11:45:37.713+0000] {dagbag.py:588} INFO - Filling up the DagBag from /home/airflow/.local/lib/python3.12/site-packages/airflow/example_dags/example_setup_teardown.py
[2026-08-21T11:45:37.730+0000] {processor.py:925} INFO - DAG(s) 'example_setup_teardown' retrieved from /home/airflow/.local/lib/python3.12/site-packages/airflow/example_dags/example_setup_teardown.py
[2026-08-21T11:45:37.756+0000] {logging_mixin.py:190} INFO - [2026-08-21T11:45:37.756+0000] {dag.py:3239} INFO - Sync 1 DAGs
[2026-08-21T11:45:37.774+0000] {logging_mixin.py:190} INFO - [2026-08-21T11:45:37.774+0000] {dag.py:4180} INFO - Setting next_dagrun for example_setup_teardown to None, run_after=None
[2026-08-21T11:45:37.798+0000] {processor.py:208} INFO - Processing /home/airflow/.local/lib/python3.12/site-packages/airflow/example_dags/example_setup_teardown.py took 0.097 seconds
[2026-08-21T11:46:12.689+0000] {processor.py:186} INFO - Started process (PID=667) to work on /home/airflow/.local/lib/python3.12/site-packages/airflow/example_dags/example_setup_teardown.py
[2026-08-21T11:46:12.689+0000] {processor.py:914} INFO - Processing file /home/airflow/.local/lib/python3.12/site-packages/airflow/example_dags/example_setup_teardown.py for tasks to queue
[2026-08-21T11:46:12.692+0000] {logging_mixin.py:190} INFO - [2026-08-21T11:46:12.691+0000] {dagbag.py:588} INFO - Filling up the DagBag from /home/airflow/.local/lib/python3.12/site-packages/airflow/example_dags/example_setup_teardown.py
[2026-08-21T11:46:12.702+0000] {processor.py:925} INFO - DAG(s) 'example_setup_teardown' retrieved from /home/airflow/.local/lib/python3.12/site-packages/airflow/example_dags/example_setup_teardown.py
[2026-08-21T11:46:12.722+0000] {logging_mixin.py:190} INFO - [2026-08-21T11:46:12.721+0000] {dag.py:3239} INFO - Sync 1 DAGs
[2026-08-21T11:46:12.738+0000] {logging_mixin.py:190} INFO - [2026-08-21T11:46:12.738+0000] {dag.py:4180} INFO - Setting next_dagrun for example_setup_teardown to None, run_after=None
[2026-08-21T11:46:12.756+0000] {processor.py:208} INFO - Processing /home/airflow/.local/lib/python3.12/site-packages/airflow/example_dags/example_setup_teardown.py took 0.073 seconds
[2026-08-21T11:46:48.353+0000] {processor.py:186} INFO - Started process (PID=736) to work on /home/airflow/.local/lib/python3.12/site-packages/airflow/example_dags/example_setup_teardown.py
[2026-08-21T11:46:48.354+0000] {processor.py:914} INFO - Processing file /home/airflow/.local/lib/python3.12/site-packages/airflow/example_dags/example_setup_teardown.py for tasks to queue
[2026-08-21T11:46:48.357+0000] {logging_mixin.py:190} INFO - [2026-08-21T11:46:48.356+0000] {dagbag.py:588} INFO - Filling up the DagBag from /home/airflow/.local/lib/python3.12/site-packages/airflow/example_dags/example_setup_teardown.py
[2026-08-21T11:46:48.364+0000] {processor.py:925} INFO - DAG(s) 'example_setup_teardown' retrieved from /home/airflow/.local/lib/python3.12/site-packages/airflow/example_dags/example_setup_teardown.py
[2026-08-21T11:46:48.385+0000] {logging_mixin.py:190} INFO - [2026-08-21T11:46:48.385+0000] {dag.py:3239} INFO - Sync 1 DAGs
[2026-08-21T11:46:48.398+0000] {logging_mixin.py:190} INFO - [2026-08-21T11:46:48.398+0000] {dag.py:4180} INFO - Setting next_dagrun for example_setup_teardown to None, run_after=None
[2026-08-21T11:46:48.421+0000] {processor.py:208} INFO - Processing /home/airflow/.local/lib/python3.12/site-packages/airflow/example_dags/example_setup_teardown.py took 0.074 seconds
