[2026-08-21T11:40:48.119+0000] {processor.py:186} INFO - Started process (PID=78) to work on /home/airflow/.local/lib/python3.12/site-packages/airflow/example_dags/example_bash_operator.py
[2026-08-21T11:40:48.120+0000] {processor.py:914} INFO - Processing file /home/airflow/.local/lib/python3.12/site-packages/airflow/example_dags/example_bash_operator.py for tasks to queue
[2026-08-21T11:40:48.124+0000] {logging_mixin.py:190} INFO - [2026-08-21T11:40:48.123+0000] {dagbag.py:588} INFO - Filling up the DagBag from /home/airflow/.local/lib/python3.12/site-packages/airflow/example_dags/example_bash_operator.py
[2026-08-21T11:40:48.142+0000] {processor.py:925} INFO - DAG(s) 'example_bash_operator' retrieved from /home/airflow/.local/lib/python3.12/site-packages/airflow/example_dags/example_bash_operator.py
[2026-08-21T11:40:48.290+0000] {logging_mixin.py:190} INFO - [2026-08-21T11:40:48.288+0000] {override.py:1932} INFO - Created Permission View: can read on DAG:example_bash_operator
[2026-08-21T11:40:48.313+0000] {logging_mixin.py:190} INFO - [2026-08-21T11:40:48.313+0000] {override.py:1932} INFO - Created Permission View: can edit on DAG:example_bash_operator
[2026-08-21T11:40:48.324+0000] {logging_mixin.py:190} INFO - [2026-08-21T11:40:48.323+0000] {override.py:1932} INFO - Created Permission View: can delete on DAG:example_bash_operator
[2026-08-21T11:40:48.337+0000] {logging_mixin.py:190} INFO - [2026-08-21T11:40:48.337+0000] {override.py:1932} INFO - Created Permission View: menu access on DAG Run:example_bash_operator
[2026-08-21T11:40:48.347+0000] {logging_mixin.py:190} INFO - [2026-08-21T11:40:48.346+0000] {override.py:1932} INFO - Created Permission View: can read on DAG Run:example_bash_operator
[2026-08-21T11:40:48.356+0000] {logging_mixin.py:190} INFO - [2026-08-21T11:40:48.356+0000] {override.py:1932} INFO - Created Permission View: can create on DAG Run:example_bash_operator
[2026-08-21T11:40:48.365+0000] {logging_mixin.py:190} INFO - [2026-08-21T11:40:48.365+0000] {override.py:1932} INFO - Created Permission View: can delete on DAG Run:example_bash_operator
[2026-08-21T11:40:48.366+0000] {logging_mixin.py:190} INFO - [2026-08-21T11:40:48.365+0000] {dag.py:3239} INFO - Sync 1 DAGs
[2026-08-21T11:40:48.378+0000] {logging_mixin.py:190} INFO - [2026-08-21T11:40:48.378+0000] {dag.py:3262} INFO - Creating ORM DAG for example_bash_operator
[2026-08-21T11:40:48.392+0000] {logging_mixin.py:190} INFO - [2026-08-21T11:40:48.391+0000] {dag.py:4180} INFO - Setting next_dagrun for example_bash_operator to 2026-08-20 00:00:00+00:00, run_after=2026-08-21 00:00:00+00:00
[2026-08-21T11:40:48.413+0000] {processor.py:208} INFO - Processing /home/airflow/.local/lib/python3.12/site-packages/airflow/example_dags/example_bash_operator.py took 0.303 seconds
[2026-08-21T11:41:19.306+0000] {processor.py:186} INFO - Started process (PID=141) to work on /home/airflow/.local/lib/python3.12/site-packages/airflow/example_dags/example_bash_operator.py
[2026-08-21T11:41:19.308+0000] {processor.py:914} INFO - Processing file /home/airflow/.local/lib/python3.12/site-packages/airflow/example_dags/example_bash_operator.py for tasks to queue
[2026-08-21T11:41:19.311+0000] {logging_mixin.py:190} INFO - [2026-08-21T11:41:19.311+0000] {dagbag.py:588} INFO - Filling up the DagBag from /home/airflow/.local/lib/python3.12/site-packages/airflow/example_dags/example_bash_operator.py
[2026-08-21T11:41:19.331+0000] {processor.py:925} INFO - DAG(s) 'example_bash_operator' retrieved from /home/airflow/.local/lib/python3.12/site-packages/airflow/example_dags/example_bash_operator.py
[2026-08-21T11:41:19.368+0000] {logging_mixin.py:190} INFO - [2026-08-21T11:41:19.368+0000] {dag.py:3239} INFO - Sync 1 DAGs
[2026-08-21T11:41:19.400+0000] {logging_mixin.py:190} INFO - [2026-08-21T11:41:19.400+0000] {dag.py:4180} INFO - Setting next_dagrun for example_bash_operator to 2026-08-20 00:00:00+00:00, run_after=2026-08-21 00:00:00+00:00
[2026-08-21T11:41:19.428+0000] {processor.py:208} INFO - Processing /home/airflow/.local/lib/python3.12/site-packages/airflow/example_dags/example_bash_operator.py took 0.127 seconds
[2026-08-21T11:41:49.612+0000] {processor.py:186} INFO - Started process (PID=204) to work on /home/airflow/.local/lib/python3.12/site-packages/airflow/example_dags/example_bash_operator.py
[2026-08-21T11:41:49.613+0000] {processor.py:914} INFO - Processing file /home/airflow/.local/lib/python3.12/site-packages/airflow/example_dags/example_bash_operator.py for tasks to queue
[2026-08-21T11:41:49.619+0000] {logging_mixin.py:190} INFO - [2026-08-21T11:41:49.618+0000] {dagbag.py:588} INFO - Filling up the DagBag from /home/airflow/.local/lib/python3.12/site-packages/airflow/example_dags/example_bash_operator.py
[2026-08-21T11:41:49.637+0000] {processor.py:925} INFO - DAG(s) 'example_bash_operator' retrieved from /home/airflow/.local/lib/python3.12/site-packages/airflow/example_dags/example_bash_operator.py
[2026-08-21T11:41:49.672+0000] {logging_mixin.py:190} INFO - [2026-08-21T11:41:49.671+0000] {dag.py:3239} INFO - Sync 1 DAGs
[2026-08-21T11:41:49.704+0000] {logging_mixin.py:190} INFO - [2026-08-21T11:41:49.704+0000] {dag.py:4180} INFO - Setting next_dagrun for example_bash_operator to 2026-08-20 00:00:00+00:00, run_after=2026-08-21 00:00:00+00:00
[2026-08-21T11:41:49.731+0000] {processor.py:208} INFO - Processing /home/airflow/.local/lib/python3.12/site-packages/airflow/example_dags/example_bash_operator.py took 0.127 seconds
[2026-08-21T11:42:20.058+0000] {processor.py:186} INFO - Started process (PID=267) to work on /home/airflow/.local/lib/python3.12/site-packages/airflow/example_dags/example_bash_operator.py
[2026-08-21T11:42:20.059+0000] {processor.py:914} INFO - Processing file /home/airflow/.local/lib/python3.12/site-packages/airflow/example_dags/example_bash_operator.py for tasks to queue
[2026-08-21T11:42:20.061+0000] {logging_mixin.py:190} INFO - [2026-08-21T11:42:20.061+0000] {dagbag.py:588} INFO - Filling up the DagBag from /home/airflow/.local/lib/python3.12/site-packages/airflow/example_dags/example_bash_operator.py
[2026-08-21T11:42:20.078+0000] {processor.py:925} INFO - DAG(s) 'example_bash_operator' retrieved from /home/airflow/.local/lib/python3.12/site-packages/airflow/example_dags/example_bash_operator.py
[2026-08-21T11:42:20.106+0000] {logging_mixin.py:190} INFO - [2026-08-21T11:42:20.106+0000] {dag.py:3239} INFO - Sync 1 DAGs
[2026-08-21T11:42:20.131+0000] {logging_mixin.py:190} INFO - [2026-08-21T11:42:20.131+0000] {dag.py:4180} INFO - Setting next_dagrun for example_bash_operator to 2026-08-20 00:00:00+00:00, run_after=2026-08-21 00:00:00+00:00
[2026-08-21T11:42:20.154+0000] {processor.py:208} INFO - Processing /home/airflow/.local/lib/python3.12/site-packages/airflow/example_dags/example_bash_operator.py took 0.102 seconds
[2026-08-21T11:42:52.138+0000] {processor.py:186} INFO - Started process (PID=330) to work on /home/airflow/.local/lib/python3.12/site-packages/airflow/example_dags/example_bash_operator.py
[2026-08-21T11:42:52.139+0000] {processor.py:914} INFO - Processing file /home/airflow/.local/lib/python3.12/site-packages/airflow/example_dags/example_bash_operator.py for tasks to queue
[2026-08-21T11:42:52.141+0000] {logging_mixin.py:190} INFO - [2026-08-21T11:42:52.141+0000] {dagbag.py:588} INFO - Filling up the DagBag from /home/airflow/.local/lib/python3.12/site-packages/airflow/example_dags/example_bash_operator.py
[2026-08-21T11:42:52.157+0000] {processor.py:925} INFO - DAG(s) 'example_bash_operator' retrieved from /home/airflow/.local/lib/python3.12/site-packages/airflow/example_dags/example_bash_operator.py
[2026-08-21T11:42:52.183+0000] {logging_mixin.py:190} INFO - [2026-08-21T11:42:52.182+0000] {dag.py:3239} INFO - Sync 1 DAGs
[2026-08-21T11:42:52.207+0000] {logging_mixin.py:190} INFO - [2026-08-21T11:42:52.207+0000] {dag.py:4180} INFO - Setting next_dagrun for example_bash_operator to 2026-08-20 00:00:00+00:00, run_after=2026-08-21 00:00:00+00:00
[2026-08-21T11:42:52.230+0000] {processor.py:208} INFO - Processing /home/airflow/.local/lib/python3.12/site-packages/airflow/example_dags/example_bash_operator.py took 0.098 seconds
[2026-08-21T11:43:23.094+0000] {processor.py:186} INFO - Started process (PID=392) to work on /home/airflow/.local/lib/python3.12/site-packages/airflow/example_dags/example_bash_operator.py
[2026-08-21T11:43:23.096+0000] {processor.py:914} INFO - Processing file /home/airflow/.local/lib/python3.12/site-packages/airflow/example_dags/example_bash_operator.py for tasks to queue
[2026-08-21T11:43:23.101+0000] {logging_mixin.py:190} INFO - [2026-08-21T11:43:23.100+0000] {dagbag.py:588} INFO - Filling up the DagBag from /home/airflow/.local/lib/python3.12/site-packages/airflow/example_dags/example_bash_operator.py
[2026-08-21T11:43:23.118+0000] {processor.py:925} INFO - DAG(s) 'example_bash_operator' retrieved from /home/airflow/.local/lib/python3.12/site-packages/airflow/example_dags/example_bash_operator.py
[2026-08-21T11:43:23.151+0000] {logging_mixin.py:190} INFO - [2026-08-21T11:43:23.151+0000] {dag.py:3239} INFO - Sync 1 DAGs
[2026-08-21T11:43:23.183+0000] {logging_mixin.py:190} INFO - [2026-08-21T11:43:23.182+0000] {dag.py:4180} INFO - Setting next_dagrun for example_bash_operator to 2026-08-20 00:00:00+00:00, run_after=2026-08-21 00:00:00+00:00
[2026-08-21T11:43:23.211+0000] {processor.py:208} INFO - Processing /home/airflow/.local/lib/python3.12/site-packages/airflow/example_dags/example_bash_operator.py took 0.127 seconds
[2026-08-21T11:43:53.608+0000] {processor.py:186} INFO - Started process (PID=454) to work on /home/airflow/.local/lib/python3.12/site-packages/airflow/example_dags/example_bash_operator.py
[2026-08-21T11:43:53.608+0000] {processor.py:914} INFO - Processing file /home/airflow/.local/lib/python3.12/site-packages/airflow/example_dags/example_bash_operator.py for tasks to queue
[2026-08-21T11:43:53.611+0000] {logging_mixin.py:190} INFO - [2026-08-21T11:43:53.610+0000] {dagbag.py:588} INFO - Filling up the DagBag from /home/airflow/.local/lib/python3.12/site-packages/airflow/example_dags/example_bash_operator.py
[2026-08-21T11:43:53.623+0000] {processor.py:925} INFO - DAG(s) 'example_bash_operator' retrieved from /home/airflow/.local/lib/python3.12/site-packages/airflow/example_dags/example_bash_operator.py
[2026-08-21T11:43:53.651+0000] {logging_mixin.py:190} INFO - [2026-08-21T11:43:53.651+0000] {dag.py:3239} INFO - Sync 1 DAGs
[2026-08-21T11:43:53.679+0000] {logging_mixin.py:190} INFO - [2026-08-21T11:43:53.678+0000] {dag.py:4180} INFO - Setting next_dagrun for example_bash_operator to 2026-08-20 00:00:00+00:00, run_after=2026-08-21 00:00:00+00:00
[2026-08-21T11:43:53.699+0000] {processor.py:208} INFO - Processing /home/airflow/.local/lib/python3.12/site-packages/airflow/example_dags/example_bash_operator.py took 0.098 seconds
[2026-08-21T11:44:25.932+0000] {processor.py:186} INFO - Started process (PID=482) to work on /home/airflow/.local/lib/python3.12/site-packages/airflow/example_dags/example_bash_operator.py
[2026-08-21T11:44:25.933+0000] {processor.py:914} INFO - Processing file /home/airflow/.local/lib/python3.12/site-packages/airflow/example_dags/example_bash_operator.py for tasks to queue
[2026-08-21T11:44:25.936+0000] {logging_mixin.py:190} INFO - [2026-08-21T11:44:25.936+0000] {dagbag.py:588} INFO - Filling up the DagBag from /home/airflow/.local/lib/python3.12/site-packages/airflow/example_dags/example_bash_operator.py
[2026-08-21T11:44:25.954+0000] {processor.py:925} INFO - DAG(s) 'example_bash_operator' retrieved from /home/airflow/.local/lib/python3.12/site-packages/airflow/example_dags/example_bash_operator.py
[2026-08-21T11:44:25.983+0000] {logging_mixin.py:190} INFO - [2026-08-21T11:44:25.983+0000] {dag.py:3239} INFO - Sync 1 DAGs
[2026-08-21T11:44:26.012+0000] {logging_mixin.py:190} INFO - [2026-08-21T11:44:26.011+0000] {dag.py:4180} INFO - Setting next_dagrun for example_bash_operator to 2026-08-20 00:00:00+00:00, run_after=2026-08-21 00:00:00+00:00
[2026-08-21T11:44:26.035+0000] {processor.py:208} INFO - Processing /home/airflow/.local/lib/python3.12/site-packages/airflow/example_dags/example_bash_operator.py took 0.111 seconds
[2026-08-21T11:45:01.593+0000] {processor.py:186} INFO - Started process (PID=538) to work on /home/airflow/.local/lib/python3.12/site-packages/airflow/example_dags/example_bash_operator.py
[2026-08-21T11:45:01.594+0000] {processor.py:914} INFO - Processing file /home/airflow/.local/lib/python3.12/site-packages/airflow/example_dags/example_bash_operator.py for tasks to queue
[2026-08-21T11:45:01.598+0000] {logging_mixin.py:190} INFO - [2026-08-21T11:45:01.598+0000] {dagbag.py:588} INFO - Filling up the DagBag from /home/airflow/.local/lib/python3.12/site-packages/airflow/example_dags/example_bash_operator.py
[2026-08-21T11:45:01.619+0000] {processor.py:925} INFO - DAG(s) 'example_bash_operator' retrieved from /home/airflow/.local/lib/python3.12/site-packages/airflow/example_dags/example_bash_operator.py
[2026-08-21T11:45:01.658+0000] {logging_mixin.py:190} INFO - [2026-08-21T11:45:01.657+0000] {dag.py:3239} INFO - Sync 1 DAGs
[2026-08-21T11:45:01.694+0000] {logging_mixin.py:190} INFO - [2026-08-21T11:45:01.693+0000] {dag.py:4180} INFO - Setting next_dagrun for example_bash_operator to 2026-08-20 00:00:00+00:00, run_after=2026-08-21 00:00:00+00:00
[2026-08-21T11:45:01.722+0000] {processor.py:208} INFO - Processing /home/airflow/.local/lib/python3.12/site-packages/airflow/example_dags/example_bash_operator.py took 0.137 seconds
[2026-08-21T11:45:37.260+0000] {processor.py:186} INFO - Started process (PID=598) to work on /home/airflow/.local/lib/python3.12/site-packages/airflow/example_dags/example_bash_operator.py
[2026-08-21T11:45:37.262+0000] {processor.py:914} INFO - Processing file /home/airflow/.local/lib/python3.12/site-packages/airflow/example_dags/example_bash_operator.py for tasks to queue
[2026-08-21T11:45:37.266+0000] {logging_mixin.py:190} INFO - [2026-08-21T11:45:37.265+0000] {dagbag.py:588} INFO - Filling up the DagBag from /home/airflow/.local/lib/python3.12/site-packages/airflow/example_dags/example_bash_operator.py
[2026-08-21T11:45:37.285+0000] {processor.py:925} INFO - DAG(s) 'example_bash_operator' retrieved from /home/airflow/.local/lib/python3.12/site-packages/airflow/example_dags/example_bash_operator.py
[2026-08-21T11:45:37.316+0000] {logging_mixin.py:190} INFO - [2026-08-21T11:45:37.316+0000] {dag.py:3239} INFO - Sync 1 DAGs
[2026-08-21T11:45:37.345+0000] {logging_mixin.py:190} INFO - [2026-08-21T11:45:37.344+0000] {dag.py:4180} INFO - Setting next_dagrun for example_bash_operator to 2026-08-20 00:00:00+00:00, run_after=2026-08-21 00:00:00+00:00
[2026-08-21T11:45:37.370+0000] {processor.py:208} INFO - Processing /home/airflow/.local/lib/python3.12/site-packages/airflow/example_dags/example_bash_operator.py took 0.125 seconds
[2026-08-21T11:46:07.671+0000] {processor.py:186} INFO - Started process (PID=657) to work on /home/airflow/.local/lib/python3.12/site-packages/airflow/example_dags/example_bash_operator.py
[2026-08-21T11:46:07.672+0000] {processor.py:914} INFO - Processing file /home/airflow/.local/lib/python3.12/site-packages/airflow/example_dags/example_bash_operator.py for tasks to queue
[2026-08-21T11:46:07.673+0000] {logging_mixin.py:190} INFO - [2026-08-21T11:46:07.673+0000] {dagbag.py:588} INFO - Filling up the DagBag from /home/airflow/.local/lib/python3.12/site-packages/airflow/example_dags/example_bash_operator.py
[2026-08-21T11:46:07.688+0000] {processor.py:925} INFO - DAG(s) 'example_bash_operator' retrieved from /home/airflow/.local/lib/python3.12/site-packages/airflow/example_dags/example_bash_operator.py
[2026-08-21T11:46:07.713+0000] {logging_mixin.py:190} INFO - [2026-08-21T11:46:07.712+0000] {dag.py:3239} INFO - Sync 1 DAGs
[2026-08-21T11:46:07.735+0000] {logging_mixin.py:190} INFO - [2026-08-21T11:46:07.735+0000] {dag.py:4180} INFO - Setting next_dagrun for example_bash_operator to 2026-08-20 00:00:00+00:00, run_after=2026-08-21 00:00:00+00:00
[2026-08-21T11:46:07.755+0000] {processor.py:208} INFO - Processing /home/airflow/.local/lib/python3.12/site-packages/airflow/example_dags/example_bash_operator.py took 0.090 seconds
[2026-08-21T11:46:38.014+0000] {processor.py:186} INFO - Started process (PID=720) to work on /home/airflow/.local/lib/python3.12/site-packages/airflow/example_dags/example_bash_operator.py
[2026-08-21T11:46:38.015+0000] {processor.py:914} INFO - Processing file /home/airflow/.local/lib/python3.12/site-packages/airflow/example_dags/example_bash_operator.py for tasks to queue
[2026-08-21T11:46:38.017+0000] {logging_mixin.py:190} INFO - [2026-08-21T11:46:38.017+0000] {dagbag.py:588} INFO - Filling up the DagBag from /home/airflow/.local/lib/python3.12/site-packages/airflow/example_dags/example_bash_operator.py
[2026-08-21T11:46:38.029+0000] {processor.py:925} INFO - DAG(s) 'example_bash_operator' retrieved from /home/airflow/.local/lib/python3.12/site-packages/airflow/example_dags/example_bash_operator.py
[2026-08-21T11:46:38.056+0000] {logging_mixin.py:190} INFO - [2026-08-21T11:46:38.055+0000] {dag.py:3239} INFO - Sync 1 DAGs
[2026-08-21T11:46:38.079+0000] {logging_mixin.py:190} INFO - [2026-08-21T11:46:38.079+0000] {dag.py:4180} INFO - Setting next_dagrun for example_bash_operator to 2026-08-20 00:00:00+00:00, run_after=2026-08-21 00:00:00+00:00
[2026-08-21T11:46:38.097+0000] {processor.py:208} INFO - Processing /home/airflow/.local/lib/python3.12/site-packages/airflow/example_dags/example_bash_operator.py took 0.089 seconds
[2026-08-21T11:47:08.823+0000] {processor.py:186} INFO - Started process (PID=783) to work on /home/airflow/.local/lib/python3.12/site-packages/airflow/example_dags/example_bash_operator.py
[2026-08-21T11:47:08.823+0000] {processor.py:914} INFO - Processing file /home/airflow/.local/lib/python3.12/site-packages/airflow/example_dags/example_bash_operator.py for tasks to queue
[2026-08-21T11:47:08.825+0000] {logging_mixin.py:190} INFO - [2026-08-21T11:47:08.825+0000] {dagbag.py:588} INFO - Filling up the DagBag from /home/airflow/.local/lib/python3.12/site-packages/airflow/example_dags/example_bash_operator.py
[2026-08-21T11:47:08.837+0000] {processor.py:925} INFO - DAG(s) 'example_bash_operator' retrieved from /home/airflow/.local/lib/python3.12/site-packages/airflow/example_dags/example_bash_operator.py
[2026-08-21T11:47:08.863+0000] {logging_mixin.py:190} INFO - [2026-08-21T11:47:08.863+0000] {dag.py:3239} INFO - Sync 1 DAGs
[2026-08-21T11:47:08.886+0000] {logging_mixin.py:190} INFO - [2026-08-21T11:47:08.886+0000] {dag.py:4180} INFO - Setting next_dagrun for example_bash_operator to 2026-08-20 00:00:00+00:00, run_after=2026-08-21 00:00:00+00:00
[2026-08-21T11:47:08.907+0000] {processor.py:208} INFO - Processing /home/airflow/.local/lib/python3.12/site-packages/airflow/example_dags/example_bash_operator.py took 0.091 seconds
