[2026-08-21T11:41:01.164+0000] {processor.py:186} INFO - Started process (PID=113) to work on /home/airflow/.local/lib/python3.12/site-packages/airflow/example_dags/example_display_name.py
[2026-08-21T11:41:01.165+0000] {processor.py:914} INFO - Processing file /home/airflow/.local/lib/python3.12/site-packages/airflow/example_dags/example_display_name.py for tasks to queue
[2026-08-21T11:41:01.167+0000] {logging_mixin.py:190} INFO - [2026-08-21T11:41:01.167+0000] {dagbag.py:588} INFO - Filling up the DagBag from /home/airflow/.local/lib/python3.12/site-packages/airflow/example_dags/example_display_name.py
[2026-08-21T11:41:01.175+0000] {processor.py:925} INFO - DAG(s) 'example_display_name' retrieved from /home/airflow/.local/lib/python3.12/site-packages/airflow/example_dags/example_display_name.py
[2026-08-21T11:41:01.292+0000] {logging_mixin.py:190} INFO - [2026-08-21T11:41:01.291+0000] {override.py:1932} INFO - Created Permission View: can read on DAG:example_display_name
[2026-08-21T11:41:01.302+0000] {logging_mixin.py:190} INFO - [2026-08-21T11:41:01.302+0000] {override.py:1932} INFO - Created Permission View: can edit on DAG:example_display_name
[2026-08-21T11:41:01.313+0000] {logging_mixin.py:190} INFO - [2026-08-21T11:41:01.312+0000] {override.py:1932} INFO - Created Permission View: can delete on DAG:example_display_name
[2026-08-21T11:41:01.323+0000] {logging_mixin.py:190} INFO - [2026-08-21T11:41:01.323+0000] {override.py:1932} INFO - Created Permission View: menu access on DAG Run:example_display_name
[2026-08-21T11:41:01.331+0000] {logging_mixin.py:190} INFO - [2026-08-21T11:41:01.331+0000] {override.py:1932} INFO - Created Permission View: can read on DAG Run:example_display_name
[2026-08-21T11:41:01.338+0000] {logging_mixin.py:190} INFO - [2026-08-21T11:41:01.338+0000] {override.py:1932} INFO - Created Permission View: can create on DAG Run:example_display_name
[2026-08-21T11:41:01.351+0000] {logging_mixin.py:190} INFO - [2026-08-21T11:41:01.351+0000] {override.py:1932} INFO - Created Permission View: can delete on DAG Run:example_display_name
[2026-08-21T11:41:01.352+0000] {logging_mixin.py:190} INFO - [2026-08-21T11:41:01.352+0000] {dag.py:3239} INFO - Sync 1 DAGs
[2026-08-21T11:41:01.369+0000] {logging_mixin.py:190} INFO - [2026-08-21T11:41:01.369+0000] {dag.py:3262} INFO - Creating ORM DAG for example_display_name
[2026-08-21T11:41:01.369+0000] {logging_mixin.py:190} INFO - [2026-08-21T11:41:01.369+0000] {dag.py:4180} INFO - Setting next_dagrun for example_display_name to None, run_after=None
[2026-08-21T11:41:01.393+0000] {processor.py:208} INFO - Processing /home/airflow/.local/lib/python3.12/site-packages/airflow/example_dags/example_display_name.py took 0.234 seconds
[2026-08-21T11:41:32.849+0000] {processor.py:186} INFO - Started process (PID=176) to work on /home/airflow/.local/lib/python3.12/site-packages/airflow/example_dags/example_display_name.py
[2026-08-21T11:41:32.850+0000] {processor.py:914} INFO - Processing file /home/airflow/.local/lib/python3.12/site-packages/airflow/example_dags/example_display_name.py for tasks to queue
[2026-08-21T11:41:32.853+0000] {logging_mixin.py:190} INFO - [2026-08-21T11:41:32.853+0000] {dagbag.py:588} INFO - Filling up the DagBag from /home/airflow/.local/lib/python3.12/site-packages/airflow/example_dags/example_display_name.py
[2026-08-21T11:41:32.862+0000] {processor.py:925} INFO - DAG(s) 'example_display_name' retrieved from /home/airflow/.local/lib/python3.12/site-packages/airflow/example_dags/example_display_name.py
[2026-08-21T11:41:32.879+0000] {logging_mixin.py:190} INFO - [2026-08-21T11:41:32.879+0000] {dag.py:3239} INFO - Sync 1 DAGs
[2026-08-21T11:41:32.894+0000] {logging_mixin.py:190} INFO - [2026-08-21T11:41:32.893+0000] {dag.py:4180} INFO - Setting next_dagrun for example_display_name to None, run_after=None
[2026-08-21T11:41:32.912+0000] {processor.py:208} INFO - Processing /home/airflow/.local/lib/python3.12/site-packages/airflow/example_dags/example_display_name.py took 0.068 seconds
[2026-08-21T11:42:07.766+0000] {processor.py:186} INFO - Started process (PID=239) to work on /home/airflow/.local/lib/python3.12/site-packages/airflow/example_dags/example_display_name.py
[2026-08-21T11:42:07.768+0000] {processor.py:914} INFO - Processing file /home/airflow/.local/lib/python3.12/site-packages/airflow/example_dags/example_display_name.py for tasks to queue
[2026-08-21T11:42:07.770+0000] {logging_mixin.py:190} INFO - [2026-08-21T11:42:07.770+0000] {dagbag.py:588} INFO - Filling up the DagBag from /home/airflow/.local/lib/python3.12/site-packages/airflow/example_dags/example_display_name.py
[2026-08-21T11:42:07.779+0000] {processor.py:925} INFO - DAG(s) 'example_display_name' retrieved from /home/airflow/.local/lib/python3.12/site-packages/airflow/example_dags/example_display_name.py
[2026-08-21T11:42:07.802+0000] {logging_mixin.py:190} INFO - [2026-08-21T11:42:07.802+0000] {dag.py:3239} INFO - Sync 1 DAGs
[2026-08-21T11:42:07.817+0000] {logging_mixin.py:190} INFO - [2026-08-21T11:42:07.816+0000] {dag.py:4180} INFO - Setting next_dagrun for example_display_name to None, run_after=None
[2026-08-21T11:42:07.841+0000] {processor.py:208} INFO - Processing /home/airflow/.local/lib/python3.12/site-packages/airflow/example_dags/example_display_name.py took 0.083 seconds
[2026-08-21T11:42:43.303+0000] {processor.py:186} INFO - Started process (PID=302) to work on /home/airflow/.local/lib/python3.12/site-packages/airflow/example_dags/example_display_name.py
[2026-08-21T11:42:43.304+0000] {processor.py:914} INFO - Processing file /home/airflow/.local/lib/python3.12/site-packages/airflow/example_dags/example_display_name.py for tasks to queue
[2026-08-21T11:42:43.306+0000] {logging_mixin.py:190} INFO - [2026-08-21T11:42:43.306+0000] {dagbag.py:588} INFO - Filling up the DagBag from /home/airflow/.local/lib/python3.12/site-packages/airflow/example_dags/example_display_name.py
[2026-08-21T11:42:43.314+0000] {processor.py:925} INFO - DAG(s) 'example_display_name' retrieved from /home/airflow/.local/lib/python3.12/site-packages/airflow/example_dags/example_display_name.py
[2026-08-21T11:42:43.336+0000] {logging_mixin.py:190} INFO - [2026-08-21T11:42:43.335+0000] {dag.py:3239} INFO - Sync 1 DAGs
[2026-08-21T11:42:43.350+0000] {logging_mixin.py:190} INFO - [2026-08-21T11:42:43.350+0000] {dag.py:4180} INFO - Setting next_dagrun for example_display_name to None, run_after=None
[2026-08-21T11:42:43.371+0000] {processor.py:208} INFO - Processing /home/airflow/.local/lib/python3.12/site-packages/airflow/example_dags/example_display_name.py took 0.074 seconds
[2026-08-21T11:43:18.761+0000] {processor.py:186} INFO - Started process (PID=371) to work on /home/airflow/.local/lib/python3.12/site-packages/airflow/example_dags/example_display_name.py
[2026-08-21T11:43:18.761+0000] {processor.py:914} INFO - Processing file /home/airflow/.local/lib/python3.12/site-packages/airflow/example_dags/example_display_name.py for tasks to queue
[2026-08-21T11:43:18.764+0000] {logging_mixin.py:190} INFO - [2026-08-21T11:43:18.763+0000] {dagbag.py:588} INFO - Filling up the DagBag from /home/airflow/.local/lib/python3.12/site-packages/airflow/example_dags/example_display_name.py
[2026-08-21T11:43:18.772+0000] {processor.py:925} INFO - DAG(s) 'example_display_name' retrieved from /home/airflow/.local/lib/python3.12/site-packages/airflow/example_dags/example_display_name.py
[2026-08-21T11:43:18.799+0000] {logging_mixin.py:190} INFO - [2026-08-21T11:43:18.799+0000] {dag.py:3239} INFO - Sync 1 DAGs
[2026-08-21T11:43:18.818+0000] {logging_mixin.py:190} INFO - [2026-08-21T11:43:18.818+0000] {dag.py:4180} INFO - Setting next_dagrun for example_display_name to None, run_after=None
[2026-08-21T11:43:18.838+0000] {processor.py:208} INFO - Processing /home/airflow/.local/lib/python3.12/site-packages/airflow/example_dags/example_display_name.py took 0.083 seconds
[2026-08-21T11:43:52.208+0000] {processor.py:186} INFO - Started process (PID=433) to work on /home/airflow/.local/lib/python3.12/site-packages/airflow/example_dags/example_display_name.py
[2026-08-21T11:43:52.209+0000] {processor.py:914} INFO - Processing file /home/airflow/.local/lib/python3.12/site-packages/airflow/example_dags/example_display_name.py for tasks to queue
[2026-08-21T11:43:52.211+0000] {logging_mixin.py:190} INFO - [2026-08-21T11:43:52.210+0000] {dagbag.py:588} INFO - Filling up the DagBag from /home/airflow/.local/lib/python3.12/site-packages/airflow/example_dags/example_display_name.py
[2026-08-21T11:43:52.217+0000] {processor.py:925} INFO - DAG(s) 'example_display_name' retrieved from /home/airflow/.local/lib/python3.12/site-packages/airflow/example_dags/example_display_name.py
[2026-08-21T11:43:52.240+0000] {logging_mixin.py:190} INFO - [2026-08-21T11:43:52.239+0000] {dag.py:3239} INFO - Sync 1 DAGs
[2026-08-21T11:43:52.253+0000] {logging_mixin.py:190} INFO - [2026-08-21T11:43:52.252+0000] {dag.py:4180} INFO - Setting next_dagrun for example_display_name to None, run_after=None
[2026-08-21T11:43:52.275+0000] {processor.py:208} INFO - Processing /home/airflow/.local/lib/python3.12/site-packages/airflow/example_dags/example_display_name.py took 0.073 seconds
[2026-08-21T11:44:27.238+0000] {processor.py:186} INFO - Started process (PID=502) to work on /home/airflow/.local/lib/python3.12/site-packages/airflow/example_dags/example_display_name.py
[2026-08-21T11:44:27.239+0000] {processor.py:914} INFO - Processing file /home/airflow/.local/lib/python3.12/site-packages/airflow/example_dags/example_display_name.py for tasks to queue
[2026-08-21T11:44:27.241+0000] {logging_mixin.py:190} INFO - [2026-08-21T11:44:27.241+0000] {dagbag.py:588} INFO - Filling up the DagBag from /home/airflow/.local/lib/python3.12/site-packages/airflow/example_dags/example_display_name.py
[2026-08-21T11:44:27.249+0000] {processor.py:925} INFO - DAG(s) 'example_display_name' retrieved from /home/airflow/.local/lib/python3.12/site-packages/airflow/example_dags/example_display_name.py
[2026-08-21T11:44:27.268+0000] {logging_mixin.py:190} INFO - [2026-08-21T11:44:27.268+0000] {dag.py:3239} INFO - Sync 1 DAGs
[2026-08-21T11:44:27.283+0000] {logging_mixin.py:190} INFO - [2026-08-21T11:44:27.283+0000] {dag.py:4180} INFO - Setting next_dagrun for example_display_name to None, run_after=None
[2026-08-21T11:44:27.306+0000] {processor.py:208} INFO - Processing /home/airflow/.local/lib/python3.12/site-packages/airflow/example_dags/example_display_name.py took 0.074 seconds
[2026-08-21T11:45:03.737+0000] {processor.py:186} INFO - Started process (PID=565) to work on /home/airflow/.local/lib/python3.12/site-packages/airflow/example_dags/example_display_name.py
[2026-08-21T11:45:03.738+0000] {processor.py:914} INFO - Processing file /home/airflow/.local/lib/python3.12/site-packages/airflow/example_dags/example_display_name.py for tasks to queue
[2026-08-21T11:45:03.741+0000] {logging_mixin.py:190} INFO - [2026-08-21T11:45:03.740+0000] {dagbag.py:588} INFO - Filling up the DagBag from /home/airflow/.local/lib/python3.12/site-packages/airflow/example_dags/example_display_name.py
[2026-08-21T11:45:03.751+0000] {processor.py:925} INFO - DAG(s) 'example_display_name' retrieved from /home/airflow/.local/lib/python3.12/site-packages/airflow/example_dags/example_display_name.py
[2026-08-21T11:45:03.768+0000] {logging_mixin.py:190} INFO - [2026-08-21T11:45:03.768+0000] {dag.py:3239} INFO - Sync 1 DAGs
[2026-08-21T11:45:03.784+0000] {logging_mixin.py:190} INFO - [2026-08-21T11:45:03.784+0000] {dag.py:4180} INFO - Setting next_dagrun for example_display_name to None, run_after=None
[2026-08-21T11:45:03.802+0000] {processor.py:208} INFO - Processing /home/airflow/.local/lib/python3.12/site-packages/airflow/example_dags/example_display_name.py took 0.071 seconds
[2026-08-21T11:45:39.516+0000] {processor.py:186} INFO - Started process (PID=628) to work on /home/airflow/.local/lib/python3.12/site-packages/airflow/example_dags/example_display_name.py
[2026-08-21T11:45:39.517+0000] {processor.py:914} INFO - Processing file /home/airflow/.local/lib/python3.12/site-packages/airflow/example_dags/example_display_name.py for tasks to queue
[2026-08-21T11:45:39.519+0000] {logging_mixin.py:190} INFO - [2026-08-21T11:45:39.519+0000] {dagbag.py:588} INFO - Filling up the DagBag from /home/airflow/.local/lib/python3.12/site-packages/airflow/example_dags/example_display_name.py
[2026-08-21T11:45:39.527+0000] {processor.py:925} INFO - DAG(s) 'example_display_name' retrieved from /home/airflow/.local/lib/python3.12/site-packages/airflow/example_dags/example_display_name.py
[2026-08-21T11:45:39.552+0000] {logging_mixin.py:190} INFO - [2026-08-21T11:45:39.551+0000] {dag.py:3239} INFO - Sync 1 DAGs
[2026-08-21T11:45:39.569+0000] {logging_mixin.py:190} INFO - [2026-08-21T11:45:39.568+0000] {dag.py:4180} INFO - Setting next_dagrun for example_display_name to None, run_after=None
[2026-08-21T11:45:39.591+0000] {processor.py:208} INFO - Processing /home/airflow/.local/lib/python3.12/site-packages/airflow/example_dags/example_display_name.py took 0.084 seconds
[2026-08-21T11:46:14.160+0000] {processor.py:186} INFO - Started process (PID=691) to work on /home/airflow/.local/lib/python3.12/site-packages/airflow/example_dags/example_display_name.py
[2026-08-21T11:46:14.161+0000] {processor.py:914} INFO - Processing file /home/airflow/.local/lib/python3.12/site-packages/airflow/example_dags/example_display_name.py for tasks to queue
[2026-08-21T11:46:14.164+0000] {logging_mixin.py:190} INFO - [2026-08-21T11:46:14.163+0000] {dagbag.py:588} INFO - Filling up the DagBag from /home/airflow/.local/lib/python3.12/site-packages/airflow/example_dags/example_display_name.py
[2026-08-21T11:46:14.174+0000] {processor.py:925} INFO - DAG(s) 'example_display_name' retrieved from /home/airflow/.local/lib/python3.12/site-packages/airflow/example_dags/example_display_name.py
[2026-08-21T11:46:14.192+0000] {logging_mixin.py:190} INFO - [2026-08-21T11:46:14.192+0000] {dag.py:3239} INFO - Sync 1 DAGs
[2026-08-21T11:46:14.209+0000] {logging_mixin.py:190} INFO - [2026-08-21T11:46:14.209+0000] {dag.py:4180} INFO - Setting next_dagrun for example_display_name to None, run_after=None
[2026-08-21T11:46:14.227+0000] {processor.py:208} INFO - Processing /home/airflow/.local/lib/python3.12/site-packages/airflow/example_dags/example_display_name.py took 0.071 seconds
[2026-08-21T11:46:50.297+0000] {processor.py:186} INFO - Started process (PID=760) to work on /home/airflow/.local/lib/python3.12/site-packages/airflow/example_dags/example_display_name.py
[2026-08-21T11:46:50.298+0000] {processor.py:914} INFO - Processing file /home/airflow/.local/lib/python3.12/site-packages/airflow/example_dags/example_display_name.py for tasks to queue
[2026-08-21T11:46:50.301+0000] {logging_mixin.py:190} INFO - [2026-08-21T11:46:50.300+0000] {dagbag.py:588} INFO - Filling up the DagBag from /home/airflow/.local/lib/python3.12/site-packages/airflow/example_dags/example_display_name.py
[2026-08-21T11:46:50.308+0000] {processor.py:925} INFO - DAG(s) 'example_display_name' retrieved from /home/airflow/.local/lib/python3.12/site-packages/airflow/example_dags/example_display_name.py
[2026-08-21T11:46:50.333+0000] {logging_mixin.py:190} INFO - [2026-08-21T11:46:50.333+0000] {dag.py:3239} INFO - Sync 1 DAGs
[2026-08-21T11:46:50.349+0000] {logging_mixin.py:190} INFO - [2026-08-21T11:46:50.349+0000] {dag.py:4180} INFO - Setting next_dagrun for example_display_name to None, run_after=None
[2026-08-21T11:46:50.373+0000] {processor.py:208} INFO - Processing /home/airflow/.local/lib/python3.12/site-packages/airflow/example_dags/example_display_name.py took 0.082 seconds
