[2026-08-21T11:40:58.500+0000] {processor.py:186} INFO - Started process (PID=102) to work on /home/airflow/.local/lib/python3.12/site-packages/airflow/example_dags/example_branch_operator_decorator.py
[2026-08-21T11:40:58.501+0000] {processor.py:914} INFO - Processing file /home/airflow/.local/lib/python3.12/site-packages/airflow/example_dags/example_branch_operator_decorator.py for tasks to queue
[2026-08-21T11:40:58.503+0000] {logging_mixin.py:190} INFO - [2026-08-21T11:40:58.503+0000] {dagbag.py:588} INFO - Filling up the DagBag from /home/airflow/.local/lib/python3.12/site-packages/airflow/example_dags/example_branch_operator_decorator.py
[2026-08-21T11:40:58.527+0000] {processor.py:925} INFO - DAG(s) 'example_branch_python_operator_decorator' retrieved from /home/airflow/.local/lib/python3.12/site-packages/airflow/example_dags/example_branch_operator_decorator.py
[2026-08-21T11:40:58.650+0000] {logging_mixin.py:190} INFO - [2026-08-21T11:40:58.649+0000] {override.py:1932} INFO - Created Permission View: can read on DAG:example_branch_python_operator_decorator
[2026-08-21T11:40:58.660+0000] {logging_mixin.py:190} INFO - [2026-08-21T11:40:58.660+0000] {override.py:1932} INFO - Created Permission View: can edit on DAG:example_branch_python_operator_decorator
[2026-08-21T11:40:58.669+0000] {logging_mixin.py:190} INFO - [2026-08-21T11:40:58.669+0000] {override.py:1932} INFO - Created Permission View: can delete on DAG:example_branch_python_operator_decorator
[2026-08-21T11:40:58.678+0000] {logging_mixin.py:190} INFO - [2026-08-21T11:40:58.678+0000] {override.py:1932} INFO - Created Permission View: menu access on DAG Run:example_branch_python_operator_decorator
[2026-08-21T11:40:58.685+0000] {logging_mixin.py:190} INFO - [2026-08-21T11:40:58.685+0000] {override.py:1932} INFO - Created Permission View: can read on DAG Run:example_branch_python_operator_decorator
[2026-08-21T11:40:58.691+0000] {logging_mixin.py:190} INFO - [2026-08-21T11:40:58.691+0000] {override.py:1932} INFO - Created Permission View: can create on DAG Run:example_branch_python_operator_decorator
[2026-08-21T11:40:58.701+0000] {logging_mixin.py:190} INFO - [2026-08-21T11:40:58.701+0000] {override.py:1932} INFO - Created Permission View: can delete on DAG Run:example_branch_python_operator_decorator
[2026-08-21T11:40:58.702+0000] {logging_mixin.py:190} INFO - [2026-08-21T11:40:58.702+0000] {dag.py:3239} INFO - Sync 1 DAGs
[2026-08-21T11:40:58.716+0000] {logging_mixin.py:190} INFO - [2026-08-21T11:40:58.716+0000] {dag.py:3262} INFO - Creating ORM DAG for example_branch_python_operator_decorator
[2026-08-21T11:40:58.725+0000] {logging_mixin.py:190} INFO - [2026-08-21T11:40:58.725+0000] {dag.py:4180} INFO - Setting next_dagrun for example_branch_python_operator_decorator to 2026-08-20 00:00:00+00:00, run_after=2026-08-21 00:00:00+00:00
[2026-08-21T11:40:58.744+0000] {processor.py:208} INFO - Processing /home/airflow/.local/lib/python3.12/site-packages/airflow/example_dags/example_branch_operator_decorator.py took 0.249 seconds
[2026-08-21T11:41:30.810+0000] {processor.py:186} INFO - Started process (PID=164) to work on /home/airflow/.local/lib/python3.12/site-packages/airflow/example_dags/example_branch_operator_decorator.py
[2026-08-21T11:41:30.810+0000] {processor.py:914} INFO - Processing file /home/airflow/.local/lib/python3.12/site-packages/airflow/example_dags/example_branch_operator_decorator.py for tasks to queue
[2026-08-21T11:41:30.812+0000] {logging_mixin.py:190} INFO - [2026-08-21T11:41:30.812+0000] {dagbag.py:588} INFO - Filling up the DagBag from /home/airflow/.local/lib/python3.12/site-packages/airflow/example_dags/example_branch_operator_decorator.py
[2026-08-21T11:41:30.836+0000] {processor.py:925} INFO - DAG(s) 'example_branch_python_operator_decorator' retrieved from /home/airflow/.local/lib/python3.12/site-packages/airflow/example_dags/example_branch_operator_decorator.py
[2026-08-21T11:41:30.865+0000] {logging_mixin.py:190} INFO - [2026-08-21T11:41:30.865+0000] {dag.py:3239} INFO - Sync 1 DAGs
[2026-08-21T11:41:30.889+0000] {logging_mixin.py:190} INFO - [2026-08-21T11:41:30.889+0000] {dag.py:4180} INFO - Setting next_dagrun for example_branch_python_operator_decorator to 2026-08-20 00:00:00+00:00, run_after=2026-08-21 00:00:00+00:00
[2026-08-21T11:41:30.906+0000] {processor.py:208} INFO - Processing /home/airflow/.local/lib/python3.12/site-packages/airflow/example_dags/example_branch_operator_decorator.py took 0.101 seconds
[2026-08-21T11:42:06.263+0000] {processor.py:186} INFO - Started process (PID=228) to work on /home/airflow/.local/lib/python3.12/site-packages/airflow/example_dags/example_branch_operator_decorator.py
[2026-08-21T11:42:06.264+0000] {processor.py:914} INFO - Processing file /home/airflow/.local/lib/python3.12/site-packages/airflow/example_dags/example_branch_operator_decorator.py for tasks to queue
[2026-08-21T11:42:06.267+0000] {logging_mixin.py:190} INFO - [2026-08-21T11:42:06.267+0000] {dagbag.py:588} INFO - Filling up the DagBag from /home/airflow/.local/lib/python3.12/site-packages/airflow/example_dags/example_branch_operator_decorator.py
[2026-08-21T11:42:06.290+0000] {processor.py:925} INFO - DAG(s) 'example_branch_python_operator_decorator' retrieved from /home/airflow/.local/lib/python3.12/site-packages/airflow/example_dags/example_branch_operator_decorator.py
[2026-08-21T11:42:06.322+0000] {logging_mixin.py:190} INFO - [2026-08-21T11:42:06.320+0000] {dag.py:3239} INFO - Sync 1 DAGs
[2026-08-21T11:42:06.347+0000] {logging_mixin.py:190} INFO - [2026-08-21T11:42:06.346+0000] {dag.py:4180} INFO - Setting next_dagrun for example_branch_python_operator_decorator to 2026-08-20 00:00:00+00:00, run_after=2026-08-21 00:00:00+00:00
[2026-08-21T11:42:06.370+0000] {processor.py:208} INFO - Processing /home/airflow/.local/lib/python3.12/site-packages/airflow/example_dags/example_branch_operator_decorator.py took 0.112 seconds
[2026-08-21T11:42:41.820+0000] {processor.py:186} INFO - Started process (PID=291) to work on /home/airflow/.local/lib/python3.12/site-packages/airflow/example_dags/example_branch_operator_decorator.py
[2026-08-21T11:42:41.821+0000] {processor.py:914} INFO - Processing file /home/airflow/.local/lib/python3.12/site-packages/airflow/example_dags/example_branch_operator_decorator.py for tasks to queue
[2026-08-21T11:42:41.824+0000] {logging_mixin.py:190} INFO - [2026-08-21T11:42:41.823+0000] {dagbag.py:588} INFO - Filling up the DagBag from /home/airflow/.local/lib/python3.12/site-packages/airflow/example_dags/example_branch_operator_decorator.py
[2026-08-21T11:42:41.847+0000] {processor.py:925} INFO - DAG(s) 'example_branch_python_operator_decorator' retrieved from /home/airflow/.local/lib/python3.12/site-packages/airflow/example_dags/example_branch_operator_decorator.py
[2026-08-21T11:42:41.880+0000] {logging_mixin.py:190} INFO - [2026-08-21T11:42:41.880+0000] {dag.py:3239} INFO - Sync 1 DAGs
[2026-08-21T11:42:41.909+0000] {logging_mixin.py:190} INFO - [2026-08-21T11:42:41.909+0000] {dag.py:4180} INFO - Setting next_dagrun for example_branch_python_operator_decorator to 2026-08-20 00:00:00+00:00, run_after=2026-08-21 00:00:00+00:00
[2026-08-21T11:42:41.940+0000] {processor.py:208} INFO - Processing /home/airflow/.local/lib/python3.12/site-packages/airflow/example_dags/example_branch_operator_decorator.py took 0.126 seconds
[2026-08-21T11:43:17.150+0000] {processor.py:186} INFO - Started process (PID=354) to work on /home/airflow/.local/lib/python3.12/site-packages/airflow/example_dags/example_branch_operator_decorator.py
[2026-08-21T11:43:17.151+0000] {processor.py:914} INFO - Processing file /home/airflow/.local/lib/python3.12/site-packages/airflow/example_dags/example_branch_operator_decorator.py for tasks to queue
[2026-08-21T11:43:17.153+0000] {logging_mixin.py:190} INFO - [2026-08-21T11:43:17.153+0000] {dagbag.py:588} INFO - Filling up the DagBag from /home/airflow/.local/lib/python3.12/site-packages/airflow/example_dags/example_branch_operator_decorator.py
[2026-08-21T11:43:17.175+0000] {processor.py:925} INFO - DAG(s) 'example_branch_python_operator_decorator' retrieved from /home/airflow/.local/lib/python3.12/site-packages/airflow/example_dags/example_branch_operator_decorator.py
[2026-08-21T11:43:17.203+0000] {logging_mixin.py:190} INFO - [2026-08-21T11:43:17.203+0000] {dag.py:3239} INFO - Sync 1 DAGs
[2026-08-21T11:43:17.233+0000] {logging_mixin.py:190} INFO - [2026-08-21T11:43:17.232+0000] {dag.py:4180} INFO - Setting next_dagrun for example_branch_python_operator_decorator to 2026-08-20 00:00:00+00:00, run_after=2026-08-21 00:00:00+00:00
[2026-08-21T11:43:17.255+0000] {processor.py:208} INFO - Processing /home/airflow/.local/lib/python3.12/site-packages/airflow/example_dags/example_branch_operator_decorator.py took 0.111 seconds
[2026-08-21T11:43:51.297+0000] {processor.py:186} INFO - Started process (PID=422) to work on /home/airflow/.local/lib/python3.12/site-packages/airflow/example_dags/example_branch_operator_decorator.py
[2026-08-21T11:43:51.298+0000] {processor.py:914} INFO - Processing file /home/airflow/.local/lib/python3.12/site-packages/airflow/example_dags/example_branch_operator_decorator.py for tasks to queue
[2026-08-21T11:43:51.300+0000] {logging_mixin.py:190} INFO - [2026-08-21T11:43:51.300+0000] {dagbag.py:588} INFO - Filling up the DagBag from /home/airflow/.local/lib/python3.12/site-packages/airflow/example_dags/example_branch_operator_decorator.py
[2026-08-21T11:43:51.324+0000] {processor.py:925} INFO - DAG(s) 'example_branch_python_operator_decorator' retrieved from /home/airflow/.local/lib/python3.12/site-packages/airflow/example_dags/example_branch_operator_decorator.py
[2026-08-21T11:43:51.353+0000] {logging_mixin.py:190} INFO - [2026-08-21T11:43:51.353+0000] {dag.py:3239} INFO - Sync 1 DAGs
[2026-08-21T11:43:51.380+0000] {logging_mixin.py:190} INFO - [2026-08-21T11:43:51.380+0000] {dag.py:4180} INFO - Setting next_dagrun for example_branch_python_operator_decorator to 2026-08-20 00:00:00+00:00, run_after=2026-08-21 00:00:00+00:00
[2026-08-21T11:43:51.402+0000] {processor.py:208} INFO - Processing /home/airflow/.local/lib/python3.12/site-packages/airflow/example_dags/example_branch_operator_decorator.py took 0.113 seconds
[2026-08-21T11:44:26.508+0000] {processor.py:186} INFO - Started process (PID=491) to work on /home/airflow/.local/lib/python3.12/site-packages/airflow/example_dags/example_branch_operator_decorator.py
[2026-08-21T11:44:26.509+0000] {processor.py:914} INFO - Processing file /home/airflow/.local/lib/python3.12/site-packages/airflow/example_dags/example_branch_operator_decorator.py for tasks to queue
[2026-08-21T11:44:26.511+0000] {logging_mixin.py:190} INFO - [2026-08-21T11:44:26.511+0000] {dagbag.py:588} INFO - Filling up the DagBag from /home/airflow/.local/lib/python3.12/site-packages/airflow/example_dags/example_branch_operator_decorator.py
[2026-08-21T11:44:26.535+0000] {processor.py:925} INFO - DAG(s) 'example_branch_python_operator_decorator' retrieved from /home/airflow/.local/lib/python3.12/site-packages/airflow/example_dags/example_branch_operator_decorator.py
[2026-08-21T11:44:26.565+0000] {logging_mixin.py:190} INFO - [2026-08-21T11:44:26.565+0000] {dag.py:3239} INFO - Sync 1 DAGs
[2026-08-21T11:44:26.593+0000] {logging_mixin.py:190} INFO - [2026-08-21T11:44:26.593+0000] {dag.py:4180} INFO - Setting next_dagrun for example_branch_python_operator_decorator to 2026-08-20 00:00:00+00:00, run_after=2026-08-21 00:00:00+00:00
[2026-08-21T11:44:26.611+0000] {processor.py:208} INFO - Processing /home/airflow/.local/lib/python3.12/site-packages/airflow/example_dags/example_branch_operator_decorator.py took 0.110 seconds
[2026-08-21T11:45:02.832+0000] {processor.py:186} INFO - Started process (PID=554) to work on /home/airflow/.local/lib/python3.12/site-packages/airflow/example_dags/example_branch_operator_decorator.py
[2026-08-21T11:45:02.833+0000] {processor.py:914} INFO - Processing file /home/airflow/.local/lib/python3.12/site-packages/airflow/example_dags/example_branch_operator_decorator.py for tasks to queue
[2026-08-21T11:45:02.836+0000] {logging_mixin.py:190} INFO - [2026-08-21T11:45:02.836+0000] {dagbag.py:588} INFO - Filling up the DagBag from /home/airflow/.local/lib/python3.12/site-packages/airflow/example_dags/example_branch_operator_decorator.py
[2026-08-21T11:45:02.866+0000] {processor.py:925} INFO - DAG(s) 'example_branch_python_operator_decorator' retrieved from /home/airflow/.local/lib/python3.12/site-packages/airflow/example_dags/example_branch_operator_decorator.py
[2026-08-21T11:45:02.905+0000] {logging_mixin.py:190} INFO - [2026-08-21T11:45:02.904+0000] {dag.py:3239} INFO - Sync 1 DAGs
[2026-08-21T11:45:02.950+0000] {logging_mixin.py:190} INFO - [2026-08-21T11:45:02.949+0000] {dag.py:4180} INFO - Setting next_dagrun for example_branch_python_operator_decorator to 2026-08-20 00:00:00+00:00, run_after=2026-08-21 00:00:00+00:00
[2026-08-21T11:45:02.981+0000] {processor.py:208} INFO - Processing /home/airflow/.local/lib/python3.12/site-packages/airflow/example_dags/example_branch_operator_decorator.py took 0.156 seconds
[2026-08-21T11:45:38.640+0000] {processor.py:186} INFO - Started process (PID=617) to work on /home/airflow/.local/lib/python3.12/site-packages/airflow/example_dags/example_branch_operator_decorator.py
[2026-08-21T11:45:38.641+0000] {processor.py:914} INFO - Processing file /home/airflow/.local/lib/python3.12/site-packages/airflow/example_dags/example_branch_operator_decorator.py for tasks to queue
[2026-08-21T11:45:38.643+0000] {logging_mixin.py:190} INFO - [2026-08-21T11:45:38.643+0000] {dagbag.py:588} INFO - Filling up the DagBag from /home/airflow/.local/lib/python3.12/site-packages/airflow/example_dags/example_branch_operator_decorator.py
[2026-08-21T11:45:38.672+0000] {processor.py:925} INFO - DAG(s) 'example_branch_python_operator_decorator' retrieved from /home/airflow/.local/lib/python3.12/site-packages/airflow/example_dags/example_branch_operator_decorator.py
[2026-08-21T11:45:38.707+0000] {logging_mixin.py:190} INFO - [2026-08-21T11:45:38.706+0000] {dag.py:3239} INFO - Sync 1 DAGs
[2026-08-21T11:45:38.739+0000] {logging_mixin.py:190} INFO - [2026-08-21T11:45:38.738+0000] {dag.py:4180} INFO - Setting next_dagrun for example_branch_python_operator_decorator to 2026-08-20 00:00:00+00:00, run_after=2026-08-21 00:00:00+00:00
[2026-08-21T11:45:38.763+0000] {processor.py:208} INFO - Processing /home/airflow/.local/lib/python3.12/site-packages/airflow/example_dags/example_branch_operator_decorator.py took 0.131 seconds
[2026-08-21T11:46:13.461+0000] {processor.py:186} INFO - Started process (PID=680) to work on /home/airflow/.local/lib/python3.12/site-packages/airflow/example_dags/example_branch_operator_decorator.py
[2026-08-21T11:46:13.463+0000] {processor.py:914} INFO - Processing file /home/airflow/.local/lib/python3.12/site-packages/airflow/example_dags/example_branch_operator_decorator.py for tasks to queue
[2026-08-21T11:46:13.467+0000] {logging_mixin.py:190} INFO - [2026-08-21T11:46:13.466+0000] {dagbag.py:588} INFO - Filling up the DagBag from /home/airflow/.local/lib/python3.12/site-packages/airflow/example_dags/example_branch_operator_decorator.py
[2026-08-21T11:46:13.489+0000] {processor.py:925} INFO - DAG(s) 'example_branch_python_operator_decorator' retrieved from /home/airflow/.local/lib/python3.12/site-packages/airflow/example_dags/example_branch_operator_decorator.py
[2026-08-21T11:46:13.519+0000] {logging_mixin.py:190} INFO - [2026-08-21T11:46:13.519+0000] {dag.py:3239} INFO - Sync 1 DAGs
[2026-08-21T11:46:13.545+0000] {logging_mixin.py:190} INFO - [2026-08-21T11:46:13.545+0000] {dag.py:4180} INFO - Setting next_dagrun for example_branch_python_operator_decorator to 2026-08-20 00:00:00+00:00, run_after=2026-08-21 00:00:00+00:00
[2026-08-21T11:46:13.563+0000] {processor.py:208} INFO - Processing /home/airflow/.local/lib/python3.12/site-packages/airflow/example_dags/example_branch_operator_decorator.py took 0.108 seconds
[2026-08-21T11:46:49.217+0000] {processor.py:186} INFO - Started process (PID=749) to work on /home/airflow/.local/lib/python3.12/site-packages/airflow/example_dags/example_branch_operator_decorator.py
[2026-08-21T11:46:49.219+0000] {processor.py:914} INFO - Processing file /home/airflow/.local/lib/python3.12/site-packages/airflow/example_dags/example_branch_operator_decorator.py for tasks to queue
[2026-08-21T11:46:49.223+0000] {logging_mixin.py:190} INFO - [2026-08-21T11:46:49.222+0000] {dagbag.py:588} INFO - Filling up the DagBag from /home/airflow/.local/lib/python3.12/site-packages/airflow/example_dags/example_branch_operator_decorator.py
[2026-08-21T11:46:49.263+0000] {processor.py:925} INFO - DAG(s) 'example_branch_python_operator_decorator' retrieved from /home/airflow/.local/lib/python3.12/site-packages/airflow/example_dags/example_branch_operator_decorator.py
[2026-08-21T11:46:49.306+0000] {logging_mixin.py:190} INFO - [2026-08-21T11:46:49.305+0000] {dag.py:3239} INFO - Sync 1 DAGs
[2026-08-21T11:46:49.349+0000] {logging_mixin.py:190} INFO - [2026-08-21T11:46:49.348+0000] {dag.py:4180} INFO - Setting next_dagrun for example_branch_python_operator_decorator to 2026-08-20 00:00:00+00:00, run_after=2026-08-21 00:00:00+00:00
[2026-08-21T11:46:49.376+0000] {processor.py:208} INFO - Processing /home/airflow/.local/lib/python3.12/site-packages/airflow/example_dags/example_branch_operator_decorator.py took 0.168 seconds
