[2026-08-21T11:40:55.979+0000] {processor.py:186} INFO - Started process (PID=90) to work on /home/airflow/.local/lib/python3.12/site-packages/airflow/example_dags/example_sensor_decorator.py
[2026-08-21T11:40:55.980+0000] {processor.py:914} INFO - Processing file /home/airflow/.local/lib/python3.12/site-packages/airflow/example_dags/example_sensor_decorator.py for tasks to queue
[2026-08-21T11:40:55.984+0000] {logging_mixin.py:190} INFO - [2026-08-21T11:40:55.983+0000] {dagbag.py:588} INFO - Filling up the DagBag from /home/airflow/.local/lib/python3.12/site-packages/airflow/example_dags/example_sensor_decorator.py
[2026-08-21T11:40:55.992+0000] {processor.py:925} INFO - DAG(s) 'example_sensor_decorator' retrieved from /home/airflow/.local/lib/python3.12/site-packages/airflow/example_dags/example_sensor_decorator.py
[2026-08-21T11:40:56.101+0000] {logging_mixin.py:190} INFO - [2026-08-21T11:40:56.100+0000] {override.py:1932} INFO - Created Permission View: can read on DAG:example_sensor_decorator
[2026-08-21T11:40:56.111+0000] {logging_mixin.py:190} INFO - [2026-08-21T11:40:56.111+0000] {override.py:1932} INFO - Created Permission View: can edit on DAG:example_sensor_decorator
[2026-08-21T11:40:56.118+0000] {logging_mixin.py:190} INFO - [2026-08-21T11:40:56.118+0000] {override.py:1932} INFO - Created Permission View: can delete on DAG:example_sensor_decorator
[2026-08-21T11:40:56.130+0000] {logging_mixin.py:190} INFO - [2026-08-21T11:40:56.130+0000] {override.py:1932} INFO - Created Permission View: menu access on DAG Run:example_sensor_decorator
[2026-08-21T11:40:56.137+0000] {logging_mixin.py:190} INFO - [2026-08-21T11:40:56.136+0000] {override.py:1932} INFO - Created Permission View: can read on DAG Run:example_sensor_decorator
[2026-08-21T11:40:56.145+0000] {logging_mixin.py:190} INFO - [2026-08-21T11:40:56.144+0000] {override.py:1932} INFO - Created Permission View: can create on DAG Run:example_sensor_decorator
[2026-08-21T11:40:56.152+0000] {logging_mixin.py:190} INFO - [2026-08-21T11:40:56.152+0000] {override.py:1932} INFO - Created Permission View: can delete on DAG Run:example_sensor_decorator
[2026-08-21T11:40:56.152+0000] {logging_mixin.py:190} INFO - [2026-08-21T11:40:56.152+0000] {dag.py:3239} INFO - Sync 1 DAGs
[2026-08-21T11:40:56.164+0000] {logging_mixin.py:190} INFO - [2026-08-21T11:40:56.164+0000] {dag.py:3262} INFO - Creating ORM DAG for example_sensor_decorator
[2026-08-21T11:40:56.165+0000] {logging_mixin.py:190} INFO - [2026-08-21T11:40:56.165+0000] {dag.py:4180} INFO - Setting next_dagrun for example_sensor_decorator to None, run_after=None
[2026-08-21T11:40:56.187+0000] {processor.py:208} INFO - Processing /home/airflow/.local/lib/python3.12/site-packages/airflow/example_dags/example_sensor_decorator.py took 0.213 seconds
[2026-08-21T11:41:30.231+0000] {processor.py:186} INFO - Started process (PID=153) to work on /home/airflow/.local/lib/python3.12/site-packages/airflow/example_dags/example_sensor_decorator.py
[2026-08-21T11:41:30.232+0000] {processor.py:914} INFO - Processing file /home/airflow/.local/lib/python3.12/site-packages/airflow/example_dags/example_sensor_decorator.py for tasks to queue
[2026-08-21T11:41:30.234+0000] {logging_mixin.py:190} INFO - [2026-08-21T11:41:30.234+0000] {dagbag.py:588} INFO - Filling up the DagBag from /home/airflow/.local/lib/python3.12/site-packages/airflow/example_dags/example_sensor_decorator.py
[2026-08-21T11:41:30.242+0000] {processor.py:925} INFO - DAG(s) 'example_sensor_decorator' retrieved from /home/airflow/.local/lib/python3.12/site-packages/airflow/example_dags/example_sensor_decorator.py
[2026-08-21T11:41:30.259+0000] {logging_mixin.py:190} INFO - [2026-08-21T11:41:30.259+0000] {dag.py:3239} INFO - Sync 1 DAGs
[2026-08-21T11:41:30.272+0000] {logging_mixin.py:190} INFO - [2026-08-21T11:41:30.272+0000] {dag.py:4180} INFO - Setting next_dagrun for example_sensor_decorator to None, run_after=None
[2026-08-21T11:41:30.292+0000] {processor.py:208} INFO - Processing /home/airflow/.local/lib/python3.12/site-packages/airflow/example_dags/example_sensor_decorator.py took 0.066 seconds
[2026-08-21T11:42:05.172+0000] {processor.py:186} INFO - Started process (PID=216) to work on /home/airflow/.local/lib/python3.12/site-packages/airflow/example_dags/example_sensor_decorator.py
[2026-08-21T11:42:05.173+0000] {processor.py:914} INFO - Processing file /home/airflow/.local/lib/python3.12/site-packages/airflow/example_dags/example_sensor_decorator.py for tasks to queue
[2026-08-21T11:42:05.176+0000] {logging_mixin.py:190} INFO - [2026-08-21T11:42:05.175+0000] {dagbag.py:588} INFO - Filling up the DagBag from /home/airflow/.local/lib/python3.12/site-packages/airflow/example_dags/example_sensor_decorator.py
[2026-08-21T11:42:05.185+0000] {processor.py:925} INFO - DAG(s) 'example_sensor_decorator' retrieved from /home/airflow/.local/lib/python3.12/site-packages/airflow/example_dags/example_sensor_decorator.py
[2026-08-21T11:42:05.206+0000] {logging_mixin.py:190} INFO - [2026-08-21T11:42:05.205+0000] {dag.py:3239} INFO - Sync 1 DAGs
[2026-08-21T11:42:05.225+0000] {logging_mixin.py:190} INFO - [2026-08-21T11:42:05.225+0000] {dag.py:4180} INFO - Setting next_dagrun for example_sensor_decorator to None, run_after=None
[2026-08-21T11:42:05.244+0000] {processor.py:208} INFO - Processing /home/airflow/.local/lib/python3.12/site-packages/airflow/example_dags/example_sensor_decorator.py took 0.077 seconds
[2026-08-21T11:42:40.691+0000] {processor.py:186} INFO - Started process (PID=279) to work on /home/airflow/.local/lib/python3.12/site-packages/airflow/example_dags/example_sensor_decorator.py
[2026-08-21T11:42:40.691+0000] {processor.py:914} INFO - Processing file /home/airflow/.local/lib/python3.12/site-packages/airflow/example_dags/example_sensor_decorator.py for tasks to queue
[2026-08-21T11:42:40.696+0000] {logging_mixin.py:190} INFO - [2026-08-21T11:42:40.695+0000] {dagbag.py:588} INFO - Filling up the DagBag from /home/airflow/.local/lib/python3.12/site-packages/airflow/example_dags/example_sensor_decorator.py
[2026-08-21T11:42:40.705+0000] {processor.py:925} INFO - DAG(s) 'example_sensor_decorator' retrieved from /home/airflow/.local/lib/python3.12/site-packages/airflow/example_dags/example_sensor_decorator.py
[2026-08-21T11:42:40.729+0000] {logging_mixin.py:190} INFO - [2026-08-21T11:42:40.728+0000] {dag.py:3239} INFO - Sync 1 DAGs
[2026-08-21T11:42:40.745+0000] {logging_mixin.py:190} INFO - [2026-08-21T11:42:40.745+0000] {dag.py:4180} INFO - Setting next_dagrun for example_sensor_decorator to None, run_after=None
[2026-08-21T11:42:40.768+0000] {processor.py:208} INFO - Processing /home/airflow/.local/lib/python3.12/site-packages/airflow/example_dags/example_sensor_decorator.py took 0.085 seconds
[2026-08-21T11:43:15.979+0000] {processor.py:186} INFO - Started process (PID=342) to work on /home/airflow/.local/lib/python3.12/site-packages/airflow/example_dags/example_sensor_decorator.py
[2026-08-21T11:43:15.981+0000] {processor.py:914} INFO - Processing file /home/airflow/.local/lib/python3.12/site-packages/airflow/example_dags/example_sensor_decorator.py for tasks to queue
[2026-08-21T11:43:15.985+0000] {logging_mixin.py:190} INFO - [2026-08-21T11:43:15.984+0000] {dagbag.py:588} INFO - Filling up the DagBag from /home/airflow/.local/lib/python3.12/site-packages/airflow/example_dags/example_sensor_decorator.py
[2026-08-21T11:43:15.996+0000] {processor.py:925} INFO - DAG(s) 'example_sensor_decorator' retrieved from /home/airflow/.local/lib/python3.12/site-packages/airflow/example_dags/example_sensor_decorator.py
[2026-08-21T11:43:16.026+0000] {logging_mixin.py:190} INFO - [2026-08-21T11:43:16.025+0000] {dag.py:3239} INFO - Sync 1 DAGs
[2026-08-21T11:43:16.050+0000] {logging_mixin.py:190} INFO - [2026-08-21T11:43:16.050+0000] {dag.py:4180} INFO - Setting next_dagrun for example_sensor_decorator to None, run_after=None
[2026-08-21T11:43:16.073+0000] {processor.py:208} INFO - Processing /home/airflow/.local/lib/python3.12/site-packages/airflow/example_dags/example_sensor_decorator.py took 0.103 seconds
[2026-08-21T11:43:50.661+0000] {processor.py:186} INFO - Started process (PID=411) to work on /home/airflow/.local/lib/python3.12/site-packages/airflow/example_dags/example_sensor_decorator.py
[2026-08-21T11:43:50.662+0000] {processor.py:914} INFO - Processing file /home/airflow/.local/lib/python3.12/site-packages/airflow/example_dags/example_sensor_decorator.py for tasks to queue
[2026-08-21T11:43:50.664+0000] {logging_mixin.py:190} INFO - [2026-08-21T11:43:50.664+0000] {dagbag.py:588} INFO - Filling up the DagBag from /home/airflow/.local/lib/python3.12/site-packages/airflow/example_dags/example_sensor_decorator.py
[2026-08-21T11:43:50.671+0000] {processor.py:925} INFO - DAG(s) 'example_sensor_decorator' retrieved from /home/airflow/.local/lib/python3.12/site-packages/airflow/example_dags/example_sensor_decorator.py
[2026-08-21T11:43:50.691+0000] {logging_mixin.py:190} INFO - [2026-08-21T11:43:50.691+0000] {dag.py:3239} INFO - Sync 1 DAGs
[2026-08-21T11:43:50.704+0000] {logging_mixin.py:190} INFO - [2026-08-21T11:43:50.704+0000] {dag.py:4180} INFO - Setting next_dagrun for example_sensor_decorator to None, run_after=None
[2026-08-21T11:43:50.725+0000] {processor.py:208} INFO - Processing /home/airflow/.local/lib/python3.12/site-packages/airflow/example_dags/example_sensor_decorator.py took 0.071 seconds
[2026-08-21T11:44:25.402+0000] {processor.py:186} INFO - Started process (PID=474) to work on /home/airflow/.local/lib/python3.12/site-packages/airflow/example_dags/example_sensor_decorator.py
[2026-08-21T11:44:25.403+0000] {processor.py:914} INFO - Processing file /home/airflow/.local/lib/python3.12/site-packages/airflow/example_dags/example_sensor_decorator.py for tasks to queue
[2026-08-21T11:44:25.406+0000] {logging_mixin.py:190} INFO - [2026-08-21T11:44:25.406+0000] {dagbag.py:588} INFO - Filling up the DagBag from /home/airflow/.local/lib/python3.12/site-packages/airflow/example_dags/example_sensor_decorator.py
[2026-08-21T11:44:25.417+0000] {processor.py:925} INFO - DAG(s) 'example_sensor_decorator' retrieved from /home/airflow/.local/lib/python3.12/site-packages/airflow/example_dags/example_sensor_decorator.py
[2026-08-21T11:44:25.437+0000] {logging_mixin.py:190} INFO - [2026-08-21T11:44:25.437+0000] {dag.py:3239} INFO - Sync 1 DAGs
[2026-08-21T11:44:25.455+0000] {logging_mixin.py:190} INFO - [2026-08-21T11:44:25.454+0000] {dag.py:4180} INFO - Setting next_dagrun for example_sensor_decorator to None, run_after=None
[2026-08-21T11:44:25.474+0000] {processor.py:208} INFO - Processing /home/airflow/.local/lib/python3.12/site-packages/airflow/example_dags/example_sensor_decorator.py took 0.079 seconds
[2026-08-21T11:45:02.032+0000] {processor.py:186} INFO - Started process (PID=543) to work on /home/airflow/.local/lib/python3.12/site-packages/airflow/example_dags/example_sensor_decorator.py
[2026-08-21T11:45:02.033+0000] {processor.py:914} INFO - Processing file /home/airflow/.local/lib/python3.12/site-packages/airflow/example_dags/example_sensor_decorator.py for tasks to queue
[2026-08-21T11:45:02.039+0000] {logging_mixin.py:190} INFO - [2026-08-21T11:45:02.038+0000] {dagbag.py:588} INFO - Filling up the DagBag from /home/airflow/.local/lib/python3.12/site-packages/airflow/example_dags/example_sensor_decorator.py
[2026-08-21T11:45:02.052+0000] {processor.py:925} INFO - DAG(s) 'example_sensor_decorator' retrieved from /home/airflow/.local/lib/python3.12/site-packages/airflow/example_dags/example_sensor_decorator.py
[2026-08-21T11:45:02.078+0000] {logging_mixin.py:190} INFO - [2026-08-21T11:45:02.077+0000] {dag.py:3239} INFO - Sync 1 DAGs
[2026-08-21T11:45:02.096+0000] {logging_mixin.py:190} INFO - [2026-08-21T11:45:02.096+0000] {dag.py:4180} INFO - Setting next_dagrun for example_sensor_decorator to None, run_after=None
[2026-08-21T11:45:02.124+0000] {processor.py:208} INFO - Processing /home/airflow/.local/lib/python3.12/site-packages/airflow/example_dags/example_sensor_decorator.py took 0.101 seconds
[2026-08-21T11:45:37.839+0000] {processor.py:186} INFO - Started process (PID=606) to work on /home/airflow/.local/lib/python3.12/site-packages/airflow/example_dags/example_sensor_decorator.py
[2026-08-21T11:45:37.840+0000] {processor.py:914} INFO - Processing file /home/airflow/.local/lib/python3.12/site-packages/airflow/example_dags/example_sensor_decorator.py for tasks to queue
[2026-08-21T11:45:37.843+0000] {logging_mixin.py:190} INFO - [2026-08-21T11:45:37.842+0000] {dagbag.py:588} INFO - Filling up the DagBag from /home/airflow/.local/lib/python3.12/site-packages/airflow/example_dags/example_sensor_decorator.py
[2026-08-21T11:45:37.851+0000] {processor.py:925} INFO - DAG(s) 'example_sensor_decorator' retrieved from /home/airflow/.local/lib/python3.12/site-packages/airflow/example_dags/example_sensor_decorator.py
[2026-08-21T11:45:37.877+0000] {logging_mixin.py:190} INFO - [2026-08-21T11:45:37.877+0000] {dag.py:3239} INFO - Sync 1 DAGs
[2026-08-21T11:45:37.893+0000] {logging_mixin.py:190} INFO - [2026-08-21T11:45:37.893+0000] {dag.py:4180} INFO - Setting next_dagrun for example_sensor_decorator to None, run_after=None
[2026-08-21T11:45:37.917+0000] {processor.py:208} INFO - Processing /home/airflow/.local/lib/python3.12/site-packages/airflow/example_dags/example_sensor_decorator.py took 0.084 seconds
[2026-08-21T11:46:12.796+0000] {processor.py:186} INFO - Started process (PID=669) to work on /home/airflow/.local/lib/python3.12/site-packages/airflow/example_dags/example_sensor_decorator.py
[2026-08-21T11:46:12.797+0000] {processor.py:914} INFO - Processing file /home/airflow/.local/lib/python3.12/site-packages/airflow/example_dags/example_sensor_decorator.py for tasks to queue
[2026-08-21T11:46:12.801+0000] {logging_mixin.py:190} INFO - [2026-08-21T11:46:12.800+0000] {dagbag.py:588} INFO - Filling up the DagBag from /home/airflow/.local/lib/python3.12/site-packages/airflow/example_dags/example_sensor_decorator.py
[2026-08-21T11:46:12.808+0000] {processor.py:925} INFO - DAG(s) 'example_sensor_decorator' retrieved from /home/airflow/.local/lib/python3.12/site-packages/airflow/example_dags/example_sensor_decorator.py
[2026-08-21T11:46:12.825+0000] {logging_mixin.py:190} INFO - [2026-08-21T11:46:12.825+0000] {dag.py:3239} INFO - Sync 1 DAGs
[2026-08-21T11:46:12.840+0000] {logging_mixin.py:190} INFO - [2026-08-21T11:46:12.840+0000] {dag.py:4180} INFO - Setting next_dagrun for example_sensor_decorator to None, run_after=None
[2026-08-21T11:46:12.859+0000] {processor.py:208} INFO - Processing /home/airflow/.local/lib/python3.12/site-packages/airflow/example_dags/example_sensor_decorator.py took 0.069 seconds
[2026-08-21T11:46:48.458+0000] {processor.py:186} INFO - Started process (PID=738) to work on /home/airflow/.local/lib/python3.12/site-packages/airflow/example_dags/example_sensor_decorator.py
[2026-08-21T11:46:48.459+0000] {processor.py:914} INFO - Processing file /home/airflow/.local/lib/python3.12/site-packages/airflow/example_dags/example_sensor_decorator.py for tasks to queue
[2026-08-21T11:46:48.462+0000] {logging_mixin.py:190} INFO - [2026-08-21T11:46:48.461+0000] {dagbag.py:588} INFO - Filling up the DagBag from /home/airflow/.local/lib/python3.12/site-packages/airflow/example_dags/example_sensor_decorator.py
[2026-08-21T11:46:48.469+0000] {processor.py:925} INFO - DAG(s) 'example_sensor_decorator' retrieved from /home/airflow/.local/lib/python3.12/site-packages/airflow/example_dags/example_sensor_decorator.py
[2026-08-21T11:46:48.490+0000] {logging_mixin.py:190} INFO - [2026-08-21T11:46:48.490+0000] {dag.py:3239} INFO - Sync 1 DAGs
[2026-08-21T11:46:48.504+0000] {logging_mixin.py:190} INFO - [2026-08-21T11:46:48.503+0000] {dag.py:4180} INFO - Setting next_dagrun for example_sensor_decorator to None, run_after=None
[2026-08-21T11:46:48.528+0000] {processor.py:208} INFO - Processing /home/airflow/.local/lib/python3.12/site-packages/airflow/example_dags/example_sensor_decorator.py took 0.075 seconds
