[2026-08-21T11:41:00.597+0000] {processor.py:186} INFO - Started process (PID=110) to work on /home/airflow/.local/lib/python3.12/site-packages/airflow/example_dags/example_dag_decorator.py
[2026-08-21T11:41:00.598+0000] {processor.py:914} INFO - Processing file /home/airflow/.local/lib/python3.12/site-packages/airflow/example_dags/example_dag_decorator.py for tasks to queue
[2026-08-21T11:41:00.600+0000] {logging_mixin.py:190} INFO - [2026-08-21T11:41:00.600+0000] {dagbag.py:588} INFO - Filling up the DagBag from /home/airflow/.local/lib/python3.12/site-packages/airflow/example_dags/example_dag_decorator.py
[2026-08-21T11:41:00.722+0000] {processor.py:925} INFO - DAG(s) 'example_dag_decorator' retrieved from /home/airflow/.local/lib/python3.12/site-packages/airflow/example_dags/example_dag_decorator.py
[2026-08-21T11:41:00.822+0000] {logging_mixin.py:190} INFO - [2026-08-21T11:41:00.821+0000] {override.py:1932} INFO - Created Permission View: can read on DAG:example_dag_decorator
[2026-08-21T11:41:00.832+0000] {logging_mixin.py:190} INFO - [2026-08-21T11:41:00.831+0000] {override.py:1932} INFO - Created Permission View: can edit on DAG:example_dag_decorator
[2026-08-21T11:41:00.839+0000] {logging_mixin.py:190} INFO - [2026-08-21T11:41:00.839+0000] {override.py:1932} INFO - Created Permission View: can delete on DAG:example_dag_decorator
[2026-08-21T11:41:00.851+0000] {logging_mixin.py:190} INFO - [2026-08-21T11:41:00.850+0000] {override.py:1932} INFO - Created Permission View: menu access on DAG Run:example_dag_decorator
[2026-08-21T11:41:00.858+0000] {logging_mixin.py:190} INFO - [2026-08-21T11:41:00.858+0000] {override.py:1932} INFO - Created Permission View: can read on DAG Run:example_dag_decorator
[2026-08-21T11:41:00.867+0000] {logging_mixin.py:190} INFO - [2026-08-21T11:41:00.867+0000] {override.py:1932} INFO - Created Permission View: can create on DAG Run:example_dag_decorator
[2026-08-21T11:41:00.876+0000] {logging_mixin.py:190} INFO - [2026-08-21T11:41:00.876+0000] {override.py:1932} INFO - Created Permission View: can delete on DAG Run:example_dag_decorator
[2026-08-21T11:41:00.877+0000] {logging_mixin.py:190} INFO - [2026-08-21T11:41:00.877+0000] {dag.py:3239} INFO - Sync 1 DAGs
[2026-08-21T11:41:00.888+0000] {logging_mixin.py:190} INFO - [2026-08-21T11:41:00.888+0000] {dag.py:3262} INFO - Creating ORM DAG for example_dag_decorator
[2026-08-21T11:41:00.889+0000] {logging_mixin.py:190} INFO - [2026-08-21T11:41:00.889+0000] {dag.py:4180} INFO - Setting next_dagrun for example_dag_decorator to None, run_after=None
[2026-08-21T11:41:00.904+0000] {processor.py:208} INFO - Processing /home/airflow/.local/lib/python3.12/site-packages/airflow/example_dags/example_dag_decorator.py took 0.313 seconds
[2026-08-21T11:41:32.428+0000] {processor.py:186} INFO - Started process (PID=173) to work on /home/airflow/.local/lib/python3.12/site-packages/airflow/example_dags/example_dag_decorator.py
[2026-08-21T11:41:32.428+0000] {processor.py:914} INFO - Processing file /home/airflow/.local/lib/python3.12/site-packages/airflow/example_dags/example_dag_decorator.py for tasks to queue
[2026-08-21T11:41:32.430+0000] {logging_mixin.py:190} INFO - [2026-08-21T11:41:32.430+0000] {dagbag.py:588} INFO - Filling up the DagBag from /home/airflow/.local/lib/python3.12/site-packages/airflow/example_dags/example_dag_decorator.py
[2026-08-21T11:41:32.465+0000] {processor.py:925} INFO - DAG(s) 'example_dag_decorator' retrieved from /home/airflow/.local/lib/python3.12/site-packages/airflow/example_dags/example_dag_decorator.py
[2026-08-21T11:41:32.578+0000] {logging_mixin.py:190} INFO - [2026-08-21T11:41:32.578+0000] {dag.py:3239} INFO - Sync 1 DAGs
[2026-08-21T11:41:32.593+0000] {logging_mixin.py:190} INFO - [2026-08-21T11:41:32.593+0000] {dag.py:4180} INFO - Setting next_dagrun for example_dag_decorator to None, run_after=None
[2026-08-21T11:41:32.611+0000] {processor.py:208} INFO - Processing /home/airflow/.local/lib/python3.12/site-packages/airflow/example_dags/example_dag_decorator.py took 0.189 seconds
[2026-08-21T11:42:07.271+0000] {processor.py:186} INFO - Started process (PID=236) to work on /home/airflow/.local/lib/python3.12/site-packages/airflow/example_dags/example_dag_decorator.py
[2026-08-21T11:42:07.272+0000] {processor.py:914} INFO - Processing file /home/airflow/.local/lib/python3.12/site-packages/airflow/example_dags/example_dag_decorator.py for tasks to queue
[2026-08-21T11:42:07.274+0000] {logging_mixin.py:190} INFO - [2026-08-21T11:42:07.274+0000] {dagbag.py:588} INFO - Filling up the DagBag from /home/airflow/.local/lib/python3.12/site-packages/airflow/example_dags/example_dag_decorator.py
[2026-08-21T11:42:07.318+0000] {processor.py:925} INFO - DAG(s) 'example_dag_decorator' retrieved from /home/airflow/.local/lib/python3.12/site-packages/airflow/example_dags/example_dag_decorator.py
[2026-08-21T11:42:07.449+0000] {logging_mixin.py:190} INFO - [2026-08-21T11:42:07.449+0000] {dag.py:3239} INFO - Sync 1 DAGs
[2026-08-21T11:42:07.464+0000] {logging_mixin.py:190} INFO - [2026-08-21T11:42:07.464+0000] {dag.py:4180} INFO - Setting next_dagrun for example_dag_decorator to None, run_after=None
[2026-08-21T11:42:07.494+0000] {processor.py:208} INFO - Processing /home/airflow/.local/lib/python3.12/site-packages/airflow/example_dags/example_dag_decorator.py took 0.230 seconds
[2026-08-21T11:42:42.828+0000] {processor.py:186} INFO - Started process (PID=299) to work on /home/airflow/.local/lib/python3.12/site-packages/airflow/example_dags/example_dag_decorator.py
[2026-08-21T11:42:42.829+0000] {processor.py:914} INFO - Processing file /home/airflow/.local/lib/python3.12/site-packages/airflow/example_dags/example_dag_decorator.py for tasks to queue
[2026-08-21T11:42:42.831+0000] {logging_mixin.py:190} INFO - [2026-08-21T11:42:42.831+0000] {dagbag.py:588} INFO - Filling up the DagBag from /home/airflow/.local/lib/python3.12/site-packages/airflow/example_dags/example_dag_decorator.py
[2026-08-21T11:42:42.873+0000] {processor.py:925} INFO - DAG(s) 'example_dag_decorator' retrieved from /home/airflow/.local/lib/python3.12/site-packages/airflow/example_dags/example_dag_decorator.py
[2026-08-21T11:42:42.986+0000] {logging_mixin.py:190} INFO - [2026-08-21T11:42:42.985+0000] {dag.py:3239} INFO - Sync 1 DAGs
[2026-08-21T11:42:43.002+0000] {logging_mixin.py:190} INFO - [2026-08-21T11:42:43.001+0000] {dag.py:4180} INFO - Setting next_dagrun for example_dag_decorator to None, run_after=None
[2026-08-21T11:42:43.023+0000] {processor.py:208} INFO - Processing /home/airflow/.local/lib/python3.12/site-packages/airflow/example_dags/example_dag_decorator.py took 0.202 seconds
[2026-08-21T11:43:18.287+0000] {processor.py:186} INFO - Started process (PID=368) to work on /home/airflow/.local/lib/python3.12/site-packages/airflow/example_dags/example_dag_decorator.py
[2026-08-21T11:43:18.288+0000] {processor.py:914} INFO - Processing file /home/airflow/.local/lib/python3.12/site-packages/airflow/example_dags/example_dag_decorator.py for tasks to queue
[2026-08-21T11:43:18.290+0000] {logging_mixin.py:190} INFO - [2026-08-21T11:43:18.290+0000] {dagbag.py:588} INFO - Filling up the DagBag from /home/airflow/.local/lib/python3.12/site-packages/airflow/example_dags/example_dag_decorator.py
[2026-08-21T11:43:18.343+0000] {processor.py:925} INFO - DAG(s) 'example_dag_decorator' retrieved from /home/airflow/.local/lib/python3.12/site-packages/airflow/example_dags/example_dag_decorator.py
[2026-08-21T11:43:18.467+0000] {logging_mixin.py:190} INFO - [2026-08-21T11:43:18.466+0000] {dag.py:3239} INFO - Sync 1 DAGs
[2026-08-21T11:43:18.481+0000] {logging_mixin.py:190} INFO - [2026-08-21T11:43:18.481+0000] {dag.py:4180} INFO - Setting next_dagrun for example_dag_decorator to None, run_after=None
[2026-08-21T11:43:18.511+0000] {processor.py:208} INFO - Processing /home/airflow/.local/lib/python3.12/site-packages/airflow/example_dags/example_dag_decorator.py took 0.233 seconds
[2026-08-21T11:43:51.884+0000] {processor.py:186} INFO - Started process (PID=430) to work on /home/airflow/.local/lib/python3.12/site-packages/airflow/example_dags/example_dag_decorator.py
[2026-08-21T11:43:51.884+0000] {processor.py:914} INFO - Processing file /home/airflow/.local/lib/python3.12/site-packages/airflow/example_dags/example_dag_decorator.py for tasks to queue
[2026-08-21T11:43:51.886+0000] {logging_mixin.py:190} INFO - [2026-08-21T11:43:51.886+0000] {dagbag.py:588} INFO - Filling up the DagBag from /home/airflow/.local/lib/python3.12/site-packages/airflow/example_dags/example_dag_decorator.py
[2026-08-21T11:43:51.924+0000] {processor.py:925} INFO - DAG(s) 'example_dag_decorator' retrieved from /home/airflow/.local/lib/python3.12/site-packages/airflow/example_dags/example_dag_decorator.py
[2026-08-21T11:43:52.027+0000] {logging_mixin.py:190} INFO - [2026-08-21T11:43:52.027+0000] {dag.py:3239} INFO - Sync 1 DAGs
[2026-08-21T11:43:52.040+0000] {logging_mixin.py:190} INFO - [2026-08-21T11:43:52.040+0000] {dag.py:4180} INFO - Setting next_dagrun for example_dag_decorator to None, run_after=None
[2026-08-21T11:43:52.059+0000] {processor.py:208} INFO - Processing /home/airflow/.local/lib/python3.12/site-packages/airflow/example_dags/example_dag_decorator.py took 0.181 seconds
[2026-08-21T11:44:27.003+0000] {processor.py:186} INFO - Started process (PID=499) to work on /home/airflow/.local/lib/python3.12/site-packages/airflow/example_dags/example_dag_decorator.py
[2026-08-21T11:44:27.005+0000] {processor.py:914} INFO - Processing file /home/airflow/.local/lib/python3.12/site-packages/airflow/example_dags/example_dag_decorator.py for tasks to queue
[2026-08-21T11:44:27.007+0000] {logging_mixin.py:190} INFO - [2026-08-21T11:44:27.006+0000] {dagbag.py:588} INFO - Filling up the DagBag from /home/airflow/.local/lib/python3.12/site-packages/airflow/example_dags/example_dag_decorator.py
[2026-08-21T11:44:27.052+0000] {processor.py:925} INFO - DAG(s) 'example_dag_decorator' retrieved from /home/airflow/.local/lib/python3.12/site-packages/airflow/example_dags/example_dag_decorator.py
[2026-08-21T11:44:27.164+0000] {logging_mixin.py:190} INFO - [2026-08-21T11:44:27.164+0000] {dag.py:3239} INFO - Sync 1 DAGs
[2026-08-21T11:44:27.177+0000] {logging_mixin.py:190} INFO - [2026-08-21T11:44:27.177+0000] {dag.py:4180} INFO - Setting next_dagrun for example_dag_decorator to None, run_after=None
[2026-08-21T11:44:27.198+0000] {processor.py:208} INFO - Processing /home/airflow/.local/lib/python3.12/site-packages/airflow/example_dags/example_dag_decorator.py took 0.204 seconds
[2026-08-21T11:45:03.465+0000] {processor.py:186} INFO - Started process (PID=562) to work on /home/airflow/.local/lib/python3.12/site-packages/airflow/example_dags/example_dag_decorator.py
[2026-08-21T11:45:03.466+0000] {processor.py:914} INFO - Processing file /home/airflow/.local/lib/python3.12/site-packages/airflow/example_dags/example_dag_decorator.py for tasks to queue
[2026-08-21T11:45:03.469+0000] {logging_mixin.py:190} INFO - [2026-08-21T11:45:03.469+0000] {dagbag.py:588} INFO - Filling up the DagBag from /home/airflow/.local/lib/python3.12/site-packages/airflow/example_dags/example_dag_decorator.py
[2026-08-21T11:45:03.519+0000] {processor.py:925} INFO - DAG(s) 'example_dag_decorator' retrieved from /home/airflow/.local/lib/python3.12/site-packages/airflow/example_dags/example_dag_decorator.py
[2026-08-21T11:45:03.658+0000] {logging_mixin.py:190} INFO - [2026-08-21T11:45:03.657+0000] {dag.py:3239} INFO - Sync 1 DAGs
[2026-08-21T11:45:03.670+0000] {logging_mixin.py:190} INFO - [2026-08-21T11:45:03.670+0000] {dag.py:4180} INFO - Setting next_dagrun for example_dag_decorator to None, run_after=None
[2026-08-21T11:45:03.694+0000] {processor.py:208} INFO - Processing /home/airflow/.local/lib/python3.12/site-packages/airflow/example_dags/example_dag_decorator.py took 0.237 seconds
[2026-08-21T11:45:39.212+0000] {processor.py:186} INFO - Started process (PID=625) to work on /home/airflow/.local/lib/python3.12/site-packages/airflow/example_dags/example_dag_decorator.py
[2026-08-21T11:45:39.213+0000] {processor.py:914} INFO - Processing file /home/airflow/.local/lib/python3.12/site-packages/airflow/example_dags/example_dag_decorator.py for tasks to queue
[2026-08-21T11:45:39.217+0000] {logging_mixin.py:190} INFO - [2026-08-21T11:45:39.216+0000] {dagbag.py:588} INFO - Filling up the DagBag from /home/airflow/.local/lib/python3.12/site-packages/airflow/example_dags/example_dag_decorator.py
[2026-08-21T11:45:39.260+0000] {processor.py:925} INFO - DAG(s) 'example_dag_decorator' retrieved from /home/airflow/.local/lib/python3.12/site-packages/airflow/example_dags/example_dag_decorator.py
[2026-08-21T11:45:39.404+0000] {logging_mixin.py:190} INFO - [2026-08-21T11:45:39.404+0000] {dag.py:3239} INFO - Sync 1 DAGs
[2026-08-21T11:45:39.425+0000] {logging_mixin.py:190} INFO - [2026-08-21T11:45:39.424+0000] {dag.py:4180} INFO - Setting next_dagrun for example_dag_decorator to None, run_after=None
[2026-08-21T11:45:39.459+0000] {processor.py:208} INFO - Processing /home/airflow/.local/lib/python3.12/site-packages/airflow/example_dags/example_dag_decorator.py took 0.253 seconds
[2026-08-21T11:46:13.935+0000] {processor.py:186} INFO - Started process (PID=688) to work on /home/airflow/.local/lib/python3.12/site-packages/airflow/example_dags/example_dag_decorator.py
[2026-08-21T11:46:13.937+0000] {processor.py:914} INFO - Processing file /home/airflow/.local/lib/python3.12/site-packages/airflow/example_dags/example_dag_decorator.py for tasks to queue
[2026-08-21T11:46:13.940+0000] {logging_mixin.py:190} INFO - [2026-08-21T11:46:13.940+0000] {dagbag.py:588} INFO - Filling up the DagBag from /home/airflow/.local/lib/python3.12/site-packages/airflow/example_dags/example_dag_decorator.py
[2026-08-21T11:46:13.978+0000] {processor.py:925} INFO - DAG(s) 'example_dag_decorator' retrieved from /home/airflow/.local/lib/python3.12/site-packages/airflow/example_dags/example_dag_decorator.py
[2026-08-21T11:46:14.089+0000] {logging_mixin.py:190} INFO - [2026-08-21T11:46:14.088+0000] {dag.py:3239} INFO - Sync 1 DAGs
[2026-08-21T11:46:14.103+0000] {logging_mixin.py:190} INFO - [2026-08-21T11:46:14.102+0000] {dag.py:4180} INFO - Setting next_dagrun for example_dag_decorator to None, run_after=None
[2026-08-21T11:46:14.122+0000] {processor.py:208} INFO - Processing /home/airflow/.local/lib/python3.12/site-packages/airflow/example_dags/example_dag_decorator.py took 0.194 seconds
[2026-08-21T11:46:49.916+0000] {processor.py:186} INFO - Started process (PID=757) to work on /home/airflow/.local/lib/python3.12/site-packages/airflow/example_dags/example_dag_decorator.py
[2026-08-21T11:46:49.918+0000] {processor.py:914} INFO - Processing file /home/airflow/.local/lib/python3.12/site-packages/airflow/example_dags/example_dag_decorator.py for tasks to queue
[2026-08-21T11:46:49.922+0000] {logging_mixin.py:190} INFO - [2026-08-21T11:46:49.921+0000] {dagbag.py:588} INFO - Filling up the DagBag from /home/airflow/.local/lib/python3.12/site-packages/airflow/example_dags/example_dag_decorator.py
[2026-08-21T11:46:49.975+0000] {processor.py:925} INFO - DAG(s) 'example_dag_decorator' retrieved from /home/airflow/.local/lib/python3.12/site-packages/airflow/example_dags/example_dag_decorator.py
[2026-08-21T11:46:50.096+0000] {logging_mixin.py:190} INFO - [2026-08-21T11:46:50.096+0000] {dag.py:3239} INFO - Sync 1 DAGs
[2026-08-21T11:46:50.107+0000] {logging_mixin.py:190} INFO - [2026-08-21T11:46:50.107+0000] {dag.py:4180} INFO - Setting next_dagrun for example_dag_decorator to None, run_after=None
[2026-08-21T11:46:50.131+0000] {processor.py:208} INFO - Processing /home/airflow/.local/lib/python3.12/site-packages/airflow/example_dags/example_dag_decorator.py took 0.226 seconds
