[2026-08-21T11:40:57.307+0000] {processor.py:186} INFO - Started process (PID=98) to work on /home/airflow/.local/lib/python3.12/site-packages/airflow/example_dags/example_branch_datetime_operator.py
[2026-08-21T11:40:57.308+0000] {processor.py:914} INFO - Processing file /home/airflow/.local/lib/python3.12/site-packages/airflow/example_dags/example_branch_datetime_operator.py for tasks to queue
[2026-08-21T11:40:57.311+0000] {logging_mixin.py:190} INFO - [2026-08-21T11:40:57.310+0000] {dagbag.py:588} INFO - Filling up the DagBag from /home/airflow/.local/lib/python3.12/site-packages/airflow/example_dags/example_branch_datetime_operator.py
[2026-08-21T11:40:57.326+0000] {processor.py:925} INFO - DAG(s) 'example_branch_datetime_operator_2', 'example_branch_datetime_operator_3', 'example_branch_datetime_operator' retrieved from /home/airflow/.local/lib/python3.12/site-packages/airflow/example_dags/example_branch_datetime_operator.py
[2026-08-21T11:40:57.435+0000] {logging_mixin.py:190} INFO - [2026-08-21T11:40:57.434+0000] {override.py:1932} INFO - Created Permission View: can read on DAG:example_branch_datetime_operator_2
[2026-08-21T11:40:57.445+0000] {logging_mixin.py:190} INFO - [2026-08-21T11:40:57.445+0000] {override.py:1932} INFO - Created Permission View: can edit on DAG:example_branch_datetime_operator_2
[2026-08-21T11:40:57.453+0000] {logging_mixin.py:190} INFO - [2026-08-21T11:40:57.452+0000] {override.py:1932} INFO - Created Permission View: can delete on DAG:example_branch_datetime_operator_2
[2026-08-21T11:40:57.464+0000] {logging_mixin.py:190} INFO - [2026-08-21T11:40:57.464+0000] {override.py:1932} INFO - Created Permission View: menu access on DAG Run:example_branch_datetime_operator_2
[2026-08-21T11:40:57.472+0000] {logging_mixin.py:190} INFO - [2026-08-21T11:40:57.471+0000] {override.py:1932} INFO - Created Permission View: can read on DAG Run:example_branch_datetime_operator_2
[2026-08-21T11:40:57.480+0000] {logging_mixin.py:190} INFO - [2026-08-21T11:40:57.479+0000] {override.py:1932} INFO - Created Permission View: can create on DAG Run:example_branch_datetime_operator_2
[2026-08-21T11:40:57.487+0000] {logging_mixin.py:190} INFO - [2026-08-21T11:40:57.486+0000] {override.py:1932} INFO - Created Permission View: can delete on DAG Run:example_branch_datetime_operator_2
[2026-08-21T11:40:57.506+0000] {logging_mixin.py:190} INFO - [2026-08-21T11:40:57.506+0000] {override.py:1932} INFO - Created Permission View: can read on DAG:example_branch_datetime_operator_3
[2026-08-21T11:40:57.515+0000] {logging_mixin.py:190} INFO - [2026-08-21T11:40:57.514+0000] {override.py:1932} INFO - Created Permission View: can edit on DAG:example_branch_datetime_operator_3
[2026-08-21T11:40:57.522+0000] {logging_mixin.py:190} INFO - [2026-08-21T11:40:57.522+0000] {override.py:1932} INFO - Created Permission View: can delete on DAG:example_branch_datetime_operator_3
[2026-08-21T11:40:57.534+0000] {logging_mixin.py:190} INFO - [2026-08-21T11:40:57.534+0000] {override.py:1932} INFO - Created Permission View: menu access on DAG Run:example_branch_datetime_operator_3
[2026-08-21T11:40:57.541+0000] {logging_mixin.py:190} INFO - [2026-08-21T11:40:57.541+0000] {override.py:1932} INFO - Created Permission View: can read on DAG Run:example_branch_datetime_operator_3
[2026-08-21T11:40:57.547+0000] {logging_mixin.py:190} INFO - [2026-08-21T11:40:57.547+0000] {override.py:1932} INFO - Created Permission View: can create on DAG Run:example_branch_datetime_operator_3
[2026-08-21T11:40:57.555+0000] {logging_mixin.py:190} INFO - [2026-08-21T11:40:57.554+0000] {override.py:1932} INFO - Created Permission View: can delete on DAG Run:example_branch_datetime_operator_3
[2026-08-21T11:40:57.568+0000] {logging_mixin.py:190} INFO - [2026-08-21T11:40:57.568+0000] {override.py:1932} INFO - Created Permission View: can read on DAG:example_branch_datetime_operator
[2026-08-21T11:40:57.575+0000] {logging_mixin.py:190} INFO - [2026-08-21T11:40:57.574+0000] {override.py:1932} INFO - Created Permission View: can edit on DAG:example_branch_datetime_operator
[2026-08-21T11:40:57.582+0000] {logging_mixin.py:190} INFO - [2026-08-21T11:40:57.582+0000] {override.py:1932} INFO - Created Permission View: can delete on DAG:example_branch_datetime_operator
[2026-08-21T11:40:57.591+0000] {logging_mixin.py:190} INFO - [2026-08-21T11:40:57.590+0000] {override.py:1932} INFO - Created Permission View: menu access on DAG Run:example_branch_datetime_operator
[2026-08-21T11:40:57.601+0000] {logging_mixin.py:190} INFO - [2026-08-21T11:40:57.601+0000] {override.py:1932} INFO - Created Permission View: can read on DAG Run:example_branch_datetime_operator
[2026-08-21T11:40:57.608+0000] {logging_mixin.py:190} INFO - [2026-08-21T11:40:57.608+0000] {override.py:1932} INFO - Created Permission View: can create on DAG Run:example_branch_datetime_operator
[2026-08-21T11:40:57.616+0000] {logging_mixin.py:190} INFO - [2026-08-21T11:40:57.616+0000] {override.py:1932} INFO - Created Permission View: can delete on DAG Run:example_branch_datetime_operator
[2026-08-21T11:40:57.616+0000] {logging_mixin.py:190} INFO - [2026-08-21T11:40:57.616+0000] {dag.py:3239} INFO - Sync 3 DAGs
[2026-08-21T11:40:57.632+0000] {logging_mixin.py:190} INFO - [2026-08-21T11:40:57.632+0000] {dag.py:3262} INFO - Creating ORM DAG for example_branch_datetime_operator_3
[2026-08-21T11:40:57.633+0000] {logging_mixin.py:190} INFO - [2026-08-21T11:40:57.633+0000] {dag.py:3262} INFO - Creating ORM DAG for example_branch_datetime_operator_2
[2026-08-21T11:40:57.635+0000] {logging_mixin.py:190} INFO - [2026-08-21T11:40:57.634+0000] {dag.py:3262} INFO - Creating ORM DAG for example_branch_datetime_operator
[2026-08-21T11:40:57.645+0000] {logging_mixin.py:190} INFO - [2026-08-21T11:40:57.644+0000] {dag.py:4180} INFO - Setting next_dagrun for example_branch_datetime_operator to 2026-08-20 00:00:00+00:00, run_after=2026-08-21 00:00:00+00:00
[2026-08-21T11:40:57.646+0000] {logging_mixin.py:190} INFO - [2026-08-21T11:40:57.646+0000] {dag.py:4180} INFO - Setting next_dagrun for example_branch_datetime_operator_2 to 2026-08-20 00:00:00+00:00, run_after=2026-08-21 00:00:00+00:00
[2026-08-21T11:40:57.647+0000] {logging_mixin.py:190} INFO - [2026-08-21T11:40:57.647+0000] {dag.py:4180} INFO - Setting next_dagrun for example_branch_datetime_operator_3 to 2026-08-20 00:00:00+00:00, run_after=2026-08-21 00:00:00+00:00
[2026-08-21T11:40:57.666+0000] {processor.py:208} INFO - Processing /home/airflow/.local/lib/python3.12/site-packages/airflow/example_dags/example_branch_datetime_operator.py took 0.364 seconds
[2026-08-21T11:41:30.579+0000] {processor.py:186} INFO - Started process (PID=160) to work on /home/airflow/.local/lib/python3.12/site-packages/airflow/example_dags/example_branch_datetime_operator.py
[2026-08-21T11:41:30.581+0000] {processor.py:914} INFO - Processing file /home/airflow/.local/lib/python3.12/site-packages/airflow/example_dags/example_branch_datetime_operator.py for tasks to queue
[2026-08-21T11:41:30.584+0000] {logging_mixin.py:190} INFO - [2026-08-21T11:41:30.584+0000] {dagbag.py:588} INFO - Filling up the DagBag from /home/airflow/.local/lib/python3.12/site-packages/airflow/example_dags/example_branch_datetime_operator.py
[2026-08-21T11:41:30.597+0000] {processor.py:925} INFO - DAG(s) 'example_branch_datetime_operator', 'example_branch_datetime_operator_3', 'example_branch_datetime_operator_2' retrieved from /home/airflow/.local/lib/python3.12/site-packages/airflow/example_dags/example_branch_datetime_operator.py
[2026-08-21T11:41:30.622+0000] {logging_mixin.py:190} INFO - [2026-08-21T11:41:30.621+0000] {dag.py:3239} INFO - Sync 3 DAGs
[2026-08-21T11:41:30.643+0000] {logging_mixin.py:190} INFO - [2026-08-21T11:41:30.643+0000] {dag.py:4180} INFO - Setting next_dagrun for example_branch_datetime_operator to 2026-08-20 00:00:00+00:00, run_after=2026-08-21 00:00:00+00:00
[2026-08-21T11:41:30.650+0000] {logging_mixin.py:190} INFO - [2026-08-21T11:41:30.650+0000] {dag.py:4180} INFO - Setting next_dagrun for example_branch_datetime_operator_2 to 2026-08-20 00:00:00+00:00, run_after=2026-08-21 00:00:00+00:00
[2026-08-21T11:41:30.654+0000] {logging_mixin.py:190} INFO - [2026-08-21T11:41:30.654+0000] {dag.py:4180} INFO - Setting next_dagrun for example_branch_datetime_operator_3 to 2026-08-20 00:00:00+00:00, run_after=2026-08-21 00:00:00+00:00
[2026-08-21T11:41:30.669+0000] {processor.py:208} INFO - Processing /home/airflow/.local/lib/python3.12/site-packages/airflow/example_dags/example_branch_datetime_operator.py took 0.097 seconds
[2026-08-21T11:42:05.757+0000] {processor.py:186} INFO - Started process (PID=224) to work on /home/airflow/.local/lib/python3.12/site-packages/airflow/example_dags/example_branch_datetime_operator.py
[2026-08-21T11:42:05.758+0000] {processor.py:914} INFO - Processing file /home/airflow/.local/lib/python3.12/site-packages/airflow/example_dags/example_branch_datetime_operator.py for tasks to queue
[2026-08-21T11:42:05.761+0000] {logging_mixin.py:190} INFO - [2026-08-21T11:42:05.760+0000] {dagbag.py:588} INFO - Filling up the DagBag from /home/airflow/.local/lib/python3.12/site-packages/airflow/example_dags/example_branch_datetime_operator.py
[2026-08-21T11:42:05.772+0000] {processor.py:925} INFO - DAG(s) 'example_branch_datetime_operator_2', 'example_branch_datetime_operator', 'example_branch_datetime_operator_3' retrieved from /home/airflow/.local/lib/python3.12/site-packages/airflow/example_dags/example_branch_datetime_operator.py
[2026-08-21T11:42:05.802+0000] {logging_mixin.py:190} INFO - [2026-08-21T11:42:05.802+0000] {dag.py:3239} INFO - Sync 3 DAGs
[2026-08-21T11:42:05.828+0000] {logging_mixin.py:190} INFO - [2026-08-21T11:42:05.828+0000] {dag.py:4180} INFO - Setting next_dagrun for example_branch_datetime_operator to 2026-08-20 00:00:00+00:00, run_after=2026-08-21 00:00:00+00:00
[2026-08-21T11:42:05.833+0000] {logging_mixin.py:190} INFO - [2026-08-21T11:42:05.833+0000] {dag.py:4180} INFO - Setting next_dagrun for example_branch_datetime_operator_2 to 2026-08-20 00:00:00+00:00, run_after=2026-08-21 00:00:00+00:00
[2026-08-21T11:42:05.836+0000] {logging_mixin.py:190} INFO - [2026-08-21T11:42:05.836+0000] {dag.py:4180} INFO - Setting next_dagrun for example_branch_datetime_operator_3 to 2026-08-20 00:00:00+00:00, run_after=2026-08-21 00:00:00+00:00
[2026-08-21T11:42:05.858+0000] {processor.py:208} INFO - Processing /home/airflow/.local/lib/python3.12/site-packages/airflow/example_dags/example_branch_datetime_operator.py took 0.106 seconds
[2026-08-21T11:42:41.293+0000] {processor.py:186} INFO - Started process (PID=287) to work on /home/airflow/.local/lib/python3.12/site-packages/airflow/example_dags/example_branch_datetime_operator.py
[2026-08-21T11:42:41.294+0000] {processor.py:914} INFO - Processing file /home/airflow/.local/lib/python3.12/site-packages/airflow/example_dags/example_branch_datetime_operator.py for tasks to queue
[2026-08-21T11:42:41.297+0000] {logging_mixin.py:190} INFO - [2026-08-21T11:42:41.297+0000] {dagbag.py:588} INFO - Filling up the DagBag from /home/airflow/.local/lib/python3.12/site-packages/airflow/example_dags/example_branch_datetime_operator.py
[2026-08-21T11:42:41.310+0000] {processor.py:925} INFO - DAG(s) 'example_branch_datetime_operator_2', 'example_branch_datetime_operator_3', 'example_branch_datetime_operator' retrieved from /home/airflow/.local/lib/python3.12/site-packages/airflow/example_dags/example_branch_datetime_operator.py
[2026-08-21T11:42:41.344+0000] {logging_mixin.py:190} INFO - [2026-08-21T11:42:41.344+0000] {dag.py:3239} INFO - Sync 3 DAGs
[2026-08-21T11:42:41.373+0000] {logging_mixin.py:190} INFO - [2026-08-21T11:42:41.373+0000] {dag.py:4180} INFO - Setting next_dagrun for example_branch_datetime_operator to 2026-08-20 00:00:00+00:00, run_after=2026-08-21 00:00:00+00:00
[2026-08-21T11:42:41.378+0000] {logging_mixin.py:190} INFO - [2026-08-21T11:42:41.378+0000] {dag.py:4180} INFO - Setting next_dagrun for example_branch_datetime_operator_2 to 2026-08-20 00:00:00+00:00, run_after=2026-08-21 00:00:00+00:00
[2026-08-21T11:42:41.381+0000] {logging_mixin.py:190} INFO - [2026-08-21T11:42:41.381+0000] {dag.py:4180} INFO - Setting next_dagrun for example_branch_datetime_operator_3 to 2026-08-20 00:00:00+00:00, run_after=2026-08-21 00:00:00+00:00
[2026-08-21T11:42:41.405+0000] {processor.py:208} INFO - Processing /home/airflow/.local/lib/python3.12/site-packages/airflow/example_dags/example_branch_datetime_operator.py took 0.120 seconds
[2026-08-21T11:43:16.614+0000] {processor.py:186} INFO - Started process (PID=350) to work on /home/airflow/.local/lib/python3.12/site-packages/airflow/example_dags/example_branch_datetime_operator.py
[2026-08-21T11:43:16.615+0000] {processor.py:914} INFO - Processing file /home/airflow/.local/lib/python3.12/site-packages/airflow/example_dags/example_branch_datetime_operator.py for tasks to queue
[2026-08-21T11:43:16.617+0000] {logging_mixin.py:190} INFO - [2026-08-21T11:43:16.616+0000] {dagbag.py:588} INFO - Filling up the DagBag from /home/airflow/.local/lib/python3.12/site-packages/airflow/example_dags/example_branch_datetime_operator.py
[2026-08-21T11:43:16.630+0000] {processor.py:925} INFO - DAG(s) 'example_branch_datetime_operator_3', 'example_branch_datetime_operator_2', 'example_branch_datetime_operator' retrieved from /home/airflow/.local/lib/python3.12/site-packages/airflow/example_dags/example_branch_datetime_operator.py
[2026-08-21T11:43:16.662+0000] {logging_mixin.py:190} INFO - [2026-08-21T11:43:16.662+0000] {dag.py:3239} INFO - Sync 3 DAGs
[2026-08-21T11:43:16.692+0000] {logging_mixin.py:190} INFO - [2026-08-21T11:43:16.692+0000] {dag.py:4180} INFO - Setting next_dagrun for example_branch_datetime_operator to 2026-08-20 00:00:00+00:00, run_after=2026-08-21 00:00:00+00:00
[2026-08-21T11:43:16.697+0000] {logging_mixin.py:190} INFO - [2026-08-21T11:43:16.697+0000] {dag.py:4180} INFO - Setting next_dagrun for example_branch_datetime_operator_2 to 2026-08-20 00:00:00+00:00, run_after=2026-08-21 00:00:00+00:00
[2026-08-21T11:43:16.701+0000] {logging_mixin.py:190} INFO - [2026-08-21T11:43:16.701+0000] {dag.py:4180} INFO - Setting next_dagrun for example_branch_datetime_operator_3 to 2026-08-20 00:00:00+00:00, run_after=2026-08-21 00:00:00+00:00
[2026-08-21T11:43:16.725+0000] {processor.py:208} INFO - Processing /home/airflow/.local/lib/python3.12/site-packages/airflow/example_dags/example_branch_datetime_operator.py took 0.117 seconds
[2026-08-21T11:43:51.034+0000] {processor.py:186} INFO - Started process (PID=418) to work on /home/airflow/.local/lib/python3.12/site-packages/airflow/example_dags/example_branch_datetime_operator.py
[2026-08-21T11:43:51.034+0000] {processor.py:914} INFO - Processing file /home/airflow/.local/lib/python3.12/site-packages/airflow/example_dags/example_branch_datetime_operator.py for tasks to queue
[2026-08-21T11:43:51.036+0000] {logging_mixin.py:190} INFO - [2026-08-21T11:43:51.036+0000] {dagbag.py:588} INFO - Filling up the DagBag from /home/airflow/.local/lib/python3.12/site-packages/airflow/example_dags/example_branch_datetime_operator.py
[2026-08-21T11:43:51.047+0000] {processor.py:925} INFO - DAG(s) 'example_branch_datetime_operator', 'example_branch_datetime_operator_3', 'example_branch_datetime_operator_2' retrieved from /home/airflow/.local/lib/python3.12/site-packages/airflow/example_dags/example_branch_datetime_operator.py
[2026-08-21T11:43:51.076+0000] {logging_mixin.py:190} INFO - [2026-08-21T11:43:51.076+0000] {dag.py:3239} INFO - Sync 3 DAGs
[2026-08-21T11:43:51.104+0000] {logging_mixin.py:190} INFO - [2026-08-21T11:43:51.104+0000] {dag.py:4180} INFO - Setting next_dagrun for example_branch_datetime_operator to 2026-08-20 00:00:00+00:00, run_after=2026-08-21 00:00:00+00:00
[2026-08-21T11:43:51.109+0000] {logging_mixin.py:190} INFO - [2026-08-21T11:43:51.108+0000] {dag.py:4180} INFO - Setting next_dagrun for example_branch_datetime_operator_2 to 2026-08-20 00:00:00+00:00, run_after=2026-08-21 00:00:00+00:00
[2026-08-21T11:43:51.111+0000] {logging_mixin.py:190} INFO - [2026-08-21T11:43:51.111+0000] {dag.py:4180} INFO - Setting next_dagrun for example_branch_datetime_operator_3 to 2026-08-20 00:00:00+00:00, run_after=2026-08-21 00:00:00+00:00
[2026-08-21T11:43:51.133+0000] {processor.py:208} INFO - Processing /home/airflow/.local/lib/python3.12/site-packages/airflow/example_dags/example_branch_datetime_operator.py took 0.105 seconds
[2026-08-21T11:44:26.231+0000] {processor.py:186} INFO - Started process (PID=487) to work on /home/airflow/.local/lib/python3.12/site-packages/airflow/example_dags/example_branch_datetime_operator.py
[2026-08-21T11:44:26.232+0000] {processor.py:914} INFO - Processing file /home/airflow/.local/lib/python3.12/site-packages/airflow/example_dags/example_branch_datetime_operator.py for tasks to queue
[2026-08-21T11:44:26.234+0000] {logging_mixin.py:190} INFO - [2026-08-21T11:44:26.234+0000] {dagbag.py:588} INFO - Filling up the DagBag from /home/airflow/.local/lib/python3.12/site-packages/airflow/example_dags/example_branch_datetime_operator.py
[2026-08-21T11:44:26.248+0000] {processor.py:925} INFO - DAG(s) 'example_branch_datetime_operator_2', 'example_branch_datetime_operator_3', 'example_branch_datetime_operator' retrieved from /home/airflow/.local/lib/python3.12/site-packages/airflow/example_dags/example_branch_datetime_operator.py
[2026-08-21T11:44:26.275+0000] {logging_mixin.py:190} INFO - [2026-08-21T11:44:26.275+0000] {dag.py:3239} INFO - Sync 3 DAGs
[2026-08-21T11:44:26.304+0000] {logging_mixin.py:190} INFO - [2026-08-21T11:44:26.303+0000] {dag.py:4180} INFO - Setting next_dagrun for example_branch_datetime_operator to 2026-08-20 00:00:00+00:00, run_after=2026-08-21 00:00:00+00:00
[2026-08-21T11:44:26.308+0000] {logging_mixin.py:190} INFO - [2026-08-21T11:44:26.308+0000] {dag.py:4180} INFO - Setting next_dagrun for example_branch_datetime_operator_2 to 2026-08-20 00:00:00+00:00, run_after=2026-08-21 00:00:00+00:00
[2026-08-21T11:44:26.311+0000] {logging_mixin.py:190} INFO - [2026-08-21T11:44:26.310+0000] {dag.py:4180} INFO - Setting next_dagrun for example_branch_datetime_operator_3 to 2026-08-20 00:00:00+00:00, run_after=2026-08-21 00:00:00+00:00
[2026-08-21T11:44:26.331+0000] {processor.py:208} INFO - Processing /home/airflow/.local/lib/python3.12/site-packages/airflow/example_dags/example_branch_datetime_operator.py took 0.106 seconds
[2026-08-21T11:45:02.519+0000] {processor.py:186} INFO - Started process (PID=550) to work on /home/airflow/.local/lib/python3.12/site-packages/airflow/example_dags/example_branch_datetime_operator.py
[2026-08-21T11:45:02.520+0000] {processor.py:914} INFO - Processing file /home/airflow/.local/lib/python3.12/site-packages/airflow/example_dags/example_branch_datetime_operator.py for tasks to queue
[2026-08-21T11:45:02.523+0000] {logging_mixin.py:190} INFO - [2026-08-21T11:45:02.523+0000] {dagbag.py:588} INFO - Filling up the DagBag from /home/airflow/.local/lib/python3.12/site-packages/airflow/example_dags/example_branch_datetime_operator.py
[2026-08-21T11:45:02.542+0000] {processor.py:925} INFO - DAG(s) 'example_branch_datetime_operator', 'example_branch_datetime_operator_3', 'example_branch_datetime_operator_2' retrieved from /home/airflow/.local/lib/python3.12/site-packages/airflow/example_dags/example_branch_datetime_operator.py
[2026-08-21T11:45:02.573+0000] {logging_mixin.py:190} INFO - [2026-08-21T11:45:02.573+0000] {dag.py:3239} INFO - Sync 3 DAGs
[2026-08-21T11:45:02.611+0000] {logging_mixin.py:190} INFO - [2026-08-21T11:45:02.610+0000] {dag.py:4180} INFO - Setting next_dagrun for example_branch_datetime_operator to 2026-08-20 00:00:00+00:00, run_after=2026-08-21 00:00:00+00:00
[2026-08-21T11:45:02.617+0000] {logging_mixin.py:190} INFO - [2026-08-21T11:45:02.616+0000] {dag.py:4180} INFO - Setting next_dagrun for example_branch_datetime_operator_2 to 2026-08-20 00:00:00+00:00, run_after=2026-08-21 00:00:00+00:00
[2026-08-21T11:45:02.621+0000] {logging_mixin.py:190} INFO - [2026-08-21T11:45:02.620+0000] {dag.py:4180} INFO - Setting next_dagrun for example_branch_datetime_operator_3 to 2026-08-20 00:00:00+00:00, run_after=2026-08-21 00:00:00+00:00
[2026-08-21T11:45:02.646+0000] {processor.py:208} INFO - Processing /home/airflow/.local/lib/python3.12/site-packages/airflow/example_dags/example_branch_datetime_operator.py took 0.136 seconds
[2026-08-21T11:45:38.319+0000] {processor.py:186} INFO - Started process (PID=613) to work on /home/airflow/.local/lib/python3.12/site-packages/airflow/example_dags/example_branch_datetime_operator.py
[2026-08-21T11:45:38.320+0000] {processor.py:914} INFO - Processing file /home/airflow/.local/lib/python3.12/site-packages/airflow/example_dags/example_branch_datetime_operator.py for tasks to queue
[2026-08-21T11:45:38.323+0000] {logging_mixin.py:190} INFO - [2026-08-21T11:45:38.322+0000] {dagbag.py:588} INFO - Filling up the DagBag from /home/airflow/.local/lib/python3.12/site-packages/airflow/example_dags/example_branch_datetime_operator.py
[2026-08-21T11:45:38.341+0000] {processor.py:925} INFO - DAG(s) 'example_branch_datetime_operator_3', 'example_branch_datetime_operator_2', 'example_branch_datetime_operator' retrieved from /home/airflow/.local/lib/python3.12/site-packages/airflow/example_dags/example_branch_datetime_operator.py
[2026-08-21T11:45:38.371+0000] {logging_mixin.py:190} INFO - [2026-08-21T11:45:38.370+0000] {dag.py:3239} INFO - Sync 3 DAGs
[2026-08-21T11:45:38.397+0000] {logging_mixin.py:190} INFO - [2026-08-21T11:45:38.397+0000] {dag.py:4180} INFO - Setting next_dagrun for example_branch_datetime_operator to 2026-08-20 00:00:00+00:00, run_after=2026-08-21 00:00:00+00:00
[2026-08-21T11:45:38.404+0000] {logging_mixin.py:190} INFO - [2026-08-21T11:45:38.403+0000] {dag.py:4180} INFO - Setting next_dagrun for example_branch_datetime_operator_2 to 2026-08-20 00:00:00+00:00, run_after=2026-08-21 00:00:00+00:00
[2026-08-21T11:45:38.406+0000] {logging_mixin.py:190} INFO - [2026-08-21T11:45:38.406+0000] {dag.py:4180} INFO - Setting next_dagrun for example_branch_datetime_operator_3 to 2026-08-20 00:00:00+00:00, run_after=2026-08-21 00:00:00+00:00
[2026-08-21T11:45:38.424+0000] {processor.py:208} INFO - Processing /home/airflow/.local/lib/python3.12/site-packages/airflow/example_dags/example_branch_datetime_operator.py took 0.111 seconds
[2026-08-21T11:46:13.218+0000] {processor.py:186} INFO - Started process (PID=676) to work on /home/airflow/.local/lib/python3.12/site-packages/airflow/example_dags/example_branch_datetime_operator.py
[2026-08-21T11:46:13.219+0000] {processor.py:914} INFO - Processing file /home/airflow/.local/lib/python3.12/site-packages/airflow/example_dags/example_branch_datetime_operator.py for tasks to queue
[2026-08-21T11:46:13.221+0000] {logging_mixin.py:190} INFO - [2026-08-21T11:46:13.220+0000] {dagbag.py:588} INFO - Filling up the DagBag from /home/airflow/.local/lib/python3.12/site-packages/airflow/example_dags/example_branch_datetime_operator.py
[2026-08-21T11:46:13.233+0000] {processor.py:925} INFO - DAG(s) 'example_branch_datetime_operator_2', 'example_branch_datetime_operator_3', 'example_branch_datetime_operator' retrieved from /home/airflow/.local/lib/python3.12/site-packages/airflow/example_dags/example_branch_datetime_operator.py
[2026-08-21T11:46:13.257+0000] {logging_mixin.py:190} INFO - [2026-08-21T11:46:13.257+0000] {dag.py:3239} INFO - Sync 3 DAGs
[2026-08-21T11:46:13.280+0000] {logging_mixin.py:190} INFO - [2026-08-21T11:46:13.280+0000] {dag.py:4180} INFO - Setting next_dagrun for example_branch_datetime_operator to 2026-08-20 00:00:00+00:00, run_after=2026-08-21 00:00:00+00:00
[2026-08-21T11:46:13.284+0000] {logging_mixin.py:190} INFO - [2026-08-21T11:46:13.284+0000] {dag.py:4180} INFO - Setting next_dagrun for example_branch_datetime_operator_2 to 2026-08-20 00:00:00+00:00, run_after=2026-08-21 00:00:00+00:00
[2026-08-21T11:46:13.286+0000] {logging_mixin.py:190} INFO - [2026-08-21T11:46:13.286+0000] {dag.py:4180} INFO - Setting next_dagrun for example_branch_datetime_operator_3 to 2026-08-20 00:00:00+00:00, run_after=2026-08-21 00:00:00+00:00
[2026-08-21T11:46:13.304+0000] {processor.py:208} INFO - Processing /home/airflow/.local/lib/python3.12/site-packages/airflow/example_dags/example_branch_datetime_operator.py took 0.091 seconds
[2026-08-21T11:46:48.864+0000] {processor.py:186} INFO - Started process (PID=745) to work on /home/airflow/.local/lib/python3.12/site-packages/airflow/example_dags/example_branch_datetime_operator.py
[2026-08-21T11:46:48.865+0000] {processor.py:914} INFO - Processing file /home/airflow/.local/lib/python3.12/site-packages/airflow/example_dags/example_branch_datetime_operator.py for tasks to queue
[2026-08-21T11:46:48.867+0000] {logging_mixin.py:190} INFO - [2026-08-21T11:46:48.867+0000] {dagbag.py:588} INFO - Filling up the DagBag from /home/airflow/.local/lib/python3.12/site-packages/airflow/example_dags/example_branch_datetime_operator.py
[2026-08-21T11:46:48.885+0000] {processor.py:925} INFO - DAG(s) 'example_branch_datetime_operator_2', 'example_branch_datetime_operator', 'example_branch_datetime_operator_3' retrieved from /home/airflow/.local/lib/python3.12/site-packages/airflow/example_dags/example_branch_datetime_operator.py
[2026-08-21T11:46:48.914+0000] {logging_mixin.py:190} INFO - [2026-08-21T11:46:48.914+0000] {dag.py:3239} INFO - Sync 3 DAGs
[2026-08-21T11:46:48.945+0000] {logging_mixin.py:190} INFO - [2026-08-21T11:46:48.945+0000] {dag.py:4180} INFO - Setting next_dagrun for example_branch_datetime_operator to 2026-08-20 00:00:00+00:00, run_after=2026-08-21 00:00:00+00:00
[2026-08-21T11:46:48.951+0000] {logging_mixin.py:190} INFO - [2026-08-21T11:46:48.951+0000] {dag.py:4180} INFO - Setting next_dagrun for example_branch_datetime_operator_2 to 2026-08-20 00:00:00+00:00, run_after=2026-08-21 00:00:00+00:00
[2026-08-21T11:46:48.954+0000] {logging_mixin.py:190} INFO - [2026-08-21T11:46:48.953+0000] {dag.py:4180} INFO - Setting next_dagrun for example_branch_datetime_operator_3 to 2026-08-20 00:00:00+00:00, run_after=2026-08-21 00:00:00+00:00
[2026-08-21T11:46:48.979+0000] {processor.py:208} INFO - Processing /home/airflow/.local/lib/python3.12/site-packages/airflow/example_dags/example_branch_datetime_operator.py took 0.120 seconds
