[2026-08-21T11:40:59.551+0000] {processor.py:186} INFO - Started process (PID=106) to work on /home/airflow/.local/lib/python3.12/site-packages/airflow/example_dags/example_trigger_target_dag.py
[2026-08-21T11:40:59.552+0000] {processor.py:914} INFO - Processing file /home/airflow/.local/lib/python3.12/site-packages/airflow/example_dags/example_trigger_target_dag.py for tasks to queue
[2026-08-21T11:40:59.555+0000] {logging_mixin.py:190} INFO - [2026-08-21T11:40:59.554+0000] {dagbag.py:588} INFO - Filling up the DagBag from /home/airflow/.local/lib/python3.12/site-packages/airflow/example_dags/example_trigger_target_dag.py
[2026-08-21T11:40:59.563+0000] {processor.py:925} INFO - DAG(s) 'example_trigger_target_dag' retrieved from /home/airflow/.local/lib/python3.12/site-packages/airflow/example_dags/example_trigger_target_dag.py
[2026-08-21T11:40:59.677+0000] {logging_mixin.py:190} INFO - [2026-08-21T11:40:59.676+0000] {override.py:1932} INFO - Created Permission View: can read on DAG:example_trigger_target_dag
[2026-08-21T11:40:59.688+0000] {logging_mixin.py:190} INFO - [2026-08-21T11:40:59.687+0000] {override.py:1932} INFO - Created Permission View: can edit on DAG:example_trigger_target_dag
[2026-08-21T11:40:59.696+0000] {logging_mixin.py:190} INFO - [2026-08-21T11:40:59.696+0000] {override.py:1932} INFO - Created Permission View: can delete on DAG:example_trigger_target_dag
[2026-08-21T11:40:59.710+0000] {logging_mixin.py:190} INFO - [2026-08-21T11:40:59.710+0000] {override.py:1932} INFO - Created Permission View: menu access on DAG Run:example_trigger_target_dag
[2026-08-21T11:40:59.717+0000] {logging_mixin.py:190} INFO - [2026-08-21T11:40:59.717+0000] {override.py:1932} INFO - Created Permission View: can read on DAG Run:example_trigger_target_dag
[2026-08-21T11:40:59.725+0000] {logging_mixin.py:190} INFO - [2026-08-21T11:40:59.724+0000] {override.py:1932} INFO - Created Permission View: can create on DAG Run:example_trigger_target_dag
[2026-08-21T11:40:59.731+0000] {logging_mixin.py:190} INFO - [2026-08-21T11:40:59.731+0000] {override.py:1932} INFO - Created Permission View: can delete on DAG Run:example_trigger_target_dag
[2026-08-21T11:40:59.731+0000] {logging_mixin.py:190} INFO - [2026-08-21T11:40:59.731+0000] {dag.py:3239} INFO - Sync 1 DAGs
[2026-08-21T11:40:59.747+0000] {logging_mixin.py:190} INFO - [2026-08-21T11:40:59.747+0000] {dag.py:3262} INFO - Creating ORM DAG for example_trigger_target_dag
[2026-08-21T11:40:59.747+0000] {logging_mixin.py:190} INFO - [2026-08-21T11:40:59.747+0000] {dag.py:4180} INFO - Setting next_dagrun for example_trigger_target_dag to None, run_after=None
[2026-08-21T11:40:59.764+0000] {processor.py:208} INFO - Processing /home/airflow/.local/lib/python3.12/site-packages/airflow/example_dags/example_trigger_target_dag.py took 0.219 seconds
[2026-08-21T11:41:31.058+0000] {processor.py:186} INFO - Started process (PID=168) to work on /home/airflow/.local/lib/python3.12/site-packages/airflow/example_dags/example_trigger_target_dag.py
[2026-08-21T11:41:31.058+0000] {processor.py:914} INFO - Processing file /home/airflow/.local/lib/python3.12/site-packages/airflow/example_dags/example_trigger_target_dag.py for tasks to queue
[2026-08-21T11:41:31.060+0000] {logging_mixin.py:190} INFO - [2026-08-21T11:41:31.060+0000] {dagbag.py:588} INFO - Filling up the DagBag from /home/airflow/.local/lib/python3.12/site-packages/airflow/example_dags/example_trigger_target_dag.py
[2026-08-21T11:41:31.066+0000] {processor.py:925} INFO - DAG(s) 'example_trigger_target_dag' retrieved from /home/airflow/.local/lib/python3.12/site-packages/airflow/example_dags/example_trigger_target_dag.py
[2026-08-21T11:41:31.086+0000] {logging_mixin.py:190} INFO - [2026-08-21T11:41:31.085+0000] {dag.py:3239} INFO - Sync 1 DAGs
[2026-08-21T11:41:31.100+0000] {logging_mixin.py:190} INFO - [2026-08-21T11:41:31.100+0000] {dag.py:4180} INFO - Setting next_dagrun for example_trigger_target_dag to None, run_after=None
[2026-08-21T11:41:31.124+0000] {processor.py:208} INFO - Processing /home/airflow/.local/lib/python3.12/site-packages/airflow/example_dags/example_trigger_target_dag.py took 0.072 seconds
[2026-08-21T11:42:06.762+0000] {processor.py:186} INFO - Started process (PID=232) to work on /home/airflow/.local/lib/python3.12/site-packages/airflow/example_dags/example_trigger_target_dag.py
[2026-08-21T11:42:06.763+0000] {processor.py:914} INFO - Processing file /home/airflow/.local/lib/python3.12/site-packages/airflow/example_dags/example_trigger_target_dag.py for tasks to queue
[2026-08-21T11:42:06.765+0000] {logging_mixin.py:190} INFO - [2026-08-21T11:42:06.765+0000] {dagbag.py:588} INFO - Filling up the DagBag from /home/airflow/.local/lib/python3.12/site-packages/airflow/example_dags/example_trigger_target_dag.py
[2026-08-21T11:42:06.772+0000] {processor.py:925} INFO - DAG(s) 'example_trigger_target_dag' retrieved from /home/airflow/.local/lib/python3.12/site-packages/airflow/example_dags/example_trigger_target_dag.py
[2026-08-21T11:42:06.793+0000] {logging_mixin.py:190} INFO - [2026-08-21T11:42:06.792+0000] {dag.py:3239} INFO - Sync 1 DAGs
[2026-08-21T11:42:06.805+0000] {logging_mixin.py:190} INFO - [2026-08-21T11:42:06.805+0000] {dag.py:4180} INFO - Setting next_dagrun for example_trigger_target_dag to None, run_after=None
[2026-08-21T11:42:06.827+0000] {processor.py:208} INFO - Processing /home/airflow/.local/lib/python3.12/site-packages/airflow/example_dags/example_trigger_target_dag.py took 0.071 seconds
[2026-08-21T11:42:42.337+0000] {processor.py:186} INFO - Started process (PID=295) to work on /home/airflow/.local/lib/python3.12/site-packages/airflow/example_dags/example_trigger_target_dag.py
[2026-08-21T11:42:42.338+0000] {processor.py:914} INFO - Processing file /home/airflow/.local/lib/python3.12/site-packages/airflow/example_dags/example_trigger_target_dag.py for tasks to queue
[2026-08-21T11:42:42.340+0000] {logging_mixin.py:190} INFO - [2026-08-21T11:42:42.340+0000] {dagbag.py:588} INFO - Filling up the DagBag from /home/airflow/.local/lib/python3.12/site-packages/airflow/example_dags/example_trigger_target_dag.py
[2026-08-21T11:42:42.349+0000] {processor.py:925} INFO - DAG(s) 'example_trigger_target_dag' retrieved from /home/airflow/.local/lib/python3.12/site-packages/airflow/example_dags/example_trigger_target_dag.py
[2026-08-21T11:42:42.371+0000] {logging_mixin.py:190} INFO - [2026-08-21T11:42:42.371+0000] {dag.py:3239} INFO - Sync 1 DAGs
[2026-08-21T11:42:42.385+0000] {logging_mixin.py:190} INFO - [2026-08-21T11:42:42.384+0000] {dag.py:4180} INFO - Setting next_dagrun for example_trigger_target_dag to None, run_after=None
[2026-08-21T11:42:42.405+0000] {processor.py:208} INFO - Processing /home/airflow/.local/lib/python3.12/site-packages/airflow/example_dags/example_trigger_target_dag.py took 0.074 seconds
[2026-08-21T11:43:17.694+0000] {processor.py:186} INFO - Started process (PID=364) to work on /home/airflow/.local/lib/python3.12/site-packages/airflow/example_dags/example_trigger_target_dag.py
[2026-08-21T11:43:17.695+0000] {processor.py:914} INFO - Processing file /home/airflow/.local/lib/python3.12/site-packages/airflow/example_dags/example_trigger_target_dag.py for tasks to queue
[2026-08-21T11:43:17.698+0000] {logging_mixin.py:190} INFO - [2026-08-21T11:43:17.698+0000] {dagbag.py:588} INFO - Filling up the DagBag from /home/airflow/.local/lib/python3.12/site-packages/airflow/example_dags/example_trigger_target_dag.py
[2026-08-21T11:43:17.706+0000] {processor.py:925} INFO - DAG(s) 'example_trigger_target_dag' retrieved from /home/airflow/.local/lib/python3.12/site-packages/airflow/example_dags/example_trigger_target_dag.py
[2026-08-21T11:43:17.729+0000] {logging_mixin.py:190} INFO - [2026-08-21T11:43:17.729+0000] {dag.py:3239} INFO - Sync 1 DAGs
[2026-08-21T11:43:17.747+0000] {logging_mixin.py:190} INFO - [2026-08-21T11:43:17.747+0000] {dag.py:4180} INFO - Setting next_dagrun for example_trigger_target_dag to None, run_after=None
[2026-08-21T11:43:17.766+0000] {processor.py:208} INFO - Processing /home/airflow/.local/lib/python3.12/site-packages/airflow/example_dags/example_trigger_target_dag.py took 0.078 seconds
[2026-08-21T11:43:51.560+0000] {processor.py:186} INFO - Started process (PID=426) to work on /home/airflow/.local/lib/python3.12/site-packages/airflow/example_dags/example_trigger_target_dag.py
[2026-08-21T11:43:51.562+0000] {processor.py:914} INFO - Processing file /home/airflow/.local/lib/python3.12/site-packages/airflow/example_dags/example_trigger_target_dag.py for tasks to queue
[2026-08-21T11:43:51.565+0000] {logging_mixin.py:190} INFO - [2026-08-21T11:43:51.564+0000] {dagbag.py:588} INFO - Filling up the DagBag from /home/airflow/.local/lib/python3.12/site-packages/airflow/example_dags/example_trigger_target_dag.py
[2026-08-21T11:43:51.572+0000] {processor.py:925} INFO - DAG(s) 'example_trigger_target_dag' retrieved from /home/airflow/.local/lib/python3.12/site-packages/airflow/example_dags/example_trigger_target_dag.py
[2026-08-21T11:43:51.592+0000] {logging_mixin.py:190} INFO - [2026-08-21T11:43:51.592+0000] {dag.py:3239} INFO - Sync 1 DAGs
[2026-08-21T11:43:51.607+0000] {logging_mixin.py:190} INFO - [2026-08-21T11:43:51.607+0000] {dag.py:4180} INFO - Setting next_dagrun for example_trigger_target_dag to None, run_after=None
[2026-08-21T11:43:51.628+0000] {processor.py:208} INFO - Processing /home/airflow/.local/lib/python3.12/site-packages/airflow/example_dags/example_trigger_target_dag.py took 0.076 seconds
[2026-08-21T11:44:26.775+0000] {processor.py:186} INFO - Started process (PID=495) to work on /home/airflow/.local/lib/python3.12/site-packages/airflow/example_dags/example_trigger_target_dag.py
[2026-08-21T11:44:26.776+0000] {processor.py:914} INFO - Processing file /home/airflow/.local/lib/python3.12/site-packages/airflow/example_dags/example_trigger_target_dag.py for tasks to queue
[2026-08-21T11:44:26.778+0000] {logging_mixin.py:190} INFO - [2026-08-21T11:44:26.778+0000] {dagbag.py:588} INFO - Filling up the DagBag from /home/airflow/.local/lib/python3.12/site-packages/airflow/example_dags/example_trigger_target_dag.py
[2026-08-21T11:44:26.786+0000] {processor.py:925} INFO - DAG(s) 'example_trigger_target_dag' retrieved from /home/airflow/.local/lib/python3.12/site-packages/airflow/example_dags/example_trigger_target_dag.py
[2026-08-21T11:44:26.808+0000] {logging_mixin.py:190} INFO - [2026-08-21T11:44:26.808+0000] {dag.py:3239} INFO - Sync 1 DAGs
[2026-08-21T11:44:26.823+0000] {logging_mixin.py:190} INFO - [2026-08-21T11:44:26.822+0000] {dag.py:4180} INFO - Setting next_dagrun for example_trigger_target_dag to None, run_after=None
[2026-08-21T11:44:26.843+0000] {processor.py:208} INFO - Processing /home/airflow/.local/lib/python3.12/site-packages/airflow/example_dags/example_trigger_target_dag.py took 0.073 seconds
[2026-08-21T11:45:03.146+0000] {processor.py:186} INFO - Started process (PID=558) to work on /home/airflow/.local/lib/python3.12/site-packages/airflow/example_dags/example_trigger_target_dag.py
[2026-08-21T11:45:03.148+0000] {processor.py:914} INFO - Processing file /home/airflow/.local/lib/python3.12/site-packages/airflow/example_dags/example_trigger_target_dag.py for tasks to queue
[2026-08-21T11:45:03.152+0000] {logging_mixin.py:190} INFO - [2026-08-21T11:45:03.151+0000] {dagbag.py:588} INFO - Filling up the DagBag from /home/airflow/.local/lib/python3.12/site-packages/airflow/example_dags/example_trigger_target_dag.py
[2026-08-21T11:45:03.166+0000] {processor.py:925} INFO - DAG(s) 'example_trigger_target_dag' retrieved from /home/airflow/.local/lib/python3.12/site-packages/airflow/example_dags/example_trigger_target_dag.py
[2026-08-21T11:45:03.194+0000] {logging_mixin.py:190} INFO - [2026-08-21T11:45:03.194+0000] {dag.py:3239} INFO - Sync 1 DAGs
[2026-08-21T11:45:03.216+0000] {logging_mixin.py:190} INFO - [2026-08-21T11:45:03.215+0000] {dag.py:4180} INFO - Setting next_dagrun for example_trigger_target_dag to None, run_after=None
[2026-08-21T11:45:03.244+0000] {processor.py:208} INFO - Processing /home/airflow/.local/lib/python3.12/site-packages/airflow/example_dags/example_trigger_target_dag.py took 0.106 seconds
[2026-08-21T11:45:38.951+0000] {processor.py:186} INFO - Started process (PID=621) to work on /home/airflow/.local/lib/python3.12/site-packages/airflow/example_dags/example_trigger_target_dag.py
[2026-08-21T11:45:38.951+0000] {processor.py:914} INFO - Processing file /home/airflow/.local/lib/python3.12/site-packages/airflow/example_dags/example_trigger_target_dag.py for tasks to queue
[2026-08-21T11:45:38.954+0000] {logging_mixin.py:190} INFO - [2026-08-21T11:45:38.953+0000] {dagbag.py:588} INFO - Filling up the DagBag from /home/airflow/.local/lib/python3.12/site-packages/airflow/example_dags/example_trigger_target_dag.py
[2026-08-21T11:45:38.963+0000] {processor.py:925} INFO - DAG(s) 'example_trigger_target_dag' retrieved from /home/airflow/.local/lib/python3.12/site-packages/airflow/example_dags/example_trigger_target_dag.py
[2026-08-21T11:45:38.985+0000] {logging_mixin.py:190} INFO - [2026-08-21T11:45:38.984+0000] {dag.py:3239} INFO - Sync 1 DAGs
[2026-08-21T11:45:39.003+0000] {logging_mixin.py:190} INFO - [2026-08-21T11:45:39.003+0000] {dag.py:4180} INFO - Setting next_dagrun for example_trigger_target_dag to None, run_after=None
[2026-08-21T11:45:39.027+0000] {processor.py:208} INFO - Processing /home/airflow/.local/lib/python3.12/site-packages/airflow/example_dags/example_trigger_target_dag.py took 0.084 seconds
[2026-08-21T11:46:13.713+0000] {processor.py:186} INFO - Started process (PID=684) to work on /home/airflow/.local/lib/python3.12/site-packages/airflow/example_dags/example_trigger_target_dag.py
[2026-08-21T11:46:13.714+0000] {processor.py:914} INFO - Processing file /home/airflow/.local/lib/python3.12/site-packages/airflow/example_dags/example_trigger_target_dag.py for tasks to queue
[2026-08-21T11:46:13.716+0000] {logging_mixin.py:190} INFO - [2026-08-21T11:46:13.716+0000] {dagbag.py:588} INFO - Filling up the DagBag from /home/airflow/.local/lib/python3.12/site-packages/airflow/example_dags/example_trigger_target_dag.py
[2026-08-21T11:46:13.723+0000] {processor.py:925} INFO - DAG(s) 'example_trigger_target_dag' retrieved from /home/airflow/.local/lib/python3.12/site-packages/airflow/example_dags/example_trigger_target_dag.py
[2026-08-21T11:46:13.743+0000] {logging_mixin.py:190} INFO - [2026-08-21T11:46:13.743+0000] {dag.py:3239} INFO - Sync 1 DAGs
[2026-08-21T11:46:13.755+0000] {logging_mixin.py:190} INFO - [2026-08-21T11:46:13.755+0000] {dag.py:4180} INFO - Setting next_dagrun for example_trigger_target_dag to None, run_after=None
[2026-08-21T11:46:13.776+0000] {processor.py:208} INFO - Processing /home/airflow/.local/lib/python3.12/site-packages/airflow/example_dags/example_trigger_target_dag.py took 0.069 seconds
[2026-08-21T11:46:49.541+0000] {processor.py:186} INFO - Started process (PID=753) to work on /home/airflow/.local/lib/python3.12/site-packages/airflow/example_dags/example_trigger_target_dag.py
[2026-08-21T11:46:49.542+0000] {processor.py:914} INFO - Processing file /home/airflow/.local/lib/python3.12/site-packages/airflow/example_dags/example_trigger_target_dag.py for tasks to queue
[2026-08-21T11:46:49.545+0000] {logging_mixin.py:190} INFO - [2026-08-21T11:46:49.544+0000] {dagbag.py:588} INFO - Filling up the DagBag from /home/airflow/.local/lib/python3.12/site-packages/airflow/example_dags/example_trigger_target_dag.py
[2026-08-21T11:46:49.556+0000] {processor.py:925} INFO - DAG(s) 'example_trigger_target_dag' retrieved from /home/airflow/.local/lib/python3.12/site-packages/airflow/example_dags/example_trigger_target_dag.py
[2026-08-21T11:46:49.574+0000] {logging_mixin.py:190} INFO - [2026-08-21T11:46:49.574+0000] {dag.py:3239} INFO - Sync 1 DAGs
[2026-08-21T11:46:49.593+0000] {logging_mixin.py:190} INFO - [2026-08-21T11:46:49.592+0000] {dag.py:4180} INFO - Setting next_dagrun for example_trigger_target_dag to None, run_after=None
[2026-08-21T11:46:49.611+0000] {processor.py:208} INFO - Processing /home/airflow/.local/lib/python3.12/site-packages/airflow/example_dags/example_trigger_target_dag.py took 0.075 seconds
