[2026-08-21T11:40:56.197+0000] {processor.py:186} INFO - Started process (PID=91) to work on /home/airflow/.local/lib/python3.12/site-packages/airflow/example_dags/example_dynamic_task_mapping.py
[2026-08-21T11:40:56.198+0000] {processor.py:914} INFO - Processing file /home/airflow/.local/lib/python3.12/site-packages/airflow/example_dags/example_dynamic_task_mapping.py for tasks to queue
[2026-08-21T11:40:56.200+0000] {logging_mixin.py:190} INFO - [2026-08-21T11:40:56.200+0000] {dagbag.py:588} INFO - Filling up the DagBag from /home/airflow/.local/lib/python3.12/site-packages/airflow/example_dags/example_dynamic_task_mapping.py
[2026-08-21T11:40:56.210+0000] {processor.py:925} INFO - DAG(s) 'example_dynamic_task_mapping' retrieved from /home/airflow/.local/lib/python3.12/site-packages/airflow/example_dags/example_dynamic_task_mapping.py
[2026-08-21T11:40:56.319+0000] {logging_mixin.py:190} INFO - [2026-08-21T11:40:56.318+0000] {override.py:1932} INFO - Created Permission View: can read on DAG:example_dynamic_task_mapping
[2026-08-21T11:40:56.333+0000] {logging_mixin.py:190} INFO - [2026-08-21T11:40:56.333+0000] {override.py:1932} INFO - Created Permission View: can edit on DAG:example_dynamic_task_mapping
[2026-08-21T11:40:56.342+0000] {logging_mixin.py:190} INFO - [2026-08-21T11:40:56.341+0000] {override.py:1932} INFO - Created Permission View: can delete on DAG:example_dynamic_task_mapping
[2026-08-21T11:40:56.355+0000] {logging_mixin.py:190} INFO - [2026-08-21T11:40:56.354+0000] {override.py:1932} INFO - Created Permission View: menu access on DAG Run:example_dynamic_task_mapping
[2026-08-21T11:40:56.365+0000] {logging_mixin.py:190} INFO - [2026-08-21T11:40:56.364+0000] {override.py:1932} INFO - Created Permission View: can read on DAG Run:example_dynamic_task_mapping
[2026-08-21T11:40:56.373+0000] {logging_mixin.py:190} INFO - [2026-08-21T11:40:56.372+0000] {override.py:1932} INFO - Created Permission View: can create on DAG Run:example_dynamic_task_mapping
[2026-08-21T11:40:56.381+0000] {logging_mixin.py:190} INFO - [2026-08-21T11:40:56.381+0000] {override.py:1932} INFO - Created Permission View: can delete on DAG Run:example_dynamic_task_mapping
[2026-08-21T11:40:56.381+0000] {logging_mixin.py:190} INFO - [2026-08-21T11:40:56.381+0000] {dag.py:3239} INFO - Sync 1 DAGs
[2026-08-21T11:40:56.395+0000] {logging_mixin.py:190} INFO - [2026-08-21T11:40:56.395+0000] {dag.py:3262} INFO - Creating ORM DAG for example_dynamic_task_mapping
[2026-08-21T11:40:56.396+0000] {logging_mixin.py:190} INFO - [2026-08-21T11:40:56.396+0000] {dag.py:4180} INFO - Setting next_dagrun for example_dynamic_task_mapping to None, run_after=None
[2026-08-21T11:40:56.414+0000] {processor.py:208} INFO - Processing /home/airflow/.local/lib/python3.12/site-packages/airflow/example_dags/example_dynamic_task_mapping.py took 0.228 seconds
[2026-08-21T11:41:30.261+0000] {processor.py:186} INFO - Started process (PID=154) to work on /home/airflow/.local/lib/python3.12/site-packages/airflow/example_dags/example_dynamic_task_mapping.py
[2026-08-21T11:41:30.262+0000] {processor.py:914} INFO - Processing file /home/airflow/.local/lib/python3.12/site-packages/airflow/example_dags/example_dynamic_task_mapping.py for tasks to queue
[2026-08-21T11:41:30.264+0000] {logging_mixin.py:190} INFO - [2026-08-21T11:41:30.264+0000] {dagbag.py:588} INFO - Filling up the DagBag from /home/airflow/.local/lib/python3.12/site-packages/airflow/example_dags/example_dynamic_task_mapping.py
[2026-08-21T11:41:30.270+0000] {processor.py:925} INFO - DAG(s) 'example_dynamic_task_mapping' retrieved from /home/airflow/.local/lib/python3.12/site-packages/airflow/example_dags/example_dynamic_task_mapping.py
[2026-08-21T11:41:30.292+0000] {logging_mixin.py:190} INFO - [2026-08-21T11:41:30.292+0000] {dag.py:3239} INFO - Sync 1 DAGs
[2026-08-21T11:41:30.304+0000] {logging_mixin.py:190} INFO - [2026-08-21T11:41:30.304+0000] {dag.py:4180} INFO - Setting next_dagrun for example_dynamic_task_mapping to None, run_after=None
[2026-08-21T11:41:30.326+0000] {processor.py:208} INFO - Processing /home/airflow/.local/lib/python3.12/site-packages/airflow/example_dags/example_dynamic_task_mapping.py took 0.069 seconds
[2026-08-21T11:42:05.194+0000] {processor.py:186} INFO - Started process (PID=217) to work on /home/airflow/.local/lib/python3.12/site-packages/airflow/example_dags/example_dynamic_task_mapping.py
[2026-08-21T11:42:05.195+0000] {processor.py:914} INFO - Processing file /home/airflow/.local/lib/python3.12/site-packages/airflow/example_dags/example_dynamic_task_mapping.py for tasks to queue
[2026-08-21T11:42:05.198+0000] {logging_mixin.py:190} INFO - [2026-08-21T11:42:05.197+0000] {dagbag.py:588} INFO - Filling up the DagBag from /home/airflow/.local/lib/python3.12/site-packages/airflow/example_dags/example_dynamic_task_mapping.py
[2026-08-21T11:42:05.206+0000] {processor.py:925} INFO - DAG(s) 'example_dynamic_task_mapping' retrieved from /home/airflow/.local/lib/python3.12/site-packages/airflow/example_dags/example_dynamic_task_mapping.py
[2026-08-21T11:42:05.229+0000] {logging_mixin.py:190} INFO - [2026-08-21T11:42:05.229+0000] {dag.py:3239} INFO - Sync 1 DAGs
[2026-08-21T11:42:05.242+0000] {logging_mixin.py:190} INFO - [2026-08-21T11:42:05.242+0000] {dag.py:4180} INFO - Setting next_dagrun for example_dynamic_task_mapping to None, run_after=None
[2026-08-21T11:42:05.265+0000] {processor.py:208} INFO - Processing /home/airflow/.local/lib/python3.12/site-packages/airflow/example_dags/example_dynamic_task_mapping.py took 0.076 seconds
[2026-08-21T11:42:40.743+0000] {processor.py:186} INFO - Started process (PID=280) to work on /home/airflow/.local/lib/python3.12/site-packages/airflow/example_dags/example_dynamic_task_mapping.py
[2026-08-21T11:42:40.744+0000] {processor.py:914} INFO - Processing file /home/airflow/.local/lib/python3.12/site-packages/airflow/example_dags/example_dynamic_task_mapping.py for tasks to queue
[2026-08-21T11:42:40.749+0000] {logging_mixin.py:190} INFO - [2026-08-21T11:42:40.748+0000] {dagbag.py:588} INFO - Filling up the DagBag from /home/airflow/.local/lib/python3.12/site-packages/airflow/example_dags/example_dynamic_task_mapping.py
[2026-08-21T11:42:40.760+0000] {processor.py:925} INFO - DAG(s) 'example_dynamic_task_mapping' retrieved from /home/airflow/.local/lib/python3.12/site-packages/airflow/example_dags/example_dynamic_task_mapping.py
[2026-08-21T11:42:40.781+0000] {logging_mixin.py:190} INFO - [2026-08-21T11:42:40.781+0000] {dag.py:3239} INFO - Sync 1 DAGs
[2026-08-21T11:42:40.799+0000] {logging_mixin.py:190} INFO - [2026-08-21T11:42:40.799+0000] {dag.py:4180} INFO - Setting next_dagrun for example_dynamic_task_mapping to None, run_after=None
[2026-08-21T11:42:40.819+0000] {processor.py:208} INFO - Processing /home/airflow/.local/lib/python3.12/site-packages/airflow/example_dags/example_dynamic_task_mapping.py took 0.083 seconds
[2026-08-21T11:43:16.032+0000] {processor.py:186} INFO - Started process (PID=343) to work on /home/airflow/.local/lib/python3.12/site-packages/airflow/example_dags/example_dynamic_task_mapping.py
[2026-08-21T11:43:16.033+0000] {processor.py:914} INFO - Processing file /home/airflow/.local/lib/python3.12/site-packages/airflow/example_dags/example_dynamic_task_mapping.py for tasks to queue
[2026-08-21T11:43:16.039+0000] {logging_mixin.py:190} INFO - [2026-08-21T11:43:16.038+0000] {dagbag.py:588} INFO - Filling up the DagBag from /home/airflow/.local/lib/python3.12/site-packages/airflow/example_dags/example_dynamic_task_mapping.py
[2026-08-21T11:43:16.051+0000] {processor.py:925} INFO - DAG(s) 'example_dynamic_task_mapping' retrieved from /home/airflow/.local/lib/python3.12/site-packages/airflow/example_dags/example_dynamic_task_mapping.py
[2026-08-21T11:43:16.075+0000] {logging_mixin.py:190} INFO - [2026-08-21T11:43:16.075+0000] {dag.py:3239} INFO - Sync 1 DAGs
[2026-08-21T11:43:16.091+0000] {logging_mixin.py:190} INFO - [2026-08-21T11:43:16.090+0000] {dag.py:4180} INFO - Setting next_dagrun for example_dynamic_task_mapping to None, run_after=None
[2026-08-21T11:43:16.116+0000] {processor.py:208} INFO - Processing /home/airflow/.local/lib/python3.12/site-packages/airflow/example_dags/example_dynamic_task_mapping.py took 0.092 seconds
[2026-08-21T11:43:50.705+0000] {processor.py:186} INFO - Started process (PID=412) to work on /home/airflow/.local/lib/python3.12/site-packages/airflow/example_dags/example_dynamic_task_mapping.py
[2026-08-21T11:43:50.706+0000] {processor.py:914} INFO - Processing file /home/airflow/.local/lib/python3.12/site-packages/airflow/example_dags/example_dynamic_task_mapping.py for tasks to queue
[2026-08-21T11:43:50.708+0000] {logging_mixin.py:190} INFO - [2026-08-21T11:43:50.708+0000] {dagbag.py:588} INFO - Filling up the DagBag from /home/airflow/.local/lib/python3.12/site-packages/airflow/example_dags/example_dynamic_task_mapping.py
[2026-08-21T11:43:50.715+0000] {processor.py:925} INFO - DAG(s) 'example_dynamic_task_mapping' retrieved from /home/airflow/.local/lib/python3.12/site-packages/airflow/example_dags/example_dynamic_task_mapping.py
[2026-08-21T11:43:50.737+0000] {logging_mixin.py:190} INFO - [2026-08-21T11:43:50.736+0000] {dag.py:3239} INFO - Sync 1 DAGs
[2026-08-21T11:43:50.750+0000] {logging_mixin.py:190} INFO - [2026-08-21T11:43:50.750+0000] {dag.py:4180} INFO - Setting next_dagrun for example_dynamic_task_mapping to None, run_after=None
[2026-08-21T11:43:50.772+0000] {processor.py:208} INFO - Processing /home/airflow/.local/lib/python3.12/site-packages/airflow/example_dags/example_dynamic_task_mapping.py took 0.073 seconds
[2026-08-21T11:44:25.447+0000] {processor.py:186} INFO - Started process (PID=475) to work on /home/airflow/.local/lib/python3.12/site-packages/airflow/example_dags/example_dynamic_task_mapping.py
[2026-08-21T11:44:25.448+0000] {processor.py:914} INFO - Processing file /home/airflow/.local/lib/python3.12/site-packages/airflow/example_dags/example_dynamic_task_mapping.py for tasks to queue
[2026-08-21T11:44:25.452+0000] {logging_mixin.py:190} INFO - [2026-08-21T11:44:25.452+0000] {dagbag.py:588} INFO - Filling up the DagBag from /home/airflow/.local/lib/python3.12/site-packages/airflow/example_dags/example_dynamic_task_mapping.py
[2026-08-21T11:44:25.461+0000] {processor.py:925} INFO - DAG(s) 'example_dynamic_task_mapping' retrieved from /home/airflow/.local/lib/python3.12/site-packages/airflow/example_dags/example_dynamic_task_mapping.py
[2026-08-21T11:44:25.483+0000] {logging_mixin.py:190} INFO - [2026-08-21T11:44:25.482+0000] {dag.py:3239} INFO - Sync 1 DAGs
[2026-08-21T11:44:25.499+0000] {logging_mixin.py:190} INFO - [2026-08-21T11:44:25.499+0000] {dag.py:4180} INFO - Setting next_dagrun for example_dynamic_task_mapping to None, run_after=None
[2026-08-21T11:44:25.521+0000] {processor.py:208} INFO - Processing /home/airflow/.local/lib/python3.12/site-packages/airflow/example_dags/example_dynamic_task_mapping.py took 0.082 seconds
[2026-08-21T11:45:02.090+0000] {processor.py:186} INFO - Started process (PID=544) to work on /home/airflow/.local/lib/python3.12/site-packages/airflow/example_dags/example_dynamic_task_mapping.py
[2026-08-21T11:45:02.091+0000] {processor.py:914} INFO - Processing file /home/airflow/.local/lib/python3.12/site-packages/airflow/example_dags/example_dynamic_task_mapping.py for tasks to queue
[2026-08-21T11:45:02.094+0000] {logging_mixin.py:190} INFO - [2026-08-21T11:45:02.094+0000] {dagbag.py:588} INFO - Filling up the DagBag from /home/airflow/.local/lib/python3.12/site-packages/airflow/example_dags/example_dynamic_task_mapping.py
[2026-08-21T11:45:02.106+0000] {processor.py:925} INFO - DAG(s) 'example_dynamic_task_mapping' retrieved from /home/airflow/.local/lib/python3.12/site-packages/airflow/example_dags/example_dynamic_task_mapping.py
[2026-08-21T11:45:02.130+0000] {logging_mixin.py:190} INFO - [2026-08-21T11:45:02.130+0000] {dag.py:3239} INFO - Sync 1 DAGs
[2026-08-21T11:45:02.150+0000] {logging_mixin.py:190} INFO - [2026-08-21T11:45:02.150+0000] {dag.py:4180} INFO - Setting next_dagrun for example_dynamic_task_mapping to None, run_after=None
[2026-08-21T11:45:02.175+0000] {processor.py:208} INFO - Processing /home/airflow/.local/lib/python3.12/site-packages/airflow/example_dags/example_dynamic_task_mapping.py took 0.091 seconds
[2026-08-21T11:45:37.928+0000] {processor.py:186} INFO - Started process (PID=607) to work on /home/airflow/.local/lib/python3.12/site-packages/airflow/example_dags/example_dynamic_task_mapping.py
[2026-08-21T11:45:37.930+0000] {processor.py:914} INFO - Processing file /home/airflow/.local/lib/python3.12/site-packages/airflow/example_dags/example_dynamic_task_mapping.py for tasks to queue
[2026-08-21T11:45:37.934+0000] {logging_mixin.py:190} INFO - [2026-08-21T11:45:37.934+0000] {dagbag.py:588} INFO - Filling up the DagBag from /home/airflow/.local/lib/python3.12/site-packages/airflow/example_dags/example_dynamic_task_mapping.py
[2026-08-21T11:45:37.946+0000] {processor.py:925} INFO - DAG(s) 'example_dynamic_task_mapping' retrieved from /home/airflow/.local/lib/python3.12/site-packages/airflow/example_dags/example_dynamic_task_mapping.py
[2026-08-21T11:45:37.971+0000] {logging_mixin.py:190} INFO - [2026-08-21T11:45:37.971+0000] {dag.py:3239} INFO - Sync 1 DAGs
[2026-08-21T11:45:37.987+0000] {logging_mixin.py:190} INFO - [2026-08-21T11:45:37.986+0000] {dag.py:4180} INFO - Setting next_dagrun for example_dynamic_task_mapping to None, run_after=None
[2026-08-21T11:45:38.011+0000] {processor.py:208} INFO - Processing /home/airflow/.local/lib/python3.12/site-packages/airflow/example_dags/example_dynamic_task_mapping.py took 0.092 seconds
[2026-08-21T11:46:12.877+0000] {processor.py:186} INFO - Started process (PID=670) to work on /home/airflow/.local/lib/python3.12/site-packages/airflow/example_dags/example_dynamic_task_mapping.py
[2026-08-21T11:46:12.878+0000] {processor.py:914} INFO - Processing file /home/airflow/.local/lib/python3.12/site-packages/airflow/example_dags/example_dynamic_task_mapping.py for tasks to queue
[2026-08-21T11:46:12.881+0000] {logging_mixin.py:190} INFO - [2026-08-21T11:46:12.881+0000] {dagbag.py:588} INFO - Filling up the DagBag from /home/airflow/.local/lib/python3.12/site-packages/airflow/example_dags/example_dynamic_task_mapping.py
[2026-08-21T11:46:12.889+0000] {processor.py:925} INFO - DAG(s) 'example_dynamic_task_mapping' retrieved from /home/airflow/.local/lib/python3.12/site-packages/airflow/example_dags/example_dynamic_task_mapping.py
[2026-08-21T11:46:12.911+0000] {logging_mixin.py:190} INFO - [2026-08-21T11:46:12.911+0000] {dag.py:3239} INFO - Sync 1 DAGs
[2026-08-21T11:46:12.926+0000] {logging_mixin.py:190} INFO - [2026-08-21T11:46:12.926+0000] {dag.py:4180} INFO - Setting next_dagrun for example_dynamic_task_mapping to None, run_after=None
[2026-08-21T11:46:12.948+0000] {processor.py:208} INFO - Processing /home/airflow/.local/lib/python3.12/site-packages/airflow/example_dags/example_dynamic_task_mapping.py took 0.075 seconds
[2026-08-21T11:46:48.513+0000] {processor.py:186} INFO - Started process (PID=739) to work on /home/airflow/.local/lib/python3.12/site-packages/airflow/example_dags/example_dynamic_task_mapping.py
[2026-08-21T11:46:48.515+0000] {processor.py:914} INFO - Processing file /home/airflow/.local/lib/python3.12/site-packages/airflow/example_dags/example_dynamic_task_mapping.py for tasks to queue
[2026-08-21T11:46:48.518+0000] {logging_mixin.py:190} INFO - [2026-08-21T11:46:48.517+0000] {dagbag.py:588} INFO - Filling up the DagBag from /home/airflow/.local/lib/python3.12/site-packages/airflow/example_dags/example_dynamic_task_mapping.py
[2026-08-21T11:46:48.527+0000] {processor.py:925} INFO - DAG(s) 'example_dynamic_task_mapping' retrieved from /home/airflow/.local/lib/python3.12/site-packages/airflow/example_dags/example_dynamic_task_mapping.py
[2026-08-21T11:46:48.551+0000] {logging_mixin.py:190} INFO - [2026-08-21T11:46:48.551+0000] {dag.py:3239} INFO - Sync 1 DAGs
[2026-08-21T11:46:48.564+0000] {logging_mixin.py:190} INFO - [2026-08-21T11:46:48.564+0000] {dag.py:4180} INFO - Setting next_dagrun for example_dynamic_task_mapping to None, run_after=None
[2026-08-21T11:46:48.585+0000] {processor.py:208} INFO - Processing /home/airflow/.local/lib/python3.12/site-packages/airflow/example_dags/example_dynamic_task_mapping.py took 0.078 seconds
