[2026-08-21T11:41:01.215+0000] {processor.py:186} INFO - Started process (PID=114) to work on /home/airflow/.local/lib/python3.12/site-packages/airflow/example_dags/example_trigger_controller_dag.py
[2026-08-21T11:41:01.216+0000] {processor.py:914} INFO - Processing file /home/airflow/.local/lib/python3.12/site-packages/airflow/example_dags/example_trigger_controller_dag.py for tasks to queue
[2026-08-21T11:41:01.219+0000] {logging_mixin.py:190} INFO - [2026-08-21T11:41:01.219+0000] {dagbag.py:588} INFO - Filling up the DagBag from /home/airflow/.local/lib/python3.12/site-packages/airflow/example_dags/example_trigger_controller_dag.py
[2026-08-21T11:41:01.227+0000] {processor.py:925} INFO - DAG(s) 'example_trigger_controller_dag' retrieved from /home/airflow/.local/lib/python3.12/site-packages/airflow/example_dags/example_trigger_controller_dag.py
[2026-08-21T11:41:01.341+0000] {logging_mixin.py:190} INFO - [2026-08-21T11:41:01.340+0000] {override.py:1932} INFO - Created Permission View: can read on DAG:example_trigger_controller_dag
[2026-08-21T11:41:01.357+0000] {logging_mixin.py:190} INFO - [2026-08-21T11:41:01.357+0000] {override.py:1932} INFO - Created Permission View: can edit on DAG:example_trigger_controller_dag
[2026-08-21T11:41:01.365+0000] {logging_mixin.py:190} INFO - [2026-08-21T11:41:01.365+0000] {override.py:1932} INFO - Created Permission View: can delete on DAG:example_trigger_controller_dag
[2026-08-21T11:41:01.377+0000] {logging_mixin.py:190} INFO - [2026-08-21T11:41:01.376+0000] {override.py:1932} INFO - Created Permission View: menu access on DAG Run:example_trigger_controller_dag
[2026-08-21T11:41:01.387+0000] {logging_mixin.py:190} INFO - [2026-08-21T11:41:01.387+0000] {override.py:1932} INFO - Created Permission View: can read on DAG Run:example_trigger_controller_dag
[2026-08-21T11:41:01.397+0000] {logging_mixin.py:190} INFO - [2026-08-21T11:41:01.396+0000] {override.py:1932} INFO - Created Permission View: can create on DAG Run:example_trigger_controller_dag
[2026-08-21T11:41:01.406+0000] {logging_mixin.py:190} INFO - [2026-08-21T11:41:01.405+0000] {override.py:1932} INFO - Created Permission View: can delete on DAG Run:example_trigger_controller_dag
[2026-08-21T11:41:01.407+0000] {logging_mixin.py:190} INFO - [2026-08-21T11:41:01.407+0000] {dag.py:3239} INFO - Sync 1 DAGs
[2026-08-21T11:41:01.423+0000] {logging_mixin.py:190} INFO - [2026-08-21T11:41:01.422+0000] {dag.py:3262} INFO - Creating ORM DAG for example_trigger_controller_dag
[2026-08-21T11:41:01.434+0000] {logging_mixin.py:190} INFO - [2026-08-21T11:41:01.434+0000] {dag.py:4180} INFO - Setting next_dagrun for example_trigger_controller_dag to 2021-01-01 00:00:00+00:00, run_after=2021-01-01 00:00:00+00:00
[2026-08-21T11:41:01.454+0000] {processor.py:208} INFO - Processing /home/airflow/.local/lib/python3.12/site-packages/airflow/example_dags/example_trigger_controller_dag.py took 0.246 seconds
[2026-08-21T11:41:32.948+0000] {processor.py:186} INFO - Started process (PID=177) to work on /home/airflow/.local/lib/python3.12/site-packages/airflow/example_dags/example_trigger_controller_dag.py
[2026-08-21T11:41:32.949+0000] {processor.py:914} INFO - Processing file /home/airflow/.local/lib/python3.12/site-packages/airflow/example_dags/example_trigger_controller_dag.py for tasks to queue
[2026-08-21T11:41:32.952+0000] {logging_mixin.py:190} INFO - [2026-08-21T11:41:32.951+0000] {dagbag.py:588} INFO - Filling up the DagBag from /home/airflow/.local/lib/python3.12/site-packages/airflow/example_dags/example_trigger_controller_dag.py
[2026-08-21T11:41:32.961+0000] {processor.py:925} INFO - DAG(s) 'example_trigger_controller_dag' retrieved from /home/airflow/.local/lib/python3.12/site-packages/airflow/example_dags/example_trigger_controller_dag.py
[2026-08-21T11:41:32.978+0000] {logging_mixin.py:190} INFO - [2026-08-21T11:41:32.977+0000] {dag.py:3239} INFO - Sync 1 DAGs
[2026-08-21T11:41:33.000+0000] {logging_mixin.py:190} INFO - [2026-08-21T11:41:32.999+0000] {dag.py:4180} INFO - Setting next_dagrun for example_trigger_controller_dag to 2021-01-01 00:00:00+00:00, run_after=2021-01-01 00:00:00+00:00
[2026-08-21T11:41:33.020+0000] {processor.py:208} INFO - Processing /home/airflow/.local/lib/python3.12/site-packages/airflow/example_dags/example_trigger_controller_dag.py took 0.077 seconds
[2026-08-21T11:42:07.881+0000] {processor.py:186} INFO - Started process (PID=240) to work on /home/airflow/.local/lib/python3.12/site-packages/airflow/example_dags/example_trigger_controller_dag.py
[2026-08-21T11:42:07.882+0000] {processor.py:914} INFO - Processing file /home/airflow/.local/lib/python3.12/site-packages/airflow/example_dags/example_trigger_controller_dag.py for tasks to queue
[2026-08-21T11:42:07.884+0000] {logging_mixin.py:190} INFO - [2026-08-21T11:42:07.884+0000] {dagbag.py:588} INFO - Filling up the DagBag from /home/airflow/.local/lib/python3.12/site-packages/airflow/example_dags/example_trigger_controller_dag.py
[2026-08-21T11:42:07.892+0000] {processor.py:925} INFO - DAG(s) 'example_trigger_controller_dag' retrieved from /home/airflow/.local/lib/python3.12/site-packages/airflow/example_dags/example_trigger_controller_dag.py
[2026-08-21T11:42:07.915+0000] {logging_mixin.py:190} INFO - [2026-08-21T11:42:07.914+0000] {dag.py:3239} INFO - Sync 1 DAGs
[2026-08-21T11:42:07.942+0000] {logging_mixin.py:190} INFO - [2026-08-21T11:42:07.941+0000] {dag.py:4180} INFO - Setting next_dagrun for example_trigger_controller_dag to 2021-01-01 00:00:00+00:00, run_after=2021-01-01 00:00:00+00:00
[2026-08-21T11:42:07.967+0000] {processor.py:208} INFO - Processing /home/airflow/.local/lib/python3.12/site-packages/airflow/example_dags/example_trigger_controller_dag.py took 0.092 seconds
[2026-08-21T11:42:43.407+0000] {processor.py:186} INFO - Started process (PID=303) to work on /home/airflow/.local/lib/python3.12/site-packages/airflow/example_dags/example_trigger_controller_dag.py
[2026-08-21T11:42:43.408+0000] {processor.py:914} INFO - Processing file /home/airflow/.local/lib/python3.12/site-packages/airflow/example_dags/example_trigger_controller_dag.py for tasks to queue
[2026-08-21T11:42:43.411+0000] {logging_mixin.py:190} INFO - [2026-08-21T11:42:43.410+0000] {dagbag.py:588} INFO - Filling up the DagBag from /home/airflow/.local/lib/python3.12/site-packages/airflow/example_dags/example_trigger_controller_dag.py
[2026-08-21T11:42:43.417+0000] {processor.py:925} INFO - DAG(s) 'example_trigger_controller_dag' retrieved from /home/airflow/.local/lib/python3.12/site-packages/airflow/example_dags/example_trigger_controller_dag.py
[2026-08-21T11:42:43.441+0000] {logging_mixin.py:190} INFO - [2026-08-21T11:42:43.440+0000] {dag.py:3239} INFO - Sync 1 DAGs
[2026-08-21T11:42:43.466+0000] {logging_mixin.py:190} INFO - [2026-08-21T11:42:43.466+0000] {dag.py:4180} INFO - Setting next_dagrun for example_trigger_controller_dag to 2021-01-01 00:00:00+00:00, run_after=2021-01-01 00:00:00+00:00
[2026-08-21T11:42:43.484+0000] {processor.py:208} INFO - Processing /home/airflow/.local/lib/python3.12/site-packages/airflow/example_dags/example_trigger_controller_dag.py took 0.083 seconds
[2026-08-21T11:43:18.878+0000] {processor.py:186} INFO - Started process (PID=372) to work on /home/airflow/.local/lib/python3.12/site-packages/airflow/example_dags/example_trigger_controller_dag.py
[2026-08-21T11:43:18.879+0000] {processor.py:914} INFO - Processing file /home/airflow/.local/lib/python3.12/site-packages/airflow/example_dags/example_trigger_controller_dag.py for tasks to queue
[2026-08-21T11:43:18.882+0000] {logging_mixin.py:190} INFO - [2026-08-21T11:43:18.882+0000] {dagbag.py:588} INFO - Filling up the DagBag from /home/airflow/.local/lib/python3.12/site-packages/airflow/example_dags/example_trigger_controller_dag.py
[2026-08-21T11:43:18.889+0000] {processor.py:925} INFO - DAG(s) 'example_trigger_controller_dag' retrieved from /home/airflow/.local/lib/python3.12/site-packages/airflow/example_dags/example_trigger_controller_dag.py
[2026-08-21T11:43:18.909+0000] {logging_mixin.py:190} INFO - [2026-08-21T11:43:18.909+0000] {dag.py:3239} INFO - Sync 1 DAGs
[2026-08-21T11:43:18.935+0000] {logging_mixin.py:190} INFO - [2026-08-21T11:43:18.935+0000] {dag.py:4180} INFO - Setting next_dagrun for example_trigger_controller_dag to 2021-01-01 00:00:00+00:00, run_after=2021-01-01 00:00:00+00:00
[2026-08-21T11:43:18.959+0000] {processor.py:208} INFO - Processing /home/airflow/.local/lib/python3.12/site-packages/airflow/example_dags/example_trigger_controller_dag.py took 0.088 seconds
[2026-08-21T11:43:52.310+0000] {processor.py:186} INFO - Started process (PID=434) to work on /home/airflow/.local/lib/python3.12/site-packages/airflow/example_dags/example_trigger_controller_dag.py
[2026-08-21T11:43:52.311+0000] {processor.py:914} INFO - Processing file /home/airflow/.local/lib/python3.12/site-packages/airflow/example_dags/example_trigger_controller_dag.py for tasks to queue
[2026-08-21T11:43:52.313+0000] {logging_mixin.py:190} INFO - [2026-08-21T11:43:52.313+0000] {dagbag.py:588} INFO - Filling up the DagBag from /home/airflow/.local/lib/python3.12/site-packages/airflow/example_dags/example_trigger_controller_dag.py
[2026-08-21T11:43:52.319+0000] {processor.py:925} INFO - DAG(s) 'example_trigger_controller_dag' retrieved from /home/airflow/.local/lib/python3.12/site-packages/airflow/example_dags/example_trigger_controller_dag.py
[2026-08-21T11:43:52.342+0000] {logging_mixin.py:190} INFO - [2026-08-21T11:43:52.341+0000] {dag.py:3239} INFO - Sync 1 DAGs
[2026-08-21T11:43:52.369+0000] {logging_mixin.py:190} INFO - [2026-08-21T11:43:52.369+0000] {dag.py:4180} INFO - Setting next_dagrun for example_trigger_controller_dag to 2021-01-01 00:00:00+00:00, run_after=2021-01-01 00:00:00+00:00
[2026-08-21T11:43:52.388+0000] {processor.py:208} INFO - Processing /home/airflow/.local/lib/python3.12/site-packages/airflow/example_dags/example_trigger_controller_dag.py took 0.084 seconds
[2026-08-21T11:44:27.279+0000] {processor.py:186} INFO - Started process (PID=503) to work on /home/airflow/.local/lib/python3.12/site-packages/airflow/example_dags/example_trigger_controller_dag.py
[2026-08-21T11:44:27.280+0000] {processor.py:914} INFO - Processing file /home/airflow/.local/lib/python3.12/site-packages/airflow/example_dags/example_trigger_controller_dag.py for tasks to queue
[2026-08-21T11:44:27.282+0000] {logging_mixin.py:190} INFO - [2026-08-21T11:44:27.282+0000] {dagbag.py:588} INFO - Filling up the DagBag from /home/airflow/.local/lib/python3.12/site-packages/airflow/example_dags/example_trigger_controller_dag.py
[2026-08-21T11:44:27.288+0000] {processor.py:925} INFO - DAG(s) 'example_trigger_controller_dag' retrieved from /home/airflow/.local/lib/python3.12/site-packages/airflow/example_dags/example_trigger_controller_dag.py
[2026-08-21T11:44:27.311+0000] {logging_mixin.py:190} INFO - [2026-08-21T11:44:27.311+0000] {dag.py:3239} INFO - Sync 1 DAGs
[2026-08-21T11:44:27.337+0000] {logging_mixin.py:190} INFO - [2026-08-21T11:44:27.337+0000] {dag.py:4180} INFO - Setting next_dagrun for example_trigger_controller_dag to 2021-01-01 00:00:00+00:00, run_after=2021-01-01 00:00:00+00:00
[2026-08-21T11:44:27.355+0000] {processor.py:208} INFO - Processing /home/airflow/.local/lib/python3.12/site-packages/airflow/example_dags/example_trigger_controller_dag.py took 0.082 seconds
[2026-08-21T11:45:03.838+0000] {processor.py:186} INFO - Started process (PID=566) to work on /home/airflow/.local/lib/python3.12/site-packages/airflow/example_dags/example_trigger_controller_dag.py
[2026-08-21T11:45:03.838+0000] {processor.py:914} INFO - Processing file /home/airflow/.local/lib/python3.12/site-packages/airflow/example_dags/example_trigger_controller_dag.py for tasks to queue
[2026-08-21T11:45:03.843+0000] {logging_mixin.py:190} INFO - [2026-08-21T11:45:03.841+0000] {dagbag.py:588} INFO - Filling up the DagBag from /home/airflow/.local/lib/python3.12/site-packages/airflow/example_dags/example_trigger_controller_dag.py
[2026-08-21T11:45:03.851+0000] {processor.py:925} INFO - DAG(s) 'example_trigger_controller_dag' retrieved from /home/airflow/.local/lib/python3.12/site-packages/airflow/example_dags/example_trigger_controller_dag.py
[2026-08-21T11:45:03.877+0000] {logging_mixin.py:190} INFO - [2026-08-21T11:45:03.876+0000] {dag.py:3239} INFO - Sync 1 DAGs
[2026-08-21T11:45:03.909+0000] {logging_mixin.py:190} INFO - [2026-08-21T11:45:03.908+0000] {dag.py:4180} INFO - Setting next_dagrun for example_trigger_controller_dag to 2021-01-01 00:00:00+00:00, run_after=2021-01-01 00:00:00+00:00
[2026-08-21T11:45:03.933+0000] {processor.py:208} INFO - Processing /home/airflow/.local/lib/python3.12/site-packages/airflow/example_dags/example_trigger_controller_dag.py took 0.101 seconds
[2026-08-21T11:45:39.616+0000] {processor.py:186} INFO - Started process (PID=629) to work on /home/airflow/.local/lib/python3.12/site-packages/airflow/example_dags/example_trigger_controller_dag.py
[2026-08-21T11:45:39.617+0000] {processor.py:914} INFO - Processing file /home/airflow/.local/lib/python3.12/site-packages/airflow/example_dags/example_trigger_controller_dag.py for tasks to queue
[2026-08-21T11:45:39.620+0000] {logging_mixin.py:190} INFO - [2026-08-21T11:45:39.619+0000] {dagbag.py:588} INFO - Filling up the DagBag from /home/airflow/.local/lib/python3.12/site-packages/airflow/example_dags/example_trigger_controller_dag.py
[2026-08-21T11:45:39.626+0000] {processor.py:925} INFO - DAG(s) 'example_trigger_controller_dag' retrieved from /home/airflow/.local/lib/python3.12/site-packages/airflow/example_dags/example_trigger_controller_dag.py
[2026-08-21T11:45:39.648+0000] {logging_mixin.py:190} INFO - [2026-08-21T11:45:39.648+0000] {dag.py:3239} INFO - Sync 1 DAGs
[2026-08-21T11:45:39.675+0000] {logging_mixin.py:190} INFO - [2026-08-21T11:45:39.675+0000] {dag.py:4180} INFO - Setting next_dagrun for example_trigger_controller_dag to 2021-01-01 00:00:00+00:00, run_after=2021-01-01 00:00:00+00:00
[2026-08-21T11:45:39.697+0000] {processor.py:208} INFO - Processing /home/airflow/.local/lib/python3.12/site-packages/airflow/example_dags/example_trigger_controller_dag.py took 0.087 seconds
[2026-08-21T11:46:14.231+0000] {processor.py:186} INFO - Started process (PID=692) to work on /home/airflow/.local/lib/python3.12/site-packages/airflow/example_dags/example_trigger_controller_dag.py
[2026-08-21T11:46:14.233+0000] {processor.py:914} INFO - Processing file /home/airflow/.local/lib/python3.12/site-packages/airflow/example_dags/example_trigger_controller_dag.py for tasks to queue
[2026-08-21T11:46:14.236+0000] {logging_mixin.py:190} INFO - [2026-08-21T11:46:14.236+0000] {dagbag.py:588} INFO - Filling up the DagBag from /home/airflow/.local/lib/python3.12/site-packages/airflow/example_dags/example_trigger_controller_dag.py
[2026-08-21T11:46:14.244+0000] {processor.py:925} INFO - DAG(s) 'example_trigger_controller_dag' retrieved from /home/airflow/.local/lib/python3.12/site-packages/airflow/example_dags/example_trigger_controller_dag.py
[2026-08-21T11:46:14.260+0000] {logging_mixin.py:190} INFO - [2026-08-21T11:46:14.260+0000] {dag.py:3239} INFO - Sync 1 DAGs
[2026-08-21T11:46:14.285+0000] {logging_mixin.py:190} INFO - [2026-08-21T11:46:14.284+0000] {dag.py:4180} INFO - Setting next_dagrun for example_trigger_controller_dag to 2021-01-01 00:00:00+00:00, run_after=2021-01-01 00:00:00+00:00
[2026-08-21T11:46:14.307+0000] {processor.py:208} INFO - Processing /home/airflow/.local/lib/python3.12/site-packages/airflow/example_dags/example_trigger_controller_dag.py took 0.082 seconds
[2026-08-21T11:46:50.318+0000] {processor.py:186} INFO - Started process (PID=761) to work on /home/airflow/.local/lib/python3.12/site-packages/airflow/example_dags/example_trigger_controller_dag.py
[2026-08-21T11:46:50.319+0000] {processor.py:914} INFO - Processing file /home/airflow/.local/lib/python3.12/site-packages/airflow/example_dags/example_trigger_controller_dag.py for tasks to queue
[2026-08-21T11:46:50.323+0000] {logging_mixin.py:190} INFO - [2026-08-21T11:46:50.322+0000] {dagbag.py:588} INFO - Filling up the DagBag from /home/airflow/.local/lib/python3.12/site-packages/airflow/example_dags/example_trigger_controller_dag.py
[2026-08-21T11:46:50.331+0000] {processor.py:925} INFO - DAG(s) 'example_trigger_controller_dag' retrieved from /home/airflow/.local/lib/python3.12/site-packages/airflow/example_dags/example_trigger_controller_dag.py
[2026-08-21T11:46:50.351+0000] {logging_mixin.py:190} INFO - [2026-08-21T11:46:50.351+0000] {dag.py:3239} INFO - Sync 1 DAGs
[2026-08-21T11:46:50.378+0000] {logging_mixin.py:190} INFO - [2026-08-21T11:46:50.378+0000] {dag.py:4180} INFO - Setting next_dagrun for example_trigger_controller_dag to 2021-01-01 00:00:00+00:00, run_after=2021-01-01 00:00:00+00:00
[2026-08-21T11:46:50.402+0000] {processor.py:208} INFO - Processing /home/airflow/.local/lib/python3.12/site-packages/airflow/example_dags/example_trigger_controller_dag.py took 0.093 seconds
