[2026-08-21T11:41:01.494+0000] {processor.py:186} INFO - Started process (PID=116) to work on /home/airflow/.local/lib/python3.12/site-packages/airflow/example_dags/example_external_task_marker_dag.py
[2026-08-21T11:41:01.495+0000] {processor.py:914} INFO - Processing file /home/airflow/.local/lib/python3.12/site-packages/airflow/example_dags/example_external_task_marker_dag.py for tasks to queue
[2026-08-21T11:41:01.498+0000] {logging_mixin.py:190} INFO - [2026-08-21T11:41:01.497+0000] {dagbag.py:588} INFO - Filling up the DagBag from /home/airflow/.local/lib/python3.12/site-packages/airflow/example_dags/example_external_task_marker_dag.py
[2026-08-21T11:41:01.505+0000] {processor.py:925} INFO - DAG(s) 'example_external_task_marker_child', 'example_external_task_marker_parent' retrieved from /home/airflow/.local/lib/python3.12/site-packages/airflow/example_dags/example_external_task_marker_dag.py
[2026-08-21T11:41:01.614+0000] {logging_mixin.py:190} INFO - [2026-08-21T11:41:01.613+0000] {override.py:1932} INFO - Created Permission View: can read on DAG:example_external_task_marker_child
[2026-08-21T11:41:01.629+0000] {logging_mixin.py:190} INFO - [2026-08-21T11:41:01.628+0000] {override.py:1932} INFO - Created Permission View: can edit on DAG:example_external_task_marker_child
[2026-08-21T11:41:01.636+0000] {logging_mixin.py:190} INFO - [2026-08-21T11:41:01.636+0000] {override.py:1932} INFO - Created Permission View: can delete on DAG:example_external_task_marker_child
[2026-08-21T11:41:01.648+0000] {logging_mixin.py:190} INFO - [2026-08-21T11:41:01.647+0000] {override.py:1932} INFO - Created Permission View: menu access on DAG Run:example_external_task_marker_child
[2026-08-21T11:41:01.660+0000] {logging_mixin.py:190} INFO - [2026-08-21T11:41:01.659+0000] {override.py:1932} INFO - Created Permission View: can read on DAG Run:example_external_task_marker_child
[2026-08-21T11:41:01.669+0000] {logging_mixin.py:190} INFO - [2026-08-21T11:41:01.669+0000] {override.py:1932} INFO - Created Permission View: can create on DAG Run:example_external_task_marker_child
[2026-08-21T11:41:01.680+0000] {logging_mixin.py:190} INFO - [2026-08-21T11:41:01.679+0000] {override.py:1932} INFO - Created Permission View: can delete on DAG Run:example_external_task_marker_child
[2026-08-21T11:41:01.698+0000] {logging_mixin.py:190} INFO - [2026-08-21T11:41:01.698+0000] {override.py:1932} INFO - Created Permission View: can read on DAG:example_external_task_marker_parent
[2026-08-21T11:41:01.706+0000] {logging_mixin.py:190} INFO - [2026-08-21T11:41:01.706+0000] {override.py:1932} INFO - Created Permission View: can edit on DAG:example_external_task_marker_parent
[2026-08-21T11:41:01.721+0000] {logging_mixin.py:190} INFO - [2026-08-21T11:41:01.721+0000] {override.py:1932} INFO - Created Permission View: can delete on DAG:example_external_task_marker_parent
[2026-08-21T11:41:01.742+0000] {logging_mixin.py:190} INFO - [2026-08-21T11:41:01.742+0000] {override.py:1932} INFO - Created Permission View: menu access on DAG Run:example_external_task_marker_parent
[2026-08-21T11:41:01.758+0000] {logging_mixin.py:190} INFO - [2026-08-21T11:41:01.758+0000] {override.py:1932} INFO - Created Permission View: can read on DAG Run:example_external_task_marker_parent
[2026-08-21T11:41:01.770+0000] {logging_mixin.py:190} INFO - [2026-08-21T11:41:01.770+0000] {override.py:1932} INFO - Created Permission View: can create on DAG Run:example_external_task_marker_parent
[2026-08-21T11:41:01.783+0000] {logging_mixin.py:190} INFO - [2026-08-21T11:41:01.783+0000] {override.py:1932} INFO - Created Permission View: can delete on DAG Run:example_external_task_marker_parent
[2026-08-21T11:41:01.783+0000] {logging_mixin.py:190} INFO - [2026-08-21T11:41:01.783+0000] {dag.py:3239} INFO - Sync 2 DAGs
[2026-08-21T11:41:01.800+0000] {logging_mixin.py:190} INFO - [2026-08-21T11:41:01.799+0000] {dag.py:3262} INFO - Creating ORM DAG for example_external_task_marker_child
[2026-08-21T11:41:01.800+0000] {logging_mixin.py:190} INFO - [2026-08-21T11:41:01.800+0000] {dag.py:3262} INFO - Creating ORM DAG for example_external_task_marker_parent
[2026-08-21T11:41:01.801+0000] {logging_mixin.py:190} INFO - [2026-08-21T11:41:01.801+0000] {dag.py:4180} INFO - Setting next_dagrun for example_external_task_marker_child to None, run_after=None
[2026-08-21T11:41:01.801+0000] {logging_mixin.py:190} INFO - [2026-08-21T11:41:01.801+0000] {dag.py:4180} INFO - Setting next_dagrun for example_external_task_marker_parent to None, run_after=None
[2026-08-21T11:41:01.826+0000] {processor.py:208} INFO - Processing /home/airflow/.local/lib/python3.12/site-packages/airflow/example_dags/example_external_task_marker_dag.py took 0.337 seconds
[2026-08-21T11:41:33.159+0000] {processor.py:186} INFO - Started process (PID=179) to work on /home/airflow/.local/lib/python3.12/site-packages/airflow/example_dags/example_external_task_marker_dag.py
[2026-08-21T11:41:33.160+0000] {processor.py:914} INFO - Processing file /home/airflow/.local/lib/python3.12/site-packages/airflow/example_dags/example_external_task_marker_dag.py for tasks to queue
[2026-08-21T11:41:33.162+0000] {logging_mixin.py:190} INFO - [2026-08-21T11:41:33.162+0000] {dagbag.py:588} INFO - Filling up the DagBag from /home/airflow/.local/lib/python3.12/site-packages/airflow/example_dags/example_external_task_marker_dag.py
[2026-08-21T11:41:33.168+0000] {processor.py:925} INFO - DAG(s) 'example_external_task_marker_parent', 'example_external_task_marker_child' retrieved from /home/airflow/.local/lib/python3.12/site-packages/airflow/example_dags/example_external_task_marker_dag.py
[2026-08-21T11:41:33.188+0000] {logging_mixin.py:190} INFO - [2026-08-21T11:41:33.188+0000] {dag.py:3239} INFO - Sync 2 DAGs
[2026-08-21T11:41:33.203+0000] {logging_mixin.py:190} INFO - [2026-08-21T11:41:33.203+0000] {dag.py:4180} INFO - Setting next_dagrun for example_external_task_marker_child to None, run_after=None
[2026-08-21T11:41:33.206+0000] {logging_mixin.py:190} INFO - [2026-08-21T11:41:33.206+0000] {dag.py:4180} INFO - Setting next_dagrun for example_external_task_marker_parent to None, run_after=None
[2026-08-21T11:41:33.226+0000] {processor.py:208} INFO - Processing /home/airflow/.local/lib/python3.12/site-packages/airflow/example_dags/example_external_task_marker_dag.py took 0.072 seconds
[2026-08-21T11:42:08.143+0000] {processor.py:186} INFO - Started process (PID=242) to work on /home/airflow/.local/lib/python3.12/site-packages/airflow/example_dags/example_external_task_marker_dag.py
[2026-08-21T11:42:08.144+0000] {processor.py:914} INFO - Processing file /home/airflow/.local/lib/python3.12/site-packages/airflow/example_dags/example_external_task_marker_dag.py for tasks to queue
[2026-08-21T11:42:08.146+0000] {logging_mixin.py:190} INFO - [2026-08-21T11:42:08.146+0000] {dagbag.py:588} INFO - Filling up the DagBag from /home/airflow/.local/lib/python3.12/site-packages/airflow/example_dags/example_external_task_marker_dag.py
[2026-08-21T11:42:08.154+0000] {processor.py:925} INFO - DAG(s) 'example_external_task_marker_parent', 'example_external_task_marker_child' retrieved from /home/airflow/.local/lib/python3.12/site-packages/airflow/example_dags/example_external_task_marker_dag.py
[2026-08-21T11:42:08.186+0000] {logging_mixin.py:190} INFO - [2026-08-21T11:42:08.186+0000] {dag.py:3239} INFO - Sync 2 DAGs
[2026-08-21T11:42:08.205+0000] {logging_mixin.py:190} INFO - [2026-08-21T11:42:08.205+0000] {dag.py:4180} INFO - Setting next_dagrun for example_external_task_marker_child to None, run_after=None
[2026-08-21T11:42:08.210+0000] {logging_mixin.py:190} INFO - [2026-08-21T11:42:08.210+0000] {dag.py:4180} INFO - Setting next_dagrun for example_external_task_marker_parent to None, run_after=None
[2026-08-21T11:42:08.233+0000] {processor.py:208} INFO - Processing /home/airflow/.local/lib/python3.12/site-packages/airflow/example_dags/example_external_task_marker_dag.py took 0.098 seconds
[2026-08-21T11:42:43.634+0000] {processor.py:186} INFO - Started process (PID=305) to work on /home/airflow/.local/lib/python3.12/site-packages/airflow/example_dags/example_external_task_marker_dag.py
[2026-08-21T11:42:43.634+0000] {processor.py:914} INFO - Processing file /home/airflow/.local/lib/python3.12/site-packages/airflow/example_dags/example_external_task_marker_dag.py for tasks to queue
[2026-08-21T11:42:43.638+0000] {logging_mixin.py:190} INFO - [2026-08-21T11:42:43.637+0000] {dagbag.py:588} INFO - Filling up the DagBag from /home/airflow/.local/lib/python3.12/site-packages/airflow/example_dags/example_external_task_marker_dag.py
[2026-08-21T11:42:43.645+0000] {processor.py:925} INFO - DAG(s) 'example_external_task_marker_child', 'example_external_task_marker_parent' retrieved from /home/airflow/.local/lib/python3.12/site-packages/airflow/example_dags/example_external_task_marker_dag.py
[2026-08-21T11:42:43.669+0000] {logging_mixin.py:190} INFO - [2026-08-21T11:42:43.669+0000] {dag.py:3239} INFO - Sync 2 DAGs
[2026-08-21T11:42:43.682+0000] {logging_mixin.py:190} INFO - [2026-08-21T11:42:43.682+0000] {dag.py:4180} INFO - Setting next_dagrun for example_external_task_marker_child to None, run_after=None
[2026-08-21T11:42:43.686+0000] {logging_mixin.py:190} INFO - [2026-08-21T11:42:43.686+0000] {dag.py:4180} INFO - Setting next_dagrun for example_external_task_marker_parent to None, run_after=None
[2026-08-21T11:42:43.705+0000] {processor.py:208} INFO - Processing /home/airflow/.local/lib/python3.12/site-packages/airflow/example_dags/example_external_task_marker_dag.py took 0.077 seconds
[2026-08-21T11:43:19.123+0000] {processor.py:186} INFO - Started process (PID=374) to work on /home/airflow/.local/lib/python3.12/site-packages/airflow/example_dags/example_external_task_marker_dag.py
[2026-08-21T11:43:19.124+0000] {processor.py:914} INFO - Processing file /home/airflow/.local/lib/python3.12/site-packages/airflow/example_dags/example_external_task_marker_dag.py for tasks to queue
[2026-08-21T11:43:19.127+0000] {logging_mixin.py:190} INFO - [2026-08-21T11:43:19.127+0000] {dagbag.py:588} INFO - Filling up the DagBag from /home/airflow/.local/lib/python3.12/site-packages/airflow/example_dags/example_external_task_marker_dag.py
[2026-08-21T11:43:19.135+0000] {processor.py:925} INFO - DAG(s) 'example_external_task_marker_child', 'example_external_task_marker_parent' retrieved from /home/airflow/.local/lib/python3.12/site-packages/airflow/example_dags/example_external_task_marker_dag.py
[2026-08-21T11:43:19.163+0000] {logging_mixin.py:190} INFO - [2026-08-21T11:43:19.163+0000] {dag.py:3239} INFO - Sync 2 DAGs
[2026-08-21T11:43:19.181+0000] {logging_mixin.py:190} INFO - [2026-08-21T11:43:19.181+0000] {dag.py:4180} INFO - Setting next_dagrun for example_external_task_marker_child to None, run_after=None
[2026-08-21T11:43:19.185+0000] {logging_mixin.py:190} INFO - [2026-08-21T11:43:19.185+0000] {dag.py:4180} INFO - Setting next_dagrun for example_external_task_marker_parent to None, run_after=None
[2026-08-21T11:43:19.206+0000] {processor.py:208} INFO - Processing /home/airflow/.local/lib/python3.12/site-packages/airflow/example_dags/example_external_task_marker_dag.py took 0.089 seconds
[2026-08-21T11:43:52.424+0000] {processor.py:186} INFO - Started process (PID=436) to work on /home/airflow/.local/lib/python3.12/site-packages/airflow/example_dags/example_external_task_marker_dag.py
[2026-08-21T11:43:52.425+0000] {processor.py:914} INFO - Processing file /home/airflow/.local/lib/python3.12/site-packages/airflow/example_dags/example_external_task_marker_dag.py for tasks to queue
[2026-08-21T11:43:52.428+0000] {logging_mixin.py:190} INFO - [2026-08-21T11:43:52.427+0000] {dagbag.py:588} INFO - Filling up the DagBag from /home/airflow/.local/lib/python3.12/site-packages/airflow/example_dags/example_external_task_marker_dag.py
[2026-08-21T11:43:52.436+0000] {processor.py:925} INFO - DAG(s) 'example_external_task_marker_parent', 'example_external_task_marker_child' retrieved from /home/airflow/.local/lib/python3.12/site-packages/airflow/example_dags/example_external_task_marker_dag.py
[2026-08-21T11:43:52.457+0000] {logging_mixin.py:190} INFO - [2026-08-21T11:43:52.457+0000] {dag.py:3239} INFO - Sync 2 DAGs
[2026-08-21T11:43:52.475+0000] {logging_mixin.py:190} INFO - [2026-08-21T11:43:52.475+0000] {dag.py:4180} INFO - Setting next_dagrun for example_external_task_marker_child to None, run_after=None
[2026-08-21T11:43:52.479+0000] {logging_mixin.py:190} INFO - [2026-08-21T11:43:52.478+0000] {dag.py:4180} INFO - Setting next_dagrun for example_external_task_marker_parent to None, run_after=None
[2026-08-21T11:43:52.500+0000] {processor.py:208} INFO - Processing /home/airflow/.local/lib/python3.12/site-packages/airflow/example_dags/example_external_task_marker_dag.py took 0.081 seconds
[2026-08-21T11:44:27.391+0000] {processor.py:186} INFO - Started process (PID=505) to work on /home/airflow/.local/lib/python3.12/site-packages/airflow/example_dags/example_external_task_marker_dag.py
[2026-08-21T11:44:27.392+0000] {processor.py:914} INFO - Processing file /home/airflow/.local/lib/python3.12/site-packages/airflow/example_dags/example_external_task_marker_dag.py for tasks to queue
[2026-08-21T11:44:27.395+0000] {logging_mixin.py:190} INFO - [2026-08-21T11:44:27.395+0000] {dagbag.py:588} INFO - Filling up the DagBag from /home/airflow/.local/lib/python3.12/site-packages/airflow/example_dags/example_external_task_marker_dag.py
[2026-08-21T11:44:27.405+0000] {processor.py:925} INFO - DAG(s) 'example_external_task_marker_child', 'example_external_task_marker_parent' retrieved from /home/airflow/.local/lib/python3.12/site-packages/airflow/example_dags/example_external_task_marker_dag.py
[2026-08-21T11:44:27.428+0000] {logging_mixin.py:190} INFO - [2026-08-21T11:44:27.427+0000] {dag.py:3239} INFO - Sync 2 DAGs
[2026-08-21T11:44:27.445+0000] {logging_mixin.py:190} INFO - [2026-08-21T11:44:27.444+0000] {dag.py:4180} INFO - Setting next_dagrun for example_external_task_marker_child to None, run_after=None
[2026-08-21T11:44:27.448+0000] {logging_mixin.py:190} INFO - [2026-08-21T11:44:27.448+0000] {dag.py:4180} INFO - Setting next_dagrun for example_external_task_marker_parent to None, run_after=None
[2026-08-21T11:44:27.474+0000] {processor.py:208} INFO - Processing /home/airflow/.local/lib/python3.12/site-packages/airflow/example_dags/example_external_task_marker_dag.py took 0.088 seconds
[2026-08-21T11:45:03.976+0000] {processor.py:186} INFO - Started process (PID=568) to work on /home/airflow/.local/lib/python3.12/site-packages/airflow/example_dags/example_external_task_marker_dag.py
[2026-08-21T11:45:03.978+0000] {processor.py:914} INFO - Processing file /home/airflow/.local/lib/python3.12/site-packages/airflow/example_dags/example_external_task_marker_dag.py for tasks to queue
[2026-08-21T11:45:03.983+0000] {logging_mixin.py:190} INFO - [2026-08-21T11:45:03.982+0000] {dagbag.py:588} INFO - Filling up the DagBag from /home/airflow/.local/lib/python3.12/site-packages/airflow/example_dags/example_external_task_marker_dag.py
[2026-08-21T11:45:03.993+0000] {processor.py:925} INFO - DAG(s) 'example_external_task_marker_child', 'example_external_task_marker_parent' retrieved from /home/airflow/.local/lib/python3.12/site-packages/airflow/example_dags/example_external_task_marker_dag.py
[2026-08-21T11:45:04.020+0000] {logging_mixin.py:190} INFO - [2026-08-21T11:45:04.020+0000] {dag.py:3239} INFO - Sync 2 DAGs
[2026-08-21T11:45:04.035+0000] {logging_mixin.py:190} INFO - [2026-08-21T11:45:04.035+0000] {dag.py:4180} INFO - Setting next_dagrun for example_external_task_marker_child to None, run_after=None
[2026-08-21T11:45:04.038+0000] {logging_mixin.py:190} INFO - [2026-08-21T11:45:04.038+0000] {dag.py:4180} INFO - Setting next_dagrun for example_external_task_marker_parent to None, run_after=None
[2026-08-21T11:45:04.057+0000] {processor.py:208} INFO - Processing /home/airflow/.local/lib/python3.12/site-packages/airflow/example_dags/example_external_task_marker_dag.py took 0.087 seconds
[2026-08-21T11:45:39.748+0000] {processor.py:186} INFO - Started process (PID=631) to work on /home/airflow/.local/lib/python3.12/site-packages/airflow/example_dags/example_external_task_marker_dag.py
[2026-08-21T11:45:39.749+0000] {processor.py:914} INFO - Processing file /home/airflow/.local/lib/python3.12/site-packages/airflow/example_dags/example_external_task_marker_dag.py for tasks to queue
[2026-08-21T11:45:39.751+0000] {logging_mixin.py:190} INFO - [2026-08-21T11:45:39.751+0000] {dagbag.py:588} INFO - Filling up the DagBag from /home/airflow/.local/lib/python3.12/site-packages/airflow/example_dags/example_external_task_marker_dag.py
[2026-08-21T11:45:39.761+0000] {processor.py:925} INFO - DAG(s) 'example_external_task_marker_child', 'example_external_task_marker_parent' retrieved from /home/airflow/.local/lib/python3.12/site-packages/airflow/example_dags/example_external_task_marker_dag.py
[2026-08-21T11:45:39.788+0000] {logging_mixin.py:190} INFO - [2026-08-21T11:45:39.788+0000] {dag.py:3239} INFO - Sync 2 DAGs
[2026-08-21T11:45:39.808+0000] {logging_mixin.py:190} INFO - [2026-08-21T11:45:39.807+0000] {dag.py:4180} INFO - Setting next_dagrun for example_external_task_marker_child to None, run_after=None
[2026-08-21T11:45:39.817+0000] {logging_mixin.py:190} INFO - [2026-08-21T11:45:39.816+0000] {dag.py:4180} INFO - Setting next_dagrun for example_external_task_marker_parent to None, run_after=None
[2026-08-21T11:45:39.856+0000] {processor.py:208} INFO - Processing /home/airflow/.local/lib/python3.12/site-packages/airflow/example_dags/example_external_task_marker_dag.py took 0.116 seconds
[2026-08-21T11:46:14.344+0000] {processor.py:186} INFO - Started process (PID=694) to work on /home/airflow/.local/lib/python3.12/site-packages/airflow/example_dags/example_external_task_marker_dag.py
[2026-08-21T11:46:14.345+0000] {processor.py:914} INFO - Processing file /home/airflow/.local/lib/python3.12/site-packages/airflow/example_dags/example_external_task_marker_dag.py for tasks to queue
[2026-08-21T11:46:14.348+0000] {logging_mixin.py:190} INFO - [2026-08-21T11:46:14.347+0000] {dagbag.py:588} INFO - Filling up the DagBag from /home/airflow/.local/lib/python3.12/site-packages/airflow/example_dags/example_external_task_marker_dag.py
[2026-08-21T11:46:14.355+0000] {processor.py:925} INFO - DAG(s) 'example_external_task_marker_child', 'example_external_task_marker_parent' retrieved from /home/airflow/.local/lib/python3.12/site-packages/airflow/example_dags/example_external_task_marker_dag.py
[2026-08-21T11:46:14.379+0000] {logging_mixin.py:190} INFO - [2026-08-21T11:46:14.379+0000] {dag.py:3239} INFO - Sync 2 DAGs
[2026-08-21T11:46:14.394+0000] {logging_mixin.py:190} INFO - [2026-08-21T11:46:14.393+0000] {dag.py:4180} INFO - Setting next_dagrun for example_external_task_marker_child to None, run_after=None
[2026-08-21T11:46:14.397+0000] {logging_mixin.py:190} INFO - [2026-08-21T11:46:14.397+0000] {dag.py:4180} INFO - Setting next_dagrun for example_external_task_marker_parent to None, run_after=None
[2026-08-21T11:46:14.418+0000] {processor.py:208} INFO - Processing /home/airflow/.local/lib/python3.12/site-packages/airflow/example_dags/example_external_task_marker_dag.py took 0.080 seconds
[2026-08-21T11:46:50.441+0000] {processor.py:186} INFO - Started process (PID=763) to work on /home/airflow/.local/lib/python3.12/site-packages/airflow/example_dags/example_external_task_marker_dag.py
[2026-08-21T11:46:50.441+0000] {processor.py:914} INFO - Processing file /home/airflow/.local/lib/python3.12/site-packages/airflow/example_dags/example_external_task_marker_dag.py for tasks to queue
[2026-08-21T11:46:50.443+0000] {logging_mixin.py:190} INFO - [2026-08-21T11:46:50.443+0000] {dagbag.py:588} INFO - Filling up the DagBag from /home/airflow/.local/lib/python3.12/site-packages/airflow/example_dags/example_external_task_marker_dag.py
[2026-08-21T11:46:50.455+0000] {processor.py:925} INFO - DAG(s) 'example_external_task_marker_parent', 'example_external_task_marker_child' retrieved from /home/airflow/.local/lib/python3.12/site-packages/airflow/example_dags/example_external_task_marker_dag.py
[2026-08-21T11:46:50.478+0000] {logging_mixin.py:190} INFO - [2026-08-21T11:46:50.477+0000] {dag.py:3239} INFO - Sync 2 DAGs
[2026-08-21T11:46:50.497+0000] {logging_mixin.py:190} INFO - [2026-08-21T11:46:50.497+0000] {dag.py:4180} INFO - Setting next_dagrun for example_external_task_marker_child to None, run_after=None
[2026-08-21T11:46:50.501+0000] {logging_mixin.py:190} INFO - [2026-08-21T11:46:50.501+0000] {dag.py:4180} INFO - Setting next_dagrun for example_external_task_marker_parent to None, run_after=None
[2026-08-21T11:46:50.521+0000] {processor.py:208} INFO - Processing /home/airflow/.local/lib/python3.12/site-packages/airflow/example_dags/example_external_task_marker_dag.py took 0.085 seconds
