[2026-08-21T11:41:01.435+0000] {processor.py:186} INFO - Started process (PID=115) to work on /home/airflow/.local/lib/python3.12/site-packages/airflow/example_dags/example_short_circuit_operator.py
[2026-08-21T11:41:01.435+0000] {processor.py:914} INFO - Processing file /home/airflow/.local/lib/python3.12/site-packages/airflow/example_dags/example_short_circuit_operator.py for tasks to queue
[2026-08-21T11:41:01.438+0000] {logging_mixin.py:190} INFO - [2026-08-21T11:41:01.437+0000] {dagbag.py:588} INFO - Filling up the DagBag from /home/airflow/.local/lib/python3.12/site-packages/airflow/example_dags/example_short_circuit_operator.py
[2026-08-21T11:41:01.451+0000] {processor.py:925} INFO - DAG(s) 'example_short_circuit_operator' retrieved from /home/airflow/.local/lib/python3.12/site-packages/airflow/example_dags/example_short_circuit_operator.py
[2026-08-21T11:41:01.564+0000] {logging_mixin.py:190} INFO - [2026-08-21T11:41:01.563+0000] {override.py:1932} INFO - Created Permission View: can read on DAG:example_short_circuit_operator
[2026-08-21T11:41:01.576+0000] {logging_mixin.py:190} INFO - [2026-08-21T11:41:01.575+0000] {override.py:1932} INFO - Created Permission View: can edit on DAG:example_short_circuit_operator
[2026-08-21T11:41:01.586+0000] {logging_mixin.py:190} INFO - [2026-08-21T11:41:01.586+0000] {override.py:1932} INFO - Created Permission View: can delete on DAG:example_short_circuit_operator
[2026-08-21T11:41:01.597+0000] {logging_mixin.py:190} INFO - [2026-08-21T11:41:01.596+0000] {override.py:1932} INFO - Created Permission View: menu access on DAG Run:example_short_circuit_operator
[2026-08-21T11:41:01.606+0000] {logging_mixin.py:190} INFO - [2026-08-21T11:41:01.606+0000] {override.py:1932} INFO - Created Permission View: can read on DAG Run:example_short_circuit_operator
[2026-08-21T11:41:01.619+0000] {logging_mixin.py:190} INFO - [2026-08-21T11:41:01.618+0000] {override.py:1932} INFO - Created Permission View: can create on DAG Run:example_short_circuit_operator
[2026-08-21T11:41:01.627+0000] {logging_mixin.py:190} INFO - [2026-08-21T11:41:01.626+0000] {override.py:1932} INFO - Created Permission View: can delete on DAG Run:example_short_circuit_operator
[2026-08-21T11:41:01.627+0000] {logging_mixin.py:190} INFO - [2026-08-21T11:41:01.627+0000] {dag.py:3239} INFO - Sync 1 DAGs
[2026-08-21T11:41:01.642+0000] {logging_mixin.py:190} INFO - [2026-08-21T11:41:01.642+0000] {dag.py:3262} INFO - Creating ORM DAG for example_short_circuit_operator
[2026-08-21T11:41:01.643+0000] {logging_mixin.py:190} INFO - [2026-08-21T11:41:01.643+0000] {dag.py:4180} INFO - Setting next_dagrun for example_short_circuit_operator to None, run_after=None
[2026-08-21T11:41:01.664+0000] {processor.py:208} INFO - Processing /home/airflow/.local/lib/python3.12/site-packages/airflow/example_dags/example_short_circuit_operator.py took 0.235 seconds
[2026-08-21T11:41:33.058+0000] {processor.py:186} INFO - Started process (PID=178) to work on /home/airflow/.local/lib/python3.12/site-packages/airflow/example_dags/example_short_circuit_operator.py
[2026-08-21T11:41:33.059+0000] {processor.py:914} INFO - Processing file /home/airflow/.local/lib/python3.12/site-packages/airflow/example_dags/example_short_circuit_operator.py for tasks to queue
[2026-08-21T11:41:33.062+0000] {logging_mixin.py:190} INFO - [2026-08-21T11:41:33.062+0000] {dagbag.py:588} INFO - Filling up the DagBag from /home/airflow/.local/lib/python3.12/site-packages/airflow/example_dags/example_short_circuit_operator.py
[2026-08-21T11:41:33.069+0000] {processor.py:925} INFO - DAG(s) 'example_short_circuit_operator' retrieved from /home/airflow/.local/lib/python3.12/site-packages/airflow/example_dags/example_short_circuit_operator.py
[2026-08-21T11:41:33.090+0000] {logging_mixin.py:190} INFO - [2026-08-21T11:41:33.090+0000] {dag.py:3239} INFO - Sync 1 DAGs
[2026-08-21T11:41:33.104+0000] {logging_mixin.py:190} INFO - [2026-08-21T11:41:33.104+0000] {dag.py:4180} INFO - Setting next_dagrun for example_short_circuit_operator to None, run_after=None
[2026-08-21T11:41:33.125+0000] {processor.py:208} INFO - Processing /home/airflow/.local/lib/python3.12/site-packages/airflow/example_dags/example_short_circuit_operator.py took 0.075 seconds
[2026-08-21T11:42:08.009+0000] {processor.py:186} INFO - Started process (PID=241) to work on /home/airflow/.local/lib/python3.12/site-packages/airflow/example_dags/example_short_circuit_operator.py
[2026-08-21T11:42:08.011+0000] {processor.py:914} INFO - Processing file /home/airflow/.local/lib/python3.12/site-packages/airflow/example_dags/example_short_circuit_operator.py for tasks to queue
[2026-08-21T11:42:08.013+0000] {logging_mixin.py:190} INFO - [2026-08-21T11:42:08.013+0000] {dagbag.py:588} INFO - Filling up the DagBag from /home/airflow/.local/lib/python3.12/site-packages/airflow/example_dags/example_short_circuit_operator.py
[2026-08-21T11:42:08.021+0000] {processor.py:925} INFO - DAG(s) 'example_short_circuit_operator' retrieved from /home/airflow/.local/lib/python3.12/site-packages/airflow/example_dags/example_short_circuit_operator.py
[2026-08-21T11:42:08.050+0000] {logging_mixin.py:190} INFO - [2026-08-21T11:42:08.050+0000] {dag.py:3239} INFO - Sync 1 DAGs
[2026-08-21T11:42:08.072+0000] {logging_mixin.py:190} INFO - [2026-08-21T11:42:08.072+0000] {dag.py:4180} INFO - Setting next_dagrun for example_short_circuit_operator to None, run_after=None
[2026-08-21T11:42:08.098+0000] {processor.py:208} INFO - Processing /home/airflow/.local/lib/python3.12/site-packages/airflow/example_dags/example_short_circuit_operator.py took 0.095 seconds
[2026-08-21T11:42:43.523+0000] {processor.py:186} INFO - Started process (PID=304) to work on /home/airflow/.local/lib/python3.12/site-packages/airflow/example_dags/example_short_circuit_operator.py
[2026-08-21T11:42:43.523+0000] {processor.py:914} INFO - Processing file /home/airflow/.local/lib/python3.12/site-packages/airflow/example_dags/example_short_circuit_operator.py for tasks to queue
[2026-08-21T11:42:43.527+0000] {logging_mixin.py:190} INFO - [2026-08-21T11:42:43.526+0000] {dagbag.py:588} INFO - Filling up the DagBag from /home/airflow/.local/lib/python3.12/site-packages/airflow/example_dags/example_short_circuit_operator.py
[2026-08-21T11:42:43.537+0000] {processor.py:925} INFO - DAG(s) 'example_short_circuit_operator' retrieved from /home/airflow/.local/lib/python3.12/site-packages/airflow/example_dags/example_short_circuit_operator.py
[2026-08-21T11:42:43.561+0000] {logging_mixin.py:190} INFO - [2026-08-21T11:42:43.561+0000] {dag.py:3239} INFO - Sync 1 DAGs
[2026-08-21T11:42:43.575+0000] {logging_mixin.py:190} INFO - [2026-08-21T11:42:43.575+0000] {dag.py:4180} INFO - Setting next_dagrun for example_short_circuit_operator to None, run_after=None
[2026-08-21T11:42:43.597+0000] {processor.py:208} INFO - Processing /home/airflow/.local/lib/python3.12/site-packages/airflow/example_dags/example_short_circuit_operator.py took 0.081 seconds
[2026-08-21T11:43:18.997+0000] {processor.py:186} INFO - Started process (PID=373) to work on /home/airflow/.local/lib/python3.12/site-packages/airflow/example_dags/example_short_circuit_operator.py
[2026-08-21T11:43:18.998+0000] {processor.py:914} INFO - Processing file /home/airflow/.local/lib/python3.12/site-packages/airflow/example_dags/example_short_circuit_operator.py for tasks to queue
[2026-08-21T11:43:19.001+0000] {logging_mixin.py:190} INFO - [2026-08-21T11:43:19.001+0000] {dagbag.py:588} INFO - Filling up the DagBag from /home/airflow/.local/lib/python3.12/site-packages/airflow/example_dags/example_short_circuit_operator.py
[2026-08-21T11:43:19.012+0000] {processor.py:925} INFO - DAG(s) 'example_short_circuit_operator' retrieved from /home/airflow/.local/lib/python3.12/site-packages/airflow/example_dags/example_short_circuit_operator.py
[2026-08-21T11:43:19.040+0000] {logging_mixin.py:190} INFO - [2026-08-21T11:43:19.040+0000] {dag.py:3239} INFO - Sync 1 DAGs
[2026-08-21T11:43:19.059+0000] {logging_mixin.py:190} INFO - [2026-08-21T11:43:19.059+0000] {dag.py:4180} INFO - Setting next_dagrun for example_short_circuit_operator to None, run_after=None
[2026-08-21T11:43:19.084+0000] {processor.py:208} INFO - Processing /home/airflow/.local/lib/python3.12/site-packages/airflow/example_dags/example_short_circuit_operator.py took 0.093 seconds
[2026-08-21T11:43:52.321+0000] {processor.py:186} INFO - Started process (PID=435) to work on /home/airflow/.local/lib/python3.12/site-packages/airflow/example_dags/example_short_circuit_operator.py
[2026-08-21T11:43:52.321+0000] {processor.py:914} INFO - Processing file /home/airflow/.local/lib/python3.12/site-packages/airflow/example_dags/example_short_circuit_operator.py for tasks to queue
[2026-08-21T11:43:52.324+0000] {logging_mixin.py:190} INFO - [2026-08-21T11:43:52.324+0000] {dagbag.py:588} INFO - Filling up the DagBag from /home/airflow/.local/lib/python3.12/site-packages/airflow/example_dags/example_short_circuit_operator.py
[2026-08-21T11:43:52.336+0000] {processor.py:925} INFO - DAG(s) 'example_short_circuit_operator' retrieved from /home/airflow/.local/lib/python3.12/site-packages/airflow/example_dags/example_short_circuit_operator.py
[2026-08-21T11:43:52.358+0000] {logging_mixin.py:190} INFO - [2026-08-21T11:43:52.358+0000] {dag.py:3239} INFO - Sync 1 DAGs
[2026-08-21T11:43:52.375+0000] {logging_mixin.py:190} INFO - [2026-08-21T11:43:52.374+0000] {dag.py:4180} INFO - Setting next_dagrun for example_short_circuit_operator to None, run_after=None
[2026-08-21T11:43:52.395+0000] {processor.py:208} INFO - Processing /home/airflow/.local/lib/python3.12/site-packages/airflow/example_dags/example_short_circuit_operator.py took 0.080 seconds
[2026-08-21T11:44:27.343+0000] {processor.py:186} INFO - Started process (PID=504) to work on /home/airflow/.local/lib/python3.12/site-packages/airflow/example_dags/example_short_circuit_operator.py
[2026-08-21T11:44:27.343+0000] {processor.py:914} INFO - Processing file /home/airflow/.local/lib/python3.12/site-packages/airflow/example_dags/example_short_circuit_operator.py for tasks to queue
[2026-08-21T11:44:27.346+0000] {logging_mixin.py:190} INFO - [2026-08-21T11:44:27.345+0000] {dagbag.py:588} INFO - Filling up the DagBag from /home/airflow/.local/lib/python3.12/site-packages/airflow/example_dags/example_short_circuit_operator.py
[2026-08-21T11:44:27.354+0000] {processor.py:925} INFO - DAG(s) 'example_short_circuit_operator' retrieved from /home/airflow/.local/lib/python3.12/site-packages/airflow/example_dags/example_short_circuit_operator.py
[2026-08-21T11:44:27.378+0000] {logging_mixin.py:190} INFO - [2026-08-21T11:44:27.378+0000] {dag.py:3239} INFO - Sync 1 DAGs
[2026-08-21T11:44:27.392+0000] {logging_mixin.py:190} INFO - [2026-08-21T11:44:27.392+0000] {dag.py:4180} INFO - Setting next_dagrun for example_short_circuit_operator to None, run_after=None
[2026-08-21T11:44:27.415+0000] {processor.py:208} INFO - Processing /home/airflow/.local/lib/python3.12/site-packages/airflow/example_dags/example_short_circuit_operator.py took 0.077 seconds
[2026-08-21T11:45:03.852+0000] {processor.py:186} INFO - Started process (PID=567) to work on /home/airflow/.local/lib/python3.12/site-packages/airflow/example_dags/example_short_circuit_operator.py
[2026-08-21T11:45:03.853+0000] {processor.py:914} INFO - Processing file /home/airflow/.local/lib/python3.12/site-packages/airflow/example_dags/example_short_circuit_operator.py for tasks to queue
[2026-08-21T11:45:03.856+0000] {logging_mixin.py:190} INFO - [2026-08-21T11:45:03.855+0000] {dagbag.py:588} INFO - Filling up the DagBag from /home/airflow/.local/lib/python3.12/site-packages/airflow/example_dags/example_short_circuit_operator.py
[2026-08-21T11:45:03.865+0000] {processor.py:925} INFO - DAG(s) 'example_short_circuit_operator' retrieved from /home/airflow/.local/lib/python3.12/site-packages/airflow/example_dags/example_short_circuit_operator.py
[2026-08-21T11:45:03.898+0000] {logging_mixin.py:190} INFO - [2026-08-21T11:45:03.897+0000] {dag.py:3239} INFO - Sync 1 DAGs
[2026-08-21T11:45:03.916+0000] {logging_mixin.py:190} INFO - [2026-08-21T11:45:03.916+0000] {dag.py:4180} INFO - Setting next_dagrun for example_short_circuit_operator to None, run_after=None
[2026-08-21T11:45:03.938+0000] {processor.py:208} INFO - Processing /home/airflow/.local/lib/python3.12/site-packages/airflow/example_dags/example_short_circuit_operator.py took 0.092 seconds
[2026-08-21T11:45:39.639+0000] {processor.py:186} INFO - Started process (PID=630) to work on /home/airflow/.local/lib/python3.12/site-packages/airflow/example_dags/example_short_circuit_operator.py
[2026-08-21T11:45:39.640+0000] {processor.py:914} INFO - Processing file /home/airflow/.local/lib/python3.12/site-packages/airflow/example_dags/example_short_circuit_operator.py for tasks to queue
[2026-08-21T11:45:39.643+0000] {logging_mixin.py:190} INFO - [2026-08-21T11:45:39.642+0000] {dagbag.py:588} INFO - Filling up the DagBag from /home/airflow/.local/lib/python3.12/site-packages/airflow/example_dags/example_short_circuit_operator.py
[2026-08-21T11:45:39.652+0000] {processor.py:925} INFO - DAG(s) 'example_short_circuit_operator' retrieved from /home/airflow/.local/lib/python3.12/site-packages/airflow/example_dags/example_short_circuit_operator.py
[2026-08-21T11:45:39.678+0000] {logging_mixin.py:190} INFO - [2026-08-21T11:45:39.678+0000] {dag.py:3239} INFO - Sync 1 DAGs
[2026-08-21T11:45:39.694+0000] {logging_mixin.py:190} INFO - [2026-08-21T11:45:39.694+0000] {dag.py:4180} INFO - Setting next_dagrun for example_short_circuit_operator to None, run_after=None
[2026-08-21T11:45:39.721+0000] {processor.py:208} INFO - Processing /home/airflow/.local/lib/python3.12/site-packages/airflow/example_dags/example_short_circuit_operator.py took 0.091 seconds
[2026-08-21T11:46:14.262+0000] {processor.py:186} INFO - Started process (PID=693) to work on /home/airflow/.local/lib/python3.12/site-packages/airflow/example_dags/example_short_circuit_operator.py
[2026-08-21T11:46:14.263+0000] {processor.py:914} INFO - Processing file /home/airflow/.local/lib/python3.12/site-packages/airflow/example_dags/example_short_circuit_operator.py for tasks to queue
[2026-08-21T11:46:14.266+0000] {logging_mixin.py:190} INFO - [2026-08-21T11:46:14.265+0000] {dagbag.py:588} INFO - Filling up the DagBag from /home/airflow/.local/lib/python3.12/site-packages/airflow/example_dags/example_short_circuit_operator.py
[2026-08-21T11:46:14.276+0000] {processor.py:925} INFO - DAG(s) 'example_short_circuit_operator' retrieved from /home/airflow/.local/lib/python3.12/site-packages/airflow/example_dags/example_short_circuit_operator.py
[2026-08-21T11:46:14.298+0000] {logging_mixin.py:190} INFO - [2026-08-21T11:46:14.298+0000] {dag.py:3239} INFO - Sync 1 DAGs
[2026-08-21T11:46:14.315+0000] {logging_mixin.py:190} INFO - [2026-08-21T11:46:14.315+0000] {dag.py:4180} INFO - Setting next_dagrun for example_short_circuit_operator to None, run_after=None
[2026-08-21T11:46:14.334+0000] {processor.py:208} INFO - Processing /home/airflow/.local/lib/python3.12/site-packages/airflow/example_dags/example_short_circuit_operator.py took 0.077 seconds
[2026-08-21T11:46:50.410+0000] {processor.py:186} INFO - Started process (PID=762) to work on /home/airflow/.local/lib/python3.12/site-packages/airflow/example_dags/example_short_circuit_operator.py
[2026-08-21T11:46:50.411+0000] {processor.py:914} INFO - Processing file /home/airflow/.local/lib/python3.12/site-packages/airflow/example_dags/example_short_circuit_operator.py for tasks to queue
[2026-08-21T11:46:50.415+0000] {logging_mixin.py:190} INFO - [2026-08-21T11:46:50.414+0000] {dagbag.py:588} INFO - Filling up the DagBag from /home/airflow/.local/lib/python3.12/site-packages/airflow/example_dags/example_short_circuit_operator.py
[2026-08-21T11:46:50.426+0000] {processor.py:925} INFO - DAG(s) 'example_short_circuit_operator' retrieved from /home/airflow/.local/lib/python3.12/site-packages/airflow/example_dags/example_short_circuit_operator.py
[2026-08-21T11:46:50.447+0000] {logging_mixin.py:190} INFO - [2026-08-21T11:46:50.447+0000] {dag.py:3239} INFO - Sync 1 DAGs
[2026-08-21T11:46:50.463+0000] {logging_mixin.py:190} INFO - [2026-08-21T11:46:50.463+0000] {dag.py:4180} INFO - Setting next_dagrun for example_short_circuit_operator to None, run_after=None
[2026-08-21T11:46:50.486+0000] {processor.py:208} INFO - Processing /home/airflow/.local/lib/python3.12/site-packages/airflow/example_dags/example_short_circuit_operator.py took 0.081 seconds
