[2026-08-21T11:40:49.190+0000] {processor.py:186} INFO - Started process (PID=82) to work on /home/airflow/.local/lib/python3.12/site-packages/airflow/example_dags/example_setup_teardown_taskflow.py
[2026-08-21T11:40:49.191+0000] {processor.py:914} INFO - Processing file /home/airflow/.local/lib/python3.12/site-packages/airflow/example_dags/example_setup_teardown_taskflow.py for tasks to queue
[2026-08-21T11:40:49.194+0000] {logging_mixin.py:190} INFO - [2026-08-21T11:40:49.194+0000] {dagbag.py:588} INFO - Filling up the DagBag from /home/airflow/.local/lib/python3.12/site-packages/airflow/example_dags/example_setup_teardown_taskflow.py
[2026-08-21T11:40:49.209+0000] {processor.py:925} INFO - DAG(s) 'example_setup_teardown_taskflow' retrieved from /home/airflow/.local/lib/python3.12/site-packages/airflow/example_dags/example_setup_teardown_taskflow.py
[2026-08-21T11:40:49.362+0000] {logging_mixin.py:190} INFO - [2026-08-21T11:40:49.361+0000] {override.py:1932} INFO - Created Permission View: can read on DAG:example_setup_teardown_taskflow
[2026-08-21T11:40:49.375+0000] {logging_mixin.py:190} INFO - [2026-08-21T11:40:49.374+0000] {override.py:1932} INFO - Created Permission View: can edit on DAG:example_setup_teardown_taskflow
[2026-08-21T11:40:49.389+0000] {logging_mixin.py:190} INFO - [2026-08-21T11:40:49.388+0000] {override.py:1932} INFO - Created Permission View: can delete on DAG:example_setup_teardown_taskflow
[2026-08-21T11:40:49.400+0000] {logging_mixin.py:190} INFO - [2026-08-21T11:40:49.400+0000] {override.py:1932} INFO - Created Permission View: menu access on DAG Run:example_setup_teardown_taskflow
[2026-08-21T11:40:49.409+0000] {logging_mixin.py:190} INFO - [2026-08-21T11:40:49.408+0000] {override.py:1932} INFO - Created Permission View: can read on DAG Run:example_setup_teardown_taskflow
[2026-08-21T11:40:49.419+0000] {logging_mixin.py:190} INFO - [2026-08-21T11:40:49.419+0000] {override.py:1932} INFO - Created Permission View: can create on DAG Run:example_setup_teardown_taskflow
[2026-08-21T11:40:49.428+0000] {logging_mixin.py:190} INFO - [2026-08-21T11:40:49.428+0000] {override.py:1932} INFO - Created Permission View: can delete on DAG Run:example_setup_teardown_taskflow
[2026-08-21T11:40:49.429+0000] {logging_mixin.py:190} INFO - [2026-08-21T11:40:49.429+0000] {dag.py:3239} INFO - Sync 1 DAGs
[2026-08-21T11:40:49.440+0000] {logging_mixin.py:190} INFO - [2026-08-21T11:40:49.440+0000] {dag.py:3262} INFO - Creating ORM DAG for example_setup_teardown_taskflow
[2026-08-21T11:40:49.441+0000] {logging_mixin.py:190} INFO - [2026-08-21T11:40:49.440+0000] {dag.py:4180} INFO - Setting next_dagrun for example_setup_teardown_taskflow to None, run_after=None
[2026-08-21T11:40:49.465+0000] {processor.py:208} INFO - Processing /home/airflow/.local/lib/python3.12/site-packages/airflow/example_dags/example_setup_teardown_taskflow.py took 0.282 seconds
[2026-08-21T11:41:19.561+0000] {processor.py:186} INFO - Started process (PID=144) to work on /home/airflow/.local/lib/python3.12/site-packages/airflow/example_dags/example_setup_teardown_taskflow.py
[2026-08-21T11:41:19.562+0000] {processor.py:914} INFO - Processing file /home/airflow/.local/lib/python3.12/site-packages/airflow/example_dags/example_setup_teardown_taskflow.py for tasks to queue
[2026-08-21T11:41:19.565+0000] {logging_mixin.py:190} INFO - [2026-08-21T11:41:19.564+0000] {dagbag.py:588} INFO - Filling up the DagBag from /home/airflow/.local/lib/python3.12/site-packages/airflow/example_dags/example_setup_teardown_taskflow.py
[2026-08-21T11:41:19.576+0000] {processor.py:925} INFO - DAG(s) 'example_setup_teardown_taskflow' retrieved from /home/airflow/.local/lib/python3.12/site-packages/airflow/example_dags/example_setup_teardown_taskflow.py
[2026-08-21T11:41:19.594+0000] {logging_mixin.py:190} INFO - [2026-08-21T11:41:19.594+0000] {dag.py:3239} INFO - Sync 1 DAGs
[2026-08-21T11:41:19.608+0000] {logging_mixin.py:190} INFO - [2026-08-21T11:41:19.608+0000] {dag.py:4180} INFO - Setting next_dagrun for example_setup_teardown_taskflow to None, run_after=None
[2026-08-21T11:41:19.627+0000] {processor.py:208} INFO - Processing /home/airflow/.local/lib/python3.12/site-packages/airflow/example_dags/example_setup_teardown_taskflow.py took 0.071 seconds
[2026-08-21T11:41:49.937+0000] {processor.py:186} INFO - Started process (PID=207) to work on /home/airflow/.local/lib/python3.12/site-packages/airflow/example_dags/example_setup_teardown_taskflow.py
[2026-08-21T11:41:49.938+0000] {processor.py:914} INFO - Processing file /home/airflow/.local/lib/python3.12/site-packages/airflow/example_dags/example_setup_teardown_taskflow.py for tasks to queue
[2026-08-21T11:41:49.941+0000] {logging_mixin.py:190} INFO - [2026-08-21T11:41:49.941+0000] {dagbag.py:588} INFO - Filling up the DagBag from /home/airflow/.local/lib/python3.12/site-packages/airflow/example_dags/example_setup_teardown_taskflow.py
[2026-08-21T11:41:49.956+0000] {processor.py:925} INFO - DAG(s) 'example_setup_teardown_taskflow' retrieved from /home/airflow/.local/lib/python3.12/site-packages/airflow/example_dags/example_setup_teardown_taskflow.py
[2026-08-21T11:41:49.989+0000] {logging_mixin.py:190} INFO - [2026-08-21T11:41:49.988+0000] {dag.py:3239} INFO - Sync 1 DAGs
[2026-08-21T11:41:50.012+0000] {logging_mixin.py:190} INFO - [2026-08-21T11:41:50.012+0000] {dag.py:4180} INFO - Setting next_dagrun for example_setup_teardown_taskflow to None, run_after=None
[2026-08-21T11:41:50.042+0000] {processor.py:208} INFO - Processing /home/airflow/.local/lib/python3.12/site-packages/airflow/example_dags/example_setup_teardown_taskflow.py took 0.113 seconds
[2026-08-21T11:42:20.314+0000] {processor.py:186} INFO - Started process (PID=270) to work on /home/airflow/.local/lib/python3.12/site-packages/airflow/example_dags/example_setup_teardown_taskflow.py
[2026-08-21T11:42:20.315+0000] {processor.py:914} INFO - Processing file /home/airflow/.local/lib/python3.12/site-packages/airflow/example_dags/example_setup_teardown_taskflow.py for tasks to queue
[2026-08-21T11:42:20.318+0000] {logging_mixin.py:190} INFO - [2026-08-21T11:42:20.318+0000] {dagbag.py:588} INFO - Filling up the DagBag from /home/airflow/.local/lib/python3.12/site-packages/airflow/example_dags/example_setup_teardown_taskflow.py
[2026-08-21T11:42:20.328+0000] {processor.py:925} INFO - DAG(s) 'example_setup_teardown_taskflow' retrieved from /home/airflow/.local/lib/python3.12/site-packages/airflow/example_dags/example_setup_teardown_taskflow.py
[2026-08-21T11:42:20.352+0000] {logging_mixin.py:190} INFO - [2026-08-21T11:42:20.352+0000] {dag.py:3239} INFO - Sync 1 DAGs
[2026-08-21T11:42:20.365+0000] {logging_mixin.py:190} INFO - [2026-08-21T11:42:20.365+0000] {dag.py:4180} INFO - Setting next_dagrun for example_setup_teardown_taskflow to None, run_after=None
[2026-08-21T11:42:20.386+0000] {processor.py:208} INFO - Processing /home/airflow/.local/lib/python3.12/site-packages/airflow/example_dags/example_setup_teardown_taskflow.py took 0.078 seconds
[2026-08-21T11:42:52.396+0000] {processor.py:186} INFO - Started process (PID=333) to work on /home/airflow/.local/lib/python3.12/site-packages/airflow/example_dags/example_setup_teardown_taskflow.py
[2026-08-21T11:42:52.397+0000] {processor.py:914} INFO - Processing file /home/airflow/.local/lib/python3.12/site-packages/airflow/example_dags/example_setup_teardown_taskflow.py for tasks to queue
[2026-08-21T11:42:52.399+0000] {logging_mixin.py:190} INFO - [2026-08-21T11:42:52.398+0000] {dagbag.py:588} INFO - Filling up the DagBag from /home/airflow/.local/lib/python3.12/site-packages/airflow/example_dags/example_setup_teardown_taskflow.py
[2026-08-21T11:42:52.408+0000] {processor.py:925} INFO - DAG(s) 'example_setup_teardown_taskflow' retrieved from /home/airflow/.local/lib/python3.12/site-packages/airflow/example_dags/example_setup_teardown_taskflow.py
[2026-08-21T11:42:52.433+0000] {logging_mixin.py:190} INFO - [2026-08-21T11:42:52.432+0000] {dag.py:3239} INFO - Sync 1 DAGs
[2026-08-21T11:42:52.446+0000] {logging_mixin.py:190} INFO - [2026-08-21T11:42:52.446+0000] {dag.py:4180} INFO - Setting next_dagrun for example_setup_teardown_taskflow to None, run_after=None
[2026-08-21T11:42:52.466+0000] {processor.py:208} INFO - Processing /home/airflow/.local/lib/python3.12/site-packages/airflow/example_dags/example_setup_teardown_taskflow.py took 0.076 seconds
[2026-08-21T11:43:23.554+0000] {processor.py:186} INFO - Started process (PID=395) to work on /home/airflow/.local/lib/python3.12/site-packages/airflow/example_dags/example_setup_teardown_taskflow.py
[2026-08-21T11:43:23.555+0000] {processor.py:914} INFO - Processing file /home/airflow/.local/lib/python3.12/site-packages/airflow/example_dags/example_setup_teardown_taskflow.py for tasks to queue
[2026-08-21T11:43:23.559+0000] {logging_mixin.py:190} INFO - [2026-08-21T11:43:23.558+0000] {dagbag.py:588} INFO - Filling up the DagBag from /home/airflow/.local/lib/python3.12/site-packages/airflow/example_dags/example_setup_teardown_taskflow.py
[2026-08-21T11:43:23.572+0000] {processor.py:925} INFO - DAG(s) 'example_setup_teardown_taskflow' retrieved from /home/airflow/.local/lib/python3.12/site-packages/airflow/example_dags/example_setup_teardown_taskflow.py
[2026-08-21T11:43:23.597+0000] {logging_mixin.py:190} INFO - [2026-08-21T11:43:23.596+0000] {dag.py:3239} INFO - Sync 1 DAGs
[2026-08-21T11:43:23.611+0000] {logging_mixin.py:190} INFO - [2026-08-21T11:43:23.611+0000] {dag.py:4180} INFO - Setting next_dagrun for example_setup_teardown_taskflow to None, run_after=None
[2026-08-21T11:43:23.633+0000] {processor.py:208} INFO - Processing /home/airflow/.local/lib/python3.12/site-packages/airflow/example_dags/example_setup_teardown_taskflow.py took 0.085 seconds
[2026-08-21T11:43:53.980+0000] {processor.py:186} INFO - Started process (PID=457) to work on /home/airflow/.local/lib/python3.12/site-packages/airflow/example_dags/example_setup_teardown_taskflow.py
[2026-08-21T11:43:53.980+0000] {processor.py:914} INFO - Processing file /home/airflow/.local/lib/python3.12/site-packages/airflow/example_dags/example_setup_teardown_taskflow.py for tasks to queue
[2026-08-21T11:43:53.983+0000] {logging_mixin.py:190} INFO - [2026-08-21T11:43:53.982+0000] {dagbag.py:588} INFO - Filling up the DagBag from /home/airflow/.local/lib/python3.12/site-packages/airflow/example_dags/example_setup_teardown_taskflow.py
[2026-08-21T11:43:53.992+0000] {processor.py:925} INFO - DAG(s) 'example_setup_teardown_taskflow' retrieved from /home/airflow/.local/lib/python3.12/site-packages/airflow/example_dags/example_setup_teardown_taskflow.py
[2026-08-21T11:43:54.016+0000] {logging_mixin.py:190} INFO - [2026-08-21T11:43:54.016+0000] {dag.py:3239} INFO - Sync 1 DAGs
[2026-08-21T11:43:54.030+0000] {logging_mixin.py:190} INFO - [2026-08-21T11:43:54.030+0000] {dag.py:4180} INFO - Setting next_dagrun for example_setup_teardown_taskflow to None, run_after=None
[2026-08-21T11:43:54.050+0000] {processor.py:208} INFO - Processing /home/airflow/.local/lib/python3.12/site-packages/airflow/example_dags/example_setup_teardown_taskflow.py took 0.077 seconds
[2026-08-21T11:44:26.113+0000] {processor.py:186} INFO - Started process (PID=485) to work on /home/airflow/.local/lib/python3.12/site-packages/airflow/example_dags/example_setup_teardown_taskflow.py
[2026-08-21T11:44:26.115+0000] {processor.py:914} INFO - Processing file /home/airflow/.local/lib/python3.12/site-packages/airflow/example_dags/example_setup_teardown_taskflow.py for tasks to queue
[2026-08-21T11:44:26.118+0000] {logging_mixin.py:190} INFO - [2026-08-21T11:44:26.117+0000] {dagbag.py:588} INFO - Filling up the DagBag from /home/airflow/.local/lib/python3.12/site-packages/airflow/example_dags/example_setup_teardown_taskflow.py
[2026-08-21T11:44:26.130+0000] {processor.py:925} INFO - DAG(s) 'example_setup_teardown_taskflow' retrieved from /home/airflow/.local/lib/python3.12/site-packages/airflow/example_dags/example_setup_teardown_taskflow.py
[2026-08-21T11:44:26.151+0000] {logging_mixin.py:190} INFO - [2026-08-21T11:44:26.151+0000] {dag.py:3239} INFO - Sync 1 DAGs
[2026-08-21T11:44:26.168+0000] {logging_mixin.py:190} INFO - [2026-08-21T11:44:26.168+0000] {dag.py:4180} INFO - Setting next_dagrun for example_setup_teardown_taskflow to None, run_after=None
[2026-08-21T11:44:26.191+0000] {processor.py:208} INFO - Processing /home/airflow/.local/lib/python3.12/site-packages/airflow/example_dags/example_setup_teardown_taskflow.py took 0.084 seconds
[2026-08-21T11:45:01.884+0000] {processor.py:186} INFO - Started process (PID=541) to work on /home/airflow/.local/lib/python3.12/site-packages/airflow/example_dags/example_setup_teardown_taskflow.py
[2026-08-21T11:45:01.885+0000] {processor.py:914} INFO - Processing file /home/airflow/.local/lib/python3.12/site-packages/airflow/example_dags/example_setup_teardown_taskflow.py for tasks to queue
[2026-08-21T11:45:01.887+0000] {logging_mixin.py:190} INFO - [2026-08-21T11:45:01.887+0000] {dagbag.py:588} INFO - Filling up the DagBag from /home/airflow/.local/lib/python3.12/site-packages/airflow/example_dags/example_setup_teardown_taskflow.py
[2026-08-21T11:45:01.900+0000] {processor.py:925} INFO - DAG(s) 'example_setup_teardown_taskflow' retrieved from /home/airflow/.local/lib/python3.12/site-packages/airflow/example_dags/example_setup_teardown_taskflow.py
[2026-08-21T11:45:01.930+0000] {logging_mixin.py:190} INFO - [2026-08-21T11:45:01.929+0000] {dag.py:3239} INFO - Sync 1 DAGs
[2026-08-21T11:45:01.953+0000] {logging_mixin.py:190} INFO - [2026-08-21T11:45:01.953+0000] {dag.py:4180} INFO - Setting next_dagrun for example_setup_teardown_taskflow to None, run_after=None
[2026-08-21T11:45:01.985+0000] {processor.py:208} INFO - Processing /home/airflow/.local/lib/python3.12/site-packages/airflow/example_dags/example_setup_teardown_taskflow.py took 0.108 seconds
[2026-08-21T11:45:37.481+0000] {processor.py:186} INFO - Started process (PID=601) to work on /home/airflow/.local/lib/python3.12/site-packages/airflow/example_dags/example_setup_teardown_taskflow.py
[2026-08-21T11:45:37.482+0000] {processor.py:914} INFO - Processing file /home/airflow/.local/lib/python3.12/site-packages/airflow/example_dags/example_setup_teardown_taskflow.py for tasks to queue
[2026-08-21T11:45:37.484+0000] {logging_mixin.py:190} INFO - [2026-08-21T11:45:37.484+0000] {dagbag.py:588} INFO - Filling up the DagBag from /home/airflow/.local/lib/python3.12/site-packages/airflow/example_dags/example_setup_teardown_taskflow.py
[2026-08-21T11:45:37.500+0000] {processor.py:925} INFO - DAG(s) 'example_setup_teardown_taskflow' retrieved from /home/airflow/.local/lib/python3.12/site-packages/airflow/example_dags/example_setup_teardown_taskflow.py
[2026-08-21T11:45:37.524+0000] {logging_mixin.py:190} INFO - [2026-08-21T11:45:37.524+0000] {dag.py:3239} INFO - Sync 1 DAGs
[2026-08-21T11:45:37.542+0000] {logging_mixin.py:190} INFO - [2026-08-21T11:45:37.542+0000] {dag.py:4180} INFO - Setting next_dagrun for example_setup_teardown_taskflow to None, run_after=None
[2026-08-21T11:45:37.568+0000] {processor.py:208} INFO - Processing /home/airflow/.local/lib/python3.12/site-packages/airflow/example_dags/example_setup_teardown_taskflow.py took 0.094 seconds
[2026-08-21T11:46:12.550+0000] {processor.py:186} INFO - Started process (PID=664) to work on /home/airflow/.local/lib/python3.12/site-packages/airflow/example_dags/example_setup_teardown_taskflow.py
[2026-08-21T11:46:12.551+0000] {processor.py:914} INFO - Processing file /home/airflow/.local/lib/python3.12/site-packages/airflow/example_dags/example_setup_teardown_taskflow.py for tasks to queue
[2026-08-21T11:46:12.553+0000] {logging_mixin.py:190} INFO - [2026-08-21T11:46:12.553+0000] {dagbag.py:588} INFO - Filling up the DagBag from /home/airflow/.local/lib/python3.12/site-packages/airflow/example_dags/example_setup_teardown_taskflow.py
[2026-08-21T11:46:12.563+0000] {processor.py:925} INFO - DAG(s) 'example_setup_teardown_taskflow' retrieved from /home/airflow/.local/lib/python3.12/site-packages/airflow/example_dags/example_setup_teardown_taskflow.py
[2026-08-21T11:46:12.582+0000] {logging_mixin.py:190} INFO - [2026-08-21T11:46:12.582+0000] {dag.py:3239} INFO - Sync 1 DAGs
[2026-08-21T11:46:12.596+0000] {logging_mixin.py:190} INFO - [2026-08-21T11:46:12.596+0000] {dag.py:4180} INFO - Setting next_dagrun for example_setup_teardown_taskflow to None, run_after=None
[2026-08-21T11:46:12.615+0000] {processor.py:208} INFO - Processing /home/airflow/.local/lib/python3.12/site-packages/airflow/example_dags/example_setup_teardown_taskflow.py took 0.070 seconds
[2026-08-21T11:46:43.281+0000] {processor.py:186} INFO - Started process (PID=724) to work on /home/airflow/.local/lib/python3.12/site-packages/airflow/example_dags/example_setup_teardown_taskflow.py
[2026-08-21T11:46:43.282+0000] {processor.py:914} INFO - Processing file /home/airflow/.local/lib/python3.12/site-packages/airflow/example_dags/example_setup_teardown_taskflow.py for tasks to queue
[2026-08-21T11:46:43.286+0000] {logging_mixin.py:190} INFO - [2026-08-21T11:46:43.285+0000] {dagbag.py:588} INFO - Filling up the DagBag from /home/airflow/.local/lib/python3.12/site-packages/airflow/example_dags/example_setup_teardown_taskflow.py
[2026-08-21T11:46:43.298+0000] {processor.py:925} INFO - DAG(s) 'example_setup_teardown_taskflow' retrieved from /home/airflow/.local/lib/python3.12/site-packages/airflow/example_dags/example_setup_teardown_taskflow.py
[2026-08-21T11:46:43.320+0000] {logging_mixin.py:190} INFO - [2026-08-21T11:46:43.319+0000] {dag.py:3239} INFO - Sync 1 DAGs
[2026-08-21T11:46:43.335+0000] {logging_mixin.py:190} INFO - [2026-08-21T11:46:43.335+0000] {dag.py:4180} INFO - Setting next_dagrun for example_setup_teardown_taskflow to None, run_after=None
[2026-08-21T11:46:43.356+0000] {processor.py:208} INFO - Processing /home/airflow/.local/lib/python3.12/site-packages/airflow/example_dags/example_setup_teardown_taskflow.py took 0.080 seconds
[2026-08-21T11:47:13.974+0000] {processor.py:186} INFO - Started process (PID=786) to work on /home/airflow/.local/lib/python3.12/site-packages/airflow/example_dags/example_setup_teardown_taskflow.py
[2026-08-21T11:47:13.975+0000] {processor.py:914} INFO - Processing file /home/airflow/.local/lib/python3.12/site-packages/airflow/example_dags/example_setup_teardown_taskflow.py for tasks to queue
[2026-08-21T11:47:13.978+0000] {logging_mixin.py:190} INFO - [2026-08-21T11:47:13.978+0000] {dagbag.py:588} INFO - Filling up the DagBag from /home/airflow/.local/lib/python3.12/site-packages/airflow/example_dags/example_setup_teardown_taskflow.py
[2026-08-21T11:47:13.987+0000] {processor.py:925} INFO - DAG(s) 'example_setup_teardown_taskflow' retrieved from /home/airflow/.local/lib/python3.12/site-packages/airflow/example_dags/example_setup_teardown_taskflow.py
[2026-08-21T11:47:14.008+0000] {logging_mixin.py:190} INFO - [2026-08-21T11:47:14.008+0000] {dag.py:3239} INFO - Sync 1 DAGs
[2026-08-21T11:47:14.026+0000] {logging_mixin.py:190} INFO - [2026-08-21T11:47:14.026+0000] {dag.py:4180} INFO - Setting next_dagrun for example_setup_teardown_taskflow to None, run_after=None
[2026-08-21T11:47:14.053+0000] {processor.py:208} INFO - Processing /home/airflow/.local/lib/python3.12/site-packages/airflow/example_dags/example_setup_teardown_taskflow.py took 0.085 seconds
