[2026-08-21T11:41:00.338+0000] {processor.py:186} INFO - Started process (PID=109) to work on /home/airflow/.local/lib/python3.12/site-packages/airflow/example_dags/tutorial_taskflow_templates.py
[2026-08-21T11:41:00.339+0000] {processor.py:914} INFO - Processing file /home/airflow/.local/lib/python3.12/site-packages/airflow/example_dags/tutorial_taskflow_templates.py for tasks to queue
[2026-08-21T11:41:00.342+0000] {logging_mixin.py:190} INFO - [2026-08-21T11:41:00.342+0000] {dagbag.py:588} INFO - Filling up the DagBag from /home/airflow/.local/lib/python3.12/site-packages/airflow/example_dags/tutorial_taskflow_templates.py
[2026-08-21T11:41:00.356+0000] {processor.py:925} INFO - DAG(s) 'tutorial_taskflow_templates' retrieved from /home/airflow/.local/lib/python3.12/site-packages/airflow/example_dags/tutorial_taskflow_templates.py
[2026-08-21T11:41:00.459+0000] {logging_mixin.py:190} INFO - [2026-08-21T11:41:00.458+0000] {override.py:1932} INFO - Created Permission View: can read on DAG:tutorial_taskflow_templates
[2026-08-21T11:41:00.470+0000] {logging_mixin.py:190} INFO - [2026-08-21T11:41:00.470+0000] {override.py:1932} INFO - Created Permission View: can edit on DAG:tutorial_taskflow_templates
[2026-08-21T11:41:00.479+0000] {logging_mixin.py:190} INFO - [2026-08-21T11:41:00.479+0000] {override.py:1932} INFO - Created Permission View: can delete on DAG:tutorial_taskflow_templates
[2026-08-21T11:41:00.487+0000] {logging_mixin.py:190} INFO - [2026-08-21T11:41:00.487+0000] {override.py:1932} INFO - Created Permission View: menu access on DAG Run:tutorial_taskflow_templates
[2026-08-21T11:41:00.495+0000] {logging_mixin.py:190} INFO - [2026-08-21T11:41:00.495+0000] {override.py:1932} INFO - Created Permission View: can read on DAG Run:tutorial_taskflow_templates
[2026-08-21T11:41:00.503+0000] {logging_mixin.py:190} INFO - [2026-08-21T11:41:00.502+0000] {override.py:1932} INFO - Created Permission View: can create on DAG Run:tutorial_taskflow_templates
[2026-08-21T11:41:00.514+0000] {logging_mixin.py:190} INFO - [2026-08-21T11:41:00.514+0000] {override.py:1932} INFO - Created Permission View: can delete on DAG Run:tutorial_taskflow_templates
[2026-08-21T11:41:00.515+0000] {logging_mixin.py:190} INFO - [2026-08-21T11:41:00.515+0000] {dag.py:3239} INFO - Sync 1 DAGs
[2026-08-21T11:41:00.528+0000] {logging_mixin.py:190} INFO - [2026-08-21T11:41:00.527+0000] {dag.py:3262} INFO - Creating ORM DAG for tutorial_taskflow_templates
[2026-08-21T11:41:00.539+0000] {logging_mixin.py:190} INFO - [2026-08-21T11:41:00.539+0000] {dag.py:4180} INFO - Setting next_dagrun for tutorial_taskflow_templates to 2026-08-20 00:00:00+00:00, run_after=2026-08-21 00:00:00+00:00
[2026-08-21T11:41:00.559+0000] {processor.py:208} INFO - Processing /home/airflow/.local/lib/python3.12/site-packages/airflow/example_dags/tutorial_taskflow_templates.py took 0.227 seconds
[2026-08-21T11:41:32.311+0000] {processor.py:186} INFO - Started process (PID=172) to work on /home/airflow/.local/lib/python3.12/site-packages/airflow/example_dags/tutorial_taskflow_templates.py
[2026-08-21T11:41:32.312+0000] {processor.py:914} INFO - Processing file /home/airflow/.local/lib/python3.12/site-packages/airflow/example_dags/tutorial_taskflow_templates.py for tasks to queue
[2026-08-21T11:41:32.314+0000] {logging_mixin.py:190} INFO - [2026-08-21T11:41:32.313+0000] {dagbag.py:588} INFO - Filling up the DagBag from /home/airflow/.local/lib/python3.12/site-packages/airflow/example_dags/tutorial_taskflow_templates.py
[2026-08-21T11:41:32.327+0000] {processor.py:925} INFO - DAG(s) 'tutorial_taskflow_templates' retrieved from /home/airflow/.local/lib/python3.12/site-packages/airflow/example_dags/tutorial_taskflow_templates.py
[2026-08-21T11:41:32.346+0000] {logging_mixin.py:190} INFO - [2026-08-21T11:41:32.346+0000] {dag.py:3239} INFO - Sync 1 DAGs
[2026-08-21T11:41:32.371+0000] {logging_mixin.py:190} INFO - [2026-08-21T11:41:32.371+0000] {dag.py:4180} INFO - Setting next_dagrun for tutorial_taskflow_templates to 2026-08-20 00:00:00+00:00, run_after=2026-08-21 00:00:00+00:00
[2026-08-21T11:41:32.393+0000] {processor.py:208} INFO - Processing /home/airflow/.local/lib/python3.12/site-packages/airflow/example_dags/tutorial_taskflow_templates.py took 0.087 seconds
[2026-08-21T11:42:07.134+0000] {processor.py:186} INFO - Started process (PID=235) to work on /home/airflow/.local/lib/python3.12/site-packages/airflow/example_dags/tutorial_taskflow_templates.py
[2026-08-21T11:42:07.135+0000] {processor.py:914} INFO - Processing file /home/airflow/.local/lib/python3.12/site-packages/airflow/example_dags/tutorial_taskflow_templates.py for tasks to queue
[2026-08-21T11:42:07.137+0000] {logging_mixin.py:190} INFO - [2026-08-21T11:42:07.137+0000] {dagbag.py:588} INFO - Filling up the DagBag from /home/airflow/.local/lib/python3.12/site-packages/airflow/example_dags/tutorial_taskflow_templates.py
[2026-08-21T11:42:07.151+0000] {processor.py:925} INFO - DAG(s) 'tutorial_taskflow_templates' retrieved from /home/airflow/.local/lib/python3.12/site-packages/airflow/example_dags/tutorial_taskflow_templates.py
[2026-08-21T11:42:07.178+0000] {logging_mixin.py:190} INFO - [2026-08-21T11:42:07.177+0000] {dag.py:3239} INFO - Sync 1 DAGs
[2026-08-21T11:42:07.207+0000] {logging_mixin.py:190} INFO - [2026-08-21T11:42:07.207+0000] {dag.py:4180} INFO - Setting next_dagrun for tutorial_taskflow_templates to 2026-08-20 00:00:00+00:00, run_after=2026-08-21 00:00:00+00:00
[2026-08-21T11:42:07.230+0000] {processor.py:208} INFO - Processing /home/airflow/.local/lib/python3.12/site-packages/airflow/example_dags/tutorial_taskflow_templates.py took 0.104 seconds
[2026-08-21T11:42:42.702+0000] {processor.py:186} INFO - Started process (PID=298) to work on /home/airflow/.local/lib/python3.12/site-packages/airflow/example_dags/tutorial_taskflow_templates.py
[2026-08-21T11:42:42.702+0000] {processor.py:914} INFO - Processing file /home/airflow/.local/lib/python3.12/site-packages/airflow/example_dags/tutorial_taskflow_templates.py for tasks to queue
[2026-08-21T11:42:42.705+0000] {logging_mixin.py:190} INFO - [2026-08-21T11:42:42.705+0000] {dagbag.py:588} INFO - Filling up the DagBag from /home/airflow/.local/lib/python3.12/site-packages/airflow/example_dags/tutorial_taskflow_templates.py
[2026-08-21T11:42:42.718+0000] {processor.py:925} INFO - DAG(s) 'tutorial_taskflow_templates' retrieved from /home/airflow/.local/lib/python3.12/site-packages/airflow/example_dags/tutorial_taskflow_templates.py
[2026-08-21T11:42:42.742+0000] {logging_mixin.py:190} INFO - [2026-08-21T11:42:42.742+0000] {dag.py:3239} INFO - Sync 1 DAGs
[2026-08-21T11:42:42.769+0000] {logging_mixin.py:190} INFO - [2026-08-21T11:42:42.769+0000] {dag.py:4180} INFO - Setting next_dagrun for tutorial_taskflow_templates to 2026-08-20 00:00:00+00:00, run_after=2026-08-21 00:00:00+00:00
[2026-08-21T11:42:42.790+0000] {processor.py:208} INFO - Processing /home/airflow/.local/lib/python3.12/site-packages/airflow/example_dags/tutorial_taskflow_templates.py took 0.095 seconds
[2026-08-21T11:43:18.133+0000] {processor.py:186} INFO - Started process (PID=367) to work on /home/airflow/.local/lib/python3.12/site-packages/airflow/example_dags/tutorial_taskflow_templates.py
[2026-08-21T11:43:18.134+0000] {processor.py:914} INFO - Processing file /home/airflow/.local/lib/python3.12/site-packages/airflow/example_dags/tutorial_taskflow_templates.py for tasks to queue
[2026-08-21T11:43:18.137+0000] {logging_mixin.py:190} INFO - [2026-08-21T11:43:18.136+0000] {dagbag.py:588} INFO - Filling up the DagBag from /home/airflow/.local/lib/python3.12/site-packages/airflow/example_dags/tutorial_taskflow_templates.py
[2026-08-21T11:43:18.160+0000] {processor.py:925} INFO - DAG(s) 'tutorial_taskflow_templates' retrieved from /home/airflow/.local/lib/python3.12/site-packages/airflow/example_dags/tutorial_taskflow_templates.py
[2026-08-21T11:43:18.186+0000] {logging_mixin.py:190} INFO - [2026-08-21T11:43:18.186+0000] {dag.py:3239} INFO - Sync 1 DAGs
[2026-08-21T11:43:18.220+0000] {logging_mixin.py:190} INFO - [2026-08-21T11:43:18.220+0000] {dag.py:4180} INFO - Setting next_dagrun for tutorial_taskflow_templates to 2026-08-20 00:00:00+00:00, run_after=2026-08-21 00:00:00+00:00
[2026-08-21T11:43:18.243+0000] {processor.py:208} INFO - Processing /home/airflow/.local/lib/python3.12/site-packages/airflow/example_dags/tutorial_taskflow_templates.py took 0.116 seconds
[2026-08-21T11:43:51.780+0000] {processor.py:186} INFO - Started process (PID=429) to work on /home/airflow/.local/lib/python3.12/site-packages/airflow/example_dags/tutorial_taskflow_templates.py
[2026-08-21T11:43:51.780+0000] {processor.py:914} INFO - Processing file /home/airflow/.local/lib/python3.12/site-packages/airflow/example_dags/tutorial_taskflow_templates.py for tasks to queue
[2026-08-21T11:43:51.783+0000] {logging_mixin.py:190} INFO - [2026-08-21T11:43:51.783+0000] {dagbag.py:588} INFO - Filling up the DagBag from /home/airflow/.local/lib/python3.12/site-packages/airflow/example_dags/tutorial_taskflow_templates.py
[2026-08-21T11:43:51.798+0000] {processor.py:925} INFO - DAG(s) 'tutorial_taskflow_templates' retrieved from /home/airflow/.local/lib/python3.12/site-packages/airflow/example_dags/tutorial_taskflow_templates.py
[2026-08-21T11:43:51.816+0000] {logging_mixin.py:190} INFO - [2026-08-21T11:43:51.815+0000] {dag.py:3239} INFO - Sync 1 DAGs
[2026-08-21T11:43:51.840+0000] {logging_mixin.py:190} INFO - [2026-08-21T11:43:51.840+0000] {dag.py:4180} INFO - Setting next_dagrun for tutorial_taskflow_templates to 2026-08-20 00:00:00+00:00, run_after=2026-08-21 00:00:00+00:00
[2026-08-21T11:43:51.860+0000] {processor.py:208} INFO - Processing /home/airflow/.local/lib/python3.12/site-packages/airflow/example_dags/tutorial_taskflow_templates.py took 0.085 seconds
[2026-08-21T11:44:26.936+0000] {processor.py:186} INFO - Started process (PID=498) to work on /home/airflow/.local/lib/python3.12/site-packages/airflow/example_dags/tutorial_taskflow_templates.py
[2026-08-21T11:44:26.936+0000] {processor.py:914} INFO - Processing file /home/airflow/.local/lib/python3.12/site-packages/airflow/example_dags/tutorial_taskflow_templates.py for tasks to queue
[2026-08-21T11:44:26.938+0000] {logging_mixin.py:190} INFO - [2026-08-21T11:44:26.938+0000] {dagbag.py:588} INFO - Filling up the DagBag from /home/airflow/.local/lib/python3.12/site-packages/airflow/example_dags/tutorial_taskflow_templates.py
[2026-08-21T11:44:26.951+0000] {processor.py:925} INFO - DAG(s) 'tutorial_taskflow_templates' retrieved from /home/airflow/.local/lib/python3.12/site-packages/airflow/example_dags/tutorial_taskflow_templates.py
[2026-08-21T11:44:26.973+0000] {logging_mixin.py:190} INFO - [2026-08-21T11:44:26.973+0000] {dag.py:3239} INFO - Sync 1 DAGs
[2026-08-21T11:44:27.001+0000] {logging_mixin.py:190} INFO - [2026-08-21T11:44:27.000+0000] {dag.py:4180} INFO - Setting next_dagrun for tutorial_taskflow_templates to 2026-08-20 00:00:00+00:00, run_after=2026-08-21 00:00:00+00:00
[2026-08-21T11:44:27.023+0000] {processor.py:208} INFO - Processing /home/airflow/.local/lib/python3.12/site-packages/airflow/example_dags/tutorial_taskflow_templates.py took 0.093 seconds
[2026-08-21T11:45:03.386+0000] {processor.py:186} INFO - Started process (PID=561) to work on /home/airflow/.local/lib/python3.12/site-packages/airflow/example_dags/tutorial_taskflow_templates.py
[2026-08-21T11:45:03.387+0000] {processor.py:914} INFO - Processing file /home/airflow/.local/lib/python3.12/site-packages/airflow/example_dags/tutorial_taskflow_templates.py for tasks to queue
[2026-08-21T11:45:03.389+0000] {logging_mixin.py:190} INFO - [2026-08-21T11:45:03.389+0000] {dagbag.py:588} INFO - Filling up the DagBag from /home/airflow/.local/lib/python3.12/site-packages/airflow/example_dags/tutorial_taskflow_templates.py
[2026-08-21T11:45:03.406+0000] {processor.py:925} INFO - DAG(s) 'tutorial_taskflow_templates' retrieved from /home/airflow/.local/lib/python3.12/site-packages/airflow/example_dags/tutorial_taskflow_templates.py
[2026-08-21T11:45:03.429+0000] {logging_mixin.py:190} INFO - [2026-08-21T11:45:03.428+0000] {dag.py:3239} INFO - Sync 1 DAGs
[2026-08-21T11:45:03.456+0000] {logging_mixin.py:190} INFO - [2026-08-21T11:45:03.456+0000] {dag.py:4180} INFO - Setting next_dagrun for tutorial_taskflow_templates to 2026-08-20 00:00:00+00:00, run_after=2026-08-21 00:00:00+00:00
[2026-08-21T11:45:03.477+0000] {processor.py:208} INFO - Processing /home/airflow/.local/lib/python3.12/site-packages/airflow/example_dags/tutorial_taskflow_templates.py took 0.100 seconds
[2026-08-21T11:45:39.169+0000] {processor.py:186} INFO - Started process (PID=624) to work on /home/airflow/.local/lib/python3.12/site-packages/airflow/example_dags/tutorial_taskflow_templates.py
[2026-08-21T11:45:39.170+0000] {processor.py:914} INFO - Processing file /home/airflow/.local/lib/python3.12/site-packages/airflow/example_dags/tutorial_taskflow_templates.py for tasks to queue
[2026-08-21T11:45:39.173+0000] {logging_mixin.py:190} INFO - [2026-08-21T11:45:39.172+0000] {dagbag.py:588} INFO - Filling up the DagBag from /home/airflow/.local/lib/python3.12/site-packages/airflow/example_dags/tutorial_taskflow_templates.py
[2026-08-21T11:45:39.188+0000] {processor.py:925} INFO - DAG(s) 'tutorial_taskflow_templates' retrieved from /home/airflow/.local/lib/python3.12/site-packages/airflow/example_dags/tutorial_taskflow_templates.py
[2026-08-21T11:45:39.215+0000] {logging_mixin.py:190} INFO - [2026-08-21T11:45:39.215+0000] {dag.py:3239} INFO - Sync 1 DAGs
[2026-08-21T11:45:39.244+0000] {logging_mixin.py:190} INFO - [2026-08-21T11:45:39.244+0000] {dag.py:4180} INFO - Setting next_dagrun for tutorial_taskflow_templates to 2026-08-20 00:00:00+00:00, run_after=2026-08-21 00:00:00+00:00
[2026-08-21T11:45:39.268+0000] {processor.py:208} INFO - Processing /home/airflow/.local/lib/python3.12/site-packages/airflow/example_dags/tutorial_taskflow_templates.py took 0.107 seconds
[2026-08-21T11:46:13.904+0000] {processor.py:186} INFO - Started process (PID=687) to work on /home/airflow/.local/lib/python3.12/site-packages/airflow/example_dags/tutorial_taskflow_templates.py
[2026-08-21T11:46:13.905+0000] {processor.py:914} INFO - Processing file /home/airflow/.local/lib/python3.12/site-packages/airflow/example_dags/tutorial_taskflow_templates.py for tasks to queue
[2026-08-21T11:46:13.907+0000] {logging_mixin.py:190} INFO - [2026-08-21T11:46:13.907+0000] {dagbag.py:588} INFO - Filling up the DagBag from /home/airflow/.local/lib/python3.12/site-packages/airflow/example_dags/tutorial_taskflow_templates.py
[2026-08-21T11:46:13.921+0000] {processor.py:925} INFO - DAG(s) 'tutorial_taskflow_templates' retrieved from /home/airflow/.local/lib/python3.12/site-packages/airflow/example_dags/tutorial_taskflow_templates.py
[2026-08-21T11:46:13.943+0000] {logging_mixin.py:190} INFO - [2026-08-21T11:46:13.942+0000] {dag.py:3239} INFO - Sync 1 DAGs
[2026-08-21T11:46:13.968+0000] {logging_mixin.py:190} INFO - [2026-08-21T11:46:13.968+0000] {dag.py:4180} INFO - Setting next_dagrun for tutorial_taskflow_templates to 2026-08-20 00:00:00+00:00, run_after=2026-08-21 00:00:00+00:00
[2026-08-21T11:46:13.990+0000] {processor.py:208} INFO - Processing /home/airflow/.local/lib/python3.12/site-packages/airflow/example_dags/tutorial_taskflow_templates.py took 0.094 seconds
[2026-08-21T11:46:49.780+0000] {processor.py:186} INFO - Started process (PID=756) to work on /home/airflow/.local/lib/python3.12/site-packages/airflow/example_dags/tutorial_taskflow_templates.py
[2026-08-21T11:46:49.781+0000] {processor.py:914} INFO - Processing file /home/airflow/.local/lib/python3.12/site-packages/airflow/example_dags/tutorial_taskflow_templates.py for tasks to queue
[2026-08-21T11:46:49.784+0000] {logging_mixin.py:190} INFO - [2026-08-21T11:46:49.783+0000] {dagbag.py:588} INFO - Filling up the DagBag from /home/airflow/.local/lib/python3.12/site-packages/airflow/example_dags/tutorial_taskflow_templates.py
[2026-08-21T11:46:49.798+0000] {processor.py:925} INFO - DAG(s) 'tutorial_taskflow_templates' retrieved from /home/airflow/.local/lib/python3.12/site-packages/airflow/example_dags/tutorial_taskflow_templates.py
[2026-08-21T11:46:49.819+0000] {logging_mixin.py:190} INFO - [2026-08-21T11:46:49.818+0000] {dag.py:3239} INFO - Sync 1 DAGs
[2026-08-21T11:46:49.841+0000] {logging_mixin.py:190} INFO - [2026-08-21T11:46:49.841+0000] {dag.py:4180} INFO - Setting next_dagrun for tutorial_taskflow_templates to 2026-08-20 00:00:00+00:00, run_after=2026-08-21 00:00:00+00:00
[2026-08-21T11:46:49.874+0000] {processor.py:208} INFO - Processing /home/airflow/.local/lib/python3.12/site-packages/airflow/example_dags/tutorial_taskflow_templates.py took 0.100 seconds
