[2026-08-21T11:40:57.049+0000] {processor.py:186} INFO - Started process (PID=97) to work on /home/airflow/.local/lib/python3.12/site-packages/airflow/example_dags/tutorial_taskflow_api.py
[2026-08-21T11:40:57.049+0000] {processor.py:914} INFO - Processing file /home/airflow/.local/lib/python3.12/site-packages/airflow/example_dags/tutorial_taskflow_api.py for tasks to queue
[2026-08-21T11:40:57.051+0000] {logging_mixin.py:190} INFO - [2026-08-21T11:40:57.051+0000] {dagbag.py:588} INFO - Filling up the DagBag from /home/airflow/.local/lib/python3.12/site-packages/airflow/example_dags/tutorial_taskflow_api.py
[2026-08-21T11:40:57.065+0000] {processor.py:925} INFO - DAG(s) 'tutorial_taskflow_api' retrieved from /home/airflow/.local/lib/python3.12/site-packages/airflow/example_dags/tutorial_taskflow_api.py
[2026-08-21T11:40:57.176+0000] {logging_mixin.py:190} INFO - [2026-08-21T11:40:57.176+0000] {override.py:1932} INFO - Created Permission View: can read on DAG:tutorial_taskflow_api
[2026-08-21T11:40:57.187+0000] {logging_mixin.py:190} INFO - [2026-08-21T11:40:57.187+0000] {override.py:1932} INFO - Created Permission View: can edit on DAG:tutorial_taskflow_api
[2026-08-21T11:40:57.197+0000] {logging_mixin.py:190} INFO - [2026-08-21T11:40:57.197+0000] {override.py:1932} INFO - Created Permission View: can delete on DAG:tutorial_taskflow_api
[2026-08-21T11:40:57.206+0000] {logging_mixin.py:190} INFO - [2026-08-21T11:40:57.205+0000] {override.py:1932} INFO - Created Permission View: menu access on DAG Run:tutorial_taskflow_api
[2026-08-21T11:40:57.214+0000] {logging_mixin.py:190} INFO - [2026-08-21T11:40:57.213+0000] {override.py:1932} INFO - Created Permission View: can read on DAG Run:tutorial_taskflow_api
[2026-08-21T11:40:57.221+0000] {logging_mixin.py:190} INFO - [2026-08-21T11:40:57.220+0000] {override.py:1932} INFO - Created Permission View: can create on DAG Run:tutorial_taskflow_api
[2026-08-21T11:40:57.235+0000] {logging_mixin.py:190} INFO - [2026-08-21T11:40:57.235+0000] {override.py:1932} INFO - Created Permission View: can delete on DAG Run:tutorial_taskflow_api
[2026-08-21T11:40:57.236+0000] {logging_mixin.py:190} INFO - [2026-08-21T11:40:57.235+0000] {dag.py:3239} INFO - Sync 1 DAGs
[2026-08-21T11:40:57.248+0000] {logging_mixin.py:190} INFO - [2026-08-21T11:40:57.248+0000] {dag.py:3262} INFO - Creating ORM DAG for tutorial_taskflow_api
[2026-08-21T11:40:57.249+0000] {logging_mixin.py:190} INFO - [2026-08-21T11:40:57.248+0000] {dag.py:4180} INFO - Setting next_dagrun for tutorial_taskflow_api to None, run_after=None
[2026-08-21T11:40:57.268+0000] {processor.py:208} INFO - Processing /home/airflow/.local/lib/python3.12/site-packages/airflow/example_dags/tutorial_taskflow_api.py took 0.224 seconds
[2026-08-21T11:41:30.539+0000] {processor.py:186} INFO - Started process (PID=159) to work on /home/airflow/.local/lib/python3.12/site-packages/airflow/example_dags/tutorial_taskflow_api.py
[2026-08-21T11:41:30.540+0000] {processor.py:914} INFO - Processing file /home/airflow/.local/lib/python3.12/site-packages/airflow/example_dags/tutorial_taskflow_api.py for tasks to queue
[2026-08-21T11:41:30.542+0000] {logging_mixin.py:190} INFO - [2026-08-21T11:41:30.542+0000] {dagbag.py:588} INFO - Filling up the DagBag from /home/airflow/.local/lib/python3.12/site-packages/airflow/example_dags/tutorial_taskflow_api.py
[2026-08-21T11:41:30.552+0000] {processor.py:925} INFO - DAG(s) 'tutorial_taskflow_api' retrieved from /home/airflow/.local/lib/python3.12/site-packages/airflow/example_dags/tutorial_taskflow_api.py
[2026-08-21T11:41:30.569+0000] {logging_mixin.py:190} INFO - [2026-08-21T11:41:30.569+0000] {dag.py:3239} INFO - Sync 1 DAGs
[2026-08-21T11:41:30.584+0000] {logging_mixin.py:190} INFO - [2026-08-21T11:41:30.584+0000] {dag.py:4180} INFO - Setting next_dagrun for tutorial_taskflow_api to None, run_after=None
[2026-08-21T11:41:30.603+0000] {processor.py:208} INFO - Processing /home/airflow/.local/lib/python3.12/site-packages/airflow/example_dags/tutorial_taskflow_api.py took 0.070 seconds
[2026-08-21T11:42:05.652+0000] {processor.py:186} INFO - Started process (PID=223) to work on /home/airflow/.local/lib/python3.12/site-packages/airflow/example_dags/tutorial_taskflow_api.py
[2026-08-21T11:42:05.654+0000] {processor.py:914} INFO - Processing file /home/airflow/.local/lib/python3.12/site-packages/airflow/example_dags/tutorial_taskflow_api.py for tasks to queue
[2026-08-21T11:42:05.656+0000] {logging_mixin.py:190} INFO - [2026-08-21T11:42:05.656+0000] {dagbag.py:588} INFO - Filling up the DagBag from /home/airflow/.local/lib/python3.12/site-packages/airflow/example_dags/tutorial_taskflow_api.py
[2026-08-21T11:42:05.665+0000] {processor.py:925} INFO - DAG(s) 'tutorial_taskflow_api' retrieved from /home/airflow/.local/lib/python3.12/site-packages/airflow/example_dags/tutorial_taskflow_api.py
[2026-08-21T11:42:05.685+0000] {logging_mixin.py:190} INFO - [2026-08-21T11:42:05.685+0000] {dag.py:3239} INFO - Sync 1 DAGs
[2026-08-21T11:42:05.700+0000] {logging_mixin.py:190} INFO - [2026-08-21T11:42:05.699+0000] {dag.py:4180} INFO - Setting next_dagrun for tutorial_taskflow_api to None, run_after=None
[2026-08-21T11:42:05.722+0000] {processor.py:208} INFO - Processing /home/airflow/.local/lib/python3.12/site-packages/airflow/example_dags/tutorial_taskflow_api.py took 0.077 seconds
[2026-08-21T11:42:41.176+0000] {processor.py:186} INFO - Started process (PID=286) to work on /home/airflow/.local/lib/python3.12/site-packages/airflow/example_dags/tutorial_taskflow_api.py
[2026-08-21T11:42:41.177+0000] {processor.py:914} INFO - Processing file /home/airflow/.local/lib/python3.12/site-packages/airflow/example_dags/tutorial_taskflow_api.py for tasks to queue
[2026-08-21T11:42:41.180+0000] {logging_mixin.py:190} INFO - [2026-08-21T11:42:41.180+0000] {dagbag.py:588} INFO - Filling up the DagBag from /home/airflow/.local/lib/python3.12/site-packages/airflow/example_dags/tutorial_taskflow_api.py
[2026-08-21T11:42:41.191+0000] {processor.py:925} INFO - DAG(s) 'tutorial_taskflow_api' retrieved from /home/airflow/.local/lib/python3.12/site-packages/airflow/example_dags/tutorial_taskflow_api.py
[2026-08-21T11:42:41.211+0000] {logging_mixin.py:190} INFO - [2026-08-21T11:42:41.211+0000] {dag.py:3239} INFO - Sync 1 DAGs
[2026-08-21T11:42:41.231+0000] {logging_mixin.py:190} INFO - [2026-08-21T11:42:41.231+0000] {dag.py:4180} INFO - Setting next_dagrun for tutorial_taskflow_api to None, run_after=None
[2026-08-21T11:42:41.252+0000] {processor.py:208} INFO - Processing /home/airflow/.local/lib/python3.12/site-packages/airflow/example_dags/tutorial_taskflow_api.py took 0.081 seconds
[2026-08-21T11:43:16.497+0000] {processor.py:186} INFO - Started process (PID=349) to work on /home/airflow/.local/lib/python3.12/site-packages/airflow/example_dags/tutorial_taskflow_api.py
[2026-08-21T11:43:16.498+0000] {processor.py:914} INFO - Processing file /home/airflow/.local/lib/python3.12/site-packages/airflow/example_dags/tutorial_taskflow_api.py for tasks to queue
[2026-08-21T11:43:16.500+0000] {logging_mixin.py:190} INFO - [2026-08-21T11:43:16.500+0000] {dagbag.py:588} INFO - Filling up the DagBag from /home/airflow/.local/lib/python3.12/site-packages/airflow/example_dags/tutorial_taskflow_api.py
[2026-08-21T11:43:16.509+0000] {processor.py:925} INFO - DAG(s) 'tutorial_taskflow_api' retrieved from /home/airflow/.local/lib/python3.12/site-packages/airflow/example_dags/tutorial_taskflow_api.py
[2026-08-21T11:43:16.530+0000] {logging_mixin.py:190} INFO - [2026-08-21T11:43:16.530+0000] {dag.py:3239} INFO - Sync 1 DAGs
[2026-08-21T11:43:16.549+0000] {logging_mixin.py:190} INFO - [2026-08-21T11:43:16.549+0000] {dag.py:4180} INFO - Setting next_dagrun for tutorial_taskflow_api to None, run_after=None
[2026-08-21T11:43:16.574+0000] {processor.py:208} INFO - Processing /home/airflow/.local/lib/python3.12/site-packages/airflow/example_dags/tutorial_taskflow_api.py took 0.083 seconds
[2026-08-21T11:43:50.981+0000] {processor.py:186} INFO - Started process (PID=417) to work on /home/airflow/.local/lib/python3.12/site-packages/airflow/example_dags/tutorial_taskflow_api.py
[2026-08-21T11:43:50.982+0000] {processor.py:914} INFO - Processing file /home/airflow/.local/lib/python3.12/site-packages/airflow/example_dags/tutorial_taskflow_api.py for tasks to queue
[2026-08-21T11:43:50.984+0000] {logging_mixin.py:190} INFO - [2026-08-21T11:43:50.983+0000] {dagbag.py:588} INFO - Filling up the DagBag from /home/airflow/.local/lib/python3.12/site-packages/airflow/example_dags/tutorial_taskflow_api.py
[2026-08-21T11:43:50.994+0000] {processor.py:925} INFO - DAG(s) 'tutorial_taskflow_api' retrieved from /home/airflow/.local/lib/python3.12/site-packages/airflow/example_dags/tutorial_taskflow_api.py
[2026-08-21T11:43:51.012+0000] {logging_mixin.py:190} INFO - [2026-08-21T11:43:51.012+0000] {dag.py:3239} INFO - Sync 1 DAGs
[2026-08-21T11:43:51.027+0000] {logging_mixin.py:190} INFO - [2026-08-21T11:43:51.027+0000] {dag.py:4180} INFO - Setting next_dagrun for tutorial_taskflow_api to None, run_after=None
[2026-08-21T11:43:51.045+0000] {processor.py:208} INFO - Processing /home/airflow/.local/lib/python3.12/site-packages/airflow/example_dags/tutorial_taskflow_api.py took 0.070 seconds
[2026-08-21T11:44:26.196+0000] {processor.py:186} INFO - Started process (PID=486) to work on /home/airflow/.local/lib/python3.12/site-packages/airflow/example_dags/tutorial_taskflow_api.py
[2026-08-21T11:44:26.197+0000] {processor.py:914} INFO - Processing file /home/airflow/.local/lib/python3.12/site-packages/airflow/example_dags/tutorial_taskflow_api.py for tasks to queue
[2026-08-21T11:44:26.199+0000] {logging_mixin.py:190} INFO - [2026-08-21T11:44:26.199+0000] {dagbag.py:588} INFO - Filling up the DagBag from /home/airflow/.local/lib/python3.12/site-packages/airflow/example_dags/tutorial_taskflow_api.py
[2026-08-21T11:44:26.210+0000] {processor.py:925} INFO - DAG(s) 'tutorial_taskflow_api' retrieved from /home/airflow/.local/lib/python3.12/site-packages/airflow/example_dags/tutorial_taskflow_api.py
[2026-08-21T11:44:26.231+0000] {logging_mixin.py:190} INFO - [2026-08-21T11:44:26.231+0000] {dag.py:3239} INFO - Sync 1 DAGs
[2026-08-21T11:44:26.245+0000] {logging_mixin.py:190} INFO - [2026-08-21T11:44:26.245+0000] {dag.py:4180} INFO - Setting next_dagrun for tutorial_taskflow_api to None, run_after=None
[2026-08-21T11:44:26.268+0000] {processor.py:208} INFO - Processing /home/airflow/.local/lib/python3.12/site-packages/airflow/example_dags/tutorial_taskflow_api.py took 0.078 seconds
[2026-08-21T11:45:02.460+0000] {processor.py:186} INFO - Started process (PID=549) to work on /home/airflow/.local/lib/python3.12/site-packages/airflow/example_dags/tutorial_taskflow_api.py
[2026-08-21T11:45:02.461+0000] {processor.py:914} INFO - Processing file /home/airflow/.local/lib/python3.12/site-packages/airflow/example_dags/tutorial_taskflow_api.py for tasks to queue
[2026-08-21T11:45:02.465+0000] {logging_mixin.py:190} INFO - [2026-08-21T11:45:02.464+0000] {dagbag.py:588} INFO - Filling up the DagBag from /home/airflow/.local/lib/python3.12/site-packages/airflow/example_dags/tutorial_taskflow_api.py
[2026-08-21T11:45:02.477+0000] {processor.py:925} INFO - DAG(s) 'tutorial_taskflow_api' retrieved from /home/airflow/.local/lib/python3.12/site-packages/airflow/example_dags/tutorial_taskflow_api.py
[2026-08-21T11:45:02.499+0000] {logging_mixin.py:190} INFO - [2026-08-21T11:45:02.498+0000] {dag.py:3239} INFO - Sync 1 DAGs
[2026-08-21T11:45:02.519+0000] {logging_mixin.py:190} INFO - [2026-08-21T11:45:02.518+0000] {dag.py:4180} INFO - Setting next_dagrun for tutorial_taskflow_api to None, run_after=None
[2026-08-21T11:45:02.544+0000] {processor.py:208} INFO - Processing /home/airflow/.local/lib/python3.12/site-packages/airflow/example_dags/tutorial_taskflow_api.py took 0.090 seconds
[2026-08-21T11:45:38.235+0000] {processor.py:186} INFO - Started process (PID=612) to work on /home/airflow/.local/lib/python3.12/site-packages/airflow/example_dags/tutorial_taskflow_api.py
[2026-08-21T11:45:38.236+0000] {processor.py:914} INFO - Processing file /home/airflow/.local/lib/python3.12/site-packages/airflow/example_dags/tutorial_taskflow_api.py for tasks to queue
[2026-08-21T11:45:38.239+0000] {logging_mixin.py:190} INFO - [2026-08-21T11:45:38.239+0000] {dagbag.py:588} INFO - Filling up the DagBag from /home/airflow/.local/lib/python3.12/site-packages/airflow/example_dags/tutorial_taskflow_api.py
[2026-08-21T11:45:38.248+0000] {processor.py:925} INFO - DAG(s) 'tutorial_taskflow_api' retrieved from /home/airflow/.local/lib/python3.12/site-packages/airflow/example_dags/tutorial_taskflow_api.py
[2026-08-21T11:45:38.273+0000] {logging_mixin.py:190} INFO - [2026-08-21T11:45:38.273+0000] {dag.py:3239} INFO - Sync 1 DAGs
[2026-08-21T11:45:38.288+0000] {logging_mixin.py:190} INFO - [2026-08-21T11:45:38.287+0000] {dag.py:4180} INFO - Setting next_dagrun for tutorial_taskflow_api to None, run_after=None
[2026-08-21T11:45:38.314+0000] {processor.py:208} INFO - Processing /home/airflow/.local/lib/python3.12/site-packages/airflow/example_dags/tutorial_taskflow_api.py took 0.088 seconds
[2026-08-21T11:46:13.124+0000] {processor.py:186} INFO - Started process (PID=675) to work on /home/airflow/.local/lib/python3.12/site-packages/airflow/example_dags/tutorial_taskflow_api.py
[2026-08-21T11:46:13.125+0000] {processor.py:914} INFO - Processing file /home/airflow/.local/lib/python3.12/site-packages/airflow/example_dags/tutorial_taskflow_api.py for tasks to queue
[2026-08-21T11:46:13.127+0000] {logging_mixin.py:190} INFO - [2026-08-21T11:46:13.127+0000] {dagbag.py:588} INFO - Filling up the DagBag from /home/airflow/.local/lib/python3.12/site-packages/airflow/example_dags/tutorial_taskflow_api.py
[2026-08-21T11:46:13.137+0000] {processor.py:925} INFO - DAG(s) 'tutorial_taskflow_api' retrieved from /home/airflow/.local/lib/python3.12/site-packages/airflow/example_dags/tutorial_taskflow_api.py
[2026-08-21T11:46:13.155+0000] {logging_mixin.py:190} INFO - [2026-08-21T11:46:13.155+0000] {dag.py:3239} INFO - Sync 1 DAGs
[2026-08-21T11:46:13.170+0000] {logging_mixin.py:190} INFO - [2026-08-21T11:46:13.169+0000] {dag.py:4180} INFO - Setting next_dagrun for tutorial_taskflow_api to None, run_after=None
[2026-08-21T11:46:13.188+0000] {processor.py:208} INFO - Processing /home/airflow/.local/lib/python3.12/site-packages/airflow/example_dags/tutorial_taskflow_api.py took 0.069 seconds
[2026-08-21T11:46:48.803+0000] {processor.py:186} INFO - Started process (PID=744) to work on /home/airflow/.local/lib/python3.12/site-packages/airflow/example_dags/tutorial_taskflow_api.py
[2026-08-21T11:46:48.805+0000] {processor.py:914} INFO - Processing file /home/airflow/.local/lib/python3.12/site-packages/airflow/example_dags/tutorial_taskflow_api.py for tasks to queue
[2026-08-21T11:46:48.809+0000] {logging_mixin.py:190} INFO - [2026-08-21T11:46:48.808+0000] {dagbag.py:588} INFO - Filling up the DagBag from /home/airflow/.local/lib/python3.12/site-packages/airflow/example_dags/tutorial_taskflow_api.py
[2026-08-21T11:46:48.819+0000] {processor.py:925} INFO - DAG(s) 'tutorial_taskflow_api' retrieved from /home/airflow/.local/lib/python3.12/site-packages/airflow/example_dags/tutorial_taskflow_api.py
[2026-08-21T11:46:48.840+0000] {logging_mixin.py:190} INFO - [2026-08-21T11:46:48.840+0000] {dag.py:3239} INFO - Sync 1 DAGs
[2026-08-21T11:46:48.858+0000] {logging_mixin.py:190} INFO - [2026-08-21T11:46:48.857+0000] {dag.py:4180} INFO - Setting next_dagrun for tutorial_taskflow_api to None, run_after=None
[2026-08-21T11:46:48.881+0000] {processor.py:208} INFO - Processing /home/airflow/.local/lib/python3.12/site-packages/airflow/example_dags/tutorial_taskflow_api.py took 0.084 seconds
