[2026-08-21T11:40:58.781+0000] {processor.py:186} INFO - Started process (PID=103) to work on /home/airflow/.local/lib/python3.12/site-packages/airflow/example_dags/tutorial_objectstorage.py
[2026-08-21T11:40:58.782+0000] {processor.py:914} INFO - Processing file /home/airflow/.local/lib/python3.12/site-packages/airflow/example_dags/tutorial_objectstorage.py for tasks to queue
[2026-08-21T11:40:58.784+0000] {logging_mixin.py:190} INFO - [2026-08-21T11:40:58.783+0000] {dagbag.py:588} INFO - Filling up the DagBag from /home/airflow/.local/lib/python3.12/site-packages/airflow/example_dags/tutorial_objectstorage.py
[2026-08-21T11:40:58.794+0000] {processor.py:925} INFO - DAG(s) 'tutorial_objectstorage' retrieved from /home/airflow/.local/lib/python3.12/site-packages/airflow/example_dags/tutorial_objectstorage.py
[2026-08-21T11:40:58.905+0000] {logging_mixin.py:190} INFO - [2026-08-21T11:40:58.905+0000] {override.py:1932} INFO - Created Permission View: can read on DAG:tutorial_objectstorage
[2026-08-21T11:40:58.917+0000] {logging_mixin.py:190} INFO - [2026-08-21T11:40:58.917+0000] {override.py:1932} INFO - Created Permission View: can edit on DAG:tutorial_objectstorage
[2026-08-21T11:40:58.925+0000] {logging_mixin.py:190} INFO - [2026-08-21T11:40:58.925+0000] {override.py:1932} INFO - Created Permission View: can delete on DAG:tutorial_objectstorage
[2026-08-21T11:40:58.936+0000] {logging_mixin.py:190} INFO - [2026-08-21T11:40:58.936+0000] {override.py:1932} INFO - Created Permission View: menu access on DAG Run:tutorial_objectstorage
[2026-08-21T11:40:58.944+0000] {logging_mixin.py:190} INFO - [2026-08-21T11:40:58.944+0000] {override.py:1932} INFO - Created Permission View: can read on DAG Run:tutorial_objectstorage
[2026-08-21T11:40:58.951+0000] {logging_mixin.py:190} INFO - [2026-08-21T11:40:58.951+0000] {override.py:1932} INFO - Created Permission View: can create on DAG Run:tutorial_objectstorage
[2026-08-21T11:40:58.959+0000] {logging_mixin.py:190} INFO - [2026-08-21T11:40:58.958+0000] {override.py:1932} INFO - Created Permission View: can delete on DAG Run:tutorial_objectstorage
[2026-08-21T11:40:58.959+0000] {logging_mixin.py:190} INFO - [2026-08-21T11:40:58.959+0000] {dag.py:3239} INFO - Sync 1 DAGs
[2026-08-21T11:40:58.975+0000] {logging_mixin.py:190} INFO - [2026-08-21T11:40:58.975+0000] {dag.py:3262} INFO - Creating ORM DAG for tutorial_objectstorage
[2026-08-21T11:40:58.976+0000] {logging_mixin.py:190} INFO - [2026-08-21T11:40:58.975+0000] {dag.py:4180} INFO - Setting next_dagrun for tutorial_objectstorage to None, run_after=None
[2026-08-21T11:40:58.992+0000] {processor.py:208} INFO - Processing /home/airflow/.local/lib/python3.12/site-packages/airflow/example_dags/tutorial_objectstorage.py took 0.217 seconds
[2026-08-21T11:41:30.850+0000] {processor.py:186} INFO - Started process (PID=165) to work on /home/airflow/.local/lib/python3.12/site-packages/airflow/example_dags/tutorial_objectstorage.py
[2026-08-21T11:41:30.851+0000] {processor.py:914} INFO - Processing file /home/airflow/.local/lib/python3.12/site-packages/airflow/example_dags/tutorial_objectstorage.py for tasks to queue
[2026-08-21T11:41:30.853+0000] {logging_mixin.py:190} INFO - [2026-08-21T11:41:30.853+0000] {dagbag.py:588} INFO - Filling up the DagBag from /home/airflow/.local/lib/python3.12/site-packages/airflow/example_dags/tutorial_objectstorage.py
[2026-08-21T11:41:30.863+0000] {processor.py:925} INFO - DAG(s) 'tutorial_objectstorage' retrieved from /home/airflow/.local/lib/python3.12/site-packages/airflow/example_dags/tutorial_objectstorage.py
[2026-08-21T11:41:30.883+0000] {logging_mixin.py:190} INFO - [2026-08-21T11:41:30.883+0000] {dag.py:3239} INFO - Sync 1 DAGs
[2026-08-21T11:41:30.895+0000] {logging_mixin.py:190} INFO - [2026-08-21T11:41:30.895+0000] {dag.py:4180} INFO - Setting next_dagrun for tutorial_objectstorage to None, run_after=None
[2026-08-21T11:41:30.915+0000] {processor.py:208} INFO - Processing /home/airflow/.local/lib/python3.12/site-packages/airflow/example_dags/tutorial_objectstorage.py took 0.071 seconds
[2026-08-21T11:42:06.406+0000] {processor.py:186} INFO - Started process (PID=229) to work on /home/airflow/.local/lib/python3.12/site-packages/airflow/example_dags/tutorial_objectstorage.py
[2026-08-21T11:42:06.407+0000] {processor.py:914} INFO - Processing file /home/airflow/.local/lib/python3.12/site-packages/airflow/example_dags/tutorial_objectstorage.py for tasks to queue
[2026-08-21T11:42:06.409+0000] {logging_mixin.py:190} INFO - [2026-08-21T11:42:06.409+0000] {dagbag.py:588} INFO - Filling up the DagBag from /home/airflow/.local/lib/python3.12/site-packages/airflow/example_dags/tutorial_objectstorage.py
[2026-08-21T11:42:06.420+0000] {processor.py:925} INFO - DAG(s) 'tutorial_objectstorage' retrieved from /home/airflow/.local/lib/python3.12/site-packages/airflow/example_dags/tutorial_objectstorage.py
[2026-08-21T11:42:06.440+0000] {logging_mixin.py:190} INFO - [2026-08-21T11:42:06.440+0000] {dag.py:3239} INFO - Sync 1 DAGs
[2026-08-21T11:42:06.457+0000] {logging_mixin.py:190} INFO - [2026-08-21T11:42:06.457+0000] {dag.py:4180} INFO - Setting next_dagrun for tutorial_objectstorage to None, run_after=None
[2026-08-21T11:42:06.478+0000] {processor.py:208} INFO - Processing /home/airflow/.local/lib/python3.12/site-packages/airflow/example_dags/tutorial_objectstorage.py took 0.078 seconds
[2026-08-21T11:42:41.982+0000] {processor.py:186} INFO - Started process (PID=292) to work on /home/airflow/.local/lib/python3.12/site-packages/airflow/example_dags/tutorial_objectstorage.py
[2026-08-21T11:42:41.984+0000] {processor.py:914} INFO - Processing file /home/airflow/.local/lib/python3.12/site-packages/airflow/example_dags/tutorial_objectstorage.py for tasks to queue
[2026-08-21T11:42:41.988+0000] {logging_mixin.py:190} INFO - [2026-08-21T11:42:41.987+0000] {dagbag.py:588} INFO - Filling up the DagBag from /home/airflow/.local/lib/python3.12/site-packages/airflow/example_dags/tutorial_objectstorage.py
[2026-08-21T11:42:42.000+0000] {processor.py:925} INFO - DAG(s) 'tutorial_objectstorage' retrieved from /home/airflow/.local/lib/python3.12/site-packages/airflow/example_dags/tutorial_objectstorage.py
[2026-08-21T11:42:42.022+0000] {logging_mixin.py:190} INFO - [2026-08-21T11:42:42.022+0000] {dag.py:3239} INFO - Sync 1 DAGs
[2026-08-21T11:42:42.038+0000] {logging_mixin.py:190} INFO - [2026-08-21T11:42:42.038+0000] {dag.py:4180} INFO - Setting next_dagrun for tutorial_objectstorage to None, run_after=None
[2026-08-21T11:42:42.060+0000] {processor.py:208} INFO - Processing /home/airflow/.local/lib/python3.12/site-packages/airflow/example_dags/tutorial_objectstorage.py took 0.085 seconds
[2026-08-21T11:43:17.296+0000] {processor.py:186} INFO - Started process (PID=355) to work on /home/airflow/.local/lib/python3.12/site-packages/airflow/example_dags/tutorial_objectstorage.py
[2026-08-21T11:43:17.297+0000] {processor.py:914} INFO - Processing file /home/airflow/.local/lib/python3.12/site-packages/airflow/example_dags/tutorial_objectstorage.py for tasks to queue
[2026-08-21T11:43:17.299+0000] {logging_mixin.py:190} INFO - [2026-08-21T11:43:17.299+0000] {dagbag.py:588} INFO - Filling up the DagBag from /home/airflow/.local/lib/python3.12/site-packages/airflow/example_dags/tutorial_objectstorage.py
[2026-08-21T11:43:17.314+0000] {processor.py:925} INFO - DAG(s) 'tutorial_objectstorage' retrieved from /home/airflow/.local/lib/python3.12/site-packages/airflow/example_dags/tutorial_objectstorage.py
[2026-08-21T11:43:17.341+0000] {logging_mixin.py:190} INFO - [2026-08-21T11:43:17.341+0000] {dag.py:3239} INFO - Sync 1 DAGs
[2026-08-21T11:43:17.366+0000] {logging_mixin.py:190} INFO - [2026-08-21T11:43:17.366+0000] {dag.py:4180} INFO - Setting next_dagrun for tutorial_objectstorage to None, run_after=None
[2026-08-21T11:43:17.399+0000] {processor.py:208} INFO - Processing /home/airflow/.local/lib/python3.12/site-packages/airflow/example_dags/tutorial_objectstorage.py took 0.109 seconds
[2026-08-21T11:43:51.335+0000] {processor.py:186} INFO - Started process (PID=423) to work on /home/airflow/.local/lib/python3.12/site-packages/airflow/example_dags/tutorial_objectstorage.py
[2026-08-21T11:43:51.336+0000] {processor.py:914} INFO - Processing file /home/airflow/.local/lib/python3.12/site-packages/airflow/example_dags/tutorial_objectstorage.py for tasks to queue
[2026-08-21T11:43:51.339+0000] {logging_mixin.py:190} INFO - [2026-08-21T11:43:51.339+0000] {dagbag.py:588} INFO - Filling up the DagBag from /home/airflow/.local/lib/python3.12/site-packages/airflow/example_dags/tutorial_objectstorage.py
[2026-08-21T11:43:51.347+0000] {processor.py:925} INFO - DAG(s) 'tutorial_objectstorage' retrieved from /home/airflow/.local/lib/python3.12/site-packages/airflow/example_dags/tutorial_objectstorage.py
[2026-08-21T11:43:51.370+0000] {logging_mixin.py:190} INFO - [2026-08-21T11:43:51.370+0000] {dag.py:3239} INFO - Sync 1 DAGs
[2026-08-21T11:43:51.384+0000] {logging_mixin.py:190} INFO - [2026-08-21T11:43:51.384+0000] {dag.py:4180} INFO - Setting next_dagrun for tutorial_objectstorage to None, run_after=None
[2026-08-21T11:43:51.407+0000] {processor.py:208} INFO - Processing /home/airflow/.local/lib/python3.12/site-packages/airflow/example_dags/tutorial_objectstorage.py took 0.077 seconds
[2026-08-21T11:44:26.566+0000] {processor.py:186} INFO - Started process (PID=492) to work on /home/airflow/.local/lib/python3.12/site-packages/airflow/example_dags/tutorial_objectstorage.py
[2026-08-21T11:44:26.566+0000] {processor.py:914} INFO - Processing file /home/airflow/.local/lib/python3.12/site-packages/airflow/example_dags/tutorial_objectstorage.py for tasks to queue
[2026-08-21T11:44:26.569+0000] {logging_mixin.py:190} INFO - [2026-08-21T11:44:26.569+0000] {dagbag.py:588} INFO - Filling up the DagBag from /home/airflow/.local/lib/python3.12/site-packages/airflow/example_dags/tutorial_objectstorage.py
[2026-08-21T11:44:26.579+0000] {processor.py:925} INFO - DAG(s) 'tutorial_objectstorage' retrieved from /home/airflow/.local/lib/python3.12/site-packages/airflow/example_dags/tutorial_objectstorage.py
[2026-08-21T11:44:26.600+0000] {logging_mixin.py:190} INFO - [2026-08-21T11:44:26.600+0000] {dag.py:3239} INFO - Sync 1 DAGs
[2026-08-21T11:44:26.614+0000] {logging_mixin.py:190} INFO - [2026-08-21T11:44:26.614+0000] {dag.py:4180} INFO - Setting next_dagrun for tutorial_objectstorage to None, run_after=None
[2026-08-21T11:44:26.638+0000] {processor.py:208} INFO - Processing /home/airflow/.local/lib/python3.12/site-packages/airflow/example_dags/tutorial_objectstorage.py took 0.078 seconds
[2026-08-21T11:45:02.864+0000] {processor.py:186} INFO - Started process (PID=555) to work on /home/airflow/.local/lib/python3.12/site-packages/airflow/example_dags/tutorial_objectstorage.py
[2026-08-21T11:45:02.865+0000] {processor.py:914} INFO - Processing file /home/airflow/.local/lib/python3.12/site-packages/airflow/example_dags/tutorial_objectstorage.py for tasks to queue
[2026-08-21T11:45:02.869+0000] {logging_mixin.py:190} INFO - [2026-08-21T11:45:02.868+0000] {dagbag.py:588} INFO - Filling up the DagBag from /home/airflow/.local/lib/python3.12/site-packages/airflow/example_dags/tutorial_objectstorage.py
[2026-08-21T11:45:02.884+0000] {processor.py:925} INFO - DAG(s) 'tutorial_objectstorage' retrieved from /home/airflow/.local/lib/python3.12/site-packages/airflow/example_dags/tutorial_objectstorage.py
[2026-08-21T11:45:02.910+0000] {logging_mixin.py:190} INFO - [2026-08-21T11:45:02.909+0000] {dag.py:3239} INFO - Sync 1 DAGs
[2026-08-21T11:45:02.932+0000] {logging_mixin.py:190} INFO - [2026-08-21T11:45:02.931+0000] {dag.py:4180} INFO - Setting next_dagrun for tutorial_objectstorage to None, run_after=None
[2026-08-21T11:45:02.959+0000] {processor.py:208} INFO - Processing /home/airflow/.local/lib/python3.12/site-packages/airflow/example_dags/tutorial_objectstorage.py took 0.103 seconds
[2026-08-21T11:45:38.760+0000] {processor.py:186} INFO - Started process (PID=618) to work on /home/airflow/.local/lib/python3.12/site-packages/airflow/example_dags/tutorial_objectstorage.py
[2026-08-21T11:45:38.762+0000] {processor.py:914} INFO - Processing file /home/airflow/.local/lib/python3.12/site-packages/airflow/example_dags/tutorial_objectstorage.py for tasks to queue
[2026-08-21T11:45:38.765+0000] {logging_mixin.py:190} INFO - [2026-08-21T11:45:38.765+0000] {dagbag.py:588} INFO - Filling up the DagBag from /home/airflow/.local/lib/python3.12/site-packages/airflow/example_dags/tutorial_objectstorage.py
[2026-08-21T11:45:38.779+0000] {processor.py:925} INFO - DAG(s) 'tutorial_objectstorage' retrieved from /home/airflow/.local/lib/python3.12/site-packages/airflow/example_dags/tutorial_objectstorage.py
[2026-08-21T11:45:38.803+0000] {logging_mixin.py:190} INFO - [2026-08-21T11:45:38.803+0000] {dag.py:3239} INFO - Sync 1 DAGs
[2026-08-21T11:45:38.816+0000] {logging_mixin.py:190} INFO - [2026-08-21T11:45:38.816+0000] {dag.py:4180} INFO - Setting next_dagrun for tutorial_objectstorage to None, run_after=None
[2026-08-21T11:45:38.840+0000] {processor.py:208} INFO - Processing /home/airflow/.local/lib/python3.12/site-packages/airflow/example_dags/tutorial_objectstorage.py took 0.087 seconds
[2026-08-21T11:46:13.564+0000] {processor.py:186} INFO - Started process (PID=681) to work on /home/airflow/.local/lib/python3.12/site-packages/airflow/example_dags/tutorial_objectstorage.py
[2026-08-21T11:46:13.566+0000] {processor.py:914} INFO - Processing file /home/airflow/.local/lib/python3.12/site-packages/airflow/example_dags/tutorial_objectstorage.py for tasks to queue
[2026-08-21T11:46:13.568+0000] {logging_mixin.py:190} INFO - [2026-08-21T11:46:13.568+0000] {dagbag.py:588} INFO - Filling up the DagBag from /home/airflow/.local/lib/python3.12/site-packages/airflow/example_dags/tutorial_objectstorage.py
[2026-08-21T11:46:13.579+0000] {processor.py:925} INFO - DAG(s) 'tutorial_objectstorage' retrieved from /home/airflow/.local/lib/python3.12/site-packages/airflow/example_dags/tutorial_objectstorage.py
[2026-08-21T11:46:13.598+0000] {logging_mixin.py:190} INFO - [2026-08-21T11:46:13.598+0000] {dag.py:3239} INFO - Sync 1 DAGs
[2026-08-21T11:46:13.615+0000] {logging_mixin.py:190} INFO - [2026-08-21T11:46:13.614+0000] {dag.py:4180} INFO - Setting next_dagrun for tutorial_objectstorage to None, run_after=None
[2026-08-21T11:46:13.636+0000] {processor.py:208} INFO - Processing /home/airflow/.local/lib/python3.12/site-packages/airflow/example_dags/tutorial_objectstorage.py took 0.078 seconds
[2026-08-21T11:46:49.266+0000] {processor.py:186} INFO - Started process (PID=750) to work on /home/airflow/.local/lib/python3.12/site-packages/airflow/example_dags/tutorial_objectstorage.py
[2026-08-21T11:46:49.268+0000] {processor.py:914} INFO - Processing file /home/airflow/.local/lib/python3.12/site-packages/airflow/example_dags/tutorial_objectstorage.py for tasks to queue
[2026-08-21T11:46:49.271+0000] {logging_mixin.py:190} INFO - [2026-08-21T11:46:49.271+0000] {dagbag.py:588} INFO - Filling up the DagBag from /home/airflow/.local/lib/python3.12/site-packages/airflow/example_dags/tutorial_objectstorage.py
[2026-08-21T11:46:49.289+0000] {processor.py:925} INFO - DAG(s) 'tutorial_objectstorage' retrieved from /home/airflow/.local/lib/python3.12/site-packages/airflow/example_dags/tutorial_objectstorage.py
[2026-08-21T11:46:49.326+0000] {logging_mixin.py:190} INFO - [2026-08-21T11:46:49.326+0000] {dag.py:3239} INFO - Sync 1 DAGs
[2026-08-21T11:46:49.354+0000] {logging_mixin.py:190} INFO - [2026-08-21T11:46:49.353+0000] {dag.py:4180} INFO - Setting next_dagrun for tutorial_objectstorage to None, run_after=None
[2026-08-21T11:46:49.381+0000] {processor.py:208} INFO - Processing /home/airflow/.local/lib/python3.12/site-packages/airflow/example_dags/tutorial_objectstorage.py took 0.124 seconds
