[2026-08-21T11:40:56.473+0000] {processor.py:186} INFO - Started process (PID=94) to work on /home/airflow/.local/lib/python3.12/site-packages/airflow/example_dags/tutorial.py
[2026-08-21T11:40:56.473+0000] {processor.py:914} INFO - Processing file /home/airflow/.local/lib/python3.12/site-packages/airflow/example_dags/tutorial.py for tasks to queue
[2026-08-21T11:40:56.475+0000] {logging_mixin.py:190} INFO - [2026-08-21T11:40:56.475+0000] {dagbag.py:588} INFO - Filling up the DagBag from /home/airflow/.local/lib/python3.12/site-packages/airflow/example_dags/tutorial.py
[2026-08-21T11:40:56.483+0000] {processor.py:925} INFO - DAG(s) 'tutorial' retrieved from /home/airflow/.local/lib/python3.12/site-packages/airflow/example_dags/tutorial.py
[2026-08-21T11:40:56.603+0000] {logging_mixin.py:190} INFO - [2026-08-21T11:40:56.602+0000] {override.py:1932} INFO - Created Permission View: can read on DAG:tutorial
[2026-08-21T11:40:56.615+0000] {logging_mixin.py:190} INFO - [2026-08-21T11:40:56.615+0000] {override.py:1932} INFO - Created Permission View: can edit on DAG:tutorial
[2026-08-21T11:40:56.626+0000] {logging_mixin.py:190} INFO - [2026-08-21T11:40:56.625+0000] {override.py:1932} INFO - Created Permission View: can delete on DAG:tutorial
[2026-08-21T11:40:56.635+0000] {logging_mixin.py:190} INFO - [2026-08-21T11:40:56.634+0000] {override.py:1932} INFO - Created Permission View: menu access on DAG Run:tutorial
[2026-08-21T11:40:56.644+0000] {logging_mixin.py:190} INFO - [2026-08-21T11:40:56.644+0000] {override.py:1932} INFO - Created Permission View: can read on DAG Run:tutorial
[2026-08-21T11:40:56.650+0000] {logging_mixin.py:190} INFO - [2026-08-21T11:40:56.650+0000] {override.py:1932} INFO - Created Permission View: can create on DAG Run:tutorial
[2026-08-21T11:40:56.661+0000] {logging_mixin.py:190} INFO - [2026-08-21T11:40:56.660+0000] {override.py:1932} INFO - Created Permission View: can delete on DAG Run:tutorial
[2026-08-21T11:40:56.661+0000] {logging_mixin.py:190} INFO - [2026-08-21T11:40:56.661+0000] {dag.py:3239} INFO - Sync 1 DAGs
[2026-08-21T11:40:56.673+0000] {logging_mixin.py:190} INFO - [2026-08-21T11:40:56.673+0000] {dag.py:3262} INFO - Creating ORM DAG for tutorial
[2026-08-21T11:40:56.683+0000] {logging_mixin.py:190} INFO - [2026-08-21T11:40:56.683+0000] {dag.py:4180} INFO - Setting next_dagrun for tutorial to 2026-08-20 00:00:00+00:00, run_after=2026-08-21 00:00:00+00:00
[2026-08-21T11:40:56.705+0000] {processor.py:208} INFO - Processing /home/airflow/.local/lib/python3.12/site-packages/airflow/example_dags/tutorial.py took 0.237 seconds
[2026-08-21T11:41:30.435+0000] {processor.py:186} INFO - Started process (PID=157) to work on /home/airflow/.local/lib/python3.12/site-packages/airflow/example_dags/tutorial.py
[2026-08-21T11:41:30.435+0000] {processor.py:914} INFO - Processing file /home/airflow/.local/lib/python3.12/site-packages/airflow/example_dags/tutorial.py for tasks to queue
[2026-08-21T11:41:30.438+0000] {logging_mixin.py:190} INFO - [2026-08-21T11:41:30.437+0000] {dagbag.py:588} INFO - Filling up the DagBag from /home/airflow/.local/lib/python3.12/site-packages/airflow/example_dags/tutorial.py
[2026-08-21T11:41:30.446+0000] {processor.py:925} INFO - DAG(s) 'tutorial' retrieved from /home/airflow/.local/lib/python3.12/site-packages/airflow/example_dags/tutorial.py
[2026-08-21T11:41:30.465+0000] {logging_mixin.py:190} INFO - [2026-08-21T11:41:30.465+0000] {dag.py:3239} INFO - Sync 1 DAGs
[2026-08-21T11:41:30.488+0000] {logging_mixin.py:190} INFO - [2026-08-21T11:41:30.488+0000] {dag.py:4180} INFO - Setting next_dagrun for tutorial to 2026-08-20 00:00:00+00:00, run_after=2026-08-21 00:00:00+00:00
[2026-08-21T11:41:30.505+0000] {processor.py:208} INFO - Processing /home/airflow/.local/lib/python3.12/site-packages/airflow/example_dags/tutorial.py took 0.075 seconds
[2026-08-21T11:42:05.408+0000] {processor.py:186} INFO - Started process (PID=220) to work on /home/airflow/.local/lib/python3.12/site-packages/airflow/example_dags/tutorial.py
[2026-08-21T11:42:05.409+0000] {processor.py:914} INFO - Processing file /home/airflow/.local/lib/python3.12/site-packages/airflow/example_dags/tutorial.py for tasks to queue
[2026-08-21T11:42:05.412+0000] {logging_mixin.py:190} INFO - [2026-08-21T11:42:05.411+0000] {dagbag.py:588} INFO - Filling up the DagBag from /home/airflow/.local/lib/python3.12/site-packages/airflow/example_dags/tutorial.py
[2026-08-21T11:42:05.421+0000] {processor.py:925} INFO - DAG(s) 'tutorial' retrieved from /home/airflow/.local/lib/python3.12/site-packages/airflow/example_dags/tutorial.py
[2026-08-21T11:42:05.442+0000] {logging_mixin.py:190} INFO - [2026-08-21T11:42:05.442+0000] {dag.py:3239} INFO - Sync 1 DAGs
[2026-08-21T11:42:05.467+0000] {logging_mixin.py:190} INFO - [2026-08-21T11:42:05.467+0000] {dag.py:4180} INFO - Setting next_dagrun for tutorial to 2026-08-20 00:00:00+00:00, run_after=2026-08-21 00:00:00+00:00
[2026-08-21T11:42:05.490+0000] {processor.py:208} INFO - Processing /home/airflow/.local/lib/python3.12/site-packages/airflow/example_dags/tutorial.py took 0.088 seconds
[2026-08-21T11:42:40.928+0000] {processor.py:186} INFO - Started process (PID=283) to work on /home/airflow/.local/lib/python3.12/site-packages/airflow/example_dags/tutorial.py
[2026-08-21T11:42:40.929+0000] {processor.py:914} INFO - Processing file /home/airflow/.local/lib/python3.12/site-packages/airflow/example_dags/tutorial.py for tasks to queue
[2026-08-21T11:42:40.931+0000] {logging_mixin.py:190} INFO - [2026-08-21T11:42:40.931+0000] {dagbag.py:588} INFO - Filling up the DagBag from /home/airflow/.local/lib/python3.12/site-packages/airflow/example_dags/tutorial.py
[2026-08-21T11:42:40.939+0000] {processor.py:925} INFO - DAG(s) 'tutorial' retrieved from /home/airflow/.local/lib/python3.12/site-packages/airflow/example_dags/tutorial.py
[2026-08-21T11:42:40.962+0000] {logging_mixin.py:190} INFO - [2026-08-21T11:42:40.962+0000] {dag.py:3239} INFO - Sync 1 DAGs
[2026-08-21T11:42:40.988+0000] {logging_mixin.py:190} INFO - [2026-08-21T11:42:40.988+0000] {dag.py:4180} INFO - Setting next_dagrun for tutorial to 2026-08-20 00:00:00+00:00, run_after=2026-08-21 00:00:00+00:00
[2026-08-21T11:42:41.009+0000] {processor.py:208} INFO - Processing /home/airflow/.local/lib/python3.12/site-packages/airflow/example_dags/tutorial.py took 0.086 seconds
[2026-08-21T11:43:16.248+0000] {processor.py:186} INFO - Started process (PID=346) to work on /home/airflow/.local/lib/python3.12/site-packages/airflow/example_dags/tutorial.py
[2026-08-21T11:43:16.249+0000] {processor.py:914} INFO - Processing file /home/airflow/.local/lib/python3.12/site-packages/airflow/example_dags/tutorial.py for tasks to queue
[2026-08-21T11:43:16.251+0000] {logging_mixin.py:190} INFO - [2026-08-21T11:43:16.251+0000] {dagbag.py:588} INFO - Filling up the DagBag from /home/airflow/.local/lib/python3.12/site-packages/airflow/example_dags/tutorial.py
[2026-08-21T11:43:16.259+0000] {processor.py:925} INFO - DAG(s) 'tutorial' retrieved from /home/airflow/.local/lib/python3.12/site-packages/airflow/example_dags/tutorial.py
[2026-08-21T11:43:16.280+0000] {logging_mixin.py:190} INFO - [2026-08-21T11:43:16.280+0000] {dag.py:3239} INFO - Sync 1 DAGs
[2026-08-21T11:43:16.304+0000] {logging_mixin.py:190} INFO - [2026-08-21T11:43:16.304+0000] {dag.py:4180} INFO - Setting next_dagrun for tutorial to 2026-08-20 00:00:00+00:00, run_after=2026-08-21 00:00:00+00:00
[2026-08-21T11:43:16.326+0000] {processor.py:208} INFO - Processing /home/airflow/.local/lib/python3.12/site-packages/airflow/example_dags/tutorial.py took 0.084 seconds
[2026-08-21T11:43:50.870+0000] {processor.py:186} INFO - Started process (PID=415) to work on /home/airflow/.local/lib/python3.12/site-packages/airflow/example_dags/tutorial.py
[2026-08-21T11:43:50.871+0000] {processor.py:914} INFO - Processing file /home/airflow/.local/lib/python3.12/site-packages/airflow/example_dags/tutorial.py for tasks to queue
[2026-08-21T11:43:50.873+0000] {logging_mixin.py:190} INFO - [2026-08-21T11:43:50.873+0000] {dagbag.py:588} INFO - Filling up the DagBag from /home/airflow/.local/lib/python3.12/site-packages/airflow/example_dags/tutorial.py
[2026-08-21T11:43:50.880+0000] {processor.py:925} INFO - DAG(s) 'tutorial' retrieved from /home/airflow/.local/lib/python3.12/site-packages/airflow/example_dags/tutorial.py
[2026-08-21T11:43:50.903+0000] {logging_mixin.py:190} INFO - [2026-08-21T11:43:50.903+0000] {dag.py:3239} INFO - Sync 1 DAGs
[2026-08-21T11:43:50.927+0000] {logging_mixin.py:190} INFO - [2026-08-21T11:43:50.927+0000] {dag.py:4180} INFO - Setting next_dagrun for tutorial to 2026-08-20 00:00:00+00:00, run_after=2026-08-21 00:00:00+00:00
[2026-08-21T11:43:50.946+0000] {processor.py:208} INFO - Processing /home/airflow/.local/lib/python3.12/site-packages/airflow/example_dags/tutorial.py took 0.081 seconds
[2026-08-21T11:44:25.639+0000] {processor.py:186} INFO - Started process (PID=478) to work on /home/airflow/.local/lib/python3.12/site-packages/airflow/example_dags/tutorial.py
[2026-08-21T11:44:25.640+0000] {processor.py:914} INFO - Processing file /home/airflow/.local/lib/python3.12/site-packages/airflow/example_dags/tutorial.py for tasks to queue
[2026-08-21T11:44:25.642+0000] {logging_mixin.py:190} INFO - [2026-08-21T11:44:25.642+0000] {dagbag.py:588} INFO - Filling up the DagBag from /home/airflow/.local/lib/python3.12/site-packages/airflow/example_dags/tutorial.py
[2026-08-21T11:44:25.652+0000] {processor.py:925} INFO - DAG(s) 'tutorial' retrieved from /home/airflow/.local/lib/python3.12/site-packages/airflow/example_dags/tutorial.py
[2026-08-21T11:44:25.673+0000] {logging_mixin.py:190} INFO - [2026-08-21T11:44:25.673+0000] {dag.py:3239} INFO - Sync 1 DAGs
[2026-08-21T11:44:25.699+0000] {logging_mixin.py:190} INFO - [2026-08-21T11:44:25.699+0000] {dag.py:4180} INFO - Setting next_dagrun for tutorial to 2026-08-20 00:00:00+00:00, run_after=2026-08-21 00:00:00+00:00
[2026-08-21T11:44:25.722+0000] {processor.py:208} INFO - Processing /home/airflow/.local/lib/python3.12/site-packages/airflow/example_dags/tutorial.py took 0.088 seconds
[2026-08-21T11:45:02.315+0000] {processor.py:186} INFO - Started process (PID=547) to work on /home/airflow/.local/lib/python3.12/site-packages/airflow/example_dags/tutorial.py
[2026-08-21T11:45:02.316+0000] {processor.py:914} INFO - Processing file /home/airflow/.local/lib/python3.12/site-packages/airflow/example_dags/tutorial.py for tasks to queue
[2026-08-21T11:45:02.318+0000] {logging_mixin.py:190} INFO - [2026-08-21T11:45:02.318+0000] {dagbag.py:588} INFO - Filling up the DagBag from /home/airflow/.local/lib/python3.12/site-packages/airflow/example_dags/tutorial.py
[2026-08-21T11:45:02.327+0000] {processor.py:925} INFO - DAG(s) 'tutorial' retrieved from /home/airflow/.local/lib/python3.12/site-packages/airflow/example_dags/tutorial.py
[2026-08-21T11:45:02.352+0000] {logging_mixin.py:190} INFO - [2026-08-21T11:45:02.351+0000] {dag.py:3239} INFO - Sync 1 DAGs
[2026-08-21T11:45:02.385+0000] {logging_mixin.py:190} INFO - [2026-08-21T11:45:02.384+0000] {dag.py:4180} INFO - Setting next_dagrun for tutorial to 2026-08-20 00:00:00+00:00, run_after=2026-08-21 00:00:00+00:00
[2026-08-21T11:45:02.416+0000] {processor.py:208} INFO - Processing /home/airflow/.local/lib/python3.12/site-packages/airflow/example_dags/tutorial.py took 0.110 seconds
[2026-08-21T11:45:38.101+0000] {processor.py:186} INFO - Started process (PID=610) to work on /home/airflow/.local/lib/python3.12/site-packages/airflow/example_dags/tutorial.py
[2026-08-21T11:45:38.102+0000] {processor.py:914} INFO - Processing file /home/airflow/.local/lib/python3.12/site-packages/airflow/example_dags/tutorial.py for tasks to queue
[2026-08-21T11:45:38.105+0000] {logging_mixin.py:190} INFO - [2026-08-21T11:45:38.105+0000] {dagbag.py:588} INFO - Filling up the DagBag from /home/airflow/.local/lib/python3.12/site-packages/airflow/example_dags/tutorial.py
[2026-08-21T11:45:38.114+0000] {processor.py:925} INFO - DAG(s) 'tutorial' retrieved from /home/airflow/.local/lib/python3.12/site-packages/airflow/example_dags/tutorial.py
[2026-08-21T11:45:38.138+0000] {logging_mixin.py:190} INFO - [2026-08-21T11:45:38.138+0000] {dag.py:3239} INFO - Sync 1 DAGs
[2026-08-21T11:45:38.165+0000] {logging_mixin.py:190} INFO - [2026-08-21T11:45:38.165+0000] {dag.py:4180} INFO - Setting next_dagrun for tutorial to 2026-08-20 00:00:00+00:00, run_after=2026-08-21 00:00:00+00:00
[2026-08-21T11:45:38.189+0000] {processor.py:208} INFO - Processing /home/airflow/.local/lib/python3.12/site-packages/airflow/example_dags/tutorial.py took 0.097 seconds
[2026-08-21T11:46:13.011+0000] {processor.py:186} INFO - Started process (PID=673) to work on /home/airflow/.local/lib/python3.12/site-packages/airflow/example_dags/tutorial.py
[2026-08-21T11:46:13.011+0000] {processor.py:914} INFO - Processing file /home/airflow/.local/lib/python3.12/site-packages/airflow/example_dags/tutorial.py for tasks to queue
[2026-08-21T11:46:13.013+0000] {logging_mixin.py:190} INFO - [2026-08-21T11:46:13.013+0000] {dagbag.py:588} INFO - Filling up the DagBag from /home/airflow/.local/lib/python3.12/site-packages/airflow/example_dags/tutorial.py
[2026-08-21T11:46:13.020+0000] {processor.py:925} INFO - DAG(s) 'tutorial' retrieved from /home/airflow/.local/lib/python3.12/site-packages/airflow/example_dags/tutorial.py
[2026-08-21T11:46:13.042+0000] {logging_mixin.py:190} INFO - [2026-08-21T11:46:13.042+0000] {dag.py:3239} INFO - Sync 1 DAGs
[2026-08-21T11:46:13.065+0000] {logging_mixin.py:190} INFO - [2026-08-21T11:46:13.065+0000] {dag.py:4180} INFO - Setting next_dagrun for tutorial to 2026-08-20 00:00:00+00:00, run_after=2026-08-21 00:00:00+00:00
[2026-08-21T11:46:13.086+0000] {processor.py:208} INFO - Processing /home/airflow/.local/lib/python3.12/site-packages/airflow/example_dags/tutorial.py took 0.081 seconds
[2026-08-21T11:46:48.689+0000] {processor.py:186} INFO - Started process (PID=742) to work on /home/airflow/.local/lib/python3.12/site-packages/airflow/example_dags/tutorial.py
[2026-08-21T11:46:48.690+0000] {processor.py:914} INFO - Processing file /home/airflow/.local/lib/python3.12/site-packages/airflow/example_dags/tutorial.py for tasks to queue
[2026-08-21T11:46:48.692+0000] {logging_mixin.py:190} INFO - [2026-08-21T11:46:48.692+0000] {dagbag.py:588} INFO - Filling up the DagBag from /home/airflow/.local/lib/python3.12/site-packages/airflow/example_dags/tutorial.py
[2026-08-21T11:46:48.700+0000] {processor.py:925} INFO - DAG(s) 'tutorial' retrieved from /home/airflow/.local/lib/python3.12/site-packages/airflow/example_dags/tutorial.py
[2026-08-21T11:46:48.722+0000] {logging_mixin.py:190} INFO - [2026-08-21T11:46:48.722+0000] {dag.py:3239} INFO - Sync 1 DAGs
[2026-08-21T11:46:48.749+0000] {logging_mixin.py:190} INFO - [2026-08-21T11:46:48.749+0000] {dag.py:4180} INFO - Setting next_dagrun for tutorial to 2026-08-20 00:00:00+00:00, run_after=2026-08-21 00:00:00+00:00
[2026-08-21T11:46:48.766+0000] {processor.py:208} INFO - Processing /home/airflow/.local/lib/python3.12/site-packages/airflow/example_dags/tutorial.py took 0.083 seconds
