[2026-08-21T14:14:27.821+0000] {local_task_job_runner.py:123} INFO - ::group::Pre task execution logs
[2026-08-21T14:14:27.844+0000] {taskinstance.py:2632} INFO - Dependencies all met for dep_context=non-requeueable deps ti=<TaskInstance: first_dag.task_2 manual__2026-08-21T14:14:25.530148+00:00 [queued]>
[2026-08-21T14:14:27.853+0000] {taskinstance.py:2632} INFO - Dependencies all met for dep_context=requeueable deps ti=<TaskInstance: first_dag.task_2 manual__2026-08-21T14:14:25.530148+00:00 [queued]>
[2026-08-21T14:14:27.853+0000] {taskinstance.py:2885} INFO - Starting attempt 1 of 1
[2026-08-21T14:14:27.863+0000] {taskinstance.py:2908} INFO - Executing <Task(PythonOperator): task_2> on 2026-08-21 14:14:25.530148+00:00
[2026-08-21T14:14:27.870+0000] {warnings.py:112} WARNING - /home/***/.local/lib/python3.12/site-packages/***/task/task_runner/standard_task_runner.py:70: DeprecationWarning: This process (pid=1572) is multi-threaded, use of fork() may lead to deadlocks in the child.
  pid = os.fork()

[2026-08-21T14:14:27.872+0000] {standard_task_runner.py:72} INFO - Started process 1573 to run task
[2026-08-21T14:14:27.872+0000] {standard_task_runner.py:104} INFO - Running: ['***', 'tasks', 'run', 'first_dag', 'task_2', 'manual__2026-08-21T14:14:25.530148+00:00', '--job-id', '4', '--raw', '--subdir', 'DAGS_FOLDER/first_dag.py', '--cfg-path', '/tmp/tmpu2vsbiea']
[2026-08-21T14:14:27.873+0000] {standard_task_runner.py:105} INFO - Job 4: Subtask task_2
[2026-08-21T14:14:27.910+0000] {task_command.py:467} INFO - Running <TaskInstance: first_dag.task_2 manual__2026-08-21T14:14:25.530148+00:00 [running]> on host 031042f62106
[2026-08-21T14:14:27.973+0000] {taskinstance.py:3158} INFO - Exporting env vars: AIRFLOW_CTX_DAG_OWNER='***' AIRFLOW_CTX_DAG_ID='first_dag' AIRFLOW_CTX_TASK_ID='task_2' AIRFLOW_CTX_EXECUTION_DATE='2026-08-21T14:14:25.530148+00:00' AIRFLOW_CTX_TRY_NUMBER='1' AIRFLOW_CTX_DAG_RUN_ID='manual__2026-08-21T14:14:25.530148+00:00'
[2026-08-21T14:14:27.974+0000] {taskinstance.py:740} INFO - ::endgroup::
[2026-08-21T14:14:27.983+0000] {logging_mixin.py:190} INFO - Hello from Task2
[2026-08-21T14:14:27.983+0000] {python.py:240} INFO - Done. Returned value was: None
[2026-08-21T14:14:27.994+0000] {taskinstance.py:349} INFO - ::group::Post task execution logs
[2026-08-21T14:14:27.994+0000] {taskinstance.py:361} INFO - Marking task as SUCCESS. dag_id=first_dag, task_id=task_2, run_id=manual__2026-08-21T14:14:25.530148+00:00, execution_date=20260821T141425, start_date=20260821T141427, end_date=20260821T141427
[2026-08-21T14:14:28.023+0000] {local_task_job_runner.py:266} INFO - Task exited with return code 0
[2026-08-21T14:14:28.037+0000] {taskinstance.py:3925} INFO - 0 downstream tasks scheduled from follow-on schedule check
[2026-08-21T14:14:28.038+0000] {local_task_job_runner.py:245} INFO - ::endgroup::
