[2026-08-21T14:14:26.807+0000] {local_task_job_runner.py:123} INFO - ::group::Pre task execution logs
[2026-08-21T14:14:26.827+0000] {taskinstance.py:2632} INFO - Dependencies all met for dep_context=non-requeueable deps ti=<TaskInstance: first_dag.task_1 manual__2026-08-21T14:14:25.530148+00:00 [queued]>
[2026-08-21T14:14:26.834+0000] {taskinstance.py:2632} INFO - Dependencies all met for dep_context=requeueable deps ti=<TaskInstance: first_dag.task_1 manual__2026-08-21T14:14:25.530148+00:00 [queued]>
[2026-08-21T14:14:26.835+0000] {taskinstance.py:2885} INFO - Starting attempt 1 of 1
[2026-08-21T14:14:26.845+0000] {taskinstance.py:2908} INFO - Executing <Task(PythonOperator): task_1> on 2026-08-21 14:14:25.530148+00:00
[2026-08-21T14:14:26.852+0000] {warnings.py:112} WARNING - /home/***/.local/lib/python3.12/site-packages/***/task/task_runner/standard_task_runner.py:70: DeprecationWarning: This process (pid=1569) is multi-threaded, use of fork() may lead to deadlocks in the child.
  pid = os.fork()

[2026-08-21T14:14:26.854+0000] {standard_task_runner.py:104} INFO - Running: ['***', 'tasks', 'run', 'first_dag', 'task_1', 'manual__2026-08-21T14:14:25.530148+00:00', '--job-id', '3', '--raw', '--subdir', 'DAGS_FOLDER/first_dag.py', '--cfg-path', '/tmp/tmpyim24dlg']
[2026-08-21T14:14:26.855+0000] {standard_task_runner.py:105} INFO - Job 3: Subtask task_1
[2026-08-21T14:14:26.854+0000] {standard_task_runner.py:72} INFO - Started process 1570 to run task
[2026-08-21T14:14:26.891+0000] {task_command.py:467} INFO - Running <TaskInstance: first_dag.task_1 manual__2026-08-21T14:14:25.530148+00:00 [running]> on host 031042f62106
[2026-08-21T14:14:26.957+0000] {taskinstance.py:3158} INFO - Exporting env vars: AIRFLOW_CTX_DAG_OWNER='***' AIRFLOW_CTX_DAG_ID='first_dag' AIRFLOW_CTX_TASK_ID='task_1' AIRFLOW_CTX_EXECUTION_DATE='2026-08-21T14:14:25.530148+00:00' AIRFLOW_CTX_TRY_NUMBER='1' AIRFLOW_CTX_DAG_RUN_ID='manual__2026-08-21T14:14:25.530148+00:00'
[2026-08-21T14:14:26.958+0000] {taskinstance.py:740} INFO - ::endgroup::
[2026-08-21T14:14:26.985+0000] {logging_mixin.py:190} INFO - Hello from Task1
[2026-08-21T14:14:26.985+0000] {python.py:240} INFO - Done. Returned value was: None
[2026-08-21T14:14:26.995+0000] {taskinstance.py:349} INFO - ::group::Post task execution logs
[2026-08-21T14:14:26.996+0000] {taskinstance.py:361} INFO - Marking task as SUCCESS. dag_id=first_dag, task_id=task_1, run_id=manual__2026-08-21T14:14:25.530148+00:00, execution_date=20260821T141425, start_date=20260821T141426, end_date=20260821T141426
[2026-08-21T14:14:27.023+0000] {local_task_job_runner.py:266} INFO - Task exited with return code 0
[2026-08-21T14:14:27.045+0000] {taskinstance.py:3925} INFO - 1 downstream tasks scheduled from follow-on schedule check
[2026-08-21T14:14:27.046+0000] {local_task_job_runner.py:245} INFO - ::endgroup::
