[2026-08-21T15:21:12.521+0000] {processor.py:186} INFO - Started process (PID=2624) to work on /opt/airflow/dags/bashoperator_dag.py
[2026-08-21T15:21:12.522+0000] {processor.py:914} INFO - Processing file /opt/airflow/dags/bashoperator_dag.py for tasks to queue
[2026-08-21T15:21:12.523+0000] {logging_mixin.py:190} INFO - [2026-08-21T15:21:12.523+0000] {dagbag.py:588} INFO - Filling up the DagBag from /opt/airflow/dags/bashoperator_dag.py
[2026-08-21T15:21:12.531+0000] {processor.py:925} INFO - DAG(s) 'first_bash_dag' retrieved from /opt/airflow/dags/bashoperator_dag.py
[2026-08-21T15:21:12.616+0000] {logging_mixin.py:190} INFO - [2026-08-21T15:21:12.616+0000] {override.py:1932} INFO - Created Permission View: can edit on DAG:first_bash_dag
[2026-08-21T15:21:12.626+0000] {logging_mixin.py:190} INFO - [2026-08-21T15:21:12.625+0000] {override.py:1932} INFO - Created Permission View: can delete on DAG:first_bash_dag
[2026-08-21T15:21:12.631+0000] {logging_mixin.py:190} INFO - [2026-08-21T15:21:12.631+0000] {override.py:1932} INFO - Created Permission View: can read on DAG:first_bash_dag
[2026-08-21T15:21:12.637+0000] {logging_mixin.py:190} INFO - [2026-08-21T15:21:12.636+0000] {override.py:1932} INFO - Created Permission View: can create on DAG Run:first_bash_dag
[2026-08-21T15:21:12.642+0000] {logging_mixin.py:190} INFO - [2026-08-21T15:21:12.641+0000] {override.py:1932} INFO - Created Permission View: can delete on DAG Run:first_bash_dag
[2026-08-21T15:21:12.646+0000] {logging_mixin.py:190} INFO - [2026-08-21T15:21:12.645+0000] {override.py:1932} INFO - Created Permission View: menu access on DAG Run:first_bash_dag
[2026-08-21T15:21:12.649+0000] {logging_mixin.py:190} INFO - [2026-08-21T15:21:12.649+0000] {override.py:1932} INFO - Created Permission View: can read on DAG Run:first_bash_dag
[2026-08-21T15:21:12.650+0000] {logging_mixin.py:190} INFO - [2026-08-21T15:21:12.650+0000] {dag.py:3239} INFO - Sync 1 DAGs
[2026-08-21T15:21:12.660+0000] {logging_mixin.py:190} INFO - [2026-08-21T15:21:12.659+0000] {dag.py:3262} INFO - Creating ORM DAG for first_bash_dag
[2026-08-21T15:21:12.669+0000] {logging_mixin.py:190} INFO - [2026-08-21T15:21:12.669+0000] {dag.py:4180} INFO - Setting next_dagrun for first_bash_dag to 2026-08-21 00:00:00+00:00, run_after=2026-08-22 00:00:00+00:00
[2026-08-21T15:21:12.679+0000] {processor.py:208} INFO - Processing /opt/airflow/dags/bashoperator_dag.py took 0.163 seconds
[2026-08-21T15:21:42.766+0000] {processor.py:186} INFO - Started process (PID=2632) to work on /opt/airflow/dags/bashoperator_dag.py
[2026-08-21T15:21:42.766+0000] {processor.py:914} INFO - Processing file /opt/airflow/dags/bashoperator_dag.py for tasks to queue
[2026-08-21T15:21:42.767+0000] {logging_mixin.py:190} INFO - [2026-08-21T15:21:42.767+0000] {dagbag.py:588} INFO - Filling up the DagBag from /opt/airflow/dags/bashoperator_dag.py
[2026-08-21T15:21:42.775+0000] {processor.py:925} INFO - DAG(s) 'first_bash_dag' retrieved from /opt/airflow/dags/bashoperator_dag.py
[2026-08-21T15:21:42.795+0000] {logging_mixin.py:190} INFO - [2026-08-21T15:21:42.795+0000] {dag.py:3239} INFO - Sync 1 DAGs
[2026-08-21T15:21:42.816+0000] {logging_mixin.py:190} INFO - [2026-08-21T15:21:42.815+0000] {dag.py:4180} INFO - Setting next_dagrun for first_bash_dag to 2026-08-21 00:00:00+00:00, run_after=2026-08-22 00:00:00+00:00
[2026-08-21T15:21:42.831+0000] {processor.py:208} INFO - Processing /opt/airflow/dags/bashoperator_dag.py took 0.070 seconds
[2026-08-21T15:21:45.785+0000] {processor.py:186} INFO - Started process (PID=2633) to work on /opt/airflow/dags/bashoperator_dag.py
[2026-08-21T15:21:45.785+0000] {processor.py:914} INFO - Processing file /opt/airflow/dags/bashoperator_dag.py for tasks to queue
[2026-08-21T15:21:45.786+0000] {logging_mixin.py:190} INFO - [2026-08-21T15:21:45.786+0000] {dagbag.py:588} INFO - Filling up the DagBag from /opt/airflow/dags/bashoperator_dag.py
[2026-08-21T15:21:45.794+0000] {processor.py:925} INFO - DAG(s) 'first_bash_dag' retrieved from /opt/airflow/dags/bashoperator_dag.py
[2026-08-21T15:21:45.814+0000] {logging_mixin.py:190} INFO - [2026-08-21T15:21:45.814+0000] {dag.py:3239} INFO - Sync 1 DAGs
[2026-08-21T15:21:45.832+0000] {logging_mixin.py:190} INFO - [2026-08-21T15:21:45.832+0000] {dag.py:4180} INFO - Setting next_dagrun for first_bash_dag to 2026-08-21 00:00:00+00:00, run_after=2026-08-22 00:00:00+00:00
[2026-08-21T15:21:45.848+0000] {processor.py:208} INFO - Processing /opt/airflow/dags/bashoperator_dag.py took 0.067 seconds
[2026-08-21T15:22:16.010+0000] {processor.py:186} INFO - Started process (PID=2641) to work on /opt/airflow/dags/bashoperator_dag.py
[2026-08-21T15:22:16.017+0000] {processor.py:914} INFO - Processing file /opt/airflow/dags/bashoperator_dag.py for tasks to queue
[2026-08-21T15:22:16.019+0000] {logging_mixin.py:190} INFO - [2026-08-21T15:22:16.018+0000] {dagbag.py:588} INFO - Filling up the DagBag from /opt/airflow/dags/bashoperator_dag.py
[2026-08-21T15:22:16.026+0000] {processor.py:925} INFO - DAG(s) 'first_bash_dag' retrieved from /opt/airflow/dags/bashoperator_dag.py
[2026-08-21T15:22:16.047+0000] {logging_mixin.py:190} INFO - [2026-08-21T15:22:16.047+0000] {dag.py:3239} INFO - Sync 1 DAGs
[2026-08-21T15:22:16.066+0000] {logging_mixin.py:190} INFO - [2026-08-21T15:22:16.066+0000] {dag.py:4180} INFO - Setting next_dagrun for first_bash_dag to 2026-08-21 00:00:00+00:00, run_after=2026-08-22 00:00:00+00:00
[2026-08-21T15:22:16.081+0000] {processor.py:208} INFO - Processing /opt/airflow/dags/bashoperator_dag.py took 0.075 seconds
[2026-08-21T15:22:46.219+0000] {processor.py:186} INFO - Started process (PID=2649) to work on /opt/airflow/dags/bashoperator_dag.py
[2026-08-21T15:22:46.220+0000] {processor.py:914} INFO - Processing file /opt/airflow/dags/bashoperator_dag.py for tasks to queue
[2026-08-21T15:22:46.220+0000] {logging_mixin.py:190} INFO - [2026-08-21T15:22:46.220+0000] {dagbag.py:588} INFO - Filling up the DagBag from /opt/airflow/dags/bashoperator_dag.py
[2026-08-21T15:22:46.229+0000] {processor.py:925} INFO - DAG(s) 'first_bash_dag' retrieved from /opt/airflow/dags/bashoperator_dag.py
[2026-08-21T15:22:46.249+0000] {logging_mixin.py:190} INFO - [2026-08-21T15:22:46.249+0000] {dag.py:3239} INFO - Sync 1 DAGs
[2026-08-21T15:22:46.267+0000] {logging_mixin.py:190} INFO - [2026-08-21T15:22:46.267+0000] {dag.py:4180} INFO - Setting next_dagrun for first_bash_dag to 2026-08-21 00:00:00+00:00, run_after=2026-08-22 00:00:00+00:00
[2026-08-21T15:22:46.282+0000] {processor.py:208} INFO - Processing /opt/airflow/dags/bashoperator_dag.py took 0.068 seconds
[2026-08-21T15:23:16.434+0000] {processor.py:186} INFO - Started process (PID=2657) to work on /opt/airflow/dags/bashoperator_dag.py
[2026-08-21T15:23:16.441+0000] {processor.py:914} INFO - Processing file /opt/airflow/dags/bashoperator_dag.py for tasks to queue
[2026-08-21T15:23:16.442+0000] {logging_mixin.py:190} INFO - [2026-08-21T15:23:16.442+0000] {dagbag.py:588} INFO - Filling up the DagBag from /opt/airflow/dags/bashoperator_dag.py
[2026-08-21T15:23:16.450+0000] {processor.py:925} INFO - DAG(s) 'first_bash_dag' retrieved from /opt/airflow/dags/bashoperator_dag.py
[2026-08-21T15:23:16.480+0000] {logging_mixin.py:190} INFO - [2026-08-21T15:23:16.480+0000] {dag.py:3239} INFO - Sync 1 DAGs
[2026-08-21T15:23:16.508+0000] {logging_mixin.py:190} INFO - [2026-08-21T15:23:16.507+0000] {dag.py:4180} INFO - Setting next_dagrun for first_bash_dag to 2026-08-21 00:00:00+00:00, run_after=2026-08-22 00:00:00+00:00
[2026-08-21T15:23:16.521+0000] {processor.py:208} INFO - Processing /opt/airflow/dags/bashoperator_dag.py took 0.092 seconds
[2026-08-21T15:23:46.657+0000] {processor.py:186} INFO - Started process (PID=2665) to work on /opt/airflow/dags/bashoperator_dag.py
[2026-08-21T15:23:46.658+0000] {processor.py:914} INFO - Processing file /opt/airflow/dags/bashoperator_dag.py for tasks to queue
[2026-08-21T15:23:46.660+0000] {logging_mixin.py:190} INFO - [2026-08-21T15:23:46.660+0000] {dagbag.py:588} INFO - Filling up the DagBag from /opt/airflow/dags/bashoperator_dag.py
[2026-08-21T15:23:46.668+0000] {processor.py:925} INFO - DAG(s) 'first_bash_dag' retrieved from /opt/airflow/dags/bashoperator_dag.py
[2026-08-21T15:23:46.690+0000] {logging_mixin.py:190} INFO - [2026-08-21T15:23:46.689+0000] {dag.py:3239} INFO - Sync 1 DAGs
[2026-08-21T15:23:46.710+0000] {logging_mixin.py:190} INFO - [2026-08-21T15:23:46.709+0000] {dag.py:4180} INFO - Setting next_dagrun for first_bash_dag to 2026-08-21 00:00:00+00:00, run_after=2026-08-22 00:00:00+00:00
[2026-08-21T15:23:46.724+0000] {processor.py:208} INFO - Processing /opt/airflow/dags/bashoperator_dag.py took 0.072 seconds
[2026-08-21T15:24:16.859+0000] {processor.py:186} INFO - Started process (PID=2673) to work on /opt/airflow/dags/bashoperator_dag.py
[2026-08-21T15:24:16.866+0000] {processor.py:914} INFO - Processing file /opt/airflow/dags/bashoperator_dag.py for tasks to queue
[2026-08-21T15:24:16.868+0000] {logging_mixin.py:190} INFO - [2026-08-21T15:24:16.867+0000] {dagbag.py:588} INFO - Filling up the DagBag from /opt/airflow/dags/bashoperator_dag.py
[2026-08-21T15:24:16.876+0000] {processor.py:925} INFO - DAG(s) 'first_bash_dag' retrieved from /opt/airflow/dags/bashoperator_dag.py
[2026-08-21T15:24:16.896+0000] {logging_mixin.py:190} INFO - [2026-08-21T15:24:16.896+0000] {dag.py:3239} INFO - Sync 1 DAGs
[2026-08-21T15:24:16.917+0000] {logging_mixin.py:190} INFO - [2026-08-21T15:24:16.917+0000] {dag.py:4180} INFO - Setting next_dagrun for first_bash_dag to 2026-08-21 00:00:00+00:00, run_after=2026-08-22 00:00:00+00:00
[2026-08-21T15:24:16.930+0000] {processor.py:208} INFO - Processing /opt/airflow/dags/bashoperator_dag.py took 0.077 seconds
[2026-08-21T15:24:47.077+0000] {processor.py:186} INFO - Started process (PID=2681) to work on /opt/airflow/dags/bashoperator_dag.py
[2026-08-21T15:24:47.077+0000] {processor.py:914} INFO - Processing file /opt/airflow/dags/bashoperator_dag.py for tasks to queue
[2026-08-21T15:24:47.078+0000] {logging_mixin.py:190} INFO - [2026-08-21T15:24:47.078+0000] {dagbag.py:588} INFO - Filling up the DagBag from /opt/airflow/dags/bashoperator_dag.py
[2026-08-21T15:24:47.086+0000] {processor.py:925} INFO - DAG(s) 'first_bash_dag' retrieved from /opt/airflow/dags/bashoperator_dag.py
[2026-08-21T15:24:47.108+0000] {logging_mixin.py:190} INFO - [2026-08-21T15:24:47.108+0000] {dag.py:3239} INFO - Sync 1 DAGs
[2026-08-21T15:24:47.130+0000] {logging_mixin.py:190} INFO - [2026-08-21T15:24:47.129+0000] {dag.py:4180} INFO - Setting next_dagrun for first_bash_dag to 2026-08-21 00:00:00+00:00, run_after=2026-08-22 00:00:00+00:00
[2026-08-21T15:24:47.147+0000] {processor.py:208} INFO - Processing /opt/airflow/dags/bashoperator_dag.py took 0.075 seconds
[2026-08-21T15:25:17.291+0000] {processor.py:186} INFO - Started process (PID=2689) to work on /opt/airflow/dags/bashoperator_dag.py
[2026-08-21T15:25:17.298+0000] {processor.py:914} INFO - Processing file /opt/airflow/dags/bashoperator_dag.py for tasks to queue
[2026-08-21T15:25:17.299+0000] {logging_mixin.py:190} INFO - [2026-08-21T15:25:17.299+0000] {dagbag.py:588} INFO - Filling up the DagBag from /opt/airflow/dags/bashoperator_dag.py
[2026-08-21T15:25:17.307+0000] {processor.py:925} INFO - DAG(s) 'first_bash_dag' retrieved from /opt/airflow/dags/bashoperator_dag.py
[2026-08-21T15:25:17.329+0000] {logging_mixin.py:190} INFO - [2026-08-21T15:25:17.328+0000] {dag.py:3239} INFO - Sync 1 DAGs
[2026-08-21T15:25:17.349+0000] {logging_mixin.py:190} INFO - [2026-08-21T15:25:17.349+0000] {dag.py:4180} INFO - Setting next_dagrun for first_bash_dag to 2026-08-21 00:00:00+00:00, run_after=2026-08-22 00:00:00+00:00
[2026-08-21T15:25:17.364+0000] {processor.py:208} INFO - Processing /opt/airflow/dags/bashoperator_dag.py took 0.077 seconds
[2026-08-21T15:25:47.509+0000] {processor.py:186} INFO - Started process (PID=2697) to work on /opt/airflow/dags/bashoperator_dag.py
[2026-08-21T15:25:47.509+0000] {processor.py:914} INFO - Processing file /opt/airflow/dags/bashoperator_dag.py for tasks to queue
[2026-08-21T15:25:47.510+0000] {logging_mixin.py:190} INFO - [2026-08-21T15:25:47.510+0000] {dagbag.py:588} INFO - Filling up the DagBag from /opt/airflow/dags/bashoperator_dag.py
[2026-08-21T15:25:47.518+0000] {processor.py:925} INFO - DAG(s) 'first_bash_dag' retrieved from /opt/airflow/dags/bashoperator_dag.py
[2026-08-21T15:25:47.539+0000] {logging_mixin.py:190} INFO - [2026-08-21T15:25:47.538+0000] {dag.py:3239} INFO - Sync 1 DAGs
[2026-08-21T15:25:47.557+0000] {logging_mixin.py:190} INFO - [2026-08-21T15:25:47.556+0000] {dag.py:4180} INFO - Setting next_dagrun for first_bash_dag to 2026-08-21 00:00:00+00:00, run_after=2026-08-22 00:00:00+00:00
[2026-08-21T15:25:47.571+0000] {processor.py:208} INFO - Processing /opt/airflow/dags/bashoperator_dag.py took 0.067 seconds
[2026-08-21T15:26:17.734+0000] {processor.py:186} INFO - Started process (PID=2705) to work on /opt/airflow/dags/bashoperator_dag.py
[2026-08-21T15:26:17.741+0000] {processor.py:914} INFO - Processing file /opt/airflow/dags/bashoperator_dag.py for tasks to queue
[2026-08-21T15:26:17.743+0000] {logging_mixin.py:190} INFO - [2026-08-21T15:26:17.742+0000] {dagbag.py:588} INFO - Filling up the DagBag from /opt/airflow/dags/bashoperator_dag.py
[2026-08-21T15:26:17.751+0000] {processor.py:925} INFO - DAG(s) 'first_bash_dag' retrieved from /opt/airflow/dags/bashoperator_dag.py
[2026-08-21T15:26:17.771+0000] {logging_mixin.py:190} INFO - [2026-08-21T15:26:17.771+0000] {dag.py:3239} INFO - Sync 1 DAGs
[2026-08-21T15:26:17.791+0000] {logging_mixin.py:190} INFO - [2026-08-21T15:26:17.791+0000] {dag.py:4180} INFO - Setting next_dagrun for first_bash_dag to 2026-08-21 00:00:00+00:00, run_after=2026-08-22 00:00:00+00:00
[2026-08-21T15:26:17.806+0000] {processor.py:208} INFO - Processing /opt/airflow/dags/bashoperator_dag.py took 0.076 seconds
[2026-08-21T15:26:47.942+0000] {processor.py:186} INFO - Started process (PID=2713) to work on /opt/airflow/dags/bashoperator_dag.py
[2026-08-21T15:26:47.943+0000] {processor.py:914} INFO - Processing file /opt/airflow/dags/bashoperator_dag.py for tasks to queue
[2026-08-21T15:26:47.944+0000] {logging_mixin.py:190} INFO - [2026-08-21T15:26:47.944+0000] {dagbag.py:588} INFO - Filling up the DagBag from /opt/airflow/dags/bashoperator_dag.py
[2026-08-21T15:26:47.952+0000] {processor.py:925} INFO - DAG(s) 'first_bash_dag' retrieved from /opt/airflow/dags/bashoperator_dag.py
[2026-08-21T15:26:47.972+0000] {logging_mixin.py:190} INFO - [2026-08-21T15:26:47.972+0000] {dag.py:3239} INFO - Sync 1 DAGs
[2026-08-21T15:26:47.991+0000] {logging_mixin.py:190} INFO - [2026-08-21T15:26:47.991+0000] {dag.py:4180} INFO - Setting next_dagrun for first_bash_dag to 2026-08-21 00:00:00+00:00, run_after=2026-08-22 00:00:00+00:00
[2026-08-21T15:26:48.008+0000] {processor.py:208} INFO - Processing /opt/airflow/dags/bashoperator_dag.py took 0.071 seconds
[2026-08-21T15:27:18.153+0000] {processor.py:186} INFO - Started process (PID=2721) to work on /opt/airflow/dags/bashoperator_dag.py
[2026-08-21T15:27:18.160+0000] {processor.py:914} INFO - Processing file /opt/airflow/dags/bashoperator_dag.py for tasks to queue
[2026-08-21T15:27:18.161+0000] {logging_mixin.py:190} INFO - [2026-08-21T15:27:18.161+0000] {dagbag.py:588} INFO - Filling up the DagBag from /opt/airflow/dags/bashoperator_dag.py
[2026-08-21T15:27:18.170+0000] {processor.py:925} INFO - DAG(s) 'first_bash_dag' retrieved from /opt/airflow/dags/bashoperator_dag.py
[2026-08-21T15:27:18.191+0000] {logging_mixin.py:190} INFO - [2026-08-21T15:27:18.191+0000] {dag.py:3239} INFO - Sync 1 DAGs
[2026-08-21T15:27:18.212+0000] {logging_mixin.py:190} INFO - [2026-08-21T15:27:18.212+0000] {dag.py:4180} INFO - Setting next_dagrun for first_bash_dag to 2026-08-21 00:00:00+00:00, run_after=2026-08-22 00:00:00+00:00
[2026-08-21T15:27:18.228+0000] {processor.py:208} INFO - Processing /opt/airflow/dags/bashoperator_dag.py took 0.080 seconds
[2026-08-21T15:27:48.371+0000] {processor.py:186} INFO - Started process (PID=2729) to work on /opt/airflow/dags/bashoperator_dag.py
[2026-08-21T15:27:48.372+0000] {processor.py:914} INFO - Processing file /opt/airflow/dags/bashoperator_dag.py for tasks to queue
[2026-08-21T15:27:48.373+0000] {logging_mixin.py:190} INFO - [2026-08-21T15:27:48.373+0000] {dagbag.py:588} INFO - Filling up the DagBag from /opt/airflow/dags/bashoperator_dag.py
[2026-08-21T15:27:48.383+0000] {processor.py:925} INFO - DAG(s) 'first_bash_dag' retrieved from /opt/airflow/dags/bashoperator_dag.py
[2026-08-21T15:27:48.403+0000] {logging_mixin.py:190} INFO - [2026-08-21T15:27:48.403+0000] {dag.py:3239} INFO - Sync 1 DAGs
[2026-08-21T15:27:48.423+0000] {logging_mixin.py:190} INFO - [2026-08-21T15:27:48.423+0000] {dag.py:4180} INFO - Setting next_dagrun for first_bash_dag to 2026-08-21 00:00:00+00:00, run_after=2026-08-22 00:00:00+00:00
[2026-08-21T15:27:48.437+0000] {processor.py:208} INFO - Processing /opt/airflow/dags/bashoperator_dag.py took 0.071 seconds
[2026-08-21T15:28:18.582+0000] {processor.py:186} INFO - Started process (PID=2737) to work on /opt/airflow/dags/bashoperator_dag.py
[2026-08-21T15:28:18.588+0000] {processor.py:914} INFO - Processing file /opt/airflow/dags/bashoperator_dag.py for tasks to queue
[2026-08-21T15:28:18.589+0000] {logging_mixin.py:190} INFO - [2026-08-21T15:28:18.589+0000] {dagbag.py:588} INFO - Filling up the DagBag from /opt/airflow/dags/bashoperator_dag.py
[2026-08-21T15:28:18.598+0000] {processor.py:925} INFO - DAG(s) 'first_bash_dag' retrieved from /opt/airflow/dags/bashoperator_dag.py
[2026-08-21T15:28:18.618+0000] {logging_mixin.py:190} INFO - [2026-08-21T15:28:18.618+0000] {dag.py:3239} INFO - Sync 1 DAGs
[2026-08-21T15:28:18.638+0000] {logging_mixin.py:190} INFO - [2026-08-21T15:28:18.638+0000] {dag.py:4180} INFO - Setting next_dagrun for first_bash_dag to 2026-08-21 00:00:00+00:00, run_after=2026-08-22 00:00:00+00:00
[2026-08-21T15:28:18.652+0000] {processor.py:208} INFO - Processing /opt/airflow/dags/bashoperator_dag.py took 0.074 seconds
[2026-08-21T15:28:48.789+0000] {processor.py:186} INFO - Started process (PID=2745) to work on /opt/airflow/dags/bashoperator_dag.py
[2026-08-21T15:28:48.790+0000] {processor.py:914} INFO - Processing file /opt/airflow/dags/bashoperator_dag.py for tasks to queue
[2026-08-21T15:28:48.790+0000] {logging_mixin.py:190} INFO - [2026-08-21T15:28:48.790+0000] {dagbag.py:588} INFO - Filling up the DagBag from /opt/airflow/dags/bashoperator_dag.py
[2026-08-21T15:28:48.799+0000] {processor.py:925} INFO - DAG(s) 'first_bash_dag' retrieved from /opt/airflow/dags/bashoperator_dag.py
[2026-08-21T15:28:48.819+0000] {logging_mixin.py:190} INFO - [2026-08-21T15:28:48.818+0000] {dag.py:3239} INFO - Sync 1 DAGs
[2026-08-21T15:28:48.838+0000] {logging_mixin.py:190} INFO - [2026-08-21T15:28:48.838+0000] {dag.py:4180} INFO - Setting next_dagrun for first_bash_dag to 2026-08-21 00:00:00+00:00, run_after=2026-08-22 00:00:00+00:00
[2026-08-21T15:28:48.852+0000] {processor.py:208} INFO - Processing /opt/airflow/dags/bashoperator_dag.py took 0.068 seconds
[2026-08-21T15:29:19.008+0000] {processor.py:186} INFO - Started process (PID=2753) to work on /opt/airflow/dags/bashoperator_dag.py
[2026-08-21T15:29:19.009+0000] {processor.py:914} INFO - Processing file /opt/airflow/dags/bashoperator_dag.py for tasks to queue
[2026-08-21T15:29:19.010+0000] {logging_mixin.py:190} INFO - [2026-08-21T15:29:19.009+0000] {dagbag.py:588} INFO - Filling up the DagBag from /opt/airflow/dags/bashoperator_dag.py
[2026-08-21T15:29:19.018+0000] {processor.py:925} INFO - DAG(s) 'first_bash_dag' retrieved from /opt/airflow/dags/bashoperator_dag.py
[2026-08-21T15:29:19.039+0000] {logging_mixin.py:190} INFO - [2026-08-21T15:29:19.039+0000] {dag.py:3239} INFO - Sync 1 DAGs
[2026-08-21T15:29:19.058+0000] {logging_mixin.py:190} INFO - [2026-08-21T15:29:19.058+0000] {dag.py:4180} INFO - Setting next_dagrun for first_bash_dag to 2026-08-21 00:00:00+00:00, run_after=2026-08-22 00:00:00+00:00
[2026-08-21T15:29:19.072+0000] {processor.py:208} INFO - Processing /opt/airflow/dags/bashoperator_dag.py took 0.069 seconds
[2026-08-21T15:29:49.221+0000] {processor.py:186} INFO - Started process (PID=2761) to work on /opt/airflow/dags/bashoperator_dag.py
[2026-08-21T15:29:49.227+0000] {processor.py:914} INFO - Processing file /opt/airflow/dags/bashoperator_dag.py for tasks to queue
[2026-08-21T15:29:49.228+0000] {logging_mixin.py:190} INFO - [2026-08-21T15:29:49.228+0000] {dagbag.py:588} INFO - Filling up the DagBag from /opt/airflow/dags/bashoperator_dag.py
[2026-08-21T15:29:49.237+0000] {processor.py:925} INFO - DAG(s) 'first_bash_dag' retrieved from /opt/airflow/dags/bashoperator_dag.py
[2026-08-21T15:29:49.257+0000] {logging_mixin.py:190} INFO - [2026-08-21T15:29:49.257+0000] {dag.py:3239} INFO - Sync 1 DAGs
[2026-08-21T15:29:49.276+0000] {logging_mixin.py:190} INFO - [2026-08-21T15:29:49.276+0000] {dag.py:4180} INFO - Setting next_dagrun for first_bash_dag to 2026-08-21 00:00:00+00:00, run_after=2026-08-22 00:00:00+00:00
[2026-08-21T15:29:49.291+0000] {processor.py:208} INFO - Processing /opt/airflow/dags/bashoperator_dag.py took 0.075 seconds
[2026-08-21T15:30:19.436+0000] {processor.py:186} INFO - Started process (PID=2769) to work on /opt/airflow/dags/bashoperator_dag.py
[2026-08-21T15:30:19.436+0000] {processor.py:914} INFO - Processing file /opt/airflow/dags/bashoperator_dag.py for tasks to queue
[2026-08-21T15:30:19.437+0000] {logging_mixin.py:190} INFO - [2026-08-21T15:30:19.437+0000] {dagbag.py:588} INFO - Filling up the DagBag from /opt/airflow/dags/bashoperator_dag.py
[2026-08-21T15:30:19.445+0000] {processor.py:925} INFO - DAG(s) 'first_bash_dag' retrieved from /opt/airflow/dags/bashoperator_dag.py
[2026-08-21T15:30:19.465+0000] {logging_mixin.py:190} INFO - [2026-08-21T15:30:19.465+0000] {dag.py:3239} INFO - Sync 1 DAGs
[2026-08-21T15:30:19.485+0000] {logging_mixin.py:190} INFO - [2026-08-21T15:30:19.485+0000] {dag.py:4180} INFO - Setting next_dagrun for first_bash_dag to 2026-08-21 00:00:00+00:00, run_after=2026-08-22 00:00:00+00:00
[2026-08-21T15:30:19.499+0000] {processor.py:208} INFO - Processing /opt/airflow/dags/bashoperator_dag.py took 0.068 seconds
[2026-08-21T15:30:49.651+0000] {processor.py:186} INFO - Started process (PID=2777) to work on /opt/airflow/dags/bashoperator_dag.py
[2026-08-21T15:30:49.658+0000] {processor.py:914} INFO - Processing file /opt/airflow/dags/bashoperator_dag.py for tasks to queue
[2026-08-21T15:30:49.659+0000] {logging_mixin.py:190} INFO - [2026-08-21T15:30:49.659+0000] {dagbag.py:588} INFO - Filling up the DagBag from /opt/airflow/dags/bashoperator_dag.py
[2026-08-21T15:30:49.667+0000] {processor.py:925} INFO - DAG(s) 'first_bash_dag' retrieved from /opt/airflow/dags/bashoperator_dag.py
[2026-08-21T15:30:49.688+0000] {logging_mixin.py:190} INFO - [2026-08-21T15:30:49.687+0000] {dag.py:3239} INFO - Sync 1 DAGs
[2026-08-21T15:30:49.706+0000] {logging_mixin.py:190} INFO - [2026-08-21T15:30:49.706+0000] {dag.py:4180} INFO - Setting next_dagrun for first_bash_dag to 2026-08-21 00:00:00+00:00, run_after=2026-08-22 00:00:00+00:00
[2026-08-21T15:30:49.721+0000] {processor.py:208} INFO - Processing /opt/airflow/dags/bashoperator_dag.py took 0.075 seconds
[2026-08-21T15:31:19.968+0000] {processor.py:186} INFO - Started process (PID=2785) to work on /opt/airflow/dags/bashoperator_dag.py
[2026-08-21T15:31:19.969+0000] {processor.py:914} INFO - Processing file /opt/airflow/dags/bashoperator_dag.py for tasks to queue
[2026-08-21T15:31:19.970+0000] {logging_mixin.py:190} INFO - [2026-08-21T15:31:19.970+0000] {dagbag.py:588} INFO - Filling up the DagBag from /opt/airflow/dags/bashoperator_dag.py
[2026-08-21T15:31:19.978+0000] {processor.py:925} INFO - DAG(s) 'first_bash_dag' retrieved from /opt/airflow/dags/bashoperator_dag.py
[2026-08-21T15:31:19.998+0000] {logging_mixin.py:190} INFO - [2026-08-21T15:31:19.997+0000] {dag.py:3239} INFO - Sync 1 DAGs
[2026-08-21T15:31:20.016+0000] {logging_mixin.py:190} INFO - [2026-08-21T15:31:20.015+0000] {dag.py:4180} INFO - Setting next_dagrun for first_bash_dag to 2026-08-21 00:00:00+00:00, run_after=2026-08-22 00:00:00+00:00
[2026-08-21T15:31:20.029+0000] {processor.py:208} INFO - Processing /opt/airflow/dags/bashoperator_dag.py took 0.065 seconds
[2026-08-21T15:31:50.172+0000] {processor.py:186} INFO - Started process (PID=2792) to work on /opt/airflow/dags/bashoperator_dag.py
[2026-08-21T15:31:50.179+0000] {processor.py:914} INFO - Processing file /opt/airflow/dags/bashoperator_dag.py for tasks to queue
[2026-08-21T15:31:50.180+0000] {logging_mixin.py:190} INFO - [2026-08-21T15:31:50.180+0000] {dagbag.py:588} INFO - Filling up the DagBag from /opt/airflow/dags/bashoperator_dag.py
[2026-08-21T15:31:50.189+0000] {processor.py:925} INFO - DAG(s) 'first_bash_dag' retrieved from /opt/airflow/dags/bashoperator_dag.py
[2026-08-21T15:31:50.211+0000] {logging_mixin.py:190} INFO - [2026-08-21T15:31:50.211+0000] {dag.py:3239} INFO - Sync 1 DAGs
[2026-08-21T15:31:50.230+0000] {logging_mixin.py:190} INFO - [2026-08-21T15:31:50.230+0000] {dag.py:4180} INFO - Setting next_dagrun for first_bash_dag to 2026-08-21 00:00:00+00:00, run_after=2026-08-22 00:00:00+00:00
[2026-08-21T15:31:50.247+0000] {processor.py:208} INFO - Processing /opt/airflow/dags/bashoperator_dag.py took 0.080 seconds
[2026-08-21T15:32:20.396+0000] {processor.py:186} INFO - Started process (PID=2800) to work on /opt/airflow/dags/bashoperator_dag.py
[2026-08-21T15:32:20.397+0000] {processor.py:914} INFO - Processing file /opt/airflow/dags/bashoperator_dag.py for tasks to queue
[2026-08-21T15:32:20.398+0000] {logging_mixin.py:190} INFO - [2026-08-21T15:32:20.398+0000] {dagbag.py:588} INFO - Filling up the DagBag from /opt/airflow/dags/bashoperator_dag.py
[2026-08-21T15:32:20.406+0000] {processor.py:925} INFO - DAG(s) 'first_bash_dag' retrieved from /opt/airflow/dags/bashoperator_dag.py
[2026-08-21T15:32:20.426+0000] {logging_mixin.py:190} INFO - [2026-08-21T15:32:20.426+0000] {dag.py:3239} INFO - Sync 1 DAGs
[2026-08-21T15:32:20.444+0000] {logging_mixin.py:190} INFO - [2026-08-21T15:32:20.444+0000] {dag.py:4180} INFO - Setting next_dagrun for first_bash_dag to 2026-08-21 00:00:00+00:00, run_after=2026-08-22 00:00:00+00:00
[2026-08-21T15:32:20.459+0000] {processor.py:208} INFO - Processing /opt/airflow/dags/bashoperator_dag.py took 0.067 seconds
