[2026-08-21T14:49:01.770+0000] {local_task_job_runner.py:123} INFO - ::group::Pre task execution logs
[2026-08-21T14:49:01.792+0000] {taskinstance.py:2632} INFO - Dependencies all met for dep_context=non-requeueable deps ti=<TaskInstance: first_dag.task_2 scheduled__2026-08-21T14:48:00+00:00 [queued]>
[2026-08-21T14:49:01.801+0000] {taskinstance.py:2632} INFO - Dependencies all met for dep_context=requeueable deps ti=<TaskInstance: first_dag.task_2 scheduled__2026-08-21T14:48:00+00:00 [queued]>
[2026-08-21T14:49:01.801+0000] {taskinstance.py:2885} INFO - Starting attempt 1 of 1
[2026-08-21T14:49:01.811+0000] {taskinstance.py:2908} INFO - Executing <Task(PythonOperator): task_2> on 2026-08-21 14:48:00+00:00
[2026-08-21T14:49:01.818+0000] {warnings.py:112} WARNING - /home/***/.local/lib/python3.12/site-packages/***/task/task_runner/standard_task_runner.py:70: DeprecationWarning: This process (pid=2030) is multi-threaded, use of fork() may lead to deadlocks in the child.
  pid = os.fork()

[2026-08-21T14:49:01.820+0000] {standard_task_runner.py:72} INFO - Started process 2031 to run task
[2026-08-21T14:49:01.820+0000] {standard_task_runner.py:104} INFO - Running: ['***', 'tasks', 'run', 'first_dag', 'task_2', 'scheduled__2026-08-21T14:48:00+00:00', '--job-id', '12', '--raw', '--subdir', 'DAGS_FOLDER/first_dag.py', '--cfg-path', '/tmp/tmp1v5j2viy']
[2026-08-21T14:49:01.821+0000] {standard_task_runner.py:105} INFO - Job 12: Subtask task_2
[2026-08-21T14:49:01.857+0000] {task_command.py:467} INFO - Running <TaskInstance: first_dag.task_2 scheduled__2026-08-21T14:48:00+00:00 [running]> on host 031042f62106
[2026-08-21T14:49:01.924+0000] {taskinstance.py:3158} INFO - Exporting env vars: AIRFLOW_CTX_DAG_OWNER='***' AIRFLOW_CTX_DAG_ID='first_dag' AIRFLOW_CTX_TASK_ID='task_2' AIRFLOW_CTX_EXECUTION_DATE='2026-08-21T14:48:00+00:00' AIRFLOW_CTX_TRY_NUMBER='1' AIRFLOW_CTX_DAG_RUN_ID='scheduled__2026-08-21T14:48:00+00:00'
[2026-08-21T14:49:01.925+0000] {taskinstance.py:740} INFO - ::endgroup::
[2026-08-21T14:49:01.935+0000] {logging_mixin.py:190} INFO - Hello from Task2
[2026-08-21T14:49:01.936+0000] {python.py:240} INFO - Done. Returned value was: None
[2026-08-21T14:49:01.945+0000] {taskinstance.py:349} INFO - ::group::Post task execution logs
[2026-08-21T14:49:01.946+0000] {taskinstance.py:361} INFO - Marking task as SUCCESS. dag_id=first_dag, task_id=task_2, run_id=scheduled__2026-08-21T14:48:00+00:00, execution_date=20260821T144800, start_date=20260821T144901, end_date=20260821T144901
[2026-08-21T14:49:01.974+0000] {local_task_job_runner.py:266} INFO - Task exited with return code 0
[2026-08-21T14:49:01.987+0000] {taskinstance.py:3925} INFO - 0 downstream tasks scheduled from follow-on schedule check
[2026-08-21T14:49:01.988+0000] {local_task_job_runner.py:245} INFO - ::endgroup::
