[2026-08-21T14:52:01.190+0000] {local_task_job_runner.py:123} INFO - ::group::Pre task execution logs
[2026-08-21T14:52:01.215+0000] {taskinstance.py:2632} INFO - Dependencies all met for dep_context=non-requeueable deps ti=<TaskInstance: first_dag.task_2 scheduled__2026-08-21T14:51:00+00:00 [queued]>
[2026-08-21T14:52:01.225+0000] {taskinstance.py:2632} INFO - Dependencies all met for dep_context=requeueable deps ti=<TaskInstance: first_dag.task_2 scheduled__2026-08-21T14:51:00+00:00 [queued]>
[2026-08-21T14:52:01.225+0000] {taskinstance.py:2885} INFO - Starting attempt 1 of 1
[2026-08-21T14:52:01.235+0000] {taskinstance.py:2908} INFO - Executing <Task(PythonOperator): task_2> on 2026-08-21 14:51:00+00:00
[2026-08-21T14:52:01.244+0000] {warnings.py:112} WARNING - /home/***/.local/lib/python3.12/site-packages/***/task/task_runner/standard_task_runner.py:70: DeprecationWarning: This process (pid=2090) is multi-threaded, use of fork() may lead to deadlocks in the child.
  pid = os.fork()

[2026-08-21T14:52:01.245+0000] {standard_task_runner.py:72} INFO - Started process 2091 to run task
[2026-08-21T14:52:01.246+0000] {standard_task_runner.py:104} INFO - Running: ['***', 'tasks', 'run', 'first_dag', 'task_2', 'scheduled__2026-08-21T14:51:00+00:00', '--job-id', '18', '--raw', '--subdir', 'DAGS_FOLDER/first_dag.py', '--cfg-path', '/tmp/tmp1tres9nb']
[2026-08-21T14:52:01.247+0000] {standard_task_runner.py:105} INFO - Job 18: Subtask task_2
[2026-08-21T14:52:01.288+0000] {task_command.py:467} INFO - Running <TaskInstance: first_dag.task_2 scheduled__2026-08-21T14:51:00+00:00 [running]> on host 031042f62106
[2026-08-21T14:52:01.361+0000] {taskinstance.py:3158} INFO - Exporting env vars: AIRFLOW_CTX_DAG_OWNER='***' AIRFLOW_CTX_DAG_ID='first_dag' AIRFLOW_CTX_TASK_ID='task_2' AIRFLOW_CTX_EXECUTION_DATE='2026-08-21T14:51:00+00:00' AIRFLOW_CTX_TRY_NUMBER='1' AIRFLOW_CTX_DAG_RUN_ID='scheduled__2026-08-21T14:51:00+00:00'
[2026-08-21T14:52:01.361+0000] {taskinstance.py:740} INFO - ::endgroup::
[2026-08-21T14:52:01.372+0000] {logging_mixin.py:190} INFO - Hello from Task2
[2026-08-21T14:52:01.372+0000] {python.py:240} INFO - Done. Returned value was: None
[2026-08-21T14:52:01.383+0000] {taskinstance.py:349} INFO - ::group::Post task execution logs
[2026-08-21T14:52:01.383+0000] {taskinstance.py:361} INFO - Marking task as SUCCESS. dag_id=first_dag, task_id=task_2, run_id=scheduled__2026-08-21T14:51:00+00:00, execution_date=20260821T145100, start_date=20260821T145201, end_date=20260821T145201
[2026-08-21T14:52:01.414+0000] {local_task_job_runner.py:266} INFO - Task exited with return code 0
[2026-08-21T14:52:01.429+0000] {taskinstance.py:3925} INFO - 0 downstream tasks scheduled from follow-on schedule check
[2026-08-21T14:52:01.430+0000] {local_task_job_runner.py:245} INFO - ::endgroup::
